[16:06:19] [INIT] [OK] Log created at /home/mymiteam/mymiwallet/site/current/writable/triage/503/503-2026-01-25-160619.log
[16:06:19] [INIT] [INFO] dry_run=false
[16:06:19] [WEB-REACHABILITY] [OK] curl -I https://www.mymiwallet.com status=502 server=nginx/1.28.0
[16:06:19] [WEB-REACHABILITY] [INFO]   % Total    % Received % Xferd  Average Speed   Time    Time     Time  Current
[16:06:19] [WEB-REACHABILITY] [INFO]                                  Dload  Upload   Total   Spent    Left  Speed
[16:06:19] [WEB-REACHABILITY] [INFO]   0     0    0     0    0     0      0      0 --:--:-- --:--:-- --:--:--     0  0   157    0     0    0     0      0      0 --:--:-- --:--:-- --:--:--     0
[16:06:19] [WEB-REACHABILITY] [INFO] HTTP/2 502
[16:06:19] [WEB-REACHABILITY] [INFO] server: nginx/1.28.0
[16:06:19] [WEB-REACHABILITY] [INFO] date: Sun, 25 Jan 2026 16:06:19 GMT
[16:06:19] [WEB-REACHABILITY] [INFO] content-type: text/html
[16:06:19] [WEB-REACHABILITY] [INFO] content-length: 157
[16:06:19] [WEB-REACHABILITY] [INFO] 
[16:06:20] [DISK] [OK] disk_max=9% inode_max=9%
[16:06:20] [DISK] [INFO] Filesystem      Size  Used Avail Use% Mounted on
[16:06:20] [DISK] [INFO] overlay          25G  1.7G   24G   7% /
[16:06:20] [DISK] [INFO] tmpfs            15G  236K   15G   1% /run
[16:06:20] [DISK] [INFO] /dev/md10        10G  4.0K   10G   1% /tmp
[16:06:20] [DISK] [INFO] tmpfs            64M     0   64M   0% /dev
[16:06:20] [DISK] [INFO] tmpfs            15G     0   15G   0% /run/lock
[16:06:20] [DISK] [INFO] tmpfs            26G   20M   26G   1% /run/secrets
[16:06:20] [DISK] [INFO] /dev/nvme0n1p1  459G   38G  402G   9% /var/container_share
[16:06:20] [DISK] [INFO] shm              63M     0   63M   0% /dev/shm
[16:06:20] [INODE] [INFO] Filesystem        Inodes    IUsed     IFree IUse% Mounted on
[16:06:20] [INODE] [INFO] overlay        468779520 40031661 428747859    9% /
[16:06:20] [INODE] [INFO] tmpfs           32995412      237  32995175    1% /run
[16:06:20] [INODE] [INFO] /dev/md10         655360       27    655333    1% /tmp
[16:06:20] [INODE] [INFO] tmpfs           32995412       18  32995394    1% /dev
[16:06:20] [INODE] [INFO] tmpfs           32995412        3  32995409    1% /run/lock
[16:06:20] [INODE] [INFO] tmpfs           32995412     6636  32988776    1% /run/secrets
[16:06:20] [INODE] [INFO] /dev/nvme0n1p1  30352688   124332  30228356    1% /var/container_share
[16:06:20] [INODE] [INFO] shm             32995412        1  32995411    1% /dev/shm
[16:06:20] [PHP-FPM-CHECK] [FAIL] running=false workers=0
[16:06:20] [PHP-FPM-CHECK] [INFO] Unit php8.2-fpm.service could not be found.
[16:06:20] [PHP-FPM-PROCESS] [INFO] mymiteam  71180  0.0  0.0   7308  3072 pts/4    S+   08:06   0:00 sh -c ps aux | grep php-fpm 2>&1
[16:06:20] [PHP-FPM-PROCESS] [INFO] mymiteam  71182  0.0  0.0   6560  2052 pts/4    S+   08:06   0:00 grep php-fpm
[16:06:20] [PHP-FPM-SOCKET] [FAIL] missing sockets: /run/php/php7.4-fpm.sock
[16:06:20] [PHP-FPM-SOCKET] [INFO] 	#	fastcgi_pass unix:/run/php/php7.4-fpm.sock;
[16:06:20] [PHP-FPM-SOCKET] [INFO] 	#	fastcgi_pass 127.0.0.1:9000;
[16:06:20] [PHP-FPM-SOCKET] [INFO] ls: cannot access '/run/php/': No such file or directory
[16:06:20] [PHP-FPM-RESTART] [INFO] Restart queued for phase 7
[16:06:20] [CI4-CLI] [FAIL] php spark app:config
[16:06:20] [CI4-CLI] [INFO] Could not open input file: spark
[16:06:20] [CACHE-RESET] [OK] rm -rf /home/mymiteam/mymiwallet/site/current/writable/cache/*
[16:06:20] [CACHE-RESET] [OK] rm -rf /home/mymiteam/mymiwallet/site/current/writable/debugbar/*
[16:06:20] [CACHE-RESET] [OK] rm -rf /home/mymiteam/mymiwallet/site/current/writable/session/*
[16:06:20] [CI4-CLI] [FAIL] php spark app:config (post-fix)
[16:06:20] [CI4-CLI] [INFO] Could not open input file: spark
[16:06:20] [AUTOLOAD] [WARN] composer dump-autoload -o
[16:06:20] [AUTOLOAD] [INFO] sh: line 1: composer: command not found
[16:06:20] [PERMISSIONS] [FAIL] ls -ld writable
[16:06:20] [PERMISSIONS] [INFO] ls: cannot access 'writable': No such file or directory
[16:06:20] [PERMISSIONS] [FAIL] chmod -R 775 writable
[16:06:20] [PERMISSIONS] [INFO] chmod: cannot access 'writable': No such file or directory
[16:06:20] [PHP-FPM-LOG] [WARN] /var/log/php8.2-fpm.log not found
[16:06:28] [PHP-FPM-RESTART] [FAIL] systemctl restart php8.2-fpm
[16:06:28] [PHP-FPM-RESTART] [INFO] Failed to restart php8.2-fpm.service: Access denied
[16:06:28] [PHP-FPM-RESTART] [INFO] See system logs and 'systemctl status php8.2-fpm.service' for details.
