===============================================
   MyMI Wallet — Log Summary for 2026-03-14
   Auto-generated by logs:summarize command
   Grouped by (LEVEL + message)
===============================================

Last processed up to: <none> (first run for this date)

---------------------------
LEVEL: DEBUG
---------------------------

[1 occurrence(s)]
DEBUG --> [REQ_ID=25792c5878f3] [REQUEST][START] GET /index.php/API/Management/Run-CRON-Tasks

[120 occurrence(s)]
DEBUG --> Session: Class initialized using 'CodeIgniter\Session\Handlers\FileHandler' driver.

[1 occurrence(s)]
DEBUG --> [REQ_ID=25792c5878f3] [FILTER_BEFORE] /index.php/API/Management/Run-CRON-Tasks

[1 occurrence(s)]
DEBUG --> [REQ_ID=25792c5878f3] [ROUTE] Controller=\App\Modules\Management\Controllers\ManagementAPIController Method=Run_CRON_Tasks

[1 occurrence(s)]
DEBUG --> [REQ_ID=25792c5878f3] [LIFECYCLE][START] GET https://www.mymiwallet.com/index.php/API/Management/Run-CRON-Tasks

[1 occurrence(s)]
DEBUG --> [REQ_ID=25792c5878f3] [REQUEST][END]

[1 occurrence(s)]
DEBUG --> [REQ_ID=8d7f32faaea5] [REQUEST][START] HEAD /

[1 occurrence(s)]
DEBUG --> [REQ_ID=985f933b7594] [REQUEST][START] HEAD /

[1 occurrence(s)]
DEBUG --> [REQ_ID=0c2d49fd9b5b] [REQUEST][START] HEAD /

[1 occurrence(s)]
DEBUG --> [REQ_ID=328da43998e0] [REQUEST][START] GET /index.php/API/Alerts/fetchEmailAlerts

[1 occurrence(s)]
DEBUG --> [REQ_ID=328da43998e0] [FILTER_BEFORE] /index.php/API/Alerts/fetchEmailAlerts

[1 occurrence(s)]
DEBUG --> [REQ_ID=328da43998e0] [ROUTE] Controller=\App\Modules\APIs\Controllers\AlertsAPIController Method=fetchEmailAlerts

[1 occurrence(s)]
DEBUG --> [REQ_ID=328da43998e0] [LIFECYCLE][START] GET https://www.mymiwallet.com/index.php/API/Alerts/fetchEmailAlerts

[1 occurrence(s)]
DEBUG --> [REQ_ID=328da43998e0] [REQUEST][END]

[1 occurrence(s)]
DEBUG --> [REQ_ID=13cd7b6683f4] [REQUEST][START] HEAD /

[1 occurrence(s)]
DEBUG --> [REQ_ID=79c4a211011a] [REQUEST][START] GET /index.php/Free/register

[1 occurrence(s)]
DEBUG --> [REQ_ID=79c4a211011a] [REQUEST][END]

[1 occurrence(s)]
DEBUG --> [REQ_ID=0e1632cdcd03] [REQUEST][START] GET /

[1 occurrence(s)]
DEBUG --> [REQ_ID=0e1632cdcd03] [FILTER_BEFORE] /

[1 occurrence(s)]
DEBUG --> [REQ_ID=0e1632cdcd03] [ROUTE] Controller=\App\Controllers\Home Method=index

[1 occurrence(s)]
DEBUG --> [REQ_ID=0e1632cdcd03] [LIFECYCLE][START] GET https://www.mymiwallet.com/index.php/

[1 occurrence(s)]
DEBUG --> [CSRF] token name=csrf_test_name hash=bab90a55672dc5885d8a694c2b1df909

[1 occurrence(s)]
DEBUG --> [REQ_ID=e4f55f08d61a] [INIT] App\Controllers\Home::GET

[10 occurrence(s)]
DEBUG --> MyMIUser L52 - initialized (first log).

[8 occurrence(s)]
DEBUG --> [MetaService] slug= pageName= cacheHit= path=FALLBACK

[1 occurrence(s)]
DEBUG --> [REQ_ID=e4f55f08d61a] [VIEW_RENDER] themes/public/home

[5 occurrence(s)]
DEBUG --> [MetaService] slug= pageName=Home cacheHit=1 path=CACHE

[1 occurrence(s)]
DEBUG --> [REQ_ID=0e1632cdcd03] [FILTER_AFTER]

[1 occurrence(s)]
DEBUG --> [REQ_ID=0e1632cdcd03] [LIFECYCLE][END] status=200 duration_ms=692.66 memory_delta=4194304

[1 occurrence(s)]
DEBUG --> [REQ_ID=0e1632cdcd03] [REQUEST][END]

[1 occurrence(s)]
DEBUG --> [REQ_ID=51903c5bc5ef] [REQUEST][START] GET /index.php/Management/Services

[1 occurrence(s)]
DEBUG --> [REQ_ID=51903c5bc5ef] [REQUEST][END]

[1 occurrence(s)]
DEBUG --> [REQ_ID=6f63e23fe7a4] [REQUEST][START] HEAD /

[1 occurrence(s)]
DEBUG --> [REQ_ID=72846b550624] [REQUEST][START] HEAD /

[1 occurrence(s)]
DEBUG --> [REQ_ID=63bcc7914f37] [REQUEST][START] GET /

[1 occurrence(s)]
DEBUG --> [REQ_ID=63bcc7914f37] [FILTER_BEFORE] /

[1 occurrence(s)]
DEBUG --> [REQ_ID=63bcc7914f37] [ROUTE] Controller=\App\Controllers\Home Method=index

[1 occurrence(s)]
DEBUG --> [REQ_ID=63bcc7914f37] [LIFECYCLE][START] GET https://www.mymiwallet.com/index.php/

[1 occurrence(s)]
DEBUG --> [CSRF] token name=csrf_test_name hash=6a77a1f5d4b570db0cf6a5916140ed37

[1 occurrence(s)]
DEBUG --> [REQ_ID=658e0243260b] [INIT] App\Controllers\Home::GET

[1 occurrence(s)]
DEBUG --> [MetaService] slug= pageName= cacheHit=1 path=CACHE

[1 occurrence(s)]
DEBUG --> [REQ_ID=658e0243260b] [VIEW_RENDER] themes/public/home

[4 occurrence(s)]
DEBUG --> [MetaService] slug= pageName=Home cacheHit= path=DB

[1 occurrence(s)]
DEBUG --> [REQ_ID=63bcc7914f37] [FILTER_AFTER]

[1 occurrence(s)]
DEBUG --> [REQ_ID=63bcc7914f37] [LIFECYCLE][END] status=200 duration_ms=809.99 memory_delta=4194304

[1 occurrence(s)]
DEBUG --> [REQ_ID=63bcc7914f37] [REQUEST][END]

[1 occurrence(s)]
DEBUG --> [REQ_ID=69108b229750] [REQUEST][START] HEAD /

[1 occurrence(s)]
DEBUG --> [REQ_ID=626d44443bcd] [REQUEST][START] HEAD /

[1 occurrence(s)]
DEBUG --> [REQ_ID=fe2b93524b10] [REQUEST][START] HEAD /

[1 occurrence(s)]
DEBUG --> [REQ_ID=5142e16f557f] [REQUEST][START] HEAD /

[1 occurrence(s)]
DEBUG --> [REQ_ID=409d5e72433d] [REQUEST][START] HEAD /

[1 occurrence(s)]
DEBUG --> [REQ_ID=f111f6b3a4f0] [REQUEST][START] HEAD /

[1 occurrence(s)]
DEBUG --> [REQ_ID=53902b669eef] [REQUEST][START] GET /index.php/API/Management/Run-CRON-Tasks

[1 occurrence(s)]
DEBUG --> [REQ_ID=53902b669eef] [FILTER_BEFORE] /index.php/API/Management/Run-CRON-Tasks

[1 occurrence(s)]
DEBUG --> [REQ_ID=53902b669eef] [ROUTE] Controller=\App\Modules\Management\Controllers\ManagementAPIController Method=Run_CRON_Tasks

[1 occurrence(s)]
DEBUG --> [REQ_ID=53902b669eef] [LIFECYCLE][START] GET https://www.mymiwallet.com/index.php/API/Management/Run-CRON-Tasks

[1 occurrence(s)]
DEBUG --> [REQ_ID=53902b669eef] [REQUEST][END]

[1 occurrence(s)]
DEBUG --> [REQ_ID=c0072b3ec6eb] [REQUEST][START] HEAD /

[1 occurrence(s)]
DEBUG --> [REQ_ID=1535aabe1bea] [REQUEST][START] HEAD /

[1 occurrence(s)]
DEBUG --> [REQ_ID=c992c6ab3624] [REQUEST][START] HEAD /

[1 occurrence(s)]
DEBUG --> [REQ_ID=9e60a65020d1] [REQUEST][START] GET /index.php/API/Alerts/fetchEmailAlerts

[1 occurrence(s)]
DEBUG --> [REQ_ID=9e60a65020d1] [FILTER_BEFORE] /index.php/API/Alerts/fetchEmailAlerts

[1 occurrence(s)]
DEBUG --> [REQ_ID=9e60a65020d1] [ROUTE] Controller=\App\Modules\APIs\Controllers\AlertsAPIController Method=fetchEmailAlerts

[1 occurrence(s)]
DEBUG --> [REQ_ID=9e60a65020d1] [LIFECYCLE][START] GET https://www.mymiwallet.com/index.php/API/Alerts/fetchEmailAlerts

[1 occurrence(s)]
DEBUG --> [REQ_ID=9e60a65020d1] [REQUEST][END]

[1 occurrence(s)]
DEBUG --> [REQ_ID=5b19ae79d957] [REQUEST][START] HEAD /

[1 occurrence(s)]
DEBUG --> [REQ_ID=8819a5850de6] [REQUEST][START] HEAD /

[1 occurrence(s)]
DEBUG --> [REQ_ID=9152d2ce66c4] [REQUEST][START] HEAD /

[1 occurrence(s)]
DEBUG --> [REQ_ID=ffdf4cf87070] [REQUEST][START] HEAD /

[1 occurrence(s)]
DEBUG --> [REQ_ID=b393cbc4f260] [REQUEST][START] HEAD /

[1 occurrence(s)]
DEBUG --> [REQ_ID=f210e3d34eac] [REQUEST][START] HEAD /

[1 occurrence(s)]
DEBUG --> [REQ_ID=4c98f57e998f] [REQUEST][START] HEAD /

[1 occurrence(s)]
DEBUG --> [REQ_ID=b7ea3e86a3c4] [REQUEST][START] HEAD /

[1 occurrence(s)]
DEBUG --> [REQ_ID=11ba7f3022ea] [REQUEST][START] HEAD /

[1 occurrence(s)]
DEBUG --> [REQ_ID=90d26a90988e] [REQUEST][START] GET /index.php/API/Management/Run-CRON-Tasks

[1 occurrence(s)]
DEBUG --> [REQ_ID=90d26a90988e] [FILTER_BEFORE] /index.php/API/Management/Run-CRON-Tasks

[1 occurrence(s)]
DEBUG --> [REQ_ID=90d26a90988e] [ROUTE] Controller=\App\Modules\Management\Controllers\ManagementAPIController Method=Run_CRON_Tasks

[1 occurrence(s)]
DEBUG --> [REQ_ID=90d26a90988e] [LIFECYCLE][START] GET https://www.mymiwallet.com/index.php/API/Management/Run-CRON-Tasks

[1 occurrence(s)]
DEBUG --> [REQ_ID=90d26a90988e] [REQUEST][END]

[1 occurrence(s)]
DEBUG --> [REQ_ID=53fa0425dd21] [REQUEST][START] HEAD /

[1 occurrence(s)]
DEBUG --> [REQ_ID=9433b362fd7c] [REQUEST][START] HEAD /

[1 occurrence(s)]
DEBUG --> [REQ_ID=b110a1ecb81d] [REQUEST][START] HEAD /

[1 occurrence(s)]
DEBUG --> [REQ_ID=13aaf6ea91c6] [REQUEST][START] GET /index.php/API/Alerts/fetchEmailAlerts

[1 occurrence(s)]
DEBUG --> [REQ_ID=13aaf6ea91c6] [FILTER_BEFORE] /index.php/API/Alerts/fetchEmailAlerts

[1 occurrence(s)]
DEBUG --> [REQ_ID=13aaf6ea91c6] [ROUTE] Controller=\App\Modules\APIs\Controllers\AlertsAPIController Method=fetchEmailAlerts

[1 occurrence(s)]
DEBUG --> [REQ_ID=13aaf6ea91c6] [LIFECYCLE][START] GET https://www.mymiwallet.com/index.php/API/Alerts/fetchEmailAlerts

[1 occurrence(s)]
DEBUG --> [REQ_ID=13aaf6ea91c6] [REQUEST][END]

[1 occurrence(s)]
DEBUG --> [REQ_ID=21bca99504a9] [REQUEST][START] HEAD /

[1 occurrence(s)]
DEBUG --> [REQ_ID=499cbb5f7e9d] [REQUEST][START] HEAD /

[1 occurrence(s)]
DEBUG --> [REQ_ID=3a98917be9cf] [REQUEST][START] HEAD /

[1 occurrence(s)]
DEBUG --> [REQ_ID=bfbbb2782a52] [REQUEST][START] HEAD /

[1 occurrence(s)]
DEBUG --> [REQ_ID=4273baa64c1e] [REQUEST][START] HEAD /

[1 occurrence(s)]
DEBUG --> [REQ_ID=68c680cf4873] [REQUEST][START] HEAD /

[1 occurrence(s)]
DEBUG --> [REQ_ID=90a37e53e7cb] [REQUEST][START] HEAD /

[1 occurrence(s)]
DEBUG --> [REQ_ID=2e85856c90d7] [REQUEST][START] HEAD /

[1 occurrence(s)]
DEBUG --> [REQ_ID=84a0027804f4] [REQUEST][START] GET /index.php/Knowledgebase/Types-Of-Accounts

[1 occurrence(s)]
DEBUG --> [REQ_ID=84a0027804f4] [FILTER_BEFORE] /index.php/Knowledgebase/Types-Of-Accounts

[1 occurrence(s)]
DEBUG --> [REQ_ID=84a0027804f4] [ROUTE] Controller=\App\Modules\User\Controllers\KnowledgebaseController Method=typesOfAccounts

[1 occurrence(s)]
DEBUG --> [REQ_ID=84a0027804f4] [LIFECYCLE][START] GET https://www.mymiwallet.com/index.php/Knowledgebase/Types-Of-Accounts

[1 occurrence(s)]
DEBUG --> [CSRF] token name=csrf_test_name hash=731ef478c187775c8074bac8ea3acbe1

[1 occurrence(s)]
DEBUG --> [REQ_ID=84a0027804f4] [REQUEST][END]

[1 occurrence(s)]
DEBUG --> [REQ_ID=4400f21ed540] [REQUEST][START] GET /index.php/login

[1 occurrence(s)]
DEBUG --> [REQ_ID=4400f21ed540] [FILTER_BEFORE] /index.php/login

[1 occurrence(s)]
DEBUG --> [REQ_ID=4400f21ed540] [ROUTE] Controller=\App\Controllers\AuthController Method=login

[1 occurrence(s)]
DEBUG --> [REQ_ID=4400f21ed540] [LIFECYCLE][START] GET https://www.mymiwallet.com/index.php/login

[1 occurrence(s)]
DEBUG --> [CSRF] token name=csrf_test_name hash=7b39f0fa62bb5427237ff49cde5133dc

[1 occurrence(s)]
DEBUG --> [REQ_ID=fede3af034d0] [INIT] App\Controllers\AuthController::GET

[1 occurrence(s)]
DEBUG --> [REQ_ID=4400f21ed540] [FILTER_AFTER]

[1 occurrence(s)]
DEBUG --> [REQ_ID=4400f21ed540] [LIFECYCLE][END] status=200 duration_ms=46.77 memory_delta=0

[1 occurrence(s)]
DEBUG --> [REQ_ID=4400f21ed540] [REQUEST][END]

[1 occurrence(s)]
DEBUG --> [REQ_ID=80c9428e73e9] [REQUEST][START] HEAD /

[1 occurrence(s)]
DEBUG --> [REQ_ID=139ff11714af] [REQUEST][START] GET /index.php/API/Management/Run-CRON-Tasks

[1 occurrence(s)]
DEBUG --> [REQ_ID=139ff11714af] [FILTER_BEFORE] /index.php/API/Management/Run-CRON-Tasks

[1 occurrence(s)]
DEBUG --> [REQ_ID=139ff11714af] [ROUTE] Controller=\App\Modules\Management\Controllers\ManagementAPIController Method=Run_CRON_Tasks

[1 occurrence(s)]
DEBUG --> [REQ_ID=139ff11714af] [LIFECYCLE][START] GET https://www.mymiwallet.com/index.php/API/Management/Run-CRON-Tasks

[1 occurrence(s)]
DEBUG --> [REQ_ID=139ff11714af] [REQUEST][END]

[1 occurrence(s)]
DEBUG --> [REQ_ID=76a04b020322] [REQUEST][START] HEAD /

[1 occurrence(s)]
DEBUG --> [REQ_ID=8d35eda3ac66] [REQUEST][START] GET /index.php/Beta/register

[1 occurrence(s)]
DEBUG --> [REQ_ID=8d35eda3ac66] [REQUEST][END]

[1 occurrence(s)]
DEBUG --> [REQ_ID=d048482b721b] [REQUEST][START] GET /index.php/Wallets/Purchase/Memberships/Pro

[1 occurrence(s)]
DEBUG --> [REQ_ID=d048482b721b] [REQUEST][END]

[1 occurrence(s)]
DEBUG --> [REQ_ID=4cbbc0f7f762] [REQUEST][START] HEAD /

[1 occurrence(s)]
DEBUG --> [REQ_ID=fb1d2c6d7d58] [REQUEST][START] HEAD /

[1 occurrence(s)]
DEBUG --> [REQ_ID=fbf1db4fb6d4] [REQUEST][START] GET /index.php/API/Alerts/fetchEmailAlerts

[1 occurrence(s)]
DEBUG --> [REQ_ID=fbf1db4fb6d4] [FILTER_BEFORE] /index.php/API/Alerts/fetchEmailAlerts

[1 occurrence(s)]
DEBUG --> [REQ_ID=fbf1db4fb6d4] [ROUTE] Controller=\App\Modules\APIs\Controllers\AlertsAPIController Method=fetchEmailAlerts

[1 occurrence(s)]
DEBUG --> [REQ_ID=fbf1db4fb6d4] [LIFECYCLE][START] GET https://www.mymiwallet.com/index.php/API/Alerts/fetchEmailAlerts

[1 occurrence(s)]
DEBUG --> [REQ_ID=fbf1db4fb6d4] [REQUEST][END]

[1 occurrence(s)]
DEBUG --> [REQ_ID=62c45d253007] [REQUEST][START] HEAD /

[1 occurrence(s)]
DEBUG --> [REQ_ID=e5c358c703b0] [REQUEST][START] GET /index.php/How-It-Works/Personal-Budgeting

[1 occurrence(s)]
DEBUG --> [REQ_ID=e5c358c703b0] [FILTER_BEFORE] /index.php/How-It-Works/Personal-Budgeting

[1 occurrence(s)]
DEBUG --> [REQ_ID=e5c358c703b0] [ROUTE] Controller=\App\Modules\Blog\Controllers\HowItWorksController Method=PersonalBudgeting

[1 occurrence(s)]
DEBUG --> [REQ_ID=e5c358c703b0] [LIFECYCLE][START] GET https://www.mymiwallet.com/index.php/How-It-Works/Personal-Budgeting

[1 occurrence(s)]
DEBUG --> [CSRF] token name=csrf_test_name hash=9d6498ce917805df6c0439c304d6860b

[1 occurrence(s)]
DEBUG --> [REQ_ID=e18c0c484eb7] [INIT] App\Modules\Blog\Controllers\HowItWorksController::GET

[1 occurrence(s)]
DEBUG --> [REQ_ID=e18c0c484eb7] [METHOD_ENTRY] PersonalBudgeting

[1 occurrence(s)]
DEBUG --> [SERVICE] App\Services\BudgetService ::setUserId

[3 occurrence(s)]
DEBUG --> MyMICoin: guest context detected; skipping user-specific preload.

[1 occurrence(s)]
DEBUG --> [MetaService] slug=how-it-works/personal-budgeting pageName= cacheHit= path=DB

[1 occurrence(s)]
DEBUG --> [REQ_ID=e5c358c703b0] [FILTER_AFTER]

[1 occurrence(s)]
DEBUG --> [REQ_ID=e5c358c703b0] [LIFECYCLE][END] status=200 duration_ms=763.02 memory_delta=4194304

[1 occurrence(s)]
DEBUG --> [REQ_ID=e5c358c703b0] [REQUEST][END]

[1 occurrence(s)]
DEBUG --> [REQ_ID=764fb90893eb] [REQUEST][START] GET /

[1 occurrence(s)]
DEBUG --> [REQ_ID=764fb90893eb] [FILTER_BEFORE] /

[1 occurrence(s)]
DEBUG --> [REQ_ID=764fb90893eb] [ROUTE] Controller=\App\Controllers\Home Method=index

[1 occurrence(s)]
DEBUG --> [REQ_ID=764fb90893eb] [LIFECYCLE][START] GET https://www.mymiwallet.com/index.php/

[1 occurrence(s)]
DEBUG --> [CSRF] token name=csrf_test_name hash=54f8fd93d65eba72ef1dca885da1dd6e

[1 occurrence(s)]
DEBUG --> [REQ_ID=5d5ebe33d548] [INIT] App\Controllers\Home::GET

[1 occurrence(s)]
DEBUG --> [REQ_ID=5d5ebe33d548] [VIEW_RENDER] themes/public/home

[1 occurrence(s)]
DEBUG --> [REQ_ID=764fb90893eb] [FILTER_AFTER]

[1 occurrence(s)]
DEBUG --> [REQ_ID=764fb90893eb] [LIFECYCLE][END] status=200 duration_ms=628.85 memory_delta=2097152

[1 occurrence(s)]
DEBUG --> [REQ_ID=764fb90893eb] [REQUEST][END]

[1 occurrence(s)]
DEBUG --> [REQ_ID=262f7f003065] [REQUEST][START] HEAD /

[1 occurrence(s)]
DEBUG --> [REQ_ID=af8d932515ef] [REQUEST][START] HEAD /

[1 occurrence(s)]
DEBUG --> [REQ_ID=8d71424b2d4e] [REQUEST][START] HEAD /

[1 occurrence(s)]
DEBUG --> [REQ_ID=305665eced4b] [REQUEST][START] GET /

[1 occurrence(s)]
DEBUG --> [REQ_ID=305665eced4b] [FILTER_BEFORE] /

[1 occurrence(s)]
DEBUG --> [REQ_ID=305665eced4b] [ROUTE] Controller=\App\Controllers\Home Method=index

[1 occurrence(s)]
DEBUG --> [REQ_ID=305665eced4b] [LIFECYCLE][START] GET https://www.mymiwallet.com/index.php/

[1 occurrence(s)]
DEBUG --> [CSRF] token name=csrf_test_name hash=59dadd2dfae66599dd12cb3cb62820b1

[1 occurrence(s)]
DEBUG --> [REQ_ID=f4c11e59b371] [INIT] App\Controllers\Home::GET

[1 occurrence(s)]
DEBUG --> [REQ_ID=f4c11e59b371] [VIEW_RENDER] themes/public/home

[1 occurrence(s)]
DEBUG --> [REQ_ID=305665eced4b] [FILTER_AFTER]

[1 occurrence(s)]
DEBUG --> [REQ_ID=305665eced4b] [LIFECYCLE][END] status=200 duration_ms=893.38 memory_delta=4194304

[1 occurrence(s)]
DEBUG --> [REQ_ID=305665eced4b] [REQUEST][END]

[1 occurrence(s)]
DEBUG --> [REQ_ID=7d6f8bcb2c13] [REQUEST][START] HEAD /

[1 occurrence(s)]
DEBUG --> [REQ_ID=96dd26c6b925] [REQUEST][START] HEAD /

[1 occurrence(s)]
DEBUG --> [REQ_ID=5712fcd09b09] [REQUEST][START] HEAD /

[1 occurrence(s)]
DEBUG --> [REQ_ID=55618fb0f502] [REQUEST][START] HEAD /

[1 occurrence(s)]
DEBUG --> [REQ_ID=58682e800507] [REQUEST][START] HEAD /

[1 occurrence(s)]
DEBUG --> [REQ_ID=3314f303aad1] [REQUEST][START] GET /index.php/API/Management/Run-CRON-Tasks

[1 occurrence(s)]
DEBUG --> [REQ_ID=3314f303aad1] [FILTER_BEFORE] /index.php/API/Management/Run-CRON-Tasks

[1 occurrence(s)]
DEBUG --> [REQ_ID=3314f303aad1] [ROUTE] Controller=\App\Modules\Management\Controllers\ManagementAPIController Method=Run_CRON_Tasks

[1 occurrence(s)]
DEBUG --> [REQ_ID=3314f303aad1] [LIFECYCLE][START] GET https://www.mymiwallet.com/index.php/API/Management/Run-CRON-Tasks

[1 occurrence(s)]
DEBUG --> [REQ_ID=3314f303aad1] [REQUEST][END]

[1 occurrence(s)]
DEBUG --> [REQ_ID=f38a58689070] [REQUEST][START] HEAD /

[1 occurrence(s)]
DEBUG --> [REQ_ID=330fc7711793] [REQUEST][START] HEAD /

[1 occurrence(s)]
DEBUG --> [REQ_ID=8f98820df643] [REQUEST][START] HEAD /

[1 occurrence(s)]
DEBUG --> [REQ_ID=c5cbd798535a] [REQUEST][START] GET /index.php/API/Alerts/fetchEmailAlerts

[1 occurrence(s)]
DEBUG --> [REQ_ID=c5cbd798535a] [FILTER_BEFORE] /index.php/API/Alerts/fetchEmailAlerts

[1 occurrence(s)]
DEBUG --> [REQ_ID=c5cbd798535a] [ROUTE] Controller=\App\Modules\APIs\Controllers\AlertsAPIController Method=fetchEmailAlerts

[1 occurrence(s)]
DEBUG --> [REQ_ID=c5cbd798535a] [LIFECYCLE][START] GET https://www.mymiwallet.com/index.php/API/Alerts/fetchEmailAlerts

[1 occurrence(s)]
DEBUG --> [REQ_ID=c5cbd798535a] [REQUEST][END]

[1 occurrence(s)]
DEBUG --> [REQ_ID=7b653bfdbf89] [REQUEST][START] GET /

[1 occurrence(s)]
DEBUG --> [REQ_ID=7b653bfdbf89] [FILTER_BEFORE] /

[1 occurrence(s)]
DEBUG --> [REQ_ID=7b653bfdbf89] [ROUTE] Controller=\App\Controllers\Home Method=index

[1 occurrence(s)]
DEBUG --> [REQ_ID=7b653bfdbf89] [LIFECYCLE][START] GET https://www.mymiwallet.com/index.php/

[1 occurrence(s)]
DEBUG --> [CSRF] token name=csrf_test_name hash=e186af46f7eedaa736418606b7edf229

[1 occurrence(s)]
DEBUG --> [REQ_ID=9ed03c938866] [INIT] App\Controllers\Home::GET

[1 occurrence(s)]
DEBUG --> [REQ_ID=9ed03c938866] [VIEW_RENDER] themes/public/home

[1 occurrence(s)]
DEBUG --> [REQ_ID=7b653bfdbf89] [FILTER_AFTER]

[1 occurrence(s)]
DEBUG --> [REQ_ID=7b653bfdbf89] [LIFECYCLE][END] status=200 duration_ms=678.84 memory_delta=4194304

[1 occurrence(s)]
DEBUG --> [REQ_ID=7b653bfdbf89] [REQUEST][END]

[1 occurrence(s)]
DEBUG --> [REQ_ID=c465fe905975] [REQUEST][START] HEAD /

[1 occurrence(s)]
DEBUG --> [REQ_ID=720a369550a4] [REQUEST][START] HEAD /

[1 occurrence(s)]
DEBUG --> [REQ_ID=09f0791c98b5] [REQUEST][START] HEAD /

[1 occurrence(s)]
DEBUG --> [REQ_ID=11214344bc55] [REQUEST][START] HEAD /

[1 occurrence(s)]
DEBUG --> [REQ_ID=a2fca38fb2da] [REQUEST][START] HEAD /

[1 occurrence(s)]
DEBUG --> [REQ_ID=2e635d63a076] [REQUEST][START] HEAD /

[1 occurrence(s)]
DEBUG --> [REQ_ID=12c3258f7912] [REQUEST][START] HEAD /

[1 occurrence(s)]
DEBUG --> [REQ_ID=0026d08ef170] [REQUEST][START] HEAD /

[1 occurrence(s)]
DEBUG --> [REQ_ID=e5e8a761f7be] [REQUEST][START] GET /

[1 occurrence(s)]
DEBUG --> [REQ_ID=e5e8a761f7be] [FILTER_BEFORE] /

[1 occurrence(s)]
DEBUG --> [REQ_ID=e5e8a761f7be] [ROUTE] Controller=\App\Controllers\Home Method=index

[1 occurrence(s)]
DEBUG --> [REQ_ID=e5e8a761f7be] [LIFECYCLE][START] GET https://www.mymiwallet.com/index.php/

[1 occurrence(s)]
DEBUG --> [CSRF] token name=csrf_test_name hash=76ee9e6777626c904aeb62794d730508

[1 occurrence(s)]
DEBUG --> [REQ_ID=7c76117b671c] [INIT] App\Controllers\Home::GET

[1 occurrence(s)]
DEBUG --> [REQ_ID=7c76117b671c] [VIEW_RENDER] themes/public/home

[1 occurrence(s)]
DEBUG --> [REQ_ID=e5e8a761f7be] [FILTER_AFTER]

[1 occurrence(s)]
DEBUG --> [REQ_ID=e5e8a761f7be] [LIFECYCLE][END] status=200 duration_ms=713.63 memory_delta=4194304

[1 occurrence(s)]
DEBUG --> [REQ_ID=e5e8a761f7be] [REQUEST][END]

[1 occurrence(s)]
DEBUG --> [REQ_ID=21f65987f5dc] [REQUEST][START] HEAD /

[1 occurrence(s)]
DEBUG --> [REQ_ID=0a4a7c2e3405] [REQUEST][START] GET /index.php/API/Management/Run-CRON-Tasks

[1 occurrence(s)]
DEBUG --> [REQ_ID=0a4a7c2e3405] [FILTER_BEFORE] /index.php/API/Management/Run-CRON-Tasks

[1 occurrence(s)]
DEBUG --> [REQ_ID=0a4a7c2e3405] [ROUTE] Controller=\App\Modules\Management\Controllers\ManagementAPIController Method=Run_CRON_Tasks

[1 occurrence(s)]
DEBUG --> [REQ_ID=0a4a7c2e3405] [LIFECYCLE][START] GET https://www.mymiwallet.com/index.php/API/Management/Run-CRON-Tasks

[1 occurrence(s)]
DEBUG --> [REQ_ID=0a4a7c2e3405] [REQUEST][END]

[1 occurrence(s)]
DEBUG --> [REQ_ID=4701322d0ee9] [REQUEST][START] HEAD /

[1 occurrence(s)]
DEBUG --> [REQ_ID=926c66f4fca2] [REQUEST][START] HEAD /

[1 occurrence(s)]
DEBUG --> [REQ_ID=1efcf1e863ed] [REQUEST][START] HEAD /

[1 occurrence(s)]
DEBUG --> [REQ_ID=d21697078494] [REQUEST][START] GET /

[1 occurrence(s)]
DEBUG --> [REQ_ID=d21697078494] [FILTER_BEFORE] /

[1 occurrence(s)]
DEBUG --> [REQ_ID=d21697078494] [ROUTE] Controller=\App\Controllers\Home Method=index

[1 occurrence(s)]
DEBUG --> [REQ_ID=d21697078494] [LIFECYCLE][START] GET https://www.mymiwallet.com/index.php/

[1 occurrence(s)]
DEBUG --> [CSRF] token name=csrf_test_name hash=1d2ba545d54543fab481fc7f6c592e83

[1 occurrence(s)]
DEBUG --> [REQ_ID=717ac56ebb2d] [INIT] App\Controllers\Home::GET

[1 occurrence(s)]
DEBUG --> [REQ_ID=717ac56ebb2d] [VIEW_RENDER] themes/public/home

[1 occurrence(s)]
DEBUG --> [REQ_ID=d21697078494] [FILTER_AFTER]

[1 occurrence(s)]
DEBUG --> [REQ_ID=d21697078494] [LIFECYCLE][END] status=200 duration_ms=754.79 memory_delta=4194304

[1 occurrence(s)]
DEBUG --> [REQ_ID=d21697078494] [REQUEST][END]

[1 occurrence(s)]
DEBUG --> [REQ_ID=a5d7f5c4ba63] [REQUEST][START] GET /index.php/API/Alerts/fetchEmailAlerts

[1 occurrence(s)]
DEBUG --> [REQ_ID=a5d7f5c4ba63] [FILTER_BEFORE] /index.php/API/Alerts/fetchEmailAlerts

[1 occurrence(s)]
DEBUG --> [REQ_ID=a5d7f5c4ba63] [ROUTE] Controller=\App\Modules\APIs\Controllers\AlertsAPIController Method=fetchEmailAlerts

[1 occurrence(s)]
DEBUG --> [REQ_ID=a5d7f5c4ba63] [LIFECYCLE][START] GET https://www.mymiwallet.com/index.php/API/Alerts/fetchEmailAlerts

[1 occurrence(s)]
DEBUG --> [REQ_ID=a5d7f5c4ba63] [REQUEST][END]

[1 occurrence(s)]
DEBUG --> [REQ_ID=27e94a6767e7] [REQUEST][START] HEAD /

[1 occurrence(s)]
DEBUG --> [REQ_ID=1e12c987a281] [REQUEST][START] HEAD /

[1 occurrence(s)]
DEBUG --> [REQ_ID=3c9bd95a065b] [REQUEST][START] HEAD /

[1 occurrence(s)]
DEBUG --> [REQ_ID=7968b1ce658c] [REQUEST][START] HEAD /

[1 occurrence(s)]
DEBUG --> [REQ_ID=657c30849a04] [REQUEST][START] HEAD /

[1 occurrence(s)]
DEBUG --> [REQ_ID=ddf0b816094e] [REQUEST][START] HEAD /

[1 occurrence(s)]
DEBUG --> [REQ_ID=23316d0ba12d] [REQUEST][START] GET /

[1 occurrence(s)]
DEBUG --> [REQ_ID=23316d0ba12d] [FILTER_BEFORE] /

[1 occurrence(s)]
DEBUG --> [REQ_ID=23316d0ba12d] [ROUTE] Controller=\App\Controllers\Home Method=index

[1 occurrence(s)]
DEBUG --> [REQ_ID=23316d0ba12d] [LIFECYCLE][START] GET https://www.mymiwallet.com/index.php/

[1 occurrence(s)]
DEBUG --> [CSRF] token name=csrf_test_name hash=187d85846188b9001c7b42dc13086538

[1 occurrence(s)]
DEBUG --> [REQ_ID=338b5c609603] [INIT] App\Controllers\Home::GET

[1 occurrence(s)]
DEBUG --> [REQ_ID=338b5c609603] [VIEW_RENDER] themes/public/home

[1 occurrence(s)]
DEBUG --> [REQ_ID=23316d0ba12d] [FILTER_AFTER]

[1 occurrence(s)]
DEBUG --> [REQ_ID=23316d0ba12d] [LIFECYCLE][END] status=200 duration_ms=727.36 memory_delta=4194304

[1 occurrence(s)]
DEBUG --> [REQ_ID=23316d0ba12d] [REQUEST][END]

[1 occurrence(s)]
DEBUG --> [REQ_ID=e5770887e7a9] [REQUEST][START] HEAD /

[1 occurrence(s)]
DEBUG --> [REQ_ID=d203044a8a79] [REQUEST][START] HEAD /

[1 occurrence(s)]
DEBUG --> [REQ_ID=12f806ff9dd2] [REQUEST][START] HEAD /

[1 occurrence(s)]
DEBUG --> [REQ_ID=ec18acb5312b] [REQUEST][START] GET /

[1 occurrence(s)]
DEBUG --> [REQ_ID=ec18acb5312b] [REQUEST][END]

[1 occurrence(s)]
DEBUG --> [REQ_ID=b96de93fb02c] [REQUEST][START] GET /index.php/API/Management/Run-CRON-Tasks

[1 occurrence(s)]
DEBUG --> [REQ_ID=b96de93fb02c] [FILTER_BEFORE] /index.php/API/Management/Run-CRON-Tasks

[1 occurrence(s)]
DEBUG --> [REQ_ID=b96de93fb02c] [ROUTE] Controller=\App\Modules\Management\Controllers\ManagementAPIController Method=Run_CRON_Tasks

[1 occurrence(s)]
DEBUG --> [REQ_ID=b96de93fb02c] [LIFECYCLE][START] GET https://www.mymiwallet.com/index.php/API/Management/Run-CRON-Tasks

[1 occurrence(s)]
DEBUG --> [REQ_ID=b96de93fb02c] [REQUEST][END]

[1 occurrence(s)]
DEBUG --> [REQ_ID=237f78ae9afb] [REQUEST][START] HEAD /

[1 occurrence(s)]
DEBUG --> [REQ_ID=f28beed45643] [REQUEST][START] GET /

[1 occurrence(s)]
DEBUG --> [REQ_ID=f28beed45643] [FILTER_BEFORE] /

[1 occurrence(s)]
DEBUG --> [REQ_ID=f28beed45643] [ROUTE] Controller=\App\Controllers\Home Method=index

[1 occurrence(s)]
DEBUG --> [REQ_ID=f28beed45643] [LIFECYCLE][START] GET https://www.mymiwallet.com/index.php/

[1 occurrence(s)]
DEBUG --> [CSRF] token name=csrf_test_name hash=40bf21049a5cef09f0e949730b6e48e2

[1 occurrence(s)]
DEBUG --> [REQ_ID=e077f1cbf242] [INIT] App\Controllers\Home::GET

[1 occurrence(s)]
DEBUG --> [REQ_ID=e077f1cbf242] [VIEW_RENDER] themes/public/home

[1 occurrence(s)]
DEBUG --> [REQ_ID=f28beed45643] [FILTER_AFTER]

[1 occurrence(s)]
DEBUG --> [REQ_ID=f28beed45643] [LIFECYCLE][END] status=200 duration_ms=778.71 memory_delta=4194304

[1 occurrence(s)]
DEBUG --> [REQ_ID=f28beed45643] [REQUEST][END]

[1 occurrence(s)]
DEBUG --> [REQ_ID=9ca766223b22] [REQUEST][START] HEAD /

[1 occurrence(s)]
DEBUG --> [REQ_ID=5248df2d3dc4] [REQUEST][START] HEAD /

[1 occurrence(s)]
DEBUG --> [REQ_ID=823f99ac83b1] [REQUEST][START] GET /index.php/API/Alerts/fetchEmailAlerts

[1 occurrence(s)]
DEBUG --> [REQ_ID=823f99ac83b1] [FILTER_BEFORE] /index.php/API/Alerts/fetchEmailAlerts

[1 occurrence(s)]
DEBUG --> [REQ_ID=823f99ac83b1] [ROUTE] Controller=\App\Modules\APIs\Controllers\AlertsAPIController Method=fetchEmailAlerts

[1 occurrence(s)]
DEBUG --> [REQ_ID=823f99ac83b1] [LIFECYCLE][START] GET https://www.mymiwallet.com/index.php/API/Alerts/fetchEmailAlerts

[1 occurrence(s)]
DEBUG --> [REQ_ID=823f99ac83b1] [REQUEST][END]

[1 occurrence(s)]
DEBUG --> [REQ_ID=221179818e79] [REQUEST][START] HEAD /

[1 occurrence(s)]
DEBUG --> [REQ_ID=fb99109c7e53] [REQUEST][START] HEAD /

[1 occurrence(s)]
DEBUG --> [REQ_ID=de85bc8d64c5] [REQUEST][START] HEAD /

[1 occurrence(s)]
DEBUG --> [REQ_ID=abde1a57e5a0] [REQUEST][START] HEAD /

[1 occurrence(s)]
DEBUG --> [REQ_ID=64f0dbb83fae] [REQUEST][START] HEAD /

[1 occurrence(s)]
DEBUG --> [REQ_ID=e3e35068877c] [REQUEST][START] HEAD /

[1 occurrence(s)]
DEBUG --> [REQ_ID=45e9bf942c64] [REQUEST][START] GET /index.php/How-It-Works/marketing

[1 occurrence(s)]
DEBUG --> [REQ_ID=45e9bf942c64] [REQUEST][END]

[1 occurrence(s)]
DEBUG --> [REQ_ID=7550ce9f97ea] [REQUEST][START] GET /index.php/How-It-Works/account-settings

[1 occurrence(s)]
DEBUG --> [REQ_ID=7550ce9f97ea] [REQUEST][END]

[1 occurrence(s)]
DEBUG --> [REQ_ID=045b0ea62c35] [REQUEST][START] HEAD /index.php/How-It-Works/marketing

[1 occurrence(s)]
DEBUG --> [REQ_ID=85acedce9ff6] [REQUEST][START] HEAD /

[1 occurrence(s)]
DEBUG --> [REQ_ID=7d7cb32f7e84] [REQUEST][START] HEAD /

[1 occurrence(s)]
DEBUG --> [REQ_ID=678f0e1179e9] [REQUEST][START] HEAD /index.php/How-It-Works/account-settings

[1 occurrence(s)]
DEBUG --> [REQ_ID=e043e64ba722] [REQUEST][START] HEAD /

[1 occurrence(s)]
DEBUG --> [REQ_ID=726571a71e33] [REQUEST][START] GET /index.php/API/Management/Run-CRON-Tasks

[1 occurrence(s)]
DEBUG --> [REQ_ID=726571a71e33] [FILTER_BEFORE] /index.php/API/Management/Run-CRON-Tasks

[1 occurrence(s)]
DEBUG --> [REQ_ID=726571a71e33] [ROUTE] Controller=\App\Modules\Management\Controllers\ManagementAPIController Method=Run_CRON_Tasks

[1 occurrence(s)]
DEBUG --> [REQ_ID=726571a71e33] [LIFECYCLE][START] GET https://www.mymiwallet.com/index.php/API/Management/Run-CRON-Tasks

[1 occurrence(s)]
DEBUG --> [REQ_ID=726571a71e33] [REQUEST][END]


---------------------------
LEVEL: INFO
---------------------------

[1 occurrence(s)]
INFO --> [REQ_ID=25792c5878f3] [PERF] Execution time=0.048875

[1 occurrence(s)]
INFO --> [REQ_ID=328da43998e0] [PERF] Execution time=0.046946

[1 occurrence(s)]
INFO --> [REQ_ID=79c4a211011a] [PERF] Execution time=0.039870

[1 occurrence(s)]
INFO --> [REQ_ID=e4f55f08d61a] [MEMORY][controller-start] 4194304

[1 occurrence(s)]
INFO --> [REQ_ID=e4f55f08d61a] [MEMORY][commonData:start] 6291456

[1 occurrence(s)]
INFO --> [REQ_ID=e4f55f08d61a] [MEMORY][commonData:start] 8388608

[4 occurrence(s)]
INFO --> themesMemory usage: 8388608

[1 occurrence(s)]
INFO --> [REQ_ID=e4f55f08d61a] [PERF] Execution time=0.690608

[1 occurrence(s)]
INFO --> [REQ_ID=0e1632cdcd03] [PERF] Execution time=0.703300

[1 occurrence(s)]
INFO --> [REQ_ID=51903c5bc5ef] [PERF] Execution time=0.036754

[1 occurrence(s)]
INFO --> [REQ_ID=658e0243260b] [MEMORY][controller-start] 6291456

[1 occurrence(s)]
INFO --> [REQ_ID=658e0243260b] [MEMORY][commonData:start] 6291456

[1 occurrence(s)]
INFO --> [REQ_ID=658e0243260b] [MEMORY][commonData:start] 10485760

[6 occurrence(s)]
INFO --> themesMemory usage: 10485760

[1 occurrence(s)]
INFO --> [REQ_ID=658e0243260b] [PERF] Execution time=0.808068

[1 occurrence(s)]
INFO --> [REQ_ID=63bcc7914f37] [PERF] Execution time=0.849438

[1 occurrence(s)]
INFO --> [REQ_ID=53902b669eef] [PERF] Execution time=0.051909

[1 occurrence(s)]
INFO --> [REQ_ID=9e60a65020d1] [PERF] Execution time=0.045194

[1 occurrence(s)]
INFO --> [REQ_ID=90d26a90988e] [PERF] Execution time=0.051028

[1 occurrence(s)]
INFO --> [REQ_ID=13aaf6ea91c6] [PERF] Execution time=0.046790

[1 occurrence(s)]
INFO --> [REQ_ID=84a0027804f4] [PERF] Execution time=0.054059

[1 occurrence(s)]
INFO --> [REQ_ID=fede3af034d0] [MEMORY][controller-start] 4194304

[1 occurrence(s)]
INFO --> [REQ_ID=fede3af034d0] [PERF] Execution time=0.046551

[1 occurrence(s)]
INFO --> [REQ_ID=4400f21ed540] [PERF] Execution time=0.058389

[1 occurrence(s)]
INFO --> [REQ_ID=139ff11714af] [PERF] Execution time=0.048118

[1 occurrence(s)]
INFO --> [REQ_ID=8d35eda3ac66] [PERF] Execution time=0.041231

[1 occurrence(s)]
INFO --> [REQ_ID=d048482b721b] [PERF] Execution time=0.044474

[1 occurrence(s)]
INFO --> [REQ_ID=fbf1db4fb6d4] [PERF] Execution time=0.061917

[1 occurrence(s)]
INFO --> [REQ_ID=e18c0c484eb7] [MEMORY][controller-start] 6291456

[1 occurrence(s)]
INFO --> [REQ_ID=e18c0c484eb7] [MEMORY][commonData:start] 6291456

[1 occurrence(s)]
INFO --> [REQ_ID=e18c0c484eb7] [PERF] Execution time=0.761157

[1 occurrence(s)]
INFO --> [REQ_ID=e5c358c703b0] [PERF] Execution time=0.806529

[1 occurrence(s)]
INFO --> [REQ_ID=5d5ebe33d548] [MEMORY][controller-start] 6291456

[1 occurrence(s)]
INFO --> [REQ_ID=5d5ebe33d548] [MEMORY][commonData:start] 6291456

[1 occurrence(s)]
INFO --> [REQ_ID=5d5ebe33d548] [MEMORY][commonData:start] 8388608

[1 occurrence(s)]
INFO --> [REQ_ID=5d5ebe33d548] [PERF] Execution time=0.628766

[1 occurrence(s)]
INFO --> [REQ_ID=764fb90893eb] [PERF] Execution time=0.641041

[1 occurrence(s)]
INFO --> [REQ_ID=f4c11e59b371] [MEMORY][controller-start] 6291456

[1 occurrence(s)]
INFO --> [REQ_ID=f4c11e59b371] [MEMORY][commonData:start] 6291456

[1 occurrence(s)]
INFO --> [REQ_ID=f4c11e59b371] [MEMORY][commonData:start] 10485760

[1 occurrence(s)]
INFO --> [REQ_ID=f4c11e59b371] [PERF] Execution time=0.891458

[1 occurrence(s)]
INFO --> [REQ_ID=305665eced4b] [PERF] Execution time=0.931696

[1 occurrence(s)]
INFO --> [REQ_ID=3314f303aad1] [PERF] Execution time=0.035734

[1 occurrence(s)]
INFO --> [REQ_ID=c5cbd798535a] [PERF] Execution time=0.045404

[1 occurrence(s)]
INFO --> [REQ_ID=9ed03c938866] [MEMORY][controller-start] 4194304

[1 occurrence(s)]
INFO --> [REQ_ID=9ed03c938866] [MEMORY][commonData:start] 6291456

[1 occurrence(s)]
INFO --> [REQ_ID=9ed03c938866] [MEMORY][commonData:start] 8388608

[1 occurrence(s)]
INFO --> [REQ_ID=9ed03c938866] [PERF] Execution time=0.677403

[1 occurrence(s)]
INFO --> [REQ_ID=7b653bfdbf89] [PERF] Execution time=0.689968

[1 occurrence(s)]
INFO --> [REQ_ID=7c76117b671c] [MEMORY][controller-start] 6291456

[1 occurrence(s)]
INFO --> [REQ_ID=7c76117b671c] [MEMORY][commonData:start] 6291456

[1 occurrence(s)]
INFO --> [REQ_ID=7c76117b671c] [MEMORY][commonData:start] 10485760

[1 occurrence(s)]
INFO --> [REQ_ID=7c76117b671c] [PERF] Execution time=0.712051

[1 occurrence(s)]
INFO --> [REQ_ID=e5e8a761f7be] [PERF] Execution time=0.752618

[1 occurrence(s)]
INFO --> [REQ_ID=0a4a7c2e3405] [PERF] Execution time=0.054153

[1 occurrence(s)]
INFO --> [REQ_ID=717ac56ebb2d] [MEMORY][controller-start] 6291456

[1 occurrence(s)]
INFO --> [REQ_ID=717ac56ebb2d] [MEMORY][commonData:start] 6291456

[1 occurrence(s)]
INFO --> [REQ_ID=717ac56ebb2d] [MEMORY][commonData:start] 10485760

[1 occurrence(s)]
INFO --> [REQ_ID=717ac56ebb2d] [PERF] Execution time=0.752813

[1 occurrence(s)]
INFO --> [REQ_ID=d21697078494] [PERF] Execution time=0.792648

[1 occurrence(s)]
INFO --> [REQ_ID=a5d7f5c4ba63] [PERF] Execution time=0.046490

[1 occurrence(s)]
INFO --> [REQ_ID=338b5c609603] [MEMORY][controller-start] 6291456

[1 occurrence(s)]
INFO --> [REQ_ID=338b5c609603] [MEMORY][commonData:start] 6291456

[1 occurrence(s)]
INFO --> [REQ_ID=338b5c609603] [MEMORY][commonData:start] 10485760

[1 occurrence(s)]
INFO --> [REQ_ID=338b5c609603] [PERF] Execution time=0.725237

[1 occurrence(s)]
INFO --> [REQ_ID=23316d0ba12d] [PERF] Execution time=0.766076

[1 occurrence(s)]
INFO --> [REQ_ID=ec18acb5312b] [PERF] Execution time=0.037625

[1 occurrence(s)]
INFO --> [REQ_ID=b96de93fb02c] [PERF] Execution time=0.049382

[1 occurrence(s)]
INFO --> [REQ_ID=e077f1cbf242] [MEMORY][controller-start] 4194304

[1 occurrence(s)]
INFO --> [REQ_ID=e077f1cbf242] [MEMORY][commonData:start] 6291456

[1 occurrence(s)]
INFO --> [REQ_ID=e077f1cbf242] [MEMORY][commonData:start] 8388608

[1 occurrence(s)]
INFO --> [REQ_ID=e077f1cbf242] [PERF] Execution time=0.777080

[1 occurrence(s)]
INFO --> [REQ_ID=f28beed45643] [PERF] Execution time=0.792435

[1 occurrence(s)]
INFO --> [REQ_ID=823f99ac83b1] [PERF] Execution time=0.051626

[1 occurrence(s)]
INFO --> [REQ_ID=45e9bf942c64] [PERF] Execution time=0.046446

[1 occurrence(s)]
INFO --> [REQ_ID=7550ce9f97ea] [PERF] Execution time=0.013359

[1 occurrence(s)]
INFO --> [REQ_ID=726571a71e33] [PERF] Execution time=0.053302

[1 occurrence(s)]
INFO --> [SPARK_START] App\Commands\AIOps\Run

[4 occurrence(s)]
INFO --> [SPARK_MEMORY] 18874368

[1 occurrence(s)]
INFO --> [spark:aiops:run] Intent

[1 occurrence(s)]
INFO --> [spark:ops:work] Started

[1 occurrence(s)]
INFO --> [SPARK_START] App\Commands\Ops\Work

[1 occurrence(s)]
INFO --> [spark:ops:work] Intent

[1 occurrence(s)]
INFO --> [spark:ops:work] Completed

[1 occurrence(s)]
INFO --> [SPARK_COMPLETE] App\Commands\Ops\Work duration=0.034122

[1 occurrence(s)]
INFO --> [AIOPS][SPARK][GOVERNANCE][spark:logs:summarize] Started

[1 occurrence(s)]
INFO --> [SPARK_START] App\Commands\Logs\Summarize

[1 occurrence(s)]
INFO --> [spark:logs:summarize] Intent


---------------------------
LEVEL: WARNING
---------------------------

[84 occurrence(s)]
WARNING --> [404] URI=https://www.mymiwallet.com/index.php/

[84 occurrence(s)]
WARNING --> 404 route miss: https://www.mymiwallet.com/index.php/ | referrer: http://67.205.42.220

[1 occurrence(s)]
WARNING --> MyMIWallets initialized without numeric user context.

[1 occurrence(s)]
WARNING --> [404] URI=https://www.mymiwallet.com/index.php/How-It-Works/marketing

[1 occurrence(s)]
WARNING --> 404 route miss: https://www.mymiwallet.com/index.php/How-It-Works/marketing | referrer: none

[1 occurrence(s)]
WARNING --> [404] URI=https://www.mymiwallet.com/index.php/How-It-Works/account-settings

[1 occurrence(s)]
WARNING --> 404 route miss: https://www.mymiwallet.com/index.php/How-It-Works/account-settings | referrer: none


---------------------------
LEVEL: CRITICAL
---------------------------

[86 occurrence(s)]
CRITICAL --> CodeIgniter\Exceptions\PageNotFoundException: Page Not Found

[86 occurrence(s)]
CRITICAL --> [EXCEPTION] Page Not Found File=/home/mymiteam/mymiwallet/site/current/vendor/codeigniter4/framework/system/CodeIgniter.php Line=1001


===============================================
   HERE'S THE NEW STUFF
   (No previous timestamp recorded – nothing treated as new)
===============================================

---- CONFIG LINT ----
✅ Services::cache
✅ Services::responsecache
✅ Services::session
✅ Services::email
✅ Services::logger
✅ Services::validation
✅ Services::renderer
