===============================================
   MyMI Wallet — Log Summary for 2026-03-29
   Auto-generated by logs:summarize command
   Grouped by (LEVEL + message)
===============================================

Last processed up to: <none> (first run for this date)

---------------------------
LEVEL: DEBUG
---------------------------

[1 occurrence(s)]
DEBUG --> [REQ_ID=0df0620c4047] [REQUEST][START] GET /index.php/API/Management/Run-CRON-Tasks

[136 occurrence(s)]
DEBUG --> Session: Class initialized using 'CodeIgniter\Session\Handlers\FileHandler' driver.

[1 occurrence(s)]
DEBUG --> [REQ_ID=0df0620c4047] [FILTER_BEFORE] /index.php/API/Management/Run-CRON-Tasks

[1 occurrence(s)]
DEBUG --> [REQ_ID=0df0620c4047] [ROUTE] Controller=\App\Modules\Management\Controllers\ManagementAPIController Method=Run_CRON_Tasks

[1 occurrence(s)]
DEBUG --> [REQ_ID=0df0620c4047] [LIFECYCLE][START] GET https://www.mymiwallet.com/index.php/API/Management/Run-CRON-Tasks

[1 occurrence(s)]
DEBUG --> [REQ_ID=0df0620c4047] [REQUEST][END]

[1 occurrence(s)]
DEBUG --> [REQ_ID=d6b4618608f9] [REQUEST][START] HEAD /

[1 occurrence(s)]
DEBUG --> [REQ_ID=c87c8edc3945] [REQUEST][START] HEAD /

[1 occurrence(s)]
DEBUG --> [REQ_ID=04a6160404fc] [REQUEST][START] HEAD /

[1 occurrence(s)]
DEBUG --> [REQ_ID=ffc9ea284da7] [REQUEST][START] GET /index.php/Terms-Of-Service

[1 occurrence(s)]
DEBUG --> [REQ_ID=ffc9ea284da7] [FILTER_BEFORE] /index.php/Terms-Of-Service

[1 occurrence(s)]
DEBUG --> [REQ_ID=ffc9ea284da7] [ROUTE] Controller=\App\Controllers\Home Method=termsOfService

[1 occurrence(s)]
DEBUG --> [REQ_ID=ffc9ea284da7] [LIFECYCLE][START] GET https://www.mymiwallet.com/index.php/Terms-Of-Service

[1 occurrence(s)]
DEBUG --> [CSRF] token name=csrf_test_name hash=df9fadf6dbbf5a709de872650e77f5e8

[1 occurrence(s)]
DEBUG --> [REQ_ID=1c7040be4991] [INIT] App\Controllers\Home::GET

[16 occurrence(s)]
DEBUG --> MyMIUser L52 - initialized (first log).

[2 occurrence(s)]
DEBUG --> [MetaService] slug=terms-of-service pageName= cacheHit= path=DB

[1 occurrence(s)]
DEBUG --> [REQ_ID=1c7040be4991] [VIEW_RENDER] themes/public/termsOfService

[2 occurrence(s)]
DEBUG --> [MetaService] slug=terms-of-service pageName=Terms of Service cacheHit= path=DB

[1 occurrence(s)]
DEBUG --> [REQ_ID=ffc9ea284da7] [FILTER_AFTER]

[1 occurrence(s)]
DEBUG --> [REQ_ID=ffc9ea284da7] [LIFECYCLE][END] status=200 duration_ms=693.13 memory_delta=4194304

[1 occurrence(s)]
DEBUG --> [REQ_ID=ffc9ea284da7] [REQUEST][END]

[1 occurrence(s)]
DEBUG --> [REQ_ID=19e305df4db1] [REQUEST][START] GET /index.php/API/Alerts/fetchEmailAlerts

[1 occurrence(s)]
DEBUG --> [REQ_ID=19e305df4db1] [FILTER_BEFORE] /index.php/API/Alerts/fetchEmailAlerts

[1 occurrence(s)]
DEBUG --> [REQ_ID=19e305df4db1] [ROUTE] Controller=\App\Modules\APIs\Controllers\AlertsAPIController Method=fetchEmailAlerts

[1 occurrence(s)]
DEBUG --> [REQ_ID=19e305df4db1] [LIFECYCLE][START] GET https://www.mymiwallet.com/index.php/API/Alerts/fetchEmailAlerts

[1 occurrence(s)]
DEBUG --> [REQ_ID=19e305df4db1] [REQUEST][END]

[1 occurrence(s)]
DEBUG --> [REQ_ID=122e91ded89f] [REQUEST][START] HEAD /

[1 occurrence(s)]
DEBUG --> [REQ_ID=76a3b7fcca63] [REQUEST][START] HEAD /

[1 occurrence(s)]
DEBUG --> [REQ_ID=fdd46c3c5a24] [REQUEST][START] HEAD /

[1 occurrence(s)]
DEBUG --> [REQ_ID=ad1ad8c525af] [REQUEST][START] HEAD /

[1 occurrence(s)]
DEBUG --> [REQ_ID=607cb55f1351] [REQUEST][START] HEAD /

[1 occurrence(s)]
DEBUG --> [REQ_ID=68429cb3bea4] [REQUEST][START] HEAD /

[1 occurrence(s)]
DEBUG --> [REQ_ID=e9f3f695ddab] [REQUEST][START] GET /index.php/My-Referrals

[1 occurrence(s)]
DEBUG --> [REQ_ID=e9f3f695ddab] [FILTER_BEFORE] /index.php/My-Referrals

[1 occurrence(s)]
DEBUG --> [REQ_ID=e9f3f695ddab] [ROUTE] Controller=\App\Modules\User\Controllers\ReferralController Method=index

[1 occurrence(s)]
DEBUG --> [REQ_ID=e9f3f695ddab] [LIFECYCLE][START] GET https://www.mymiwallet.com/index.php/My-Referrals

[1 occurrence(s)]
DEBUG --> [CSRF] token name=csrf_test_name hash=dbb954d55e0b34edb6c2526ee0142d30

[1 occurrence(s)]
DEBUG --> [REQ_ID=e9f3f695ddab] [REQUEST][END]

[1 occurrence(s)]
DEBUG --> [REQ_ID=11b12fdfbea6] [REQUEST][START] GET /index.php/login

[1 occurrence(s)]
DEBUG --> [REQ_ID=11b12fdfbea6] [FILTER_BEFORE] /index.php/login

[1 occurrence(s)]
DEBUG --> [REQ_ID=11b12fdfbea6] [ROUTE] Controller=\App\Controllers\AuthController Method=login

[1 occurrence(s)]
DEBUG --> [REQ_ID=11b12fdfbea6] [LIFECYCLE][START] GET https://www.mymiwallet.com/index.php/login

[1 occurrence(s)]
DEBUG --> [CSRF] token name=csrf_test_name hash=642c1f8f8f96e5e2dd67453b965266cb

[1 occurrence(s)]
DEBUG --> [REQ_ID=40bbaff70409] [INIT] App\Controllers\AuthController::GET

[1 occurrence(s)]
DEBUG --> [REQ_ID=11b12fdfbea6] [FILTER_AFTER]

[1 occurrence(s)]
DEBUG --> [REQ_ID=11b12fdfbea6] [LIFECYCLE][END] status=200 duration_ms=63.51 memory_delta=0

[1 occurrence(s)]
DEBUG --> [REQ_ID=11b12fdfbea6] [REQUEST][END]

[1 occurrence(s)]
DEBUG --> [REQ_ID=0856a1de249f] [REQUEST][START] GET /

[1 occurrence(s)]
DEBUG --> [REQ_ID=0856a1de249f] [REQUEST][END]

[1 occurrence(s)]
DEBUG --> [REQ_ID=d1aa79d629e2] [REQUEST][START] HEAD /

[1 occurrence(s)]
DEBUG --> [REQ_ID=49d3e30c0c22] [REQUEST][START] HEAD /

[1 occurrence(s)]
DEBUG --> [REQ_ID=d60e070ba76d] [REQUEST][START] HEAD /

[1 occurrence(s)]
DEBUG --> [REQ_ID=e9ebcc9343d0] [REQUEST][START] HEAD /

[1 occurrence(s)]
DEBUG --> [REQ_ID=4329a6cc8a85] [REQUEST][START] GET /

[1 occurrence(s)]
DEBUG --> [REQ_ID=4329a6cc8a85] [REQUEST][END]

[1 occurrence(s)]
DEBUG --> [REQ_ID=3c4aa3fc39e3] [REQUEST][START] GET /index.php/API/Management/Run-CRON-Tasks

[1 occurrence(s)]
DEBUG --> [REQ_ID=3c4aa3fc39e3] [FILTER_BEFORE] /index.php/API/Management/Run-CRON-Tasks

[1 occurrence(s)]
DEBUG --> [REQ_ID=3c4aa3fc39e3] [ROUTE] Controller=\App\Modules\Management\Controllers\ManagementAPIController Method=Run_CRON_Tasks

[1 occurrence(s)]
DEBUG --> [REQ_ID=3c4aa3fc39e3] [LIFECYCLE][START] GET https://www.mymiwallet.com/index.php/API/Management/Run-CRON-Tasks

[1 occurrence(s)]
DEBUG --> [REQ_ID=3c4aa3fc39e3] [REQUEST][END]

[1 occurrence(s)]
DEBUG --> [REQ_ID=e1296fb6432f] [REQUEST][START] HEAD /

[1 occurrence(s)]
DEBUG --> [REQ_ID=f28e71f6e2db] [REQUEST][START] HEAD /

[1 occurrence(s)]
DEBUG --> [REQ_ID=427fc8d8df9f] [REQUEST][START] GET /

[1 occurrence(s)]
DEBUG --> [REQ_ID=427fc8d8df9f] [REQUEST][END]

[1 occurrence(s)]
DEBUG --> [REQ_ID=76f2c51acad3] [REQUEST][START] HEAD /

[1 occurrence(s)]
DEBUG --> [REQ_ID=f62694e999c8] [REQUEST][START] GET /index.php/API/Alerts/fetchEmailAlerts

[1 occurrence(s)]
DEBUG --> [REQ_ID=f62694e999c8] [FILTER_BEFORE] /index.php/API/Alerts/fetchEmailAlerts

[1 occurrence(s)]
DEBUG --> [REQ_ID=f62694e999c8] [ROUTE] Controller=\App\Modules\APIs\Controllers\AlertsAPIController Method=fetchEmailAlerts

[1 occurrence(s)]
DEBUG --> [REQ_ID=f62694e999c8] [LIFECYCLE][START] GET https://www.mymiwallet.com/index.php/API/Alerts/fetchEmailAlerts

[1 occurrence(s)]
DEBUG --> [REQ_ID=f62694e999c8] [REQUEST][END]

[1 occurrence(s)]
DEBUG --> [REQ_ID=950fb198267a] [REQUEST][START] HEAD /

[1 occurrence(s)]
DEBUG --> [REQ_ID=ffcef62f7770] [REQUEST][START] HEAD /

[1 occurrence(s)]
DEBUG --> [REQ_ID=d5d635529f90] [REQUEST][START] HEAD /

[1 occurrence(s)]
DEBUG --> [REQ_ID=1b38daf5aff9] [REQUEST][START] HEAD /

[1 occurrence(s)]
DEBUG --> [REQ_ID=96c4b9514548] [REQUEST][START] HEAD /

[1 occurrence(s)]
DEBUG --> [REQ_ID=3873446b7061] [REQUEST][START] GET /

[1 occurrence(s)]
DEBUG --> [REQ_ID=3873446b7061] [FILTER_BEFORE] /

[1 occurrence(s)]
DEBUG --> [REQ_ID=3873446b7061] [ROUTE] Controller=\App\Controllers\Home Method=index

[1 occurrence(s)]
DEBUG --> [REQ_ID=3873446b7061] [LIFECYCLE][START] GET https://www.mymiwallet.com/index.php/

[2 occurrence(s)]
DEBUG --> [CSRF] token name=csrf_test_name hash=0e03171f29daa79716cb7cd335bbe88b

[1 occurrence(s)]
DEBUG --> [REQ_ID=7b958b5850da] [INIT] App\Controllers\Home::GET

[8 occurrence(s)]
DEBUG --> [MetaService] slug= pageName= cacheHit= path=FALLBACK

[1 occurrence(s)]
DEBUG --> [REQ_ID=7b958b5850da] [VIEW_RENDER] themes/public/home

[4 occurrence(s)]
DEBUG --> [MetaService] slug= pageName=Home cacheHit= path=DB

[1 occurrence(s)]
DEBUG --> [REQ_ID=3873446b7061] [FILTER_AFTER]

[1 occurrence(s)]
DEBUG --> [REQ_ID=3873446b7061] [LIFECYCLE][END] status=200 duration_ms=611.27 memory_delta=4194304

[1 occurrence(s)]
DEBUG --> [REQ_ID=3873446b7061] [REQUEST][END]

[1 occurrence(s)]
DEBUG --> [REQ_ID=80011a1fd65c] [REQUEST][START] GET /index.php/How-It-Works/Investment-Dashboard

[1 occurrence(s)]
DEBUG --> [REQ_ID=80011a1fd65c] [FILTER_BEFORE] /index.php/How-It-Works/Investment-Dashboard

[1 occurrence(s)]
DEBUG --> [REQ_ID=80011a1fd65c] [ROUTE] Controller=\App\Modules\Blog\Controllers\HowItWorksController Method=show

[1 occurrence(s)]
DEBUG --> [REQ_ID=80011a1fd65c] [LIFECYCLE][START] GET https://www.mymiwallet.com/index.php/How-It-Works/Investment-Dashboard

[1 occurrence(s)]
DEBUG --> [REQ_ID=6beb97800d23] [INIT] App\Modules\Blog\Controllers\HowItWorksController::GET

[1 occurrence(s)]
DEBUG --> [REQ_ID=6beb97800d23] [METHOD_ENTRY] show

[3 occurrence(s)]
DEBUG --> [SERVICE] App\Services\BudgetService ::setUserId

[9 occurrence(s)]
DEBUG --> MyMICoin: guest context detected; skipping user-specific preload.

[1 occurrence(s)]
DEBUG --> [REQ_ID=80011a1fd65c] [FILTER_AFTER]

[1 occurrence(s)]
DEBUG --> [REQ_ID=80011a1fd65c] [LIFECYCLE][END] status=200 duration_ms=502.55 memory_delta=2097152

[1 occurrence(s)]
DEBUG --> [REQ_ID=80011a1fd65c] [REQUEST][END]

[1 occurrence(s)]
DEBUG --> [REQ_ID=9860276865bc] [REQUEST][START] HEAD /

[1 occurrence(s)]
DEBUG --> [REQ_ID=553a65e22277] [REQUEST][START] HEAD /

[1 occurrence(s)]
DEBUG --> [REQ_ID=4660d735dfe1] [REQUEST][START] HEAD /

[1 occurrence(s)]
DEBUG --> [REQ_ID=c99a0cc5f43b] [REQUEST][START] HEAD /

[1 occurrence(s)]
DEBUG --> [REQ_ID=0017f07deb0f] [REQUEST][START] GET /index.php/API/Management/Run-CRON-Tasks

[1 occurrence(s)]
DEBUG --> [REQ_ID=0017f07deb0f] [FILTER_BEFORE] /index.php/API/Management/Run-CRON-Tasks

[1 occurrence(s)]
DEBUG --> [REQ_ID=0017f07deb0f] [ROUTE] Controller=\App\Modules\Management\Controllers\ManagementAPIController Method=Run_CRON_Tasks

[1 occurrence(s)]
DEBUG --> [REQ_ID=0017f07deb0f] [LIFECYCLE][START] GET https://www.mymiwallet.com/index.php/API/Management/Run-CRON-Tasks

[1 occurrence(s)]
DEBUG --> [REQ_ID=0017f07deb0f] [REQUEST][END]

[1 occurrence(s)]
DEBUG --> [REQ_ID=3c641bbe1df0] [REQUEST][START] HEAD /

[1 occurrence(s)]
DEBUG --> [REQ_ID=9da017c5d029] [REQUEST][START] HEAD /

[1 occurrence(s)]
DEBUG --> [REQ_ID=f9666cee996d] [REQUEST][START] HEAD /

[1 occurrence(s)]
DEBUG --> [REQ_ID=033540ff40a9] [REQUEST][START] GET /index.php/API/Alerts/fetchEmailAlerts

[1 occurrence(s)]
DEBUG --> [REQ_ID=033540ff40a9] [FILTER_BEFORE] /index.php/API/Alerts/fetchEmailAlerts

[1 occurrence(s)]
DEBUG --> [REQ_ID=033540ff40a9] [ROUTE] Controller=\App\Modules\APIs\Controllers\AlertsAPIController Method=fetchEmailAlerts

[1 occurrence(s)]
DEBUG --> [REQ_ID=033540ff40a9] [LIFECYCLE][START] GET https://www.mymiwallet.com/index.php/API/Alerts/fetchEmailAlerts

[1 occurrence(s)]
DEBUG --> [REQ_ID=033540ff40a9] [REQUEST][END]

[1 occurrence(s)]
DEBUG --> [REQ_ID=8b183a06632b] [REQUEST][START] HEAD /

[1 occurrence(s)]
DEBUG --> [REQ_ID=b026d1e0f9c0] [REQUEST][START] HEAD /

[1 occurrence(s)]
DEBUG --> [REQ_ID=cc65d39eedf1] [REQUEST][START] HEAD /

[1 occurrence(s)]
DEBUG --> [REQ_ID=b2dcf7d6a6cd] [REQUEST][START] GET /

[1 occurrence(s)]
DEBUG --> [REQ_ID=b2dcf7d6a6cd] [FILTER_BEFORE] /

[1 occurrence(s)]
DEBUG --> [REQ_ID=b2dcf7d6a6cd] [ROUTE] Controller=\App\Controllers\Home Method=index

[1 occurrence(s)]
DEBUG --> [REQ_ID=b2dcf7d6a6cd] [LIFECYCLE][START] GET https://www.mymiwallet.com/index.php/

[1 occurrence(s)]
DEBUG --> [CSRF] token name=csrf_test_name hash=3906024e41ec60929289dd7671d0cfd6

[1 occurrence(s)]
DEBUG --> [REQ_ID=f06b6759b88e] [INIT] App\Controllers\Home::GET

[1 occurrence(s)]
DEBUG --> [REQ_ID=f06b6759b88e] [VIEW_RENDER] themes/public/home

[7 occurrence(s)]
DEBUG --> [MetaService] slug= pageName=Home cacheHit=1 path=CACHE

[1 occurrence(s)]
DEBUG --> [REQ_ID=b2dcf7d6a6cd] [FILTER_AFTER]

[1 occurrence(s)]
DEBUG --> [REQ_ID=b2dcf7d6a6cd] [LIFECYCLE][END] status=200 duration_ms=721.47 memory_delta=4194304

[1 occurrence(s)]
DEBUG --> [REQ_ID=b2dcf7d6a6cd] [REQUEST][END]

[1 occurrence(s)]
DEBUG --> [REQ_ID=3ec3d6f32c01] [REQUEST][START] HEAD /

[1 occurrence(s)]
DEBUG --> [REQ_ID=a2738b8d730f] [REQUEST][START] HEAD /

[1 occurrence(s)]
DEBUG --> [REQ_ID=ab2a1a01c49c] [REQUEST][START] HEAD /

[1 occurrence(s)]
DEBUG --> [REQ_ID=60841053edf2] [REQUEST][START] HEAD /

[1 occurrence(s)]
DEBUG --> [REQ_ID=5001ed1bea6e] [REQUEST][START] HEAD /

[1 occurrence(s)]
DEBUG --> [REQ_ID=eee5a7b5176d] [REQUEST][START] HEAD /

[1 occurrence(s)]
DEBUG --> [REQ_ID=2432f28b77d6] [REQUEST][START] GET /index.php/API/Management/Run-CRON-Tasks

[1 occurrence(s)]
DEBUG --> [REQ_ID=2432f28b77d6] [FILTER_BEFORE] /index.php/API/Management/Run-CRON-Tasks

[1 occurrence(s)]
DEBUG --> [REQ_ID=2432f28b77d6] [ROUTE] Controller=\App\Modules\Management\Controllers\ManagementAPIController Method=Run_CRON_Tasks

[1 occurrence(s)]
DEBUG --> [REQ_ID=2432f28b77d6] [LIFECYCLE][START] GET https://www.mymiwallet.com/index.php/API/Management/Run-CRON-Tasks

[1 occurrence(s)]
DEBUG --> [REQ_ID=2432f28b77d6] [REQUEST][END]

[1 occurrence(s)]
DEBUG --> [REQ_ID=35168a77774d] [REQUEST][START] HEAD /

[1 occurrence(s)]
DEBUG --> [REQ_ID=869484f97cbc] [REQUEST][START] HEAD /

[1 occurrence(s)]
DEBUG --> [REQ_ID=e7a337b4e65c] [REQUEST][START] HEAD /

[1 occurrence(s)]
DEBUG --> [REQ_ID=564dcac15c8c] [REQUEST][START] GET /index.php/API/Alerts/fetchEmailAlerts

[1 occurrence(s)]
DEBUG --> [REQ_ID=564dcac15c8c] [FILTER_BEFORE] /index.php/API/Alerts/fetchEmailAlerts

[1 occurrence(s)]
DEBUG --> [REQ_ID=564dcac15c8c] [ROUTE] Controller=\App\Modules\APIs\Controllers\AlertsAPIController Method=fetchEmailAlerts

[1 occurrence(s)]
DEBUG --> [REQ_ID=564dcac15c8c] [LIFECYCLE][START] GET https://www.mymiwallet.com/index.php/API/Alerts/fetchEmailAlerts

[1 occurrence(s)]
DEBUG --> [REQ_ID=564dcac15c8c] [REQUEST][END]

[1 occurrence(s)]
DEBUG --> [REQ_ID=e84d4a8991ae] [REQUEST][START] HEAD /

[1 occurrence(s)]
DEBUG --> [REQ_ID=34f2c5eb17e1] [REQUEST][START] HEAD /

[1 occurrence(s)]
DEBUG --> [REQ_ID=d7f518f8e215] [REQUEST][START] HEAD /

[1 occurrence(s)]
DEBUG --> [REQ_ID=8b00bec323c9] [REQUEST][START] HEAD /

[1 occurrence(s)]
DEBUG --> [REQ_ID=88ba249d6aa6] [REQUEST][START] GET /

[1 occurrence(s)]
DEBUG --> [REQ_ID=88ba249d6aa6] [FILTER_BEFORE] /

[1 occurrence(s)]
DEBUG --> [REQ_ID=88ba249d6aa6] [ROUTE] Controller=\App\Controllers\Home Method=index

[1 occurrence(s)]
DEBUG --> [REQ_ID=88ba249d6aa6] [LIFECYCLE][START] GET https://www.mymiwallet.com/index.php/

[1 occurrence(s)]
DEBUG --> [CSRF] token name=csrf_test_name hash=f040d3cf0fec48e332eeaa7a76cf73d4

[1 occurrence(s)]
DEBUG --> [REQ_ID=7a8d771c2848] [INIT] App\Controllers\Home::GET

[1 occurrence(s)]
DEBUG --> [REQ_ID=7a8d771c2848] [VIEW_RENDER] themes/public/home

[1 occurrence(s)]
DEBUG --> [REQ_ID=88ba249d6aa6] [FILTER_AFTER]

[1 occurrence(s)]
DEBUG --> [REQ_ID=88ba249d6aa6] [LIFECYCLE][END] status=200 duration_ms=709.59 memory_delta=4194304

[1 occurrence(s)]
DEBUG --> [REQ_ID=88ba249d6aa6] [REQUEST][END]

[1 occurrence(s)]
DEBUG --> [REQ_ID=a7ed54617d9c] [REQUEST][START] HEAD /

[1 occurrence(s)]
DEBUG --> [REQ_ID=e18c8e6df454] [REQUEST][START] GET /index.php/Management/Security

[1 occurrence(s)]
DEBUG --> [REQ_ID=e18c8e6df454] [FILTER_BEFORE] /index.php/Management/Security

[1 occurrence(s)]
DEBUG --> [REQ_ID=e18c8e6df454] [ROUTE] Controller=\App\Modules\Management\Controllers\SecurityController Method=index

[1 occurrence(s)]
DEBUG --> [REQ_ID=e18c8e6df454] [LIFECYCLE][START] GET https://www.mymiwallet.com/index.php/Management/Security

[1 occurrence(s)]
DEBUG --> [CSRF] token name=csrf_test_name hash=5cccdfa8961acb9c4c15c2782243a698

[1 occurrence(s)]
DEBUG --> [REQ_ID=e18c8e6df454] [REQUEST][END]

[1 occurrence(s)]
DEBUG --> [REQ_ID=d45b795b41d0] [REQUEST][START] GET /index.php/login

[1 occurrence(s)]
DEBUG --> [REQ_ID=d45b795b41d0] [FILTER_BEFORE] /index.php/login

[1 occurrence(s)]
DEBUG --> [REQ_ID=d45b795b41d0] [ROUTE] Controller=\App\Controllers\AuthController Method=login

[1 occurrence(s)]
DEBUG --> [REQ_ID=d45b795b41d0] [LIFECYCLE][START] GET https://www.mymiwallet.com/index.php/login

[1 occurrence(s)]
DEBUG --> [CSRF] token name=csrf_test_name hash=467141f5105804c2a44e1129f3c72ac4

[1 occurrence(s)]
DEBUG --> [REQ_ID=49ae4f85b657] [INIT] App\Controllers\AuthController::GET

[1 occurrence(s)]
DEBUG --> [REQ_ID=d45b795b41d0] [FILTER_AFTER]

[1 occurrence(s)]
DEBUG --> [REQ_ID=d45b795b41d0] [LIFECYCLE][END] status=200 duration_ms=148.72 memory_delta=0

[1 occurrence(s)]
DEBUG --> [REQ_ID=d45b795b41d0] [REQUEST][END]

[1 occurrence(s)]
DEBUG --> [REQ_ID=48d5e6b83961] [REQUEST][START] HEAD /

[1 occurrence(s)]
DEBUG --> [REQ_ID=76343cb352cd] [REQUEST][START] HEAD /

[1 occurrence(s)]
DEBUG --> [REQ_ID=05d0add3e71f] [REQUEST][START] HEAD /

[1 occurrence(s)]
DEBUG --> [REQ_ID=461e005e9441] [REQUEST][START] HEAD /

[1 occurrence(s)]
DEBUG --> [REQ_ID=5ce888b4fcc0] [REQUEST][START] GET /index.php/API/Management/Run-CRON-Tasks

[1 occurrence(s)]
DEBUG --> [REQ_ID=5ce888b4fcc0] [FILTER_BEFORE] /index.php/API/Management/Run-CRON-Tasks

[1 occurrence(s)]
DEBUG --> [REQ_ID=5ce888b4fcc0] [ROUTE] Controller=\App\Modules\Management\Controllers\ManagementAPIController Method=Run_CRON_Tasks

[1 occurrence(s)]
DEBUG --> [REQ_ID=5ce888b4fcc0] [LIFECYCLE][START] GET https://www.mymiwallet.com/index.php/API/Management/Run-CRON-Tasks

[1 occurrence(s)]
DEBUG --> [REQ_ID=5ce888b4fcc0] [REQUEST][END]

[1 occurrence(s)]
DEBUG --> [REQ_ID=bbaa6163a79b] [REQUEST][START] HEAD /

[1 occurrence(s)]
DEBUG --> [REQ_ID=74ec45934879] [REQUEST][START] HEAD /

[1 occurrence(s)]
DEBUG --> [REQ_ID=6e726eb909dc] [REQUEST][START] HEAD /

[1 occurrence(s)]
DEBUG --> [REQ_ID=83a08aebf575] [REQUEST][START] GET /index.php/API/Alerts/fetchEmailAlerts

[1 occurrence(s)]
DEBUG --> [REQ_ID=83a08aebf575] [FILTER_BEFORE] /index.php/API/Alerts/fetchEmailAlerts

[1 occurrence(s)]
DEBUG --> [REQ_ID=83a08aebf575] [ROUTE] Controller=\App\Modules\APIs\Controllers\AlertsAPIController Method=fetchEmailAlerts

[1 occurrence(s)]
DEBUG --> [REQ_ID=83a08aebf575] [LIFECYCLE][START] GET https://www.mymiwallet.com/index.php/API/Alerts/fetchEmailAlerts

[1 occurrence(s)]
DEBUG --> [REQ_ID=83a08aebf575] [REQUEST][END]

[1 occurrence(s)]
DEBUG --> [REQ_ID=82b153030ba4] [REQUEST][START] HEAD /

[1 occurrence(s)]
DEBUG --> [REQ_ID=c3380abcef81] [REQUEST][START] GET /

[1 occurrence(s)]
DEBUG --> [REQ_ID=c3380abcef81] [FILTER_BEFORE] /

[1 occurrence(s)]
DEBUG --> [REQ_ID=c3380abcef81] [ROUTE] Controller=\App\Controllers\Home Method=index

[1 occurrence(s)]
DEBUG --> [REQ_ID=c3380abcef81] [LIFECYCLE][START] GET https://www.mymiwallet.com/index.php/

[1 occurrence(s)]
DEBUG --> [CSRF] token name=csrf_test_name hash=8be4eff23cb6fd60d53ebf8005836d4f

[1 occurrence(s)]
DEBUG --> [REQ_ID=ecbd5bc03b99] [INIT] App\Controllers\Home::GET

[1 occurrence(s)]
DEBUG --> [REQ_ID=ecbd5bc03b99] [VIEW_RENDER] themes/public/home

[1 occurrence(s)]
DEBUG --> [REQ_ID=c3380abcef81] [FILTER_AFTER]

[1 occurrence(s)]
DEBUG --> [REQ_ID=c3380abcef81] [LIFECYCLE][END] status=200 duration_ms=690.43 memory_delta=4194304

[1 occurrence(s)]
DEBUG --> [REQ_ID=c3380abcef81] [REQUEST][END]

[1 occurrence(s)]
DEBUG --> [REQ_ID=a2828826a973] [REQUEST][START] HEAD /

[1 occurrence(s)]
DEBUG --> [REQ_ID=3e1ff4b99a12] [REQUEST][START] HEAD /

[1 occurrence(s)]
DEBUG --> [REQ_ID=73ce6fa6c628] [REQUEST][START] HEAD /

[1 occurrence(s)]
DEBUG --> [REQ_ID=2edd51ebe86a] [REQUEST][START] GET /index.php/login

[1 occurrence(s)]
DEBUG --> [REQ_ID=2edd51ebe86a] [FILTER_BEFORE] /index.php/login

[1 occurrence(s)]
DEBUG --> [REQ_ID=2edd51ebe86a] [ROUTE] Controller=\App\Controllers\AuthController Method=login

[1 occurrence(s)]
DEBUG --> [REQ_ID=2edd51ebe86a] [LIFECYCLE][START] GET https://www.mymiwallet.com/index.php/login

[1 occurrence(s)]
DEBUG --> [CSRF] token name=csrf_test_name hash=b491e5a2340fefdb29546d32cba7766a

[1 occurrence(s)]
DEBUG --> [REQ_ID=e14277fffafc] [INIT] App\Controllers\AuthController::GET

[1 occurrence(s)]
DEBUG --> [REQ_ID=2edd51ebe86a] [FILTER_AFTER]

[1 occurrence(s)]
DEBUG --> [REQ_ID=2edd51ebe86a] [LIFECYCLE][END] status=200 duration_ms=120.12 memory_delta=0

[1 occurrence(s)]
DEBUG --> [REQ_ID=2edd51ebe86a] [REQUEST][END]

[1 occurrence(s)]
DEBUG --> [REQ_ID=a6e2a9161831] [REQUEST][START] HEAD /

[1 occurrence(s)]
DEBUG --> [REQ_ID=d464c1051b01] [REQUEST][START] HEAD /

[1 occurrence(s)]
DEBUG --> [REQ_ID=e4906f481e64] [REQUEST][START] HEAD /

[1 occurrence(s)]
DEBUG --> [REQ_ID=19b84313826a] [REQUEST][START] HEAD /

[1 occurrence(s)]
DEBUG --> [REQ_ID=6f38d4311a18] [REQUEST][START] HEAD /

[1 occurrence(s)]
DEBUG --> [REQ_ID=f3a4bae14e26] [REQUEST][START] GET /index.php/API/Management/Run-CRON-Tasks

[1 occurrence(s)]
DEBUG --> [REQ_ID=f3a4bae14e26] [FILTER_BEFORE] /index.php/API/Management/Run-CRON-Tasks

[1 occurrence(s)]
DEBUG --> [REQ_ID=f3a4bae14e26] [ROUTE] Controller=\App\Modules\Management\Controllers\ManagementAPIController Method=Run_CRON_Tasks

[1 occurrence(s)]
DEBUG --> [REQ_ID=f3a4bae14e26] [LIFECYCLE][START] GET https://www.mymiwallet.com/index.php/API/Management/Run-CRON-Tasks

[1 occurrence(s)]
DEBUG --> [REQ_ID=f3a4bae14e26] [REQUEST][END]

[1 occurrence(s)]
DEBUG --> [REQ_ID=97451b42d3d4] [REQUEST][START] HEAD /

[1 occurrence(s)]
DEBUG --> [REQ_ID=5b8350f2ee59] [REQUEST][START] HEAD /

[1 occurrence(s)]
DEBUG --> [REQ_ID=07fc564e877d] [REQUEST][START] HEAD /

[1 occurrence(s)]
DEBUG --> [REQ_ID=8ae84e39fdd0] [REQUEST][START] GET /index.php/API/Alerts/fetchEmailAlerts

[1 occurrence(s)]
DEBUG --> [REQ_ID=8ae84e39fdd0] [FILTER_BEFORE] /index.php/API/Alerts/fetchEmailAlerts

[1 occurrence(s)]
DEBUG --> [REQ_ID=8ae84e39fdd0] [ROUTE] Controller=\App\Modules\APIs\Controllers\AlertsAPIController Method=fetchEmailAlerts

[1 occurrence(s)]
DEBUG --> [REQ_ID=8ae84e39fdd0] [LIFECYCLE][START] GET https://www.mymiwallet.com/index.php/API/Alerts/fetchEmailAlerts

[1 occurrence(s)]
DEBUG --> [REQ_ID=8ae84e39fdd0] [REQUEST][END]

[1 occurrence(s)]
DEBUG --> [REQ_ID=9393f5e8439a] [REQUEST][START] HEAD /

[1 occurrence(s)]
DEBUG --> [REQ_ID=7a29319a2aa4] [REQUEST][START] HEAD /

[1 occurrence(s)]
DEBUG --> [REQ_ID=67442fd890b6] [REQUEST][START] GET /

[1 occurrence(s)]
DEBUG --> [REQ_ID=67442fd890b6] [FILTER_BEFORE] /

[1 occurrence(s)]
DEBUG --> [REQ_ID=67442fd890b6] [ROUTE] Controller=\App\Controllers\Home Method=index

[1 occurrence(s)]
DEBUG --> [REQ_ID=67442fd890b6] [LIFECYCLE][START] GET https://www.mymiwallet.com/index.php/

[1 occurrence(s)]
DEBUG --> [CSRF] token name=csrf_test_name hash=9bbe573f694f5c92785f34d8175abb1f

[1 occurrence(s)]
DEBUG --> [REQ_ID=d82d2ff4b76b] [INIT] App\Controllers\Home::GET

[1 occurrence(s)]
DEBUG --> [REQ_ID=d82d2ff4b76b] [VIEW_RENDER] themes/public/home

[1 occurrence(s)]
DEBUG --> [REQ_ID=67442fd890b6] [FILTER_AFTER]

[1 occurrence(s)]
DEBUG --> [REQ_ID=67442fd890b6] [LIFECYCLE][END] status=200 duration_ms=728.80 memory_delta=4194304

[1 occurrence(s)]
DEBUG --> [REQ_ID=67442fd890b6] [REQUEST][END]

[1 occurrence(s)]
DEBUG --> [REQ_ID=b533f993e126] [REQUEST][START] HEAD /

[1 occurrence(s)]
DEBUG --> [REQ_ID=a1809f350611] [REQUEST][START] HEAD /

[1 occurrence(s)]
DEBUG --> [REQ_ID=e563420b8733] [REQUEST][START] HEAD /

[1 occurrence(s)]
DEBUG --> [REQ_ID=aa01fcc57a75] [REQUEST][START] HEAD /

[1 occurrence(s)]
DEBUG --> [REQ_ID=268399650ded] [REQUEST][START] HEAD /

[1 occurrence(s)]
DEBUG --> [REQ_ID=79b1f14647d4] [REQUEST][START] HEAD /

[1 occurrence(s)]
DEBUG --> [REQ_ID=b1bdea73383a] [REQUEST][START] GET /

[1 occurrence(s)]
DEBUG --> [REQ_ID=b1bdea73383a] [FILTER_BEFORE] /

[1 occurrence(s)]
DEBUG --> [REQ_ID=b1bdea73383a] [ROUTE] Controller=\App\Controllers\Home Method=index

[1 occurrence(s)]
DEBUG --> [REQ_ID=b1bdea73383a] [LIFECYCLE][START] GET https://www.mymiwallet.com/index.php/

[1 occurrence(s)]
DEBUG --> [CSRF] token name=csrf_test_name hash=dfd9f1d5d2cb231d51f554888f0f9a3c

[1 occurrence(s)]
DEBUG --> [REQ_ID=727872bfdd9f] [INIT] App\Controllers\Home::GET

[1 occurrence(s)]
DEBUG --> [REQ_ID=727872bfdd9f] [VIEW_RENDER] themes/public/home

[1 occurrence(s)]
DEBUG --> [REQ_ID=b1bdea73383a] [FILTER_AFTER]

[1 occurrence(s)]
DEBUG --> [REQ_ID=b1bdea73383a] [LIFECYCLE][END] status=200 duration_ms=722.58 memory_delta=4194304

[1 occurrence(s)]
DEBUG --> [REQ_ID=b1bdea73383a] [REQUEST][END]

[1 occurrence(s)]
DEBUG --> [REQ_ID=ab040946a59b] [REQUEST][START] HEAD /

[1 occurrence(s)]
DEBUG --> [REQ_ID=46fc35482cf6] [REQUEST][START] GET /index.php/API/Management/Run-CRON-Tasks

[1 occurrence(s)]
DEBUG --> [REQ_ID=46fc35482cf6] [FILTER_BEFORE] /index.php/API/Management/Run-CRON-Tasks

[1 occurrence(s)]
DEBUG --> [REQ_ID=46fc35482cf6] [ROUTE] Controller=\App\Modules\Management\Controllers\ManagementAPIController Method=Run_CRON_Tasks

[1 occurrence(s)]
DEBUG --> [REQ_ID=46fc35482cf6] [LIFECYCLE][START] GET https://www.mymiwallet.com/index.php/API/Management/Run-CRON-Tasks

[1 occurrence(s)]
DEBUG --> [REQ_ID=46fc35482cf6] [REQUEST][END]

[1 occurrence(s)]
DEBUG --> [REQ_ID=b58e4367416b] [REQUEST][START] HEAD /

[1 occurrence(s)]
DEBUG --> [REQ_ID=266f66cb5da1] [REQUEST][START] HEAD /

[1 occurrence(s)]
DEBUG --> [REQ_ID=c373d2fe7e4c] [REQUEST][START] HEAD /

[1 occurrence(s)]
DEBUG --> [REQ_ID=45b0554384c8] [REQUEST][START] GET /index.php/API/Alerts/fetchEmailAlerts

[1 occurrence(s)]
DEBUG --> [REQ_ID=45b0554384c8] [FILTER_BEFORE] /index.php/API/Alerts/fetchEmailAlerts

[1 occurrence(s)]
DEBUG --> [REQ_ID=45b0554384c8] [ROUTE] Controller=\App\Modules\APIs\Controllers\AlertsAPIController Method=fetchEmailAlerts

[1 occurrence(s)]
DEBUG --> [REQ_ID=45b0554384c8] [LIFECYCLE][START] GET https://www.mymiwallet.com/index.php/API/Alerts/fetchEmailAlerts

[1 occurrence(s)]
DEBUG --> [REQ_ID=45b0554384c8] [REQUEST][END]

[1 occurrence(s)]
DEBUG --> [REQ_ID=38924f47252e] [REQUEST][START] HEAD /

[1 occurrence(s)]
DEBUG --> [REQ_ID=eb01c0127595] [REQUEST][START] HEAD /

[1 occurrence(s)]
DEBUG --> [REQ_ID=a0f908bc8668] [REQUEST][START] GET /

[1 occurrence(s)]
DEBUG --> [REQ_ID=a0f908bc8668] [FILTER_BEFORE] /

[1 occurrence(s)]
DEBUG --> [REQ_ID=a0f908bc8668] [ROUTE] Controller=\App\Controllers\Home Method=index

[1 occurrence(s)]
DEBUG --> [REQ_ID=a0f908bc8668] [LIFECYCLE][START] GET https://www.mymiwallet.com/index.php/

[1 occurrence(s)]
DEBUG --> [CSRF] token name=csrf_test_name hash=8f8bc9af651e91513c2fc7b054948ad1

[1 occurrence(s)]
DEBUG --> [REQ_ID=6efde564449f] [INIT] App\Controllers\Home::GET

[1 occurrence(s)]
DEBUG --> [REQ_ID=6efde564449f] [VIEW_RENDER] themes/public/home

[1 occurrence(s)]
DEBUG --> [REQ_ID=a0f908bc8668] [FILTER_AFTER]

[1 occurrence(s)]
DEBUG --> [REQ_ID=a0f908bc8668] [LIFECYCLE][END] status=200 duration_ms=694.86 memory_delta=4194304

[1 occurrence(s)]
DEBUG --> [REQ_ID=a0f908bc8668] [REQUEST][END]

[1 occurrence(s)]
DEBUG --> [REQ_ID=cccde4492745] [REQUEST][START] GET /

[1 occurrence(s)]
DEBUG --> [REQ_ID=cccde4492745] [FILTER_BEFORE] /

[1 occurrence(s)]
DEBUG --> [REQ_ID=cccde4492745] [ROUTE] Controller=\App\Controllers\Home Method=index

[1 occurrence(s)]
DEBUG --> [REQ_ID=cccde4492745] [LIFECYCLE][START] GET https://www.mymiwallet.com/index.php/

[1 occurrence(s)]
DEBUG --> [CSRF] token name=csrf_test_name hash=7e248bd1eb391bd8f7b4ec34c73e556a

[1 occurrence(s)]
DEBUG --> [REQ_ID=9cf533518b7c] [INIT] App\Controllers\Home::GET

[3 occurrence(s)]
DEBUG --> [MetaService] slug= pageName= cacheHit=1 path=CACHE

[1 occurrence(s)]
DEBUG --> [REQ_ID=9cf533518b7c] [VIEW_RENDER] themes/public/home

[1 occurrence(s)]
DEBUG --> [REQ_ID=cccde4492745] [FILTER_AFTER]

[1 occurrence(s)]
DEBUG --> [REQ_ID=cccde4492745] [LIFECYCLE][END] status=200 duration_ms=509.25 memory_delta=4194304

[1 occurrence(s)]
DEBUG --> [REQ_ID=cccde4492745] [REQUEST][END]

[1 occurrence(s)]
DEBUG --> [REQ_ID=953d882810b4] [REQUEST][START] HEAD /

[1 occurrence(s)]
DEBUG --> [REQ_ID=091b588d3b1d] [REQUEST][START] HEAD /

[1 occurrence(s)]
DEBUG --> [REQ_ID=0b2883e82a1d] [REQUEST][START] HEAD /

[1 occurrence(s)]
DEBUG --> [REQ_ID=206b2bf1f497] [REQUEST][START] HEAD /

[1 occurrence(s)]
DEBUG --> [REQ_ID=3e72718ba6d5] [REQUEST][START] HEAD /

[1 occurrence(s)]
DEBUG --> [REQ_ID=e82a2c44f469] [REQUEST][START] GET /

[1 occurrence(s)]
DEBUG --> [REQ_ID=e82a2c44f469] [FILTER_BEFORE] /

[1 occurrence(s)]
DEBUG --> [REQ_ID=e82a2c44f469] [ROUTE] Controller=\App\Controllers\Home Method=index

[1 occurrence(s)]
DEBUG --> [REQ_ID=e82a2c44f469] [LIFECYCLE][START] GET https://www.mymiwallet.com/index.php/

[10 occurrence(s)]
DEBUG --> [CSRF] token name=csrf_test_name hash=9d7ca0753df69caddc49897e220c3e3e

[1 occurrence(s)]
DEBUG --> [REQ_ID=767142e02cc3] [INIT] App\Controllers\Home::GET

[1 occurrence(s)]
DEBUG --> [REQ_ID=767142e02cc3] [VIEW_RENDER] themes/public/home

[1 occurrence(s)]
DEBUG --> [REQ_ID=e82a2c44f469] [FILTER_AFTER]

[1 occurrence(s)]
DEBUG --> [REQ_ID=e82a2c44f469] [LIFECYCLE][END] status=200 duration_ms=699.03 memory_delta=4194304

[1 occurrence(s)]
DEBUG --> [REQ_ID=e82a2c44f469] [REQUEST][END]

[1 occurrence(s)]
DEBUG --> [REQ_ID=4621743bdb18] [REQUEST][START] GET /index.php/login

[1 occurrence(s)]
DEBUG --> [REQ_ID=4621743bdb18] [FILTER_BEFORE] /index.php/login

[1 occurrence(s)]
DEBUG --> [REQ_ID=4621743bdb18] [ROUTE] Controller=\App\Controllers\AuthController Method=login

[1 occurrence(s)]
DEBUG --> [REQ_ID=4621743bdb18] [LIFECYCLE][START] GET https://www.mymiwallet.com/index.php/login

[1 occurrence(s)]
DEBUG --> [REQ_ID=e4729d97448b] [INIT] App\Controllers\AuthController::GET

[1 occurrence(s)]
DEBUG --> [REQ_ID=4621743bdb18] [FILTER_AFTER]

[1 occurrence(s)]
DEBUG --> [REQ_ID=4621743bdb18] [LIFECYCLE][END] status=200 duration_ms=32.42 memory_delta=0

[1 occurrence(s)]
DEBUG --> [REQ_ID=4621743bdb18] [REQUEST][END]

[1 occurrence(s)]
DEBUG --> [REQ_ID=c79a73f5ae98] [REQUEST][START] GET /index.php/Free/register

[1 occurrence(s)]
DEBUG --> [REQ_ID=c79a73f5ae98] [FILTER_BEFORE] /index.php/Free/register

[1 occurrence(s)]
DEBUG --> [REQ_ID=c79a73f5ae98] [ROUTE] Controller=\App\Controllers\AuthController Method=register

[1 occurrence(s)]
DEBUG --> [REQ_ID=c79a73f5ae98] [LIFECYCLE][START] GET https://www.mymiwallet.com/index.php/Free/register

[1 occurrence(s)]
DEBUG --> [REQ_ID=f04bb719c080] [INIT] App\Controllers\AuthController::GET

[1 occurrence(s)]
DEBUG --> [REQ_ID=b7d7e6da38bc] [REQUEST][START] GET /index.php/Free/register

[1 occurrence(s)]
DEBUG --> [REQ_ID=b7d7e6da38bc] [FILTER_BEFORE] /index.php/Free/register

[1 occurrence(s)]
DEBUG --> [REQ_ID=b7d7e6da38bc] [ROUTE] Controller=\App\Controllers\AuthController Method=register

[1 occurrence(s)]
DEBUG --> [REQ_ID=b7d7e6da38bc] [LIFECYCLE][START] GET https://www.mymiwallet.com/index.php/Free/register

[1 occurrence(s)]
DEBUG --> [REQ_ID=75a81f5bec9f] [INIT] App\Controllers\AuthController::GET

[1 occurrence(s)]
DEBUG --> [REQ_ID=99d14fdd8760] [REQUEST][START] GET /index.php/How-It-Works/Registering-An-Account

[1 occurrence(s)]
DEBUG --> [REQ_ID=99d14fdd8760] [FILTER_BEFORE] /index.php/How-It-Works/Registering-An-Account

[1 occurrence(s)]
DEBUG --> [REQ_ID=99d14fdd8760] [ROUTE] Controller=\App\Modules\Blog\Controllers\HowItWorksController Method=show

[1 occurrence(s)]
DEBUG --> [REQ_ID=99d14fdd8760] [LIFECYCLE][START] GET https://www.mymiwallet.com/index.php/How-It-Works/Registering-An-Account

[1 occurrence(s)]
DEBUG --> [REQ_ID=ccbf28155633] [INIT] App\Modules\Blog\Controllers\HowItWorksController::GET

[1 occurrence(s)]
DEBUG --> [REQ_ID=ccbf28155633] [METHOD_ENTRY] show

[1 occurrence(s)]
DEBUG --> [REQ_ID=99d14fdd8760] [FILTER_AFTER]

[1 occurrence(s)]
DEBUG --> [REQ_ID=99d14fdd8760] [LIFECYCLE][END] status=200 duration_ms=892.23 memory_delta=4194304

[1 occurrence(s)]
DEBUG --> [REQ_ID=99d14fdd8760] [REQUEST][END]

[1 occurrence(s)]
DEBUG --> [REQ_ID=8426140bd732] [REQUEST][START] GET /index.php/Terms-Of-Service

[1 occurrence(s)]
DEBUG --> [REQ_ID=8426140bd732] [FILTER_BEFORE] /index.php/Terms-Of-Service

[1 occurrence(s)]
DEBUG --> [REQ_ID=8426140bd732] [ROUTE] Controller=\App\Controllers\Home Method=termsOfService

[1 occurrence(s)]
DEBUG --> [REQ_ID=8426140bd732] [LIFECYCLE][START] GET https://www.mymiwallet.com/index.php/Terms-Of-Service

[1 occurrence(s)]
DEBUG --> [REQ_ID=403f1b7242f9] [INIT] App\Controllers\Home::GET

[1 occurrence(s)]
DEBUG --> [REQ_ID=403f1b7242f9] [VIEW_RENDER] themes/public/termsOfService

[1 occurrence(s)]
DEBUG --> [REQ_ID=8426140bd732] [FILTER_AFTER]

[1 occurrence(s)]
DEBUG --> [REQ_ID=8426140bd732] [LIFECYCLE][END] status=200 duration_ms=489.52 memory_delta=2097152

[1 occurrence(s)]
DEBUG --> [REQ_ID=8426140bd732] [REQUEST][END]

[1 occurrence(s)]
DEBUG --> [REQ_ID=e202efb9edec] [REQUEST][START] GET /index.php/Support

[1 occurrence(s)]
DEBUG --> [REQ_ID=e202efb9edec] [FILTER_BEFORE] /index.php/Support

[1 occurrence(s)]
DEBUG --> [REQ_ID=e202efb9edec] [ROUTE] Controller=\App\Modules\Support\Controllers\SupportController Method=index

[1 occurrence(s)]
DEBUG --> [REQ_ID=e202efb9edec] [LIFECYCLE][START] GET https://www.mymiwallet.com/index.php/Support

[1 occurrence(s)]
DEBUG --> [REQ_ID=29143df2bff0] [INIT] App\Modules\Support\Controllers\SupportController::GET

[1 occurrence(s)]
DEBUG --> [REQ_ID=29143df2bff0] [METHOD_ENTRY] index

[1 occurrence(s)]
DEBUG --> [REQ_ID=29143df2bff0] [VIEW_RENDER] SupportModule\Views\Support\index

[1 occurrence(s)]
DEBUG --> [REQ_ID=e202efb9edec] [FILTER_AFTER]

[1 occurrence(s)]
DEBUG --> [REQ_ID=e202efb9edec] [LIFECYCLE][END] status=200 duration_ms=36.15 memory_delta=0

[1 occurrence(s)]
DEBUG --> [REQ_ID=e202efb9edec] [REQUEST][END]

[1 occurrence(s)]
DEBUG --> [REQ_ID=36f2ce5121e8] [REQUEST][START] GET /index.php/register

[1 occurrence(s)]
DEBUG --> [REQ_ID=36f2ce5121e8] [FILTER_BEFORE] /index.php/register

[1 occurrence(s)]
DEBUG --> [REQ_ID=36f2ce5121e8] [ROUTE] Controller=\App\Controllers\AuthController Method=register

[1 occurrence(s)]
DEBUG --> [REQ_ID=36f2ce5121e8] [LIFECYCLE][START] GET https://www.mymiwallet.com/index.php/register

[1 occurrence(s)]
DEBUG --> [REQ_ID=e009383e2cdd] [INIT] App\Controllers\AuthController::GET

[1 occurrence(s)]
DEBUG --> [REQ_ID=26e96ab1d547] [REQUEST][START] GET /index.php/register

[1 occurrence(s)]
DEBUG --> [REQ_ID=26e96ab1d547] [FILTER_BEFORE] /index.php/register

[1 occurrence(s)]
DEBUG --> [REQ_ID=26e96ab1d547] [ROUTE] Controller=\App\Controllers\AuthController Method=register

[1 occurrence(s)]
DEBUG --> [REQ_ID=26e96ab1d547] [LIFECYCLE][START] GET https://www.mymiwallet.com/index.php/register

[1 occurrence(s)]
DEBUG --> [REQ_ID=7ef9ee832b91] [INIT] App\Controllers\AuthController::GET

[1 occurrence(s)]
DEBUG --> [REQ_ID=a3093bcb58f9] [REQUEST][START] GET /index.php/forgot

[1 occurrence(s)]
DEBUG --> [REQ_ID=a3093bcb58f9] [FILTER_BEFORE] /index.php/forgot

[1 occurrence(s)]
DEBUG --> [REQ_ID=a3093bcb58f9] [ROUTE] Controller=\Myth\Auth\Controllers\AuthController Method=forgotPassword

[1 occurrence(s)]
DEBUG --> [REQ_ID=a3093bcb58f9] [LIFECYCLE][START] GET https://www.mymiwallet.com/index.php/forgot

[1 occurrence(s)]
DEBUG --> [REQ_ID=a3093bcb58f9] [FILTER_AFTER]

[1 occurrence(s)]
DEBUG --> [REQ_ID=a3093bcb58f9] [LIFECYCLE][END] status=200 duration_ms=3.77 memory_delta=0

[1 occurrence(s)]
DEBUG --> [REQ_ID=a3093bcb58f9] [REQUEST][END]

[1 occurrence(s)]
DEBUG --> [REQ_ID=be5bfac76526] [REQUEST][START] GET /index.php/forgot

[1 occurrence(s)]
DEBUG --> [REQ_ID=be5bfac76526] [FILTER_BEFORE] /index.php/forgot

[1 occurrence(s)]
DEBUG --> [REQ_ID=be5bfac76526] [ROUTE] Controller=\Myth\Auth\Controllers\AuthController Method=forgotPassword

[1 occurrence(s)]
DEBUG --> [REQ_ID=be5bfac76526] [LIFECYCLE][START] GET https://www.mymiwallet.com/index.php/forgot

[2 occurrence(s)]
DEBUG --> [CSRF] token name=csrf_test_name hash=98b3da14e1cd06fab143b86ec52cc997

[1 occurrence(s)]
DEBUG --> [REQ_ID=be5bfac76526] [FILTER_AFTER]

[1 occurrence(s)]
DEBUG --> [REQ_ID=be5bfac76526] [LIFECYCLE][END] status=200 duration_ms=2.95 memory_delta=0

[1 occurrence(s)]
DEBUG --> [REQ_ID=be5bfac76526] [REQUEST][END]

[1 occurrence(s)]
DEBUG --> [REQ_ID=a33948f43f19] [REQUEST][START] POST /index.php/forgot

[1 occurrence(s)]
DEBUG --> [REQ_ID=a33948f43f19] [FILTER_BEFORE] /index.php/forgot

[1 occurrence(s)]
DEBUG --> [REQ_ID=a33948f43f19] [ROUTE] Controller=\App\Controllers\AuthController Method=attemptForgot

[1 occurrence(s)]
DEBUG --> [REQ_ID=a33948f43f19] [LIFECYCLE][START] POST https://www.mymiwallet.com/index.php/forgot

[1 occurrence(s)]
DEBUG --> [REQ_ID=4c589d942e1d] [INIT] App\Controllers\AuthController::POST

[1 occurrence(s)]
DEBUG --> [REQ_ID=a33948f43f19] [FILTER_AFTER]

[1 occurrence(s)]
DEBUG --> [REQ_ID=a33948f43f19] [LIFECYCLE][END] status=303 duration_ms=136.11 memory_delta=0

[1 occurrence(s)]
DEBUG --> [REQ_ID=a33948f43f19] [REQUEST][END]

[1 occurrence(s)]
DEBUG --> [REQ_ID=c962b4b8538a] [REQUEST][START] GET /index.php/forgot

[1 occurrence(s)]
DEBUG --> [REQ_ID=c962b4b8538a] [FILTER_BEFORE] /index.php/forgot

[1 occurrence(s)]
DEBUG --> [REQ_ID=c962b4b8538a] [ROUTE] Controller=\Myth\Auth\Controllers\AuthController Method=forgotPassword

[1 occurrence(s)]
DEBUG --> [REQ_ID=c962b4b8538a] [LIFECYCLE][START] GET https://www.mymiwallet.com/index.php/forgot

[1 occurrence(s)]
DEBUG --> [CSRF] token name=csrf_test_name hash=c55e30e9fcba4c2d87d1445605474c05

[1 occurrence(s)]
DEBUG --> [REQ_ID=c962b4b8538a] [FILTER_AFTER]

[1 occurrence(s)]
DEBUG --> [REQ_ID=c962b4b8538a] [LIFECYCLE][END] status=200 duration_ms=2.63 memory_delta=0

[1 occurrence(s)]
DEBUG --> [REQ_ID=c962b4b8538a] [REQUEST][END]

[1 occurrence(s)]
DEBUG --> [REQ_ID=3aee2f4794b4] [REQUEST][START] HEAD /

[1 occurrence(s)]
DEBUG --> [REQ_ID=2d6c8b34b325] [REQUEST][START] GET /

[1 occurrence(s)]
DEBUG --> [REQ_ID=2d6c8b34b325] [FILTER_BEFORE] /

[1 occurrence(s)]
DEBUG --> [REQ_ID=2d6c8b34b325] [ROUTE] Controller=\App\Controllers\Home Method=index

[1 occurrence(s)]
DEBUG --> [REQ_ID=2d6c8b34b325] [LIFECYCLE][START] GET https://www.mymiwallet.com/index.php/

[2 occurrence(s)]
DEBUG --> [CSRF] token name=csrf_test_name hash=c2ff858e7a1c82e6da504d26ba4c2574

[1 occurrence(s)]
DEBUG --> [REQ_ID=d84e121a8add] [INIT] App\Controllers\Home::GET

[1 occurrence(s)]
DEBUG --> [REQ_ID=d84e121a8add] [VIEW_RENDER] themes/public/home

[1 occurrence(s)]
DEBUG --> [REQ_ID=2d6c8b34b325] [FILTER_AFTER]

[1 occurrence(s)]
DEBUG --> [REQ_ID=2d6c8b34b325] [LIFECYCLE][END] status=200 duration_ms=638.66 memory_delta=4194304

[1 occurrence(s)]
DEBUG --> [REQ_ID=2d6c8b34b325] [REQUEST][END]

[1 occurrence(s)]
DEBUG --> [REQ_ID=ad9fce2d5506] [REQUEST][START] GET /index.php/login

[1 occurrence(s)]
DEBUG --> [REQ_ID=ad9fce2d5506] [FILTER_BEFORE] /index.php/login

[1 occurrence(s)]
DEBUG --> [REQ_ID=ad9fce2d5506] [ROUTE] Controller=\App\Controllers\AuthController Method=login

[1 occurrence(s)]
DEBUG --> [REQ_ID=ad9fce2d5506] [LIFECYCLE][START] GET https://www.mymiwallet.com/index.php/login

[2 occurrence(s)]
DEBUG --> [CSRF] token name=csrf_test_name hash=68617d8245ce1c0db5d23a180eb4a994

[1 occurrence(s)]
DEBUG --> [REQ_ID=1b8264a38752] [INIT] App\Controllers\AuthController::GET

[1 occurrence(s)]
DEBUG --> [REQ_ID=ad9fce2d5506] [FILTER_AFTER]

[1 occurrence(s)]
DEBUG --> [REQ_ID=ad9fce2d5506] [LIFECYCLE][END] status=200 duration_ms=19.64 memory_delta=0

[1 occurrence(s)]
DEBUG --> [REQ_ID=ad9fce2d5506] [REQUEST][END]

[1 occurrence(s)]
DEBUG --> [REQ_ID=3c1cca9ee778] [REQUEST][START] POST /index.php/auth/resend-activation

[1 occurrence(s)]
DEBUG --> [REQ_ID=3c1cca9ee778] [FILTER_BEFORE] /index.php/auth/resend-activation

[1 occurrence(s)]
DEBUG --> [REQ_ID=3c1cca9ee778] [ROUTE] Controller=\App\Controllers\AuthController Method=resendActivationCode

[1 occurrence(s)]
DEBUG --> [REQ_ID=3c1cca9ee778] [LIFECYCLE][START] POST https://www.mymiwallet.com/index.php/auth/resend-activation

[1 occurrence(s)]
DEBUG --> [REQ_ID=3c1cca9ee778] [REQUEST][END]

[1 occurrence(s)]
DEBUG --> [REQ_ID=935f4796d9ac] [REQUEST][START] POST /index.php/register

[1 occurrence(s)]
DEBUG --> [REQ_ID=935f4796d9ac] [FILTER_BEFORE] /index.php/register

[1 occurrence(s)]
DEBUG --> [REQ_ID=935f4796d9ac] [ROUTE] Controller=\App\Controllers\AuthController Method=attemptRegister

[1 occurrence(s)]
DEBUG --> [REQ_ID=935f4796d9ac] [LIFECYCLE][START] POST https://www.mymiwallet.com/index.php/register

[1 occurrence(s)]
DEBUG --> [REQ_ID=0c7172043739] [INIT] App\Controllers\AuthController::POST

[1 occurrence(s)]
DEBUG --> [REQ_ID=935f4796d9ac] [FILTER_AFTER]

[1 occurrence(s)]
DEBUG --> [REQ_ID=935f4796d9ac] [LIFECYCLE][END] status=303 duration_ms=99.38 memory_delta=0

[1 occurrence(s)]
DEBUG --> [REQ_ID=935f4796d9ac] [REQUEST][END]

[1 occurrence(s)]
DEBUG --> [REQ_ID=ec71e9e78702] [REQUEST][START] GET /index.php/

[1 occurrence(s)]
DEBUG --> [REQ_ID=ec71e9e78702] [FILTER_BEFORE] /index.php/

[1 occurrence(s)]
DEBUG --> [REQ_ID=ec71e9e78702] [ROUTE] Controller=\App\Controllers\Home Method=index

[1 occurrence(s)]
DEBUG --> [REQ_ID=ec71e9e78702] [LIFECYCLE][START] GET https://www.mymiwallet.com/index.php/

[1 occurrence(s)]
DEBUG --> [CSRF] token name=csrf_test_name hash=3f866ac795723d525c0923d035aae8b4

[1 occurrence(s)]
DEBUG --> [REQ_ID=7de3ad55ed4e] [INIT] App\Controllers\Home::GET

[1 occurrence(s)]
DEBUG --> [REQ_ID=7de3ad55ed4e] [VIEW_RENDER] themes/public/home

[1 occurrence(s)]
DEBUG --> [REQ_ID=ec71e9e78702] [FILTER_AFTER]

[1 occurrence(s)]
DEBUG --> [REQ_ID=ec71e9e78702] [LIFECYCLE][END] status=200 duration_ms=487.53 memory_delta=4194304

[1 occurrence(s)]
DEBUG --> [REQ_ID=ec71e9e78702] [REQUEST][END]

[1 occurrence(s)]
DEBUG --> [REQ_ID=e52fd626fe52] [REQUEST][START] HEAD /

[1 occurrence(s)]
DEBUG --> [REQ_ID=958182bb0ec1] [REQUEST][START] GET /index.php/API/Management/Run-CRON-Tasks

[1 occurrence(s)]
DEBUG --> [REQ_ID=958182bb0ec1] [FILTER_BEFORE] /index.php/API/Management/Run-CRON-Tasks

[1 occurrence(s)]
DEBUG --> [REQ_ID=958182bb0ec1] [ROUTE] Controller=\App\Modules\Management\Controllers\ManagementAPIController Method=Run_CRON_Tasks

[1 occurrence(s)]
DEBUG --> [REQ_ID=958182bb0ec1] [LIFECYCLE][START] GET https://www.mymiwallet.com/index.php/API/Management/Run-CRON-Tasks

[1 occurrence(s)]
DEBUG --> [REQ_ID=958182bb0ec1] [REQUEST][END]


---------------------------
LEVEL: INFO
---------------------------

[1 occurrence(s)]
INFO --> [REQ_ID=0df0620c4047] [PERF] Execution time=0.049851

[1 occurrence(s)]
INFO --> [REQ_ID=1c7040be4991] [MEMORY][controller-start] 6291456

[1 occurrence(s)]
INFO --> [REQ_ID=1c7040be4991] [MEMORY][commonData:start] 6291456

[1 occurrence(s)]
INFO --> [REQ_ID=1c7040be4991] [MEMORY][commonData:start] 10485760

[9 occurrence(s)]
INFO --> themesMemory usage: 10485760

[1 occurrence(s)]
INFO --> [REQ_ID=1c7040be4991] [PERF] Execution time=0.691300

[1 occurrence(s)]
INFO --> [REQ_ID=ffc9ea284da7] [PERF] Execution time=0.732938

[1 occurrence(s)]
INFO --> [REQ_ID=19e305df4db1] [PERF] Execution time=0.045439

[1 occurrence(s)]
INFO --> [REQ_ID=e9f3f695ddab] [PERF] Execution time=0.076159

[1 occurrence(s)]
INFO --> [REQ_ID=40bbaff70409] [MEMORY][controller-start] 4194304

[1 occurrence(s)]
INFO --> [REQ_ID=40bbaff70409] [PERF] Execution time=0.063231

[1 occurrence(s)]
INFO --> [REQ_ID=11b12fdfbea6] [PERF] Execution time=0.079528

[1 occurrence(s)]
INFO --> [REQ_ID=0856a1de249f] [PERF] Execution time=0.010708

[1 occurrence(s)]
INFO --> [REQ_ID=4329a6cc8a85] [PERF] Execution time=0.017897

[1 occurrence(s)]
INFO --> [REQ_ID=3c4aa3fc39e3] [PERF] Execution time=0.048385

[1 occurrence(s)]
INFO --> [REQ_ID=427fc8d8df9f] [PERF] Execution time=0.039401

[1 occurrence(s)]
INFO --> [REQ_ID=f62694e999c8] [PERF] Execution time=0.046401

[1 occurrence(s)]
INFO --> [REQ_ID=7b958b5850da] [MEMORY][controller-start] 6291456

[1 occurrence(s)]
INFO --> [REQ_ID=7b958b5850da] [MEMORY][commonData:start] 6291456

[1 occurrence(s)]
INFO --> [REQ_ID=7b958b5850da] [MEMORY][commonData:start] 10485760

[1 occurrence(s)]
INFO --> [REQ_ID=7b958b5850da] [PERF] Execution time=0.609350

[1 occurrence(s)]
INFO --> [REQ_ID=3873446b7061] [PERF] Execution time=0.650350

[1 occurrence(s)]
INFO --> [REQ_ID=6beb97800d23] [MEMORY][controller-start] 6291456

[1 occurrence(s)]
INFO --> [REQ_ID=6beb97800d23] [MEMORY][commonData:start] 6291456

[1 occurrence(s)]
INFO --> [REQ_ID=6beb97800d23] [PERF] Execution time=0.502466

[1 occurrence(s)]
INFO --> [REQ_ID=80011a1fd65c] [PERF] Execution time=0.516440

[1 occurrence(s)]
INFO --> [REQ_ID=0017f07deb0f] [PERF] Execution time=0.047168

[1 occurrence(s)]
INFO --> [REQ_ID=033540ff40a9] [PERF] Execution time=0.046409

[1 occurrence(s)]
INFO --> [REQ_ID=f06b6759b88e] [MEMORY][controller-start] 6291456

[1 occurrence(s)]
INFO --> [REQ_ID=f06b6759b88e] [MEMORY][commonData:start] 6291456

[1 occurrence(s)]
INFO --> [REQ_ID=f06b6759b88e] [MEMORY][commonData:start] 10485760

[1 occurrence(s)]
INFO --> [REQ_ID=f06b6759b88e] [PERF] Execution time=0.719417

[1 occurrence(s)]
INFO --> [REQ_ID=b2dcf7d6a6cd] [PERF] Execution time=0.759285

[1 occurrence(s)]
INFO --> [REQ_ID=2432f28b77d6] [PERF] Execution time=0.049565

[1 occurrence(s)]
INFO --> [REQ_ID=564dcac15c8c] [PERF] Execution time=0.045403

[1 occurrence(s)]
INFO --> [REQ_ID=7a8d771c2848] [MEMORY][controller-start] 6291456

[1 occurrence(s)]
INFO --> [REQ_ID=7a8d771c2848] [MEMORY][commonData:start] 6291456

[1 occurrence(s)]
INFO --> [REQ_ID=7a8d771c2848] [MEMORY][commonData:start] 10485760

[1 occurrence(s)]
INFO --> [REQ_ID=7a8d771c2848] [PERF] Execution time=0.707763

[1 occurrence(s)]
INFO --> [REQ_ID=88ba249d6aa6] [PERF] Execution time=0.749180

[1 occurrence(s)]
INFO --> [REQ_ID=e18c8e6df454] [PERF] Execution time=0.048637

[1 occurrence(s)]
INFO --> [REQ_ID=49ae4f85b657] [MEMORY][controller-start] 4194304

[1 occurrence(s)]
INFO --> [REQ_ID=49ae4f85b657] [PERF] Execution time=0.148551

[1 occurrence(s)]
INFO --> [REQ_ID=d45b795b41d0] [PERF] Execution time=0.163349

[1 occurrence(s)]
INFO --> [REQ_ID=5ce888b4fcc0] [PERF] Execution time=0.048119

[1 occurrence(s)]
INFO --> [REQ_ID=83a08aebf575] [PERF] Execution time=0.046426

[1 occurrence(s)]
INFO --> [REQ_ID=ecbd5bc03b99] [MEMORY][controller-start] 6291456

[1 occurrence(s)]
INFO --> [REQ_ID=ecbd5bc03b99] [MEMORY][commonData:start] 6291456

[1 occurrence(s)]
INFO --> [REQ_ID=ecbd5bc03b99] [MEMORY][commonData:start] 10485760

[1 occurrence(s)]
INFO --> [REQ_ID=ecbd5bc03b99] [PERF] Execution time=0.688461

[1 occurrence(s)]
INFO --> [REQ_ID=c3380abcef81] [PERF] Execution time=0.728562

[1 occurrence(s)]
INFO --> [REQ_ID=e14277fffafc] [MEMORY][controller-start] 6291456

[1 occurrence(s)]
INFO --> [REQ_ID=e14277fffafc] [PERF] Execution time=0.118127

[1 occurrence(s)]
INFO --> [REQ_ID=2edd51ebe86a] [PERF] Execution time=0.161786

[1 occurrence(s)]
INFO --> [REQ_ID=f3a4bae14e26] [PERF] Execution time=0.045766

[1 occurrence(s)]
INFO --> [REQ_ID=8ae84e39fdd0] [PERF] Execution time=0.050938

[1 occurrence(s)]
INFO --> [REQ_ID=d82d2ff4b76b] [MEMORY][controller-start] 6291456

[1 occurrence(s)]
INFO --> [REQ_ID=d82d2ff4b76b] [MEMORY][commonData:start] 6291456

[1 occurrence(s)]
INFO --> [REQ_ID=d82d2ff4b76b] [MEMORY][commonData:start] 10485760

[1 occurrence(s)]
INFO --> [REQ_ID=d82d2ff4b76b] [PERF] Execution time=0.726860

[1 occurrence(s)]
INFO --> [REQ_ID=67442fd890b6] [PERF] Execution time=0.767598

[1 occurrence(s)]
INFO --> [REQ_ID=727872bfdd9f] [MEMORY][controller-start] 6291456

[1 occurrence(s)]
INFO --> [REQ_ID=727872bfdd9f] [MEMORY][commonData:start] 6291456

[1 occurrence(s)]
INFO --> [REQ_ID=727872bfdd9f] [MEMORY][commonData:start] 10485760

[1 occurrence(s)]
INFO --> [REQ_ID=727872bfdd9f] [PERF] Execution time=0.720650

[1 occurrence(s)]
INFO --> [REQ_ID=b1bdea73383a] [PERF] Execution time=0.760977

[1 occurrence(s)]
INFO --> [REQ_ID=46fc35482cf6] [PERF] Execution time=0.046788

[1 occurrence(s)]
INFO --> [REQ_ID=45b0554384c8] [PERF] Execution time=0.045139

[1 occurrence(s)]
INFO --> [REQ_ID=6efde564449f] [MEMORY][controller-start] 6291456

[1 occurrence(s)]
INFO --> [REQ_ID=6efde564449f] [MEMORY][commonData:start] 6291456

[1 occurrence(s)]
INFO --> [REQ_ID=6efde564449f] [MEMORY][commonData:start] 10485760

[1 occurrence(s)]
INFO --> [REQ_ID=6efde564449f] [PERF] Execution time=0.692917

[1 occurrence(s)]
INFO --> [REQ_ID=a0f908bc8668] [PERF] Execution time=0.732217

[1 occurrence(s)]
INFO --> [REQ_ID=9cf533518b7c] [MEMORY][controller-start] 4194304

[1 occurrence(s)]
INFO --> [REQ_ID=9cf533518b7c] [MEMORY][commonData:start] 4194304

[1 occurrence(s)]
INFO --> [REQ_ID=9cf533518b7c] [MEMORY][commonData:start] 8388608

[4 occurrence(s)]
INFO --> themesMemory usage: 8388608

[1 occurrence(s)]
INFO --> [REQ_ID=9cf533518b7c] [PERF] Execution time=0.508989

[1 occurrence(s)]
INFO --> [REQ_ID=cccde4492745] [PERF] Execution time=0.518724

[1 occurrence(s)]
INFO --> [REQ_ID=767142e02cc3] [MEMORY][controller-start] 6291456

[1 occurrence(s)]
INFO --> [REQ_ID=767142e02cc3] [MEMORY][commonData:start] 6291456

[1 occurrence(s)]
INFO --> [REQ_ID=767142e02cc3] [MEMORY][commonData:start] 10485760

[1 occurrence(s)]
INFO --> [REQ_ID=767142e02cc3] [PERF] Execution time=0.696917

[1 occurrence(s)]
INFO --> [REQ_ID=e82a2c44f469] [PERF] Execution time=0.737655

[1 occurrence(s)]
INFO --> [REQ_ID=e4729d97448b] [MEMORY][controller-start] 6291456

[1 occurrence(s)]
INFO --> [REQ_ID=e4729d97448b] [PERF] Execution time=0.031936

[1 occurrence(s)]
INFO --> [REQ_ID=4621743bdb18] [PERF] Execution time=0.044931

[1 occurrence(s)]
INFO --> [REQ_ID=f04bb719c080] [MEMORY][controller-start] 4194304

[4 occurrence(s)]
INFO --> [REGISTRATION] Form loaded

[1 occurrence(s)]
INFO --> [REQ_ID=f04bb719c080] [PERF] Execution time=0.025930

[1 occurrence(s)]
INFO --> [REQ_ID=75a81f5bec9f] [MEMORY][controller-start] 4194304

[1 occurrence(s)]
INFO --> [REQ_ID=75a81f5bec9f] [PERF] Execution time=0.013291

[1 occurrence(s)]
INFO --> [REQ_ID=ccbf28155633] [MEMORY][controller-start] 4194304

[1 occurrence(s)]
INFO --> [REQ_ID=ccbf28155633] [MEMORY][commonData:start] 6291456

[1 occurrence(s)]
INFO --> [REQ_ID=ccbf28155633] [PERF] Execution time=0.892185

[1 occurrence(s)]
INFO --> [REQ_ID=99d14fdd8760] [PERF] Execution time=0.907154

[1 occurrence(s)]
INFO --> [REQ_ID=403f1b7242f9] [MEMORY][controller-start] 6291456

[1 occurrence(s)]
INFO --> [REQ_ID=403f1b7242f9] [MEMORY][commonData:start] 6291456

[1 occurrence(s)]
INFO --> [REQ_ID=403f1b7242f9] [MEMORY][commonData:start] 8388608

[1 occurrence(s)]
INFO --> [REQ_ID=403f1b7242f9] [PERF] Execution time=0.489323

[1 occurrence(s)]
INFO --> [REQ_ID=8426140bd732] [PERF] Execution time=0.502640

[1 occurrence(s)]
INFO --> [REQ_ID=29143df2bff0] [MEMORY][controller-start] 6291456

[2 occurrence(s)]
INFO --> [REQ_ID=29143df2bff0] [MEMORY][commonData:start] 6291456

[1 occurrence(s)]
INFO --> themesMemory usage: 6291456

[1 occurrence(s)]
INFO --> [REQ_ID=29143df2bff0] [PERF] Execution time=0.035892

[1 occurrence(s)]
INFO --> [REQ_ID=e202efb9edec] [PERF] Execution time=0.047340

[1 occurrence(s)]
INFO --> [REQ_ID=e009383e2cdd] [MEMORY][controller-start] 4194304

[1 occurrence(s)]
INFO --> [REQ_ID=e009383e2cdd] [PERF] Execution time=0.012607

[1 occurrence(s)]
INFO --> [REQ_ID=7ef9ee832b91] [MEMORY][controller-start] 4194304

[1 occurrence(s)]
INFO --> [REQ_ID=7ef9ee832b91] [PERF] Execution time=0.082888

[1 occurrence(s)]
INFO --> [REQ_ID=a3093bcb58f9] [PERF] Execution time=0.015044

[1 occurrence(s)]
INFO --> [REQ_ID=be5bfac76526] [PERF] Execution time=0.012217

[3 occurrence(s)]
INFO --> CSRF token verified.

[1 occurrence(s)]
INFO --> [REQ_ID=4c589d942e1d] [MEMORY][controller-start] 4194304

[1 occurrence(s)]
INFO --> [AUTH] Password reset requested

[1 occurrence(s)]
INFO --> [REQ_ID=4c589d942e1d] [PERF] Execution time=0.135859

[1 occurrence(s)]
INFO --> [REQ_ID=a33948f43f19] [PERF] Execution time=0.144991

[1 occurrence(s)]
INFO --> [REQ_ID=c962b4b8538a] [PERF] Execution time=0.011825

[1 occurrence(s)]
INFO --> [REQ_ID=d84e121a8add] [MEMORY][controller-start] 4194304

[1 occurrence(s)]
INFO --> [REQ_ID=d84e121a8add] [MEMORY][commonData:start] 4194304

[1 occurrence(s)]
INFO --> [REQ_ID=d84e121a8add] [MEMORY][commonData:start] 8388608

[1 occurrence(s)]
INFO --> [REQ_ID=d84e121a8add] [PERF] Execution time=0.638419

[1 occurrence(s)]
INFO --> [REQ_ID=2d6c8b34b325] [PERF] Execution time=0.648009

[1 occurrence(s)]
INFO --> [REQ_ID=1b8264a38752] [MEMORY][controller-start] 6291456

[1 occurrence(s)]
INFO --> [REQ_ID=1b8264a38752] [PERF] Execution time=0.019413

[1 occurrence(s)]
INFO --> [REQ_ID=ad9fce2d5506] [PERF] Execution time=0.028599

[1 occurrence(s)]
INFO --> [REQ_ID=3c1cca9ee778] [PERF] Execution time=0.009525

[1 occurrence(s)]
INFO --> [REQ_ID=0c7172043739] [MEMORY][controller-start] 4194304

[1 occurrence(s)]
INFO --> [REGISTRATION] Submission received

[2 occurrence(s)]
INFO --> MailService queued email

[1 occurrence(s)]
INFO --> [REGISTRATION] Validation passed (basic fields)

[1 occurrence(s)]
INFO --> [REQ_ID=0c7172043739] [PERF] Execution time=0.099205

[1 occurrence(s)]
INFO --> [REQ_ID=935f4796d9ac] [PERF] Execution time=0.108530

[1 occurrence(s)]
INFO --> [REQ_ID=7de3ad55ed4e] [MEMORY][controller-start] 4194304

[1 occurrence(s)]
INFO --> [REQ_ID=7de3ad55ed4e] [MEMORY][commonData:start] 4194304

[1 occurrence(s)]
INFO --> [REQ_ID=7de3ad55ed4e] [MEMORY][commonData:start] 8388608

[1 occurrence(s)]
INFO --> [REQ_ID=7de3ad55ed4e] [PERF] Execution time=0.487302

[1 occurrence(s)]
INFO --> [REQ_ID=ec71e9e78702] [PERF] Execution time=0.498119

[1 occurrence(s)]
INFO --> [SPARK_START] App\Commands\AIOps\Run

[3 occurrence(s)]
INFO --> [SPARK_MEMORY] 18874368

[1 occurrence(s)]
INFO --> [spark:aiops:run] Intent

[1 occurrence(s)]
INFO --> [spark:ops:work] Started

[1 occurrence(s)]
INFO --> [SPARK_START] App\Commands\Ops\Work

[1 occurrence(s)]
INFO --> [spark:ops:work] Intent

[1 occurrence(s)]
INFO --> [spark:ops:work] Completed

[1 occurrence(s)]
INFO --> [SPARK_COMPLETE] App\Commands\Ops\Work duration=0.076911

[1 occurrence(s)]
INFO --> [SPARK_MEMORY] 20971520

[1 occurrence(s)]
INFO --> [REQ_ID=958182bb0ec1] [PERF] Execution time=0.098996

[1 occurrence(s)]
INFO --> [AIOPS][SPARK][GOVERNANCE][spark:logs:summarize] Started

[1 occurrence(s)]
INFO --> [SPARK_START] App\Commands\Logs\Summarize

[1 occurrence(s)]
INFO --> [spark:logs:summarize] Intent


---------------------------
LEVEL: WARNING
---------------------------

[85 occurrence(s)]
WARNING --> [404] URI=https://www.mymiwallet.com/index.php/

[84 occurrence(s)]
WARNING --> 404 route miss: https://www.mymiwallet.com/index.php/ | referrer: http://67.205.42.220

[1 occurrence(s)]
WARNING --> 404 route miss: https://www.mymiwallet.com/index.php/ | referrer: none

[3 occurrence(s)]
WARNING --> MyMIWallets initialized without numeric user context.

[1 occurrence(s)]
WARNING --> [AUTH] Password reset request: user not found

[1 occurrence(s)]
WARNING --> [REGISTRATION] Validation failed (password fields)


---------------------------
LEVEL: ERROR
---------------------------

[1 occurrence(s)]
ERROR --> Registration failed: {"password":"Validation.strong_password"}


---------------------------
LEVEL: CRITICAL
---------------------------

[85 occurrence(s)]
CRITICAL --> CodeIgniter\Exceptions\PageNotFoundException: Page Not Found

[85 occurrence(s)]
CRITICAL --> [EXCEPTION] Page Not Found File=/home/mymiteam/mymiwallet/site/current/vendor/codeigniter4/framework/system/CodeIgniter.php Line=1001


===============================================
   HERE'S THE NEW STUFF
   (No previous timestamp recorded – nothing treated as new)
===============================================

---- CONFIG LINT ----
✅ Services::cache
✅ Services::responsecache
✅ Services::session
✅ Services::email
✅ Services::logger
✅ Services::validation
✅ Services::renderer
