===============================================
   MyMI Wallet — Log Summary for 2026-02-19
   Auto-generated by logs:summarize command
   Grouped by (LEVEL + message)
===============================================

Last processed up to: 2026-02-19 20:00:04

---------------------------
LEVEL: DEBUG
---------------------------

[2 occurrence(s)]
DEBUG --> LOG_HEALTHCHECK debug marker=ec172829e058

[2 occurrence(s)]
DEBUG --> LOG_HEALTHCHECK debug marker=6ca2c28cbd41

[2 occurrence(s)]
DEBUG --> LOG_HEALTHCHECK debug marker=4939b4c86ada

[2 occurrence(s)]
DEBUG --> LOG_HEALTHCHECK debug marker=62c153d2b538

[2 occurrence(s)]
DEBUG --> LOG_HEALTHCHECK debug marker=71dd5f24efc8

[2 occurrence(s)]
DEBUG --> LOG_HEALTHCHECK debug marker=f1db289e8e23

[2 occurrence(s)]
DEBUG --> LOG_HEALTHCHECK debug marker=611f1f243667

[1 occurrence(s)]
DEBUG --> LOG_HEALTHCHECK debug marker=e0472f180c92

[1 occurrence(s)]
DEBUG --> LOG_HEALTHCHECK debug marker=3f59fd986598


---------------------------
LEVEL: INFO
---------------------------

[1 occurrence(s)]
INFO --> LOG_HEALTHCHECK file probe marker=1b48ec4f17db

[149 occurrence(s)]
INFO --> [spark:ops:work] Started

[149 occurrence(s)]
INFO --> [spark:ops:work] Intent

[149 occurrence(s)]
INFO --> [spark:ops:work] Completed

[17 occurrence(s)]
INFO --> [spark:aiops:run] Intent

[17 occurrence(s)]
INFO --> [AIOPS][SPARK][GOVERNANCE][spark:logs:summarize] Started

[17 occurrence(s)]
INFO --> [spark:logs:summarize] Intent

[16 occurrence(s)]
INFO --> [AIOPS][SPARK][GOVERNANCE][spark:logs:summarize] Completed

[16 occurrence(s)]
INFO --> [spark:app:healthcheck] Started

[16 occurrence(s)]
INFO --> [spark:app:healthcheck] Intent

[2 occurrence(s)]
INFO --> LOG_HEALTHCHECK info marker=ec172829e058

[16 occurrence(s)]
INFO --> [spark:app:healthcheck] Completed

[2 occurrence(s)]
INFO --> LOG_HEALTHCHECK info marker=6ca2c28cbd41

[2 occurrence(s)]
INFO --> LOG_HEALTHCHECK info marker=4939b4c86ada

[2 occurrence(s)]
INFO --> LOG_HEALTHCHECK info marker=62c153d2b538

[2 occurrence(s)]
INFO --> LOG_HEALTHCHECK info marker=71dd5f24efc8

[6 occurrence(s)]
INFO --> [spark:ops:spark-reset] Intent

[2 occurrence(s)]
INFO --> [spark:logs:summarize-all] Intent

[9 occurrence(s)]
INFO --> [spark:config:clear] Intent

[2 occurrence(s)]
INFO --> LOG_HEALTHCHECK info marker=f1db289e8e23

[2 occurrence(s)]
INFO --> [spark:spark-reset] Intent

[2 occurrence(s)]
INFO --> LOG_HEALTHCHECK info marker=611f1f243667

[1 occurrence(s)]
INFO --> LOG_HEALTHCHECK info marker=e0472f180c92

[1 occurrence(s)]
INFO --> LOG_HEALTHCHECK info marker=3f59fd986598


---------------------------
LEVEL: WARNING
---------------------------

[404 occurrence(s)]
WARNING --> [DEPRECATED] Passing lowercase HTTP method "get" is deprecated. Use uppercase HTTP method like "GET". in SYSTEMPATH/Router/RouteCollection.php on line 1026.

[404 occurrence(s)]
WARNING --> [DEPRECATED] Passing lowercase HTTP method "post" is deprecated. Use uppercase HTTP method like "POST". in SYSTEMPATH/Router/RouteCollection.php on line 1026.

[88 occurrence(s)]
WARNING --> [DEPRECATED] str_starts_with(): Passing null to parameter #1 ($haystack) of type string is deprecated in APPPATH/Commands/OpsWork.php on line 113.

[42 occurrence(s)]
WARNING --> [DEPRECATED] str_starts_with(): Passing null to parameter #1 ($haystack) of type string is deprecated in APPPATH/Commands/Ops/Work.php on line 114.


---------------------------
LEVEL: ERROR
---------------------------

[2 occurrence(s)]
ERROR --> LOGGER TEST ERROR - 00:29:57

[2 occurrence(s)]
ERROR --> LOGGER TEST ERROR - 00:44:48

[2 occurrence(s)]
ERROR --> LOGGER TEST ERROR - 00:45:07

[2 occurrence(s)]
ERROR --> LOGGER TEST ERROR - 01:18:52

[2 occurrence(s)]
ERROR --> LOGGER TEST ERROR - 01:23:56

[2 occurrence(s)]
ERROR --> LOGGER TEST ERROR - 01:46:57

[2 occurrence(s)]
ERROR --> LOGGER TEST ERROR - 02:00:04

[2 occurrence(s)]
ERROR --> LOGGER TEST ERROR - 02:00:59

[2 occurrence(s)]
ERROR --> LOGGER TEST ERROR - 02:50:24

[2 occurrence(s)]
ERROR --> LOGGER TEST ERROR - 02:50:26

[2 occurrence(s)]
ERROR --> LOGGER TEST ERROR - 02:50:28

[2 occurrence(s)]
ERROR --> LOGGER TEST ERROR - 02:50:34

[2 occurrence(s)]
ERROR --> LOGGER TEST ERROR - 02:52:39

[2 occurrence(s)]
ERROR --> LOGGER TEST ERROR - 03:22:41

[2 occurrence(s)]
ERROR --> LOGGER TEST ERROR - 04:15:16

[2 occurrence(s)]
ERROR --> LOGGER TEST ERROR - 04:25:37

[2 occurrence(s)]
ERROR --> LOGGER TEST ERROR - 05:37:12

[2 occurrence(s)]
ERROR --> LOGGER TEST ERROR - 07:02:01

[2 occurrence(s)]
ERROR --> LOGGER TEST ERROR - 08:17:48

[2 occurrence(s)]
ERROR --> LOGGER TEST ERROR - 08:18:34

[2 occurrence(s)]
ERROR --> LOGGER TEST ERROR - 08:21:37

[2 occurrence(s)]
ERROR --> LOGGER TEST ERROR - 08:21:41

[2 occurrence(s)]
ERROR --> LOGGER TEST ERROR - 08:24:59

[2 occurrence(s)]
ERROR --> LOGGER TEST ERROR - 08:25:12

[2 occurrence(s)]
ERROR --> LOGGER TEST ERROR - 08:25:28

[2 occurrence(s)]
ERROR --> LOGGER TEST ERROR - 08:36:33

[2 occurrence(s)]
ERROR --> LOGGER TEST ERROR - 08:54:13

[2 occurrence(s)]
ERROR --> LOGGER TEST ERROR - 09:04:41

[2 occurrence(s)]
ERROR --> LOGGER TEST ERROR - 09:43:01

[2 occurrence(s)]
ERROR --> LOGGER TEST ERROR - 09:43:48

[2 occurrence(s)]
ERROR --> LOGGER TEST ERROR - 09:43:51

[2 occurrence(s)]
ERROR --> LOGGER TEST ERROR - 10:01:11

[2 occurrence(s)]
ERROR --> LOGGER TEST ERROR - 10:01:31

[2 occurrence(s)]
ERROR --> LOGGER TEST ERROR - 10:16:10

[2 occurrence(s)]
ERROR --> LOGGER TEST ERROR - 10:48:16

[2 occurrence(s)]
ERROR --> LOGGER TEST ERROR - 11:12:57

[2 occurrence(s)]
ERROR --> LOGGER TEST ERROR - 11:21:11

[2 occurrence(s)]
ERROR --> LOGGER TEST ERROR - 11:53:46

[2 occurrence(s)]
ERROR --> LOGGER TEST ERROR - 12:37:26

[2 occurrence(s)]
ERROR --> LOGGER TEST ERROR - 12:37:27

[2 occurrence(s)]
ERROR --> LOGGER TEST ERROR - 12:37:28

[2 occurrence(s)]
ERROR --> LOGGER TEST ERROR - 12:37:29

[2 occurrence(s)]
ERROR --> BudgetController::index failed to build executive summary: Cannot assign CodeIgniter\Cache\Handlers\FileHandler to property App\Services\DashboardService::$cache of type Psr\SimpleCache\CacheInterface

[2 occurrence(s)]
ERROR --> LOGGER TEST ERROR - 13:00:08

[2 occurrence(s)]
ERROR --> LOGGER TEST ERROR - 13:00:10

[2 occurrence(s)]
ERROR --> LOGGER TEST ERROR - 13:00:11

[2 occurrence(s)]
ERROR --> LOGGER TEST ERROR - 13:00:12

[2 occurrence(s)]
ERROR --> LOGGER TEST ERROR - 13:02:04

[2 occurrence(s)]
ERROR --> LOGGER TEST ERROR - 13:06:20

[2 occurrence(s)]
ERROR --> LOGGER TEST ERROR - 14:00:39

[2 occurrence(s)]
ERROR --> LOGGER TEST ERROR - 14:09:20

[2 occurrence(s)]
ERROR --> LOGGER TEST ERROR - 14:16:03

[2 occurrence(s)]
ERROR --> LOGGER TEST ERROR - 14:19:25

[2 occurrence(s)]
ERROR --> LOGGER TEST ERROR - 14:20:37

[4 occurrence(s)]
ERROR --> LOGGER TEST ERROR - 14:26:13

[2 occurrence(s)]
ERROR --> LOGGER TEST ERROR - 14:26:14

[6 occurrence(s)]
ERROR --> LOGGER TEST ERROR - 14:26:15

[4 occurrence(s)]
ERROR --> LOGGER TEST ERROR - 14:26:16

[2 occurrence(s)]
ERROR --> LOGGER TEST ERROR - 14:26:17

[4 occurrence(s)]
ERROR --> IMAP credentials not configured properly.

[2 occurrence(s)]
ERROR --> LOGGER TEST ERROR - 17:19:34

[2 occurrence(s)]
ERROR --> LOGGER TEST ERROR - 17:19:42


---------------------------
LEVEL: CRITICAL
---------------------------

[14 occurrence(s)]
CRITICAL --> Error: Class "App\Services\AiOps\OllamaPatchRunner" not found

[40 occurrence(s)]
CRITICAL --> CodeIgniter\Exceptions\PageNotFoundException: Page Not Found

[18 occurrence(s)]
CRITICAL --> Error: Class "App\Command\Ops\SafeBaseCommand" not found

[4 occurrence(s)]
CRITICAL --> Error: Class "App\Commands\Spark\SafeBaseCommand" not found

[2 occurrence(s)]
CRITICAL --> TypeError: imap_search(): Argument #1 ($imap) must be of type IMAP\Connection, bool given

[2 occurrence(s)]
CRITICAL --> RuntimeException: IMAP connection failed: [CLOSED] IMAP connection broken (server response)


===============================================
   HERE'S THE NEW STUFF
   (Entries logged AFTER 2026-02-19 20:00:04)
===============================================

---------------------------
LEVEL: DEBUG (NEW)
---------------------------

[1 NEW occurrence(s)]
DEBUG --> LOG_HEALTHCHECK debug marker=3f59fd986598


---------------------------
LEVEL: INFO (NEW)
---------------------------

[1 NEW occurrence(s)]
INFO --> [spark:app:healthcheck] Started

[1 NEW occurrence(s)]
INFO --> [spark:app:healthcheck] Intent

[1 NEW occurrence(s)]
INFO --> LOG_HEALTHCHECK info marker=3f59fd986598

[1 NEW occurrence(s)]
INFO --> [spark:app:healthcheck] Completed

[8 NEW occurrence(s)]
INFO --> [spark:ops:work] Started

[8 NEW occurrence(s)]
INFO --> [spark:ops:work] Intent

[8 NEW occurrence(s)]
INFO --> [spark:ops:work] Completed

[1 NEW occurrence(s)]
INFO --> [spark:config:clear] Intent

[1 NEW occurrence(s)]
INFO --> [spark:aiops:run] Intent

[1 NEW occurrence(s)]
INFO --> [AIOPS][SPARK][GOVERNANCE][spark:logs:summarize] Started

[1 NEW occurrence(s)]
INFO --> [spark:logs:summarize] Intent


---- CONFIG LINT ----
✅ Services::cache
✅ Services::responsecache
✅ Services::session
✅ Services::email
✅ Services::logger
✅ Services::validation
✅ Services::renderer
