===============================================
   MyMI Wallet — Log Summary for 2026-02-05
   Auto-generated by logs:summarize command
   Grouped by (LEVEL + message)
===============================================

Last processed up to: 2026-02-05 05:21:41

---------------------------
LEVEL: CRITICAL
---------------------------

[1 occurrence(s)]
CRITICAL --> CodeIgniter\Database\Exceptions\DatabaseException: Unknown column 'forecast_updated_at' in 'order clause'

[1 occurrence(s)]
CRITICAL --> [Caused by] CodeIgniter\Database\Exceptions\DatabaseException: Unknown column 'forecast_updated_at' in 'order clause'

[1 occurrence(s)]
CRITICAL --> [Caused by] mysqli_sql_exception: Unknown column 'forecast_updated_at' in 'order clause'

[1 occurrence(s)]
CRITICAL --> CodeIgniter\Exceptions\PageNotFoundException: Page Not Found

[2 occurrence(s)]
CRITICAL --> ErrorException: Cannot redeclare Config\APISettings::__construct()

[1 occurrence(s)]
CRITICAL --> CodeIgniter\Database\Exceptions\DatabaseException: Table 'mymiwallet.bf_mdit_token_ledger' doesn't exist

[1 occurrence(s)]
CRITICAL --> [Caused by] CodeIgniter\Database\Exceptions\DatabaseException: Table 'mymiwallet.bf_mdit_token_ledger' doesn't exist

[1 occurrence(s)]
CRITICAL --> [Caused by] mysqli_sql_exception: Table 'mymiwallet.bf_mdit_token_ledger' doesn't exist


===============================================
   HERE'S THE NEW STUFF
   (Entries logged AFTER 2026-02-05 05:21:41)
===============================================

No NEW log entries found after 2026-02-05 05:21:41.

---- CONFIG LINT ----
✅ Services::cache
✅ Services::responsecache
✅ Services::session
✅ Services::email
✅ Services::logger
✅ Services::validation
✅ Services::renderer
