===============================================
   MyMI Wallet — Log Summary for 2026-03-25
   Auto-generated by logs:summarize command
   Grouped by (LEVEL + message)
===============================================

Last processed up to: <none> (first run for this date)

---------------------------
LEVEL: DEBUG
---------------------------

[1 occurrence(s)]
DEBUG --> [REQ_ID=96735ec73a65] [REQUEST][START] GET /index.php/API/Management/Run-CRON-Tasks

[146 occurrence(s)]
DEBUG --> Session: Class initialized using 'CodeIgniter\Session\Handlers\FileHandler' driver.

[1 occurrence(s)]
DEBUG --> [REQ_ID=96735ec73a65] [FILTER_BEFORE] /index.php/API/Management/Run-CRON-Tasks

[1 occurrence(s)]
DEBUG --> [REQ_ID=96735ec73a65] [ROUTE] Controller=\App\Modules\Management\Controllers\ManagementAPIController Method=Run_CRON_Tasks

[1 occurrence(s)]
DEBUG --> [REQ_ID=96735ec73a65] [LIFECYCLE][START] GET https://www.mymiwallet.com/index.php/API/Management/Run-CRON-Tasks

[1 occurrence(s)]
DEBUG --> [REQ_ID=96735ec73a65] [REQUEST][END]

[1 occurrence(s)]
DEBUG --> [REQ_ID=0160a41f9370] [REQUEST][START] HEAD /

[1 occurrence(s)]
DEBUG --> [REQ_ID=07c3ff786c90] [REQUEST][START] HEAD /

[1 occurrence(s)]
DEBUG --> [REQ_ID=26dfce1146cc] [REQUEST][START] HEAD /

[1 occurrence(s)]
DEBUG --> [REQ_ID=44b961584933] [REQUEST][START] GET /index.php/API/Alerts/fetchEmailAlerts

[1 occurrence(s)]
DEBUG --> [REQ_ID=44b961584933] [FILTER_BEFORE] /index.php/API/Alerts/fetchEmailAlerts

[1 occurrence(s)]
DEBUG --> [REQ_ID=44b961584933] [ROUTE] Controller=\App\Modules\APIs\Controllers\AlertsAPIController Method=fetchEmailAlerts

[1 occurrence(s)]
DEBUG --> [REQ_ID=44b961584933] [LIFECYCLE][START] GET https://www.mymiwallet.com/index.php/API/Alerts/fetchEmailAlerts

[1 occurrence(s)]
DEBUG --> [REQ_ID=44b961584933] [REQUEST][END]

[1 occurrence(s)]
DEBUG --> [REQ_ID=f3bf68ee9d19] [REQUEST][START] GET /index.php/How-It-Works/Setting-Financial-Goals

[1 occurrence(s)]
DEBUG --> [REQ_ID=f3bf68ee9d19] [REQUEST][END]

[1 occurrence(s)]
DEBUG --> [REQ_ID=453666103cd6] [REQUEST][START] HEAD /

[1 occurrence(s)]
DEBUG --> [REQ_ID=f8ee75f67530] [REQUEST][START] HEAD /

[1 occurrence(s)]
DEBUG --> [REQ_ID=95c6bdcf658f] [REQUEST][START] GET /index.php/

[1 occurrence(s)]
DEBUG --> [REQ_ID=95c6bdcf658f] [FILTER_BEFORE] /index.php/

[1 occurrence(s)]
DEBUG --> [REQ_ID=95c6bdcf658f] [ROUTE] Controller=\App\Controllers\Home Method=index

[1 occurrence(s)]
DEBUG --> [REQ_ID=95c6bdcf658f] [LIFECYCLE][START] GET https://www.mymiwallet.com/index.php/

[1 occurrence(s)]
DEBUG --> [CSRF] token name=csrf_test_name hash=77f7ff5cd866b0a86c80bdd562e9011d

[1 occurrence(s)]
DEBUG --> [REQ_ID=b006cb1c6a06] [INIT] App\Controllers\Home::GET

[22 occurrence(s)]
DEBUG --> MyMIUser L52 - initialized (first log).

[10 occurrence(s)]
DEBUG --> [MetaService] slug= pageName= cacheHit= path=FALLBACK

[1 occurrence(s)]
DEBUG --> [REQ_ID=b006cb1c6a06] [VIEW_RENDER] themes/public/home

[6 occurrence(s)]
DEBUG --> [MetaService] slug= pageName=Home cacheHit= path=DB

[1 occurrence(s)]
DEBUG --> [REQ_ID=95c6bdcf658f] [FILTER_AFTER]

[1 occurrence(s)]
DEBUG --> [REQ_ID=95c6bdcf658f] [LIFECYCLE][END] status=200 duration_ms=655.91 memory_delta=4194304

[1 occurrence(s)]
DEBUG --> [REQ_ID=95c6bdcf658f] [REQUEST][END]

[1 occurrence(s)]
DEBUG --> [REQ_ID=6b48c016ba12] [REQUEST][START] GET /index.php/logout

[1 occurrence(s)]
DEBUG --> [REQ_ID=6b48c016ba12] [FILTER_BEFORE] /index.php/logout

[1 occurrence(s)]
DEBUG --> [REQ_ID=6b48c016ba12] [ROUTE] Controller=\App\Controllers\AuthController Method=logout

[1 occurrence(s)]
DEBUG --> [REQ_ID=6b48c016ba12] [LIFECYCLE][START] GET https://www.mymiwallet.com/index.php/logout

[1 occurrence(s)]
DEBUG --> [CSRF] token name=csrf_test_name hash=0c7498333763d13bb314ed00f0153027

[1 occurrence(s)]
DEBUG --> [REQ_ID=6b48c016ba12] [REQUEST][END]

[1 occurrence(s)]
DEBUG --> [REQ_ID=c053e9ecc451] [REQUEST][START] GET /index.php/Account

[1 occurrence(s)]
DEBUG --> [REQ_ID=c053e9ecc451] [FILTER_BEFORE] /index.php/Account

[1 occurrence(s)]
DEBUG --> [REQ_ID=c053e9ecc451] [ROUTE] Controller=\App\Modules\User\Controllers\DashboardController Method=account

[1 occurrence(s)]
DEBUG --> [REQ_ID=c053e9ecc451] [LIFECYCLE][START] GET https://www.mymiwallet.com/index.php/Account

[1 occurrence(s)]
DEBUG --> [CSRF] token name=csrf_test_name hash=2116f1a75939b0698e2747a5c65115c1

[1 occurrence(s)]
DEBUG --> [REQ_ID=c053e9ecc451] [REQUEST][END]

[1 occurrence(s)]
DEBUG --> [REQ_ID=373101f43287] [REQUEST][START] GET /index.php/Exchange

[1 occurrence(s)]
DEBUG --> [REQ_ID=373101f43287] [FILTER_BEFORE] /index.php/Exchange

[1 occurrence(s)]
DEBUG --> [REQ_ID=373101f43287] [ROUTE] Controller=\App\Modules\Exchange\Controllers\ExchangeController Method=index

[1 occurrence(s)]
DEBUG --> [REQ_ID=373101f43287] [LIFECYCLE][START] GET https://www.mymiwallet.com/index.php/Exchange

[1 occurrence(s)]
DEBUG --> [CSRF] token name=csrf_test_name hash=76c2048f5ae7150ec7686ee4d95c158a

[1 occurrence(s)]
DEBUG --> [REQ_ID=373101f43287] [REQUEST][END]

[1 occurrence(s)]
DEBUG --> [REQ_ID=42de45e07e84] [REQUEST][START] GET /index.php/Alerts

[1 occurrence(s)]
DEBUG --> [REQ_ID=42de45e07e84] [FILTER_BEFORE] /index.php/Alerts

[1 occurrence(s)]
DEBUG --> [REQ_ID=42de45e07e84] [ROUTE] Controller=\App\Modules\User\Controllers\AlertsController Method=index

[1 occurrence(s)]
DEBUG --> [REQ_ID=42de45e07e84] [LIFECYCLE][START] GET https://www.mymiwallet.com/index.php/Alerts

[1 occurrence(s)]
DEBUG --> [CSRF] token name=csrf_test_name hash=f9142c6ebabe1bf6cbda8f3745c83b97

[1 occurrence(s)]
DEBUG --> [REQ_ID=42de45e07e84] [REQUEST][END]

[1 occurrence(s)]
DEBUG --> [REQ_ID=a2c0f8e99076] [REQUEST][START] GET /index.php/Marketplace

[1 occurrence(s)]
DEBUG --> [REQ_ID=a2c0f8e99076] [FILTER_BEFORE] /index.php/Marketplace

[1 occurrence(s)]
DEBUG --> [REQ_ID=a2c0f8e99076] [ROUTE] Controller=\App\Modules\ScriptStudio\Controllers\ScriptStudioController Method=marketplace

[1 occurrence(s)]
DEBUG --> [REQ_ID=a2c0f8e99076] [LIFECYCLE][START] GET https://www.mymiwallet.com/index.php/Marketplace

[1 occurrence(s)]
DEBUG --> [CSRF] token name=csrf_test_name hash=2205c7260419ca69e4502d748fd6b781

[1 occurrence(s)]
DEBUG --> [REQ_ID=a2c0f8e99076] [REQUEST][END]

[1 occurrence(s)]
DEBUG --> [REQ_ID=cf320831cf6a] [REQUEST][START] GET /index.php/Support/Account

[1 occurrence(s)]
DEBUG --> [REQ_ID=cf320831cf6a] [FILTER_BEFORE] /index.php/Support/Account

[1 occurrence(s)]
DEBUG --> [REQ_ID=cf320831cf6a] [ROUTE] Controller=\App\Modules\Support\Controllers\AccountSupportController Method=index

[1 occurrence(s)]
DEBUG --> [REQ_ID=cf320831cf6a] [LIFECYCLE][START] GET https://www.mymiwallet.com/index.php/Support/Account

[1 occurrence(s)]
DEBUG --> [CSRF] token name=csrf_test_name hash=32e2cecc4f0af21b29ca95f2879d08a5

[1 occurrence(s)]
DEBUG --> [REQ_ID=8e73617d5e5c] [INIT] App\Modules\Support\Controllers\AccountSupportController::GET

[1 occurrence(s)]
DEBUG --> [REQ_ID=8e73617d5e5c] [METHOD_ENTRY] index

[8 occurrence(s)]
DEBUG --> [SERVICE] App\Services\BudgetService ::setUserId

[24 occurrence(s)]
DEBUG --> MyMICoin: guest context detected; skipping user-specific preload.

[1 occurrence(s)]
DEBUG --> [REQ_ID=8e73617d5e5c] [VIEW_RENDER] SupportModule/Support/account_help

[1 occurrence(s)]
DEBUG --> [REQ_ID=cf320831cf6a] [FILTER_AFTER]

[1 occurrence(s)]
DEBUG --> [REQ_ID=cf320831cf6a] [LIFECYCLE][END] status=200 duration_ms=316.24 memory_delta=0

[1 occurrence(s)]
DEBUG --> [REQ_ID=cf320831cf6a] [REQUEST][END]

[1 occurrence(s)]
DEBUG --> [REQ_ID=2f31e7859b16] [REQUEST][START] GET /index.php/Dashboard

[1 occurrence(s)]
DEBUG --> [REQ_ID=2f31e7859b16] [FILTER_BEFORE] /index.php/Dashboard

[1 occurrence(s)]
DEBUG --> [REQ_ID=2f31e7859b16] [ROUTE] Controller=\App\Modules\User\Controllers\DashboardController Method=index

[1 occurrence(s)]
DEBUG --> [REQ_ID=2f31e7859b16] [LIFECYCLE][START] GET https://www.mymiwallet.com/index.php/Dashboard

[1 occurrence(s)]
DEBUG --> [CSRF] token name=csrf_test_name hash=f5e12f715e4d55a01b32e1964ac5275f

[1 occurrence(s)]
DEBUG --> [REQ_ID=2f31e7859b16] [REQUEST][END]

[1 occurrence(s)]
DEBUG --> [REQ_ID=8a8825a38876] [REQUEST][START] GET /index.php/How-It-Works/overview

[1 occurrence(s)]
DEBUG --> [REQ_ID=8a8825a38876] [FILTER_BEFORE] /index.php/How-It-Works/overview

[1 occurrence(s)]
DEBUG --> [REQ_ID=8a8825a38876] [ROUTE] Controller=\App\Modules\Blog\Controllers\HowItWorksController Method=show

[1 occurrence(s)]
DEBUG --> [REQ_ID=8a8825a38876] [LIFECYCLE][START] GET https://www.mymiwallet.com/index.php/How-It-Works/overview

[1 occurrence(s)]
DEBUG --> [CSRF] token name=csrf_test_name hash=82311eeb86bba35cfe02431a78a01d26

[1 occurrence(s)]
DEBUG --> [REQ_ID=640e0fa46488] [INIT] App\Modules\Blog\Controllers\HowItWorksController::GET

[1 occurrence(s)]
DEBUG --> [REQ_ID=640e0fa46488] [METHOD_ENTRY] show

[1 occurrence(s)]
DEBUG --> [REQ_ID=ef0bcc93ebe6] [REQUEST][START] GET /index.php/How-It-Works/marketing

[1 occurrence(s)]
DEBUG --> [REQ_ID=ef0bcc93ebe6] [FILTER_BEFORE] /index.php/How-It-Works/marketing

[1 occurrence(s)]
DEBUG --> [REQ_ID=ef0bcc93ebe6] [ROUTE] Controller=\App\Modules\Blog\Controllers\HowItWorksController Method=show

[1 occurrence(s)]
DEBUG --> [REQ_ID=ef0bcc93ebe6] [LIFECYCLE][START] GET https://www.mymiwallet.com/index.php/How-It-Works/marketing

[1 occurrence(s)]
DEBUG --> [CSRF] token name=csrf_test_name hash=3e90ee5bc860961711e85f0ea97720d2

[1 occurrence(s)]
DEBUG --> [REQ_ID=49c00df92ddd] [INIT] App\Modules\Blog\Controllers\HowItWorksController::GET

[1 occurrence(s)]
DEBUG --> [REQ_ID=49c00df92ddd] [METHOD_ENTRY] show

[1 occurrence(s)]
DEBUG --> [REQ_ID=1ab2a35f17b6] [REQUEST][START] GET /index.php/How-It-Works/earnings

[1 occurrence(s)]
DEBUG --> [REQ_ID=1ab2a35f17b6] [FILTER_BEFORE] /index.php/How-It-Works/earnings

[1 occurrence(s)]
DEBUG --> [REQ_ID=1ab2a35f17b6] [ROUTE] Controller=\App\Modules\Blog\Controllers\HowItWorksController Method=show

[1 occurrence(s)]
DEBUG --> [REQ_ID=1ab2a35f17b6] [LIFECYCLE][START] GET https://www.mymiwallet.com/index.php/How-It-Works/earnings

[1 occurrence(s)]
DEBUG --> [CSRF] token name=csrf_test_name hash=ae80228c724598fbc2ea0d892b26d4fb

[1 occurrence(s)]
DEBUG --> [REQ_ID=6e1d693928b7] [INIT] App\Modules\Blog\Controllers\HowItWorksController::GET

[1 occurrence(s)]
DEBUG --> [REQ_ID=6e1d693928b7] [METHOD_ENTRY] show

[1 occurrence(s)]
DEBUG --> [REQ_ID=d8b9774215e8] [REQUEST][START] GET /index.php/How-It-Works/investments

[1 occurrence(s)]
DEBUG --> [REQ_ID=d8b9774215e8] [FILTER_BEFORE] /index.php/How-It-Works/investments

[1 occurrence(s)]
DEBUG --> [REQ_ID=d8b9774215e8] [ROUTE] Controller=\App\Modules\Blog\Controllers\HowItWorksController Method=show

[1 occurrence(s)]
DEBUG --> [REQ_ID=d8b9774215e8] [LIFECYCLE][START] GET https://www.mymiwallet.com/index.php/How-It-Works/investments

[1 occurrence(s)]
DEBUG --> [CSRF] token name=csrf_test_name hash=a1c15bbfd08493f26d29775b3a1970e8

[1 occurrence(s)]
DEBUG --> [REQ_ID=e0ef9314cfe3] [INIT] App\Modules\Blog\Controllers\HowItWorksController::GET

[1 occurrence(s)]
DEBUG --> [REQ_ID=e0ef9314cfe3] [METHOD_ENTRY] show

[1 occurrence(s)]
DEBUG --> [REQ_ID=782d212eb741] [REQUEST][START] GET /index.php/How-It-Works/account-settings

[1 occurrence(s)]
DEBUG --> [REQ_ID=782d212eb741] [FILTER_BEFORE] /index.php/How-It-Works/account-settings

[1 occurrence(s)]
DEBUG --> [REQ_ID=782d212eb741] [ROUTE] Controller=\App\Modules\Blog\Controllers\HowItWorksController Method=show

[1 occurrence(s)]
DEBUG --> [REQ_ID=782d212eb741] [LIFECYCLE][START] GET https://www.mymiwallet.com/index.php/How-It-Works/account-settings

[1 occurrence(s)]
DEBUG --> [CSRF] token name=csrf_test_name hash=ac62ad410365ad75a88438845344fd85

[1 occurrence(s)]
DEBUG --> [REQ_ID=5d61530f5bef] [INIT] App\Modules\Blog\Controllers\HowItWorksController::GET

[1 occurrence(s)]
DEBUG --> [REQ_ID=5d61530f5bef] [METHOD_ENTRY] show

[1 occurrence(s)]
DEBUG --> [REQ_ID=583636e3fd7e] [REQUEST][START] GET /index.php/How-It-Works/Investor-Profile

[1 occurrence(s)]
DEBUG --> [REQ_ID=583636e3fd7e] [FILTER_BEFORE] /index.php/How-It-Works/Investor-Profile

[1 occurrence(s)]
DEBUG --> [REQ_ID=583636e3fd7e] [ROUTE] Controller=\App\Modules\Blog\Controllers\HowItWorksController Method=show

[1 occurrence(s)]
DEBUG --> [REQ_ID=583636e3fd7e] [LIFECYCLE][START] GET https://www.mymiwallet.com/index.php/How-It-Works/Investor-Profile

[1 occurrence(s)]
DEBUG --> [CSRF] token name=csrf_test_name hash=9c1efd102d1c3ac3204dd30b8efc41d2

[1 occurrence(s)]
DEBUG --> [REQ_ID=0fee4a51d871] [INIT] App\Modules\Blog\Controllers\HowItWorksController::GET

[1 occurrence(s)]
DEBUG --> [REQ_ID=0fee4a51d871] [METHOD_ENTRY] show

[1 occurrence(s)]
DEBUG --> [REQ_ID=8b6d6d773771] [REQUEST][START] HEAD /

[1 occurrence(s)]
DEBUG --> [REQ_ID=0aa2cee28f95] [REQUEST][START] HEAD /

[1 occurrence(s)]
DEBUG --> [REQ_ID=14b728360539] [REQUEST][START] GET /

[1 occurrence(s)]
DEBUG --> [REQ_ID=14b728360539] [REQUEST][END]

[1 occurrence(s)]
DEBUG --> [REQ_ID=8c6df519cb98] [REQUEST][START] HEAD /

[1 occurrence(s)]
DEBUG --> [REQ_ID=f56dd38337f5] [REQUEST][START] GET /

[1 occurrence(s)]
DEBUG --> [REQ_ID=f56dd38337f5] [REQUEST][END]

[1 occurrence(s)]
DEBUG --> [REQ_ID=f736790029b1] [REQUEST][START] GET /

[1 occurrence(s)]
DEBUG --> [REQ_ID=f736790029b1] [FILTER_BEFORE] /

[1 occurrence(s)]
DEBUG --> [REQ_ID=f736790029b1] [ROUTE] Controller=\App\Controllers\Home Method=index

[1 occurrence(s)]
DEBUG --> [REQ_ID=f736790029b1] [LIFECYCLE][START] GET https://www.mymiwallet.com/index.php/

[1 occurrence(s)]
DEBUG --> [CSRF] token name=csrf_test_name hash=4f9a101b36f4c4c67f2cfeba802b0bd2

[1 occurrence(s)]
DEBUG --> [REQ_ID=d5a2d6d3175d] [INIT] App\Controllers\Home::GET

[1 occurrence(s)]
DEBUG --> [REQ_ID=d5a2d6d3175d] [VIEW_RENDER] themes/public/home

[8 occurrence(s)]
DEBUG --> [MetaService] slug= pageName=Home cacheHit=1 path=CACHE

[1 occurrence(s)]
DEBUG --> [REQ_ID=f736790029b1] [FILTER_AFTER]

[1 occurrence(s)]
DEBUG --> [REQ_ID=f736790029b1] [LIFECYCLE][END] status=200 duration_ms=717.20 memory_delta=4194304

[1 occurrence(s)]
DEBUG --> [REQ_ID=f736790029b1] [REQUEST][END]

[1 occurrence(s)]
DEBUG --> [REQ_ID=cd8d88177af7] [REQUEST][START] HEAD /

[1 occurrence(s)]
DEBUG --> [REQ_ID=6cd78c3bae97] [REQUEST][START] HEAD /

[1 occurrence(s)]
DEBUG --> [REQ_ID=5b95e5886f78] [REQUEST][START] GET /

[1 occurrence(s)]
DEBUG --> [REQ_ID=5b95e5886f78] [FILTER_BEFORE] /

[1 occurrence(s)]
DEBUG --> [REQ_ID=5b95e5886f78] [ROUTE] Controller=\App\Controllers\Home Method=index

[1 occurrence(s)]
DEBUG --> [REQ_ID=5b95e5886f78] [LIFECYCLE][START] GET https://www.mymiwallet.com/index.php/

[1 occurrence(s)]
DEBUG --> [CSRF] token name=csrf_test_name hash=2651e68d7291c1b4331f675e18efdcd2

[1 occurrence(s)]
DEBUG --> [REQ_ID=2cefcc369316] [INIT] App\Controllers\Home::GET

[4 occurrence(s)]
DEBUG --> [MetaService] slug= pageName= cacheHit=1 path=CACHE

[1 occurrence(s)]
DEBUG --> [REQ_ID=2cefcc369316] [VIEW_RENDER] themes/public/home

[1 occurrence(s)]
DEBUG --> [REQ_ID=5b95e5886f78] [FILTER_AFTER]

[1 occurrence(s)]
DEBUG --> [REQ_ID=5b95e5886f78] [LIFECYCLE][END] status=200 duration_ms=690.14 memory_delta=4194304

[1 occurrence(s)]
DEBUG --> [REQ_ID=5b95e5886f78] [REQUEST][END]

[1 occurrence(s)]
DEBUG --> [REQ_ID=fb9141837e42] [REQUEST][START] HEAD /

[1 occurrence(s)]
DEBUG --> [REQ_ID=99a33be6f696] [REQUEST][START] HEAD /

[1 occurrence(s)]
DEBUG --> [REQ_ID=b1dffd62130b] [REQUEST][START] GET /index.php

[1 occurrence(s)]
DEBUG --> [REQ_ID=b1dffd62130b] [REQUEST][END]

[1 occurrence(s)]
DEBUG --> [REQ_ID=3a5e4ccc3ce7] [REQUEST][START] GET /index.php/API/Management/Run-CRON-Tasks

[1 occurrence(s)]
DEBUG --> [REQ_ID=3a5e4ccc3ce7] [FILTER_BEFORE] /index.php/API/Management/Run-CRON-Tasks

[1 occurrence(s)]
DEBUG --> [REQ_ID=3a5e4ccc3ce7] [ROUTE] Controller=\App\Modules\Management\Controllers\ManagementAPIController Method=Run_CRON_Tasks

[1 occurrence(s)]
DEBUG --> [REQ_ID=3a5e4ccc3ce7] [LIFECYCLE][START] GET https://www.mymiwallet.com/index.php/API/Management/Run-CRON-Tasks

[1 occurrence(s)]
DEBUG --> [REQ_ID=3a5e4ccc3ce7] [REQUEST][END]

[1 occurrence(s)]
DEBUG --> [REQ_ID=0ee2d783895d] [REQUEST][START] HEAD /

[1 occurrence(s)]
DEBUG --> [REQ_ID=42fe5dd35592] [REQUEST][START] HEAD /

[1 occurrence(s)]
DEBUG --> [REQ_ID=4e881386d31d] [REQUEST][START] HEAD /

[1 occurrence(s)]
DEBUG --> [REQ_ID=3d806ef50964] [REQUEST][START] GET /index.php/API/Alerts/fetchEmailAlerts

[1 occurrence(s)]
DEBUG --> [REQ_ID=3d806ef50964] [FILTER_BEFORE] /index.php/API/Alerts/fetchEmailAlerts

[1 occurrence(s)]
DEBUG --> [REQ_ID=3d806ef50964] [ROUTE] Controller=\App\Modules\APIs\Controllers\AlertsAPIController Method=fetchEmailAlerts

[1 occurrence(s)]
DEBUG --> [REQ_ID=3d806ef50964] [LIFECYCLE][START] GET https://www.mymiwallet.com/index.php/API/Alerts/fetchEmailAlerts

[1 occurrence(s)]
DEBUG --> [REQ_ID=3d806ef50964] [REQUEST][END]

[1 occurrence(s)]
DEBUG --> [REQ_ID=94e3b52b9c17] [REQUEST][START] GET /

[1 occurrence(s)]
DEBUG --> [REQ_ID=94e3b52b9c17] [REQUEST][END]

[1 occurrence(s)]
DEBUG --> [REQ_ID=d3adc8e2b09e] [REQUEST][START] HEAD /

[1 occurrence(s)]
DEBUG --> [REQ_ID=517bc87be38a] [REQUEST][START] HEAD /

[1 occurrence(s)]
DEBUG --> [REQ_ID=205e51e030d6] [REQUEST][START] GET /

[1 occurrence(s)]
DEBUG --> [REQ_ID=205e51e030d6] [FILTER_BEFORE] /

[1 occurrence(s)]
DEBUG --> [REQ_ID=205e51e030d6] [ROUTE] Controller=\App\Controllers\Home Method=index

[1 occurrence(s)]
DEBUG --> [REQ_ID=205e51e030d6] [LIFECYCLE][START] GET https://www.mymiwallet.com/index.php/

[1 occurrence(s)]
DEBUG --> [CSRF] token name=csrf_test_name hash=ee8e4b6f84266efbd484e661731e5a9e

[1 occurrence(s)]
DEBUG --> [REQ_ID=229e1e83f824] [INIT] App\Controllers\Home::GET

[1 occurrence(s)]
DEBUG --> [REQ_ID=229e1e83f824] [VIEW_RENDER] themes/public/home

[1 occurrence(s)]
DEBUG --> [REQ_ID=205e51e030d6] [FILTER_AFTER]

[1 occurrence(s)]
DEBUG --> [REQ_ID=205e51e030d6] [LIFECYCLE][END] status=200 duration_ms=634.86 memory_delta=4194304

[1 occurrence(s)]
DEBUG --> [REQ_ID=205e51e030d6] [REQUEST][END]

[1 occurrence(s)]
DEBUG --> [REQ_ID=957aa42272f0] [REQUEST][START] HEAD /

[1 occurrence(s)]
DEBUG --> [REQ_ID=7c591b105daf] [REQUEST][START] GET /

[1 occurrence(s)]
DEBUG --> [REQ_ID=7c591b105daf] [FILTER_BEFORE] /

[1 occurrence(s)]
DEBUG --> [REQ_ID=7c591b105daf] [ROUTE] Controller=\App\Controllers\Home Method=index

[1 occurrence(s)]
DEBUG --> [REQ_ID=7c591b105daf] [LIFECYCLE][START] GET https://www.mymiwallet.com/index.php/

[2 occurrence(s)]
DEBUG --> [CSRF] token name=csrf_test_name hash=9f4502a853b56ee2ac1d451960a951aa

[1 occurrence(s)]
DEBUG --> [REQ_ID=30228dab6cdb] [INIT] App\Controllers\Home::GET

[1 occurrence(s)]
DEBUG --> [REQ_ID=30228dab6cdb] [VIEW_RENDER] themes/public/home

[1 occurrence(s)]
DEBUG --> [REQ_ID=7c591b105daf] [FILTER_AFTER]

[1 occurrence(s)]
DEBUG --> [REQ_ID=7c591b105daf] [LIFECYCLE][END] status=200 duration_ms=581.92 memory_delta=4194304

[1 occurrence(s)]
DEBUG --> [REQ_ID=7c591b105daf] [REQUEST][END]

[1 occurrence(s)]
DEBUG --> [REQ_ID=b249fd21f733] [REQUEST][START] GET /index.php/How-It-Works/Investment-Dashboard

[1 occurrence(s)]
DEBUG --> [REQ_ID=b249fd21f733] [FILTER_BEFORE] /index.php/How-It-Works/Investment-Dashboard

[1 occurrence(s)]
DEBUG --> [REQ_ID=b249fd21f733] [ROUTE] Controller=\App\Modules\Blog\Controllers\HowItWorksController Method=show

[1 occurrence(s)]
DEBUG --> [REQ_ID=b249fd21f733] [LIFECYCLE][START] GET https://www.mymiwallet.com/index.php/How-It-Works/Investment-Dashboard

[1 occurrence(s)]
DEBUG --> [REQ_ID=b3be0e53e692] [INIT] App\Modules\Blog\Controllers\HowItWorksController::GET

[1 occurrence(s)]
DEBUG --> [REQ_ID=b3be0e53e692] [METHOD_ENTRY] show

[1 occurrence(s)]
DEBUG --> [REQ_ID=b249fd21f733] [FILTER_AFTER]

[1 occurrence(s)]
DEBUG --> [REQ_ID=b249fd21f733] [LIFECYCLE][END] status=200 duration_ms=490.39 memory_delta=2097152

[1 occurrence(s)]
DEBUG --> [REQ_ID=b249fd21f733] [REQUEST][END]

[1 occurrence(s)]
DEBUG --> [REQ_ID=3fab77423fc5] [REQUEST][START] HEAD /

[1 occurrence(s)]
DEBUG --> [REQ_ID=6517b70c013c] [REQUEST][START] HEAD /

[1 occurrence(s)]
DEBUG --> [REQ_ID=d8198842b998] [REQUEST][START] HEAD /

[1 occurrence(s)]
DEBUG --> [REQ_ID=a4839047e514] [REQUEST][START] HEAD /

[1 occurrence(s)]
DEBUG --> [REQ_ID=c29090349f19] [REQUEST][START] HEAD /

[1 occurrence(s)]
DEBUG --> [REQ_ID=57393cd59cbc] [REQUEST][START] HEAD /

[1 occurrence(s)]
DEBUG --> [REQ_ID=af924cacecd2] [REQUEST][START] GET /index.php/Legal/Terms-And-Conditions

[1 occurrence(s)]
DEBUG --> [REQ_ID=af924cacecd2] [FILTER_BEFORE] /index.php/Legal/Terms-And-Conditions

[1 occurrence(s)]
DEBUG --> [REQ_ID=af924cacecd2] [ROUTE] Controller=\App\Controllers\Home Method=terms

[1 occurrence(s)]
DEBUG --> [REQ_ID=af924cacecd2] [LIFECYCLE][START] GET https://www.mymiwallet.com/index.php/Legal/Terms-And-Conditions

[1 occurrence(s)]
DEBUG --> [CSRF] token name=csrf_test_name hash=e2bed93cbdd1c45713f1369b75db6bca

[1 occurrence(s)]
DEBUG --> [REQ_ID=af924cacecd2] [REQUEST][END]

[1 occurrence(s)]
DEBUG --> [REQ_ID=e77b32d82162] [REQUEST][START] GET /index.php/login

[1 occurrence(s)]
DEBUG --> [REQ_ID=e77b32d82162] [FILTER_BEFORE] /index.php/login

[1 occurrence(s)]
DEBUG --> [REQ_ID=e77b32d82162] [ROUTE] Controller=\App\Controllers\AuthController Method=login

[1 occurrence(s)]
DEBUG --> [REQ_ID=e77b32d82162] [LIFECYCLE][START] GET https://www.mymiwallet.com/index.php/login

[1 occurrence(s)]
DEBUG --> [CSRF] token name=csrf_test_name hash=5320b32a551dff7c45aef477abc5d32e

[1 occurrence(s)]
DEBUG --> [REQ_ID=a43db684f53e] [INIT] App\Controllers\AuthController::GET

[1 occurrence(s)]
DEBUG --> [REQ_ID=e77b32d82162] [FILTER_AFTER]

[1 occurrence(s)]
DEBUG --> [REQ_ID=e77b32d82162] [LIFECYCLE][END] status=200 duration_ms=29.10 memory_delta=0

[1 occurrence(s)]
DEBUG --> [REQ_ID=e77b32d82162] [REQUEST][END]

[1 occurrence(s)]
DEBUG --> [REQ_ID=6cc8e630ec22] [REQUEST][START] GET /index.php/API/Management/Run-CRON-Tasks

[1 occurrence(s)]
DEBUG --> [REQ_ID=6cc8e630ec22] [FILTER_BEFORE] /index.php/API/Management/Run-CRON-Tasks

[1 occurrence(s)]
DEBUG --> [REQ_ID=6cc8e630ec22] [ROUTE] Controller=\App\Modules\Management\Controllers\ManagementAPIController Method=Run_CRON_Tasks

[1 occurrence(s)]
DEBUG --> [REQ_ID=6cc8e630ec22] [LIFECYCLE][START] GET https://www.mymiwallet.com/index.php/API/Management/Run-CRON-Tasks

[1 occurrence(s)]
DEBUG --> [REQ_ID=6cc8e630ec22] [REQUEST][END]

[1 occurrence(s)]
DEBUG --> [REQ_ID=17ff5b3a94d9] [REQUEST][START] HEAD /

[1 occurrence(s)]
DEBUG --> [REQ_ID=92a383f34fa3] [REQUEST][START] HEAD /

[1 occurrence(s)]
DEBUG --> [REQ_ID=0c70f281b55c] [REQUEST][START] HEAD /

[1 occurrence(s)]
DEBUG --> [REQ_ID=347530f51f83] [REQUEST][START] GET /index.php/API/Alerts/fetchEmailAlerts

[1 occurrence(s)]
DEBUG --> [REQ_ID=347530f51f83] [FILTER_BEFORE] /index.php/API/Alerts/fetchEmailAlerts

[1 occurrence(s)]
DEBUG --> [REQ_ID=347530f51f83] [ROUTE] Controller=\App\Modules\APIs\Controllers\AlertsAPIController Method=fetchEmailAlerts

[1 occurrence(s)]
DEBUG --> [REQ_ID=347530f51f83] [LIFECYCLE][START] GET https://www.mymiwallet.com/index.php/API/Alerts/fetchEmailAlerts

[1 occurrence(s)]
DEBUG --> [REQ_ID=347530f51f83] [REQUEST][END]

[1 occurrence(s)]
DEBUG --> [REQ_ID=2540356ae357] [REQUEST][START] HEAD /

[1 occurrence(s)]
DEBUG --> [REQ_ID=3ee9a508c9ff] [REQUEST][START] HEAD /

[1 occurrence(s)]
DEBUG --> [REQ_ID=d5a2ecaff2e7] [REQUEST][START] HEAD /

[1 occurrence(s)]
DEBUG --> [REQ_ID=837d258dd476] [REQUEST][START] HEAD /

[1 occurrence(s)]
DEBUG --> [REQ_ID=a23ff57faa41] [REQUEST][START] HEAD /

[1 occurrence(s)]
DEBUG --> [REQ_ID=9df2a8d2a05d] [REQUEST][START] HEAD /

[1 occurrence(s)]
DEBUG --> [REQ_ID=9cecb1f69d6e] [REQUEST][START] HEAD /

[1 occurrence(s)]
DEBUG --> [REQ_ID=cb2d684b79c6] [REQUEST][START] GET /

[1 occurrence(s)]
DEBUG --> [REQ_ID=cb2d684b79c6] [FILTER_BEFORE] /

[1 occurrence(s)]
DEBUG --> [REQ_ID=cb2d684b79c6] [ROUTE] Controller=\App\Controllers\Home Method=index

[1 occurrence(s)]
DEBUG --> [REQ_ID=cb2d684b79c6] [LIFECYCLE][START] GET https://www.mymiwallet.com/index.php/

[1 occurrence(s)]
DEBUG --> [CSRF] token name=csrf_test_name hash=904947565563e422e7943d163b9a4d7d

[1 occurrence(s)]
DEBUG --> [REQ_ID=0297c306d519] [INIT] App\Controllers\Home::GET

[1 occurrence(s)]
DEBUG --> [REQ_ID=0297c306d519] [VIEW_RENDER] themes/public/home

[1 occurrence(s)]
DEBUG --> [REQ_ID=cb2d684b79c6] [FILTER_AFTER]

[1 occurrence(s)]
DEBUG --> [REQ_ID=cb2d684b79c6] [LIFECYCLE][END] status=200 duration_ms=842.99 memory_delta=4194304

[1 occurrence(s)]
DEBUG --> [REQ_ID=cb2d684b79c6] [REQUEST][END]

[1 occurrence(s)]
DEBUG --> [REQ_ID=e8c1757bd5f8] [REQUEST][START] HEAD /

[1 occurrence(s)]
DEBUG --> [REQ_ID=dc6ea966a0c7] [REQUEST][START] HEAD /

[1 occurrence(s)]
DEBUG --> [REQ_ID=6898e02a0c4e] [REQUEST][START] GET /index.php/API/Management/Run-CRON-Tasks

[1 occurrence(s)]
DEBUG --> [REQ_ID=6898e02a0c4e] [FILTER_BEFORE] /index.php/API/Management/Run-CRON-Tasks

[1 occurrence(s)]
DEBUG --> [REQ_ID=6898e02a0c4e] [ROUTE] Controller=\App\Modules\Management\Controllers\ManagementAPIController Method=Run_CRON_Tasks

[1 occurrence(s)]
DEBUG --> [REQ_ID=6898e02a0c4e] [LIFECYCLE][START] GET https://www.mymiwallet.com/index.php/API/Management/Run-CRON-Tasks

[1 occurrence(s)]
DEBUG --> [REQ_ID=6898e02a0c4e] [REQUEST][END]

[1 occurrence(s)]
DEBUG --> [REQ_ID=c4f937ea9dea] [REQUEST][START] GET /index.php/login

[1 occurrence(s)]
DEBUG --> [REQ_ID=c4f937ea9dea] [REQUEST][END]

[1 occurrence(s)]
DEBUG --> [REQ_ID=65f02609f9fb] [REQUEST][START] HEAD /

[1 occurrence(s)]
DEBUG --> [REQ_ID=5dfcbdf741a9] [REQUEST][START] HEAD /

[1 occurrence(s)]
DEBUG --> [REQ_ID=fbfcd8cbee6e] [REQUEST][START] HEAD /

[1 occurrence(s)]
DEBUG --> [REQ_ID=12877f07a92c] [REQUEST][START] GET /index.php/API/Alerts/fetchEmailAlerts

[1 occurrence(s)]
DEBUG --> [REQ_ID=12877f07a92c] [FILTER_BEFORE] /index.php/API/Alerts/fetchEmailAlerts

[1 occurrence(s)]
DEBUG --> [REQ_ID=12877f07a92c] [ROUTE] Controller=\App\Modules\APIs\Controllers\AlertsAPIController Method=fetchEmailAlerts

[1 occurrence(s)]
DEBUG --> [REQ_ID=12877f07a92c] [LIFECYCLE][START] GET https://www.mymiwallet.com/index.php/API/Alerts/fetchEmailAlerts

[1 occurrence(s)]
DEBUG --> [REQ_ID=12877f07a92c] [REQUEST][END]

[1 occurrence(s)]
DEBUG --> [REQ_ID=22f8a0102264] [REQUEST][START] HEAD /

[1 occurrence(s)]
DEBUG --> [REQ_ID=c40d6eef31a3] [REQUEST][START] HEAD /

[1 occurrence(s)]
DEBUG --> [REQ_ID=9c9bc22023b8] [REQUEST][START] HEAD /

[1 occurrence(s)]
DEBUG --> [REQ_ID=f48d6e5c4921] [REQUEST][START] GET /

[1 occurrence(s)]
DEBUG --> [REQ_ID=f48d6e5c4921] [FILTER_BEFORE] /

[1 occurrence(s)]
DEBUG --> [REQ_ID=f48d6e5c4921] [ROUTE] Controller=\App\Controllers\Home Method=index

[1 occurrence(s)]
DEBUG --> [REQ_ID=f48d6e5c4921] [LIFECYCLE][START] GET https://www.mymiwallet.com/index.php/

[1 occurrence(s)]
DEBUG --> [CSRF] token name=csrf_test_name hash=dedc5f2c649aba758346bb793e19d0d6

[1 occurrence(s)]
DEBUG --> [REQ_ID=7909d7e7fcba] [INIT] App\Controllers\Home::GET

[1 occurrence(s)]
DEBUG --> [REQ_ID=7909d7e7fcba] [VIEW_RENDER] themes/public/home

[1 occurrence(s)]
DEBUG --> [REQ_ID=f48d6e5c4921] [FILTER_AFTER]

[1 occurrence(s)]
DEBUG --> [REQ_ID=f48d6e5c4921] [LIFECYCLE][END] status=200 duration_ms=891.66 memory_delta=4194304

[1 occurrence(s)]
DEBUG --> [REQ_ID=f48d6e5c4921] [REQUEST][END]

[1 occurrence(s)]
DEBUG --> [REQ_ID=3ea0acdf1c0c] [REQUEST][START] HEAD /

[1 occurrence(s)]
DEBUG --> [REQ_ID=87335f48443c] [REQUEST][START] HEAD /

[1 occurrence(s)]
DEBUG --> [REQ_ID=b3a0a2cdfe12] [REQUEST][START] HEAD /

[1 occurrence(s)]
DEBUG --> [REQ_ID=b320964c4a4f] [REQUEST][START] GET /

[1 occurrence(s)]
DEBUG --> [REQ_ID=b320964c4a4f] [FILTER_BEFORE] /

[1 occurrence(s)]
DEBUG --> [REQ_ID=b320964c4a4f] [ROUTE] Controller=\App\Controllers\Home Method=index

[1 occurrence(s)]
DEBUG --> [REQ_ID=b320964c4a4f] [LIFECYCLE][START] GET https://www.mymiwallet.com/index.php/

[1 occurrence(s)]
DEBUG --> [CSRF] token name=csrf_test_name hash=226046cf8cc54d0a9324c38a6f093dc7

[1 occurrence(s)]
DEBUG --> [REQ_ID=fc723c33968d] [INIT] App\Controllers\Home::GET

[1 occurrence(s)]
DEBUG --> [REQ_ID=fc723c33968d] [VIEW_RENDER] themes/public/home

[1 occurrence(s)]
DEBUG --> [REQ_ID=b320964c4a4f] [FILTER_AFTER]

[1 occurrence(s)]
DEBUG --> [REQ_ID=b320964c4a4f] [LIFECYCLE][END] status=200 duration_ms=689.56 memory_delta=4194304

[1 occurrence(s)]
DEBUG --> [REQ_ID=b320964c4a4f] [REQUEST][END]

[1 occurrence(s)]
DEBUG --> [REQ_ID=9179ec4aa32f] [REQUEST][START] HEAD /

[1 occurrence(s)]
DEBUG --> [REQ_ID=5830fb57dbf3] [REQUEST][START] HEAD /

[1 occurrence(s)]
DEBUG --> [REQ_ID=9670ec24d8f1] [REQUEST][START] HEAD /

[1 occurrence(s)]
DEBUG --> [REQ_ID=576bb07db84e] [REQUEST][START] GET /index.php/API/Management/Run-CRON-Tasks

[1 occurrence(s)]
DEBUG --> [REQ_ID=576bb07db84e] [FILTER_BEFORE] /index.php/API/Management/Run-CRON-Tasks

[1 occurrence(s)]
DEBUG --> [REQ_ID=576bb07db84e] [ROUTE] Controller=\App\Modules\Management\Controllers\ManagementAPIController Method=Run_CRON_Tasks

[1 occurrence(s)]
DEBUG --> [REQ_ID=576bb07db84e] [LIFECYCLE][START] GET https://www.mymiwallet.com/index.php/API/Management/Run-CRON-Tasks

[1 occurrence(s)]
DEBUG --> [REQ_ID=576bb07db84e] [REQUEST][END]

[1 occurrence(s)]
DEBUG --> [REQ_ID=f3158ee91538] [REQUEST][START] GET /index.php/Getting-Started

[1 occurrence(s)]
DEBUG --> [REQ_ID=f3158ee91538] [REQUEST][END]

[1 occurrence(s)]
DEBUG --> [REQ_ID=10dfd5c29a11] [REQUEST][START] HEAD /

[1 occurrence(s)]
DEBUG --> [REQ_ID=b74bfd1d39ff] [REQUEST][START] HEAD /

[1 occurrence(s)]
DEBUG --> [REQ_ID=8df02c3b38b9] [REQUEST][START] HEAD /

[1 occurrence(s)]
DEBUG --> [REQ_ID=bd2cf46f9f74] [REQUEST][START] GET /index.php/API/Alerts/fetchEmailAlerts

[1 occurrence(s)]
DEBUG --> [REQ_ID=bd2cf46f9f74] [FILTER_BEFORE] /index.php/API/Alerts/fetchEmailAlerts

[1 occurrence(s)]
DEBUG --> [REQ_ID=bd2cf46f9f74] [ROUTE] Controller=\App\Modules\APIs\Controllers\AlertsAPIController Method=fetchEmailAlerts

[1 occurrence(s)]
DEBUG --> [REQ_ID=bd2cf46f9f74] [LIFECYCLE][START] GET https://www.mymiwallet.com/index.php/API/Alerts/fetchEmailAlerts

[1 occurrence(s)]
DEBUG --> [REQ_ID=bd2cf46f9f74] [REQUEST][END]

[1 occurrence(s)]
DEBUG --> [REQ_ID=22c176cea7a5] [REQUEST][START] GET /

[1 occurrence(s)]
DEBUG --> [REQ_ID=22c176cea7a5] [FILTER_BEFORE] /

[1 occurrence(s)]
DEBUG --> [REQ_ID=22c176cea7a5] [ROUTE] Controller=\App\Controllers\Home Method=index

[1 occurrence(s)]
DEBUG --> [REQ_ID=22c176cea7a5] [LIFECYCLE][START] GET https://www.mymiwallet.com/index.php/

[1 occurrence(s)]
DEBUG --> [CSRF] token name=csrf_test_name hash=001a6de49381e693bef18adb59240ad5

[1 occurrence(s)]
DEBUG --> [REQ_ID=72d33c9bf5a9] [INIT] App\Controllers\Home::GET

[1 occurrence(s)]
DEBUG --> [REQ_ID=72d33c9bf5a9] [VIEW_RENDER] themes/public/home

[1 occurrence(s)]
DEBUG --> [REQ_ID=22c176cea7a5] [FILTER_AFTER]

[1 occurrence(s)]
DEBUG --> [REQ_ID=22c176cea7a5] [LIFECYCLE][END] status=200 duration_ms=826.16 memory_delta=4194304

[1 occurrence(s)]
DEBUG --> [REQ_ID=22c176cea7a5] [REQUEST][END]

[1 occurrence(s)]
DEBUG --> [REQ_ID=c8cf49cb5522] [REQUEST][START] HEAD /

[1 occurrence(s)]
DEBUG --> [REQ_ID=821cf8f00575] [REQUEST][START] GET /

[1 occurrence(s)]
DEBUG --> [REQ_ID=821cf8f00575] [FILTER_BEFORE] /

[1 occurrence(s)]
DEBUG --> [REQ_ID=821cf8f00575] [ROUTE] Controller=\App\Controllers\Home Method=index

[1 occurrence(s)]
DEBUG --> [REQ_ID=821cf8f00575] [LIFECYCLE][START] GET https://www.mymiwallet.com/index.php/

[1 occurrence(s)]
DEBUG --> [CSRF] token name=csrf_test_name hash=58a66bce5165ccc143f45a8cb8b8a015

[1 occurrence(s)]
DEBUG --> [REQ_ID=db0aabb892f9] [INIT] App\Controllers\Home::GET

[1 occurrence(s)]
DEBUG --> [REQ_ID=db0aabb892f9] [VIEW_RENDER] themes/public/home

[1 occurrence(s)]
DEBUG --> [REQ_ID=821cf8f00575] [FILTER_AFTER]

[1 occurrence(s)]
DEBUG --> [REQ_ID=821cf8f00575] [LIFECYCLE][END] status=200 duration_ms=549.00 memory_delta=4194304

[1 occurrence(s)]
DEBUG --> [REQ_ID=821cf8f00575] [REQUEST][END]

[1 occurrence(s)]
DEBUG --> [REQ_ID=ef8dad73035f] [REQUEST][START] HEAD /

[1 occurrence(s)]
DEBUG --> [REQ_ID=5a601dc102ed] [REQUEST][START] HEAD /

[1 occurrence(s)]
DEBUG --> [REQ_ID=2b9ff08945e2] [REQUEST][START] GET /

[1 occurrence(s)]
DEBUG --> [REQ_ID=2b9ff08945e2] [FILTER_BEFORE] /

[1 occurrence(s)]
DEBUG --> [REQ_ID=2b9ff08945e2] [ROUTE] Controller=\App\Controllers\Home Method=index

[1 occurrence(s)]
DEBUG --> [REQ_ID=2b9ff08945e2] [LIFECYCLE][START] GET https://www.mymiwallet.com/index.php/

[1 occurrence(s)]
DEBUG --> [CSRF] token name=csrf_test_name hash=9bd18dd23ee3e98cbb300a08bfdff6a0

[1 occurrence(s)]
DEBUG --> [REQ_ID=95483bf1ac4d] [INIT] App\Controllers\Home::GET

[1 occurrence(s)]
DEBUG --> [REQ_ID=95483bf1ac4d] [VIEW_RENDER] themes/public/home

[1 occurrence(s)]
DEBUG --> [REQ_ID=2b9ff08945e2] [FILTER_AFTER]

[1 occurrence(s)]
DEBUG --> [REQ_ID=2b9ff08945e2] [LIFECYCLE][END] status=200 duration_ms=596.98 memory_delta=4194304

[1 occurrence(s)]
DEBUG --> [REQ_ID=2b9ff08945e2] [REQUEST][END]

[1 occurrence(s)]
DEBUG --> [REQ_ID=723ab1136b43] [REQUEST][START] HEAD /

[1 occurrence(s)]
DEBUG --> [REQ_ID=48e77e63aeb8] [REQUEST][START] HEAD /

[1 occurrence(s)]
DEBUG --> [REQ_ID=898ff2e30fe0] [REQUEST][START] HEAD /

[1 occurrence(s)]
DEBUG --> [REQ_ID=fd89082b4cd5] [REQUEST][START] GET /index.php/How-It-Works/earnings

[1 occurrence(s)]
DEBUG --> [REQ_ID=fd89082b4cd5] [REQUEST][END]

[1 occurrence(s)]
DEBUG --> [REQ_ID=ab6b95a228de] [REQUEST][START] HEAD /

[1 occurrence(s)]
DEBUG --> [REQ_ID=731f431d86ce] [REQUEST][START] HEAD /

[1 occurrence(s)]
DEBUG --> [REQ_ID=44348a2c4a6b] [REQUEST][START] GET /index.php/Management/Assets

[1 occurrence(s)]
DEBUG --> [REQ_ID=44348a2c4a6b] [REQUEST][END]

[1 occurrence(s)]
DEBUG --> [REQ_ID=ec3090340791] [REQUEST][START] HEAD /

[1 occurrence(s)]
DEBUG --> [REQ_ID=599b39294a96] [REQUEST][START] GET /index.php/Knowledgebase/Partner-Service-Agreement

[1 occurrence(s)]
DEBUG --> [REQ_ID=ac5c33e8ef47] [REQUEST][START] GET /index.php/API/Management/Run-CRON-Tasks

[1 occurrence(s)]
DEBUG --> [REQ_ID=ac5c33e8ef47] [FILTER_BEFORE] /index.php/API/Management/Run-CRON-Tasks

[1 occurrence(s)]
DEBUG --> [REQ_ID=ac5c33e8ef47] [ROUTE] Controller=\App\Modules\Management\Controllers\ManagementAPIController Method=Run_CRON_Tasks

[1 occurrence(s)]
DEBUG --> [REQ_ID=ac5c33e8ef47] [LIFECYCLE][START] GET https://www.mymiwallet.com/index.php/API/Management/Run-CRON-Tasks

[1 occurrence(s)]
DEBUG --> [REQ_ID=ac5c33e8ef47] [REQUEST][END]

[1 occurrence(s)]
DEBUG --> [REQ_ID=1a9540453012] [REQUEST][START] GET /

[1 occurrence(s)]
DEBUG --> [REQ_ID=1a9540453012] [FILTER_BEFORE] /

[1 occurrence(s)]
DEBUG --> [REQ_ID=1a9540453012] [ROUTE] Controller=\App\Controllers\Home Method=index

[1 occurrence(s)]
DEBUG --> [REQ_ID=1a9540453012] [LIFECYCLE][START] GET https://www.mymiwallet.com/index.php/

[1 occurrence(s)]
DEBUG --> [CSRF] token name=csrf_test_name hash=4a1bad4236be11db8230fa441f3bb5bc

[1 occurrence(s)]
DEBUG --> [REQ_ID=9025abb3306e] [INIT] App\Controllers\Home::GET

[1 occurrence(s)]
DEBUG --> [REQ_ID=9025abb3306e] [VIEW_RENDER] themes/public/home

[1 occurrence(s)]
DEBUG --> [REQ_ID=1a9540453012] [FILTER_AFTER]

[1 occurrence(s)]
DEBUG --> [REQ_ID=1a9540453012] [LIFECYCLE][END] status=200 duration_ms=619.76 memory_delta=4194304

[1 occurrence(s)]
DEBUG --> [REQ_ID=1a9540453012] [REQUEST][END]

[1 occurrence(s)]
DEBUG --> [REQ_ID=db46f137ffb9] [REQUEST][START] HEAD /

[1 occurrence(s)]
DEBUG --> [REQ_ID=c2f685a30ce9] [REQUEST][START] GET /index.php/Assets

[1 occurrence(s)]
DEBUG --> [REQ_ID=c2f685a30ce9] [REQUEST][END]

[1 occurrence(s)]
DEBUG --> [REQ_ID=6b9343bb88a2] [REQUEST][START] HEAD /

[1 occurrence(s)]
DEBUG --> [REQ_ID=3609733424ba] [REQUEST][START] HEAD /

[1 occurrence(s)]
DEBUG --> [REQ_ID=2ce86b8a149e] [REQUEST][START] GET /index.php/API/Alerts/fetchEmailAlerts

[1 occurrence(s)]
DEBUG --> [REQ_ID=2ce86b8a149e] [FILTER_BEFORE] /index.php/API/Alerts/fetchEmailAlerts

[1 occurrence(s)]
DEBUG --> [REQ_ID=2ce86b8a149e] [ROUTE] Controller=\App\Modules\APIs\Controllers\AlertsAPIController Method=fetchEmailAlerts

[1 occurrence(s)]
DEBUG --> [REQ_ID=2ce86b8a149e] [LIFECYCLE][START] GET https://www.mymiwallet.com/index.php/API/Alerts/fetchEmailAlerts

[1 occurrence(s)]
DEBUG --> [REQ_ID=2ce86b8a149e] [REQUEST][END]

[1 occurrence(s)]
DEBUG --> [REQ_ID=90f6808cb82e] [REQUEST][START] HEAD /

[1 occurrence(s)]
DEBUG --> [REQ_ID=f554cb6b276b] [REQUEST][START] HEAD /

[1 occurrence(s)]
DEBUG --> [REQ_ID=345d01d9fdca] [REQUEST][START] HEAD /

[1 occurrence(s)]
DEBUG --> [REQ_ID=277bbfbc5575] [REQUEST][START] HEAD /

[1 occurrence(s)]
DEBUG --> [REQ_ID=9d5f6223bfc0] [REQUEST][START] GET /index.php/Wallets/Purchase/Memberships/Basic

[1 occurrence(s)]
DEBUG --> [REQ_ID=9d5f6223bfc0] [REQUEST][END]

[1 occurrence(s)]
DEBUG --> [REQ_ID=4a90728da948] [REQUEST][START] HEAD /

[1 occurrence(s)]
DEBUG --> [REQ_ID=bf389876f0cc] [REQUEST][START] GET /index.php/Terms-Of-Service

[1 occurrence(s)]
DEBUG --> [REQ_ID=bf389876f0cc] [REQUEST][END]

[1 occurrence(s)]
DEBUG --> [REQ_ID=930a71edd94c] [REQUEST][START] HEAD /

[1 occurrence(s)]
DEBUG --> [REQ_ID=2fd0a6dcf29a] [REQUEST][START] GET /index.php/Partner/register

[1 occurrence(s)]
DEBUG --> [REQ_ID=2fd0a6dcf29a] [REQUEST][END]

[1 occurrence(s)]
DEBUG --> [REQ_ID=2df15f8de3ef] [REQUEST][START] HEAD /

[1 occurrence(s)]
DEBUG --> [REQ_ID=4d9d4f8947ea] [REQUEST][START] GET /

[1 occurrence(s)]
DEBUG --> [REQ_ID=4d9d4f8947ea] [FILTER_BEFORE] /

[1 occurrence(s)]
DEBUG --> [REQ_ID=4d9d4f8947ea] [ROUTE] Controller=\App\Controllers\Home Method=index

[1 occurrence(s)]
DEBUG --> [REQ_ID=4d9d4f8947ea] [LIFECYCLE][START] GET https://www.mymiwallet.com/index.php/

[1 occurrence(s)]
DEBUG --> [CSRF] token name=csrf_test_name hash=c3375753a2b3739de298fc679254f8c8

[1 occurrence(s)]
DEBUG --> [REQ_ID=0278aa35f88f] [INIT] App\Controllers\Home::GET

[1 occurrence(s)]
DEBUG --> [REQ_ID=0278aa35f88f] [VIEW_RENDER] themes/public/home

[1 occurrence(s)]
DEBUG --> [REQ_ID=4d9d4f8947ea] [FILTER_AFTER]

[1 occurrence(s)]
DEBUG --> [REQ_ID=4d9d4f8947ea] [LIFECYCLE][END] status=200 duration_ms=626.14 memory_delta=4194304

[1 occurrence(s)]
DEBUG --> [REQ_ID=4d9d4f8947ea] [REQUEST][END]

[1 occurrence(s)]
DEBUG --> [REQ_ID=a9cd02ee1737] [REQUEST][START] GET /index.php/Account/Social-Media

[1 occurrence(s)]
DEBUG --> [REQ_ID=a9cd02ee1737] [REQUEST][END]

[1 occurrence(s)]
DEBUG --> [REQ_ID=39d15e6fc9d0] [REQUEST][START] HEAD /

[1 occurrence(s)]
DEBUG --> [REQ_ID=8764b24304c3] [REQUEST][START] HEAD /

[1 occurrence(s)]
DEBUG --> [REQ_ID=57eed5ab9418] [REQUEST][START] HEAD /

[1 occurrence(s)]
DEBUG --> [REQ_ID=fea319fc083e] [REQUEST][START] GET /index.php/API/Management/Run-CRON-Tasks

[1 occurrence(s)]
DEBUG --> [REQ_ID=fea319fc083e] [FILTER_BEFORE] /index.php/API/Management/Run-CRON-Tasks

[1 occurrence(s)]
DEBUG --> [REQ_ID=fea319fc083e] [ROUTE] Controller=\App\Modules\Management\Controllers\ManagementAPIController Method=Run_CRON_Tasks

[1 occurrence(s)]
DEBUG --> [REQ_ID=fea319fc083e] [LIFECYCLE][START] GET https://www.mymiwallet.com/index.php/API/Management/Run-CRON-Tasks

[1 occurrence(s)]
DEBUG --> [REQ_ID=fea319fc083e] [REQUEST][END]

[1 occurrence(s)]
DEBUG --> [REQ_ID=3f27e1f78570] [REQUEST][START] HEAD /

[1 occurrence(s)]
DEBUG --> [REQ_ID=facac3d605d3] [REQUEST][START] HEAD /

[1 occurrence(s)]
DEBUG --> [REQ_ID=4ce194ab5d6b] [REQUEST][START] HEAD /

[1 occurrence(s)]
DEBUG --> [REQ_ID=02387db46759] [REQUEST][START] GET /index.php/API/Alerts/fetchEmailAlerts

[1 occurrence(s)]
DEBUG --> [REQ_ID=02387db46759] [FILTER_BEFORE] /index.php/API/Alerts/fetchEmailAlerts

[1 occurrence(s)]
DEBUG --> [REQ_ID=02387db46759] [ROUTE] Controller=\App\Modules\APIs\Controllers\AlertsAPIController Method=fetchEmailAlerts

[1 occurrence(s)]
DEBUG --> [REQ_ID=02387db46759] [LIFECYCLE][START] GET https://www.mymiwallet.com/index.php/API/Alerts/fetchEmailAlerts

[1 occurrence(s)]
DEBUG --> [REQ_ID=02387db46759] [REQUEST][END]

[1 occurrence(s)]
DEBUG --> [REQ_ID=54a19dbd07bf] [REQUEST][START] HEAD /

[1 occurrence(s)]
DEBUG --> [REQ_ID=3a729420fc1a] [REQUEST][START] HEAD /

[1 occurrence(s)]
DEBUG --> [REQ_ID=a6720f06f4d3] [REQUEST][START] HEAD /

[1 occurrence(s)]
DEBUG --> [REQ_ID=a9811ec7860d] [REQUEST][START] HEAD /

[1 occurrence(s)]
DEBUG --> [REQ_ID=d6bd7ec6976b] [REQUEST][START] HEAD /

[1 occurrence(s)]
DEBUG --> [REQ_ID=d3d00ad0e23e] [REQUEST][START] GET /

[1 occurrence(s)]
DEBUG --> [REQ_ID=d3d00ad0e23e] [REQUEST][END]

[1 occurrence(s)]
DEBUG --> [REQ_ID=9ba25880e722] [REQUEST][START] HEAD /

[1 occurrence(s)]
DEBUG --> [REQ_ID=42f83da17602] [REQUEST][START] HEAD /

[1 occurrence(s)]
DEBUG --> [REQ_ID=e870c5fe9d35] [REQUEST][START] HEAD /

[1 occurrence(s)]
DEBUG --> [REQ_ID=009d56e476ea] [REQUEST][START] HEAD /

[1 occurrence(s)]
DEBUG --> [REQ_ID=d300870fb7ac] [REQUEST][START] GET /

[1 occurrence(s)]
DEBUG --> [REQ_ID=d300870fb7ac] [FILTER_BEFORE] /

[1 occurrence(s)]
DEBUG --> [REQ_ID=d300870fb7ac] [ROUTE] Controller=\App\Controllers\Home Method=index

[1 occurrence(s)]
DEBUG --> [REQ_ID=d300870fb7ac] [LIFECYCLE][START] GET https://www.mymiwallet.com/index.php/

[1 occurrence(s)]
DEBUG --> [CSRF] token name=csrf_test_name hash=68f7f21f2678484d0fa8e5c1d8300aca

[1 occurrence(s)]
DEBUG --> [REQ_ID=0d315131a925] [INIT] App\Controllers\Home::GET

[1 occurrence(s)]
DEBUG --> [REQ_ID=0d315131a925] [VIEW_RENDER] themes/public/home

[1 occurrence(s)]
DEBUG --> [REQ_ID=d300870fb7ac] [FILTER_AFTER]

[1 occurrence(s)]
DEBUG --> [REQ_ID=d300870fb7ac] [LIFECYCLE][END] status=200 duration_ms=610.88 memory_delta=4194304

[1 occurrence(s)]
DEBUG --> [REQ_ID=d300870fb7ac] [REQUEST][END]

[1 occurrence(s)]
DEBUG --> [REQ_ID=59e85cd03e58] [REQUEST][START] GET /index.php/API/Management/Run-CRON-Tasks

[1 occurrence(s)]
DEBUG --> [REQ_ID=59e85cd03e58] [FILTER_BEFORE] /index.php/API/Management/Run-CRON-Tasks

[1 occurrence(s)]
DEBUG --> [REQ_ID=59e85cd03e58] [ROUTE] Controller=\App\Modules\Management\Controllers\ManagementAPIController Method=Run_CRON_Tasks

[1 occurrence(s)]
DEBUG --> [REQ_ID=59e85cd03e58] [LIFECYCLE][START] GET https://www.mymiwallet.com/index.php/API/Management/Run-CRON-Tasks

[1 occurrence(s)]
DEBUG --> [REQ_ID=59e85cd03e58] [REQUEST][END]


---------------------------
LEVEL: INFO
---------------------------

[1 occurrence(s)]
INFO --> [REQ_ID=96735ec73a65] [PERF] Execution time=0.049878

[1 occurrence(s)]
INFO --> [REQ_ID=44b961584933] [PERF] Execution time=0.047410

[1 occurrence(s)]
INFO --> [REQ_ID=f3bf68ee9d19] [PERF] Execution time=0.017645

[1 occurrence(s)]
INFO --> [REQ_ID=b006cb1c6a06] [MEMORY][controller-start] 4194304

[1 occurrence(s)]
INFO --> [REQ_ID=b006cb1c6a06] [MEMORY][commonData:start] 6291456

[1 occurrence(s)]
INFO --> [REQ_ID=b006cb1c6a06] [MEMORY][commonData:start] 8388608

[6 occurrence(s)]
INFO --> themesMemory usage: 8388608

[1 occurrence(s)]
INFO --> [REQ_ID=b006cb1c6a06] [PERF] Execution time=0.654044

[1 occurrence(s)]
INFO --> [REQ_ID=95c6bdcf658f] [PERF] Execution time=0.676329

[1 occurrence(s)]
INFO --> [REQ_ID=6b48c016ba12] [PERF] Execution time=0.015669

[1 occurrence(s)]
INFO --> [REQ_ID=c053e9ecc451] [PERF] Execution time=0.014414

[1 occurrence(s)]
INFO --> [REQ_ID=373101f43287] [PERF] Execution time=0.014655

[1 occurrence(s)]
INFO --> [REQ_ID=42de45e07e84] [PERF] Execution time=0.126877

[1 occurrence(s)]
INFO --> [REQ_ID=a2c0f8e99076] [PERF] Execution time=0.012624

[1 occurrence(s)]
INFO --> [REQ_ID=8e73617d5e5c] [MEMORY][controller-start] 4194304

[2 occurrence(s)]
INFO --> [REQ_ID=8e73617d5e5c] [MEMORY][commonData:start] 4194304

[1 occurrence(s)]
INFO --> themesMemory usage: 4194304

[1 occurrence(s)]
INFO --> [REQ_ID=8e73617d5e5c] [PERF] Execution time=0.315689

[1 occurrence(s)]
INFO --> [REQ_ID=cf320831cf6a] [PERF] Execution time=0.327748

[1 occurrence(s)]
INFO --> [REQ_ID=2f31e7859b16] [PERF] Execution time=0.010701

[1 occurrence(s)]
INFO --> [REQ_ID=640e0fa46488] [MEMORY][controller-start] 4194304

[1 occurrence(s)]
INFO --> [REQ_ID=640e0fa46488] [PERF] Execution time=0.067183

[1 occurrence(s)]
INFO --> [REQ_ID=49c00df92ddd] [MEMORY][controller-start] 4194304

[1 occurrence(s)]
INFO --> [REQ_ID=49c00df92ddd] [PERF] Execution time=0.037361

[1 occurrence(s)]
INFO --> [REQ_ID=6e1d693928b7] [MEMORY][controller-start] 4194304

[1 occurrence(s)]
INFO --> [REQ_ID=6e1d693928b7] [PERF] Execution time=0.029724

[1 occurrence(s)]
INFO --> [REQ_ID=e0ef9314cfe3] [MEMORY][controller-start] 4194304

[1 occurrence(s)]
INFO --> [REQ_ID=e0ef9314cfe3] [PERF] Execution time=0.052948

[1 occurrence(s)]
INFO --> [REQ_ID=5d61530f5bef] [MEMORY][controller-start] 4194304

[1 occurrence(s)]
INFO --> [REQ_ID=5d61530f5bef] [PERF] Execution time=0.046824

[1 occurrence(s)]
INFO --> [REQ_ID=0fee4a51d871] [MEMORY][controller-start] 4194304

[1 occurrence(s)]
INFO --> [REQ_ID=0fee4a51d871] [PERF] Execution time=0.040823

[1 occurrence(s)]
INFO --> [REQ_ID=14b728360539] [PERF] Execution time=0.018030

[1 occurrence(s)]
INFO --> [REQ_ID=f56dd38337f5] [PERF] Execution time=0.018676

[1 occurrence(s)]
INFO --> [REQ_ID=d5a2d6d3175d] [MEMORY][controller-start] 6291456

[1 occurrence(s)]
INFO --> [REQ_ID=d5a2d6d3175d] [MEMORY][commonData:start] 6291456

[1 occurrence(s)]
INFO --> [REQ_ID=d5a2d6d3175d] [MEMORY][commonData:start] 10485760

[8 occurrence(s)]
INFO --> themesMemory usage: 10485760

[1 occurrence(s)]
INFO --> [REQ_ID=d5a2d6d3175d] [PERF] Execution time=0.711959

[1 occurrence(s)]
INFO --> [REQ_ID=f736790029b1] [PERF] Execution time=0.762093

[1 occurrence(s)]
INFO --> [REQ_ID=2cefcc369316] [MEMORY][controller-start] 4194304

[1 occurrence(s)]
INFO --> [REQ_ID=2cefcc369316] [MEMORY][commonData:start] 6291456

[1 occurrence(s)]
INFO --> [REQ_ID=2cefcc369316] [MEMORY][commonData:start] 8388608

[1 occurrence(s)]
INFO --> [REQ_ID=2cefcc369316] [PERF] Execution time=0.688199

[1 occurrence(s)]
INFO --> [REQ_ID=5b95e5886f78] [PERF] Execution time=0.710021

[1 occurrence(s)]
INFO --> [REQ_ID=b1dffd62130b] [PERF] Execution time=0.018544

[1 occurrence(s)]
INFO --> [REQ_ID=3a5e4ccc3ce7] [PERF] Execution time=0.069757

[1 occurrence(s)]
INFO --> [REQ_ID=3d806ef50964] [PERF] Execution time=0.046184

[1 occurrence(s)]
INFO --> [REQ_ID=94e3b52b9c17] [PERF] Execution time=0.010187

[1 occurrence(s)]
INFO --> [REQ_ID=229e1e83f824] [MEMORY][controller-start] 6291456

[1 occurrence(s)]
INFO --> [REQ_ID=229e1e83f824] [MEMORY][commonData:start] 6291456

[1 occurrence(s)]
INFO --> [REQ_ID=229e1e83f824] [MEMORY][commonData:start] 10485760

[1 occurrence(s)]
INFO --> [REQ_ID=229e1e83f824] [PERF] Execution time=0.632880

[1 occurrence(s)]
INFO --> [REQ_ID=205e51e030d6] [PERF] Execution time=0.673227

[1 occurrence(s)]
INFO --> [REQ_ID=30228dab6cdb] [MEMORY][controller-start] 6291456

[1 occurrence(s)]
INFO --> [REQ_ID=30228dab6cdb] [MEMORY][commonData:start] 6291456

[1 occurrence(s)]
INFO --> [REQ_ID=30228dab6cdb] [MEMORY][commonData:start] 10485760

[1 occurrence(s)]
INFO --> [REQ_ID=30228dab6cdb] [PERF] Execution time=0.580152

[1 occurrence(s)]
INFO --> [REQ_ID=7c591b105daf] [PERF] Execution time=0.623201

[1 occurrence(s)]
INFO --> [REQ_ID=b3be0e53e692] [MEMORY][controller-start] 6291456

[1 occurrence(s)]
INFO --> [REQ_ID=b3be0e53e692] [MEMORY][commonData:start] 6291456

[1 occurrence(s)]
INFO --> [REQ_ID=b3be0e53e692] [PERF] Execution time=0.490317

[1 occurrence(s)]
INFO --> [REQ_ID=b249fd21f733] [PERF] Execution time=0.504397

[1 occurrence(s)]
INFO --> [REQ_ID=af924cacecd2] [PERF] Execution time=0.038561

[1 occurrence(s)]
INFO --> [REQ_ID=a43db684f53e] [MEMORY][controller-start] 4194304

[1 occurrence(s)]
INFO --> [REQ_ID=a43db684f53e] [PERF] Execution time=0.028873

[1 occurrence(s)]
INFO --> [REQ_ID=e77b32d82162] [PERF] Execution time=0.040969

[1 occurrence(s)]
INFO --> [REQ_ID=6cc8e630ec22] [PERF] Execution time=0.048235

[1 occurrence(s)]
INFO --> [REQ_ID=347530f51f83] [PERF] Execution time=0.068236

[1 occurrence(s)]
INFO --> [REQ_ID=0297c306d519] [MEMORY][controller-start] 6291456

[1 occurrence(s)]
INFO --> [REQ_ID=0297c306d519] [MEMORY][commonData:start] 6291456

[1 occurrence(s)]
INFO --> [REQ_ID=0297c306d519] [MEMORY][commonData:start] 10485760

[1 occurrence(s)]
INFO --> [REQ_ID=0297c306d519] [PERF] Execution time=0.840924

[1 occurrence(s)]
INFO --> [REQ_ID=cb2d684b79c6] [PERF] Execution time=0.883047

[1 occurrence(s)]
INFO --> [REQ_ID=6898e02a0c4e] [PERF] Execution time=0.050169

[1 occurrence(s)]
INFO --> [REQ_ID=c4f937ea9dea] [PERF] Execution time=0.021860

[1 occurrence(s)]
INFO --> [REQ_ID=12877f07a92c] [PERF] Execution time=0.050728

[1 occurrence(s)]
INFO --> [REQ_ID=7909d7e7fcba] [MEMORY][controller-start] 4194304

[1 occurrence(s)]
INFO --> [REQ_ID=7909d7e7fcba] [MEMORY][commonData:start] 6291456

[1 occurrence(s)]
INFO --> [REQ_ID=7909d7e7fcba] [MEMORY][commonData:start] 8388608

[1 occurrence(s)]
INFO --> [REQ_ID=7909d7e7fcba] [PERF] Execution time=0.889669

[1 occurrence(s)]
INFO --> [REQ_ID=f48d6e5c4921] [PERF] Execution time=0.910967

[1 occurrence(s)]
INFO --> [REQ_ID=fc723c33968d] [MEMORY][controller-start] 6291456

[1 occurrence(s)]
INFO --> [REQ_ID=fc723c33968d] [MEMORY][commonData:start] 6291456

[1 occurrence(s)]
INFO --> [REQ_ID=fc723c33968d] [MEMORY][commonData:start] 10485760

[1 occurrence(s)]
INFO --> [REQ_ID=fc723c33968d] [PERF] Execution time=0.687647

[1 occurrence(s)]
INFO --> [REQ_ID=b320964c4a4f] [PERF] Execution time=0.729277

[1 occurrence(s)]
INFO --> [REQ_ID=576bb07db84e] [PERF] Execution time=0.087916

[1 occurrence(s)]
INFO --> [REQ_ID=f3158ee91538] [PERF] Execution time=0.014423

[1 occurrence(s)]
INFO --> [REQ_ID=bd2cf46f9f74] [PERF] Execution time=0.046991

[1 occurrence(s)]
INFO --> [REQ_ID=72d33c9bf5a9] [MEMORY][controller-start] 6291456

[1 occurrence(s)]
INFO --> [REQ_ID=72d33c9bf5a9] [MEMORY][commonData:start] 6291456

[1 occurrence(s)]
INFO --> [REQ_ID=72d33c9bf5a9] [MEMORY][commonData:start] 10485760

[1 occurrence(s)]
INFO --> [REQ_ID=72d33c9bf5a9] [PERF] Execution time=0.823200

[1 occurrence(s)]
INFO --> [REQ_ID=22c176cea7a5] [PERF] Execution time=0.879038

[1 occurrence(s)]
INFO --> [REQ_ID=db0aabb892f9] [MEMORY][controller-start] 4194304

[1 occurrence(s)]
INFO --> [REQ_ID=db0aabb892f9] [MEMORY][commonData:start] 4194304

[1 occurrence(s)]
INFO --> [REQ_ID=db0aabb892f9] [MEMORY][commonData:start] 8388608

[1 occurrence(s)]
INFO --> [REQ_ID=db0aabb892f9] [PERF] Execution time=0.548927

[1 occurrence(s)]
INFO --> [REQ_ID=821cf8f00575] [PERF] Execution time=0.559972

[1 occurrence(s)]
INFO --> [REQ_ID=95483bf1ac4d] [MEMORY][controller-start] 6291456

[1 occurrence(s)]
INFO --> [REQ_ID=95483bf1ac4d] [MEMORY][commonData:start] 6291456

[1 occurrence(s)]
INFO --> [REQ_ID=95483bf1ac4d] [MEMORY][commonData:start] 10485760

[1 occurrence(s)]
INFO --> [REQ_ID=95483bf1ac4d] [PERF] Execution time=0.594798

[1 occurrence(s)]
INFO --> [REQ_ID=2b9ff08945e2] [PERF] Execution time=0.635682

[1 occurrence(s)]
INFO --> [REQ_ID=fd89082b4cd5] [PERF] Execution time=0.020853

[1 occurrence(s)]
INFO --> [REQ_ID=44348a2c4a6b] [PERF] Execution time=0.022993

[1 occurrence(s)]
INFO --> [REQ_ID=ac5c33e8ef47] [PERF] Execution time=0.049079

[1 occurrence(s)]
INFO --> [REQ_ID=9025abb3306e] [MEMORY][controller-start] 4194304

[1 occurrence(s)]
INFO --> [REQ_ID=9025abb3306e] [MEMORY][commonData:start] 6291456

[1 occurrence(s)]
INFO --> [REQ_ID=9025abb3306e] [MEMORY][commonData:start] 8388608

[1 occurrence(s)]
INFO --> [REQ_ID=9025abb3306e] [PERF] Execution time=0.618373

[1 occurrence(s)]
INFO --> [REQ_ID=1a9540453012] [PERF] Execution time=0.633840

[1 occurrence(s)]
INFO --> [REQ_ID=c2f685a30ce9] [PERF] Execution time=0.013162

[1 occurrence(s)]
INFO --> [REQ_ID=2ce86b8a149e] [PERF] Execution time=0.055996

[1 occurrence(s)]
INFO --> [REQ_ID=9d5f6223bfc0] [PERF] Execution time=0.044680

[1 occurrence(s)]
INFO --> [REQ_ID=bf389876f0cc] [PERF] Execution time=0.038830

[1 occurrence(s)]
INFO --> [REQ_ID=2fd0a6dcf29a] [PERF] Execution time=0.040119

[1 occurrence(s)]
INFO --> [REQ_ID=0278aa35f88f] [MEMORY][controller-start] 4194304

[1 occurrence(s)]
INFO --> [REQ_ID=0278aa35f88f] [MEMORY][commonData:start] 6291456

[1 occurrence(s)]
INFO --> [REQ_ID=0278aa35f88f] [MEMORY][commonData:start] 8388608

[1 occurrence(s)]
INFO --> [REQ_ID=0278aa35f88f] [PERF] Execution time=0.623040

[1 occurrence(s)]
INFO --> [REQ_ID=4d9d4f8947ea] [PERF] Execution time=0.650203

[1 occurrence(s)]
INFO --> [REQ_ID=a9cd02ee1737] [PERF] Execution time=0.046120

[1 occurrence(s)]
INFO --> [REQ_ID=fea319fc083e] [PERF] Execution time=0.050972

[1 occurrence(s)]
INFO --> [REQ_ID=02387db46759] [PERF] Execution time=0.045975

[1 occurrence(s)]
INFO --> [REQ_ID=d3d00ad0e23e] [PERF] Execution time=0.040922

[1 occurrence(s)]
INFO --> [REQ_ID=0d315131a925] [MEMORY][controller-start] 6291456

[1 occurrence(s)]
INFO --> [REQ_ID=0d315131a925] [MEMORY][commonData:start] 6291456

[1 occurrence(s)]
INFO --> [REQ_ID=0d315131a925] [MEMORY][commonData:start] 10485760

[1 occurrence(s)]
INFO --> [REQ_ID=0d315131a925] [PERF] Execution time=0.609108

[1 occurrence(s)]
INFO --> [REQ_ID=d300870fb7ac] [PERF] Execution time=0.653870

[1 occurrence(s)]
INFO --> [SPARK_START] App\Commands\AIOps\Run

[3 occurrence(s)]
INFO --> [SPARK_MEMORY] 18874368

[1 occurrence(s)]
INFO --> [spark:aiops:run] Intent

[1 occurrence(s)]
INFO --> [spark:ops:work] Started

[1 occurrence(s)]
INFO --> [SPARK_START] App\Commands\Ops\Work

[1 occurrence(s)]
INFO --> [spark:ops:work] Intent

[1 occurrence(s)]
INFO --> [spark:ops:work] Completed

[1 occurrence(s)]
INFO --> [SPARK_COMPLETE] App\Commands\Ops\Work duration=0.080502

[1 occurrence(s)]
INFO --> [SPARK_MEMORY] 20971520

[1 occurrence(s)]
INFO --> [REQ_ID=59e85cd03e58] [PERF] Execution time=0.044268

[1 occurrence(s)]
INFO --> [AIOPS][SPARK][GOVERNANCE][spark:logs:summarize] Started

[1 occurrence(s)]
INFO --> [SPARK_START] App\Commands\Logs\Summarize

[1 occurrence(s)]
INFO --> [spark:logs:summarize] Intent


---------------------------
LEVEL: WARNING
---------------------------

[85 occurrence(s)]
WARNING --> [404] URI=https://www.mymiwallet.com/index.php/

[84 occurrence(s)]
WARNING --> 404 route miss: https://www.mymiwallet.com/index.php/ | referrer: http://67.205.42.220

[8 occurrence(s)]
WARNING --> MyMIWallets initialized without numeric user context.

[1 occurrence(s)]
WARNING --> [404] URI=https://www.mymiwallet.com/index.php/How-It-Works/overview

[1 occurrence(s)]
WARNING --> 404 route miss: https://www.mymiwallet.com/index.php/How-It-Works/overview | referrer: none

[1 occurrence(s)]
WARNING --> [404] URI=https://www.mymiwallet.com/index.php/How-It-Works/marketing

[1 occurrence(s)]
WARNING --> 404 route miss: https://www.mymiwallet.com/index.php/How-It-Works/marketing | referrer: none

[1 occurrence(s)]
WARNING --> [404] URI=https://www.mymiwallet.com/index.php/How-It-Works/earnings

[1 occurrence(s)]
WARNING --> 404 route miss: https://www.mymiwallet.com/index.php/How-It-Works/earnings | referrer: none

[1 occurrence(s)]
WARNING --> [404] URI=https://www.mymiwallet.com/index.php/How-It-Works/investments

[1 occurrence(s)]
WARNING --> 404 route miss: https://www.mymiwallet.com/index.php/How-It-Works/investments | referrer: none

[1 occurrence(s)]
WARNING --> [404] URI=https://www.mymiwallet.com/index.php/How-It-Works/account-settings

[1 occurrence(s)]
WARNING --> 404 route miss: https://www.mymiwallet.com/index.php/How-It-Works/account-settings | referrer: none

[1 occurrence(s)]
WARNING --> [404] URI=https://www.mymiwallet.com/index.php/How-It-Works/Investor-Profile

[1 occurrence(s)]
WARNING --> 404 route miss: https://www.mymiwallet.com/index.php/How-It-Works/Investor-Profile | referrer: none

[1 occurrence(s)]
WARNING --> 404 route miss: https://www.mymiwallet.com/index.php/ | referrer: none


---------------------------
LEVEL: ERROR
---------------------------

[1 occurrence(s)]
ERROR --> HowItWorksController failure: overview

[6 occurrence(s)]
ERROR --> [ERROR_PAGE] event=error_404 status=404 message=Page not found.

[1 occurrence(s)]
ERROR --> HowItWorksController failure: marketing

[1 occurrence(s)]
ERROR --> HowItWorksController failure: earnings

[1 occurrence(s)]
ERROR --> HowItWorksController failure: investments

[1 occurrence(s)]
ERROR --> HowItWorksController failure: account-settings

[1 occurrence(s)]
ERROR --> HowItWorksController failure: investor-profile

[1 occurrence(s)]
ERROR --> [ERROR_PAGE] event=error_500 status=500 message=Internal server error.


---------------------------
LEVEL: CRITICAL
---------------------------

[91 occurrence(s)]
CRITICAL --> CodeIgniter\Exceptions\PageNotFoundException: Page Not Found

[91 occurrence(s)]
CRITICAL --> [EXCEPTION] Page Not Found File=/home/mymiteam/mymiwallet/site/current/vendor/codeigniter4/framework/system/CodeIgniter.php Line=1001

[1 occurrence(s)]
CRITICAL --> ErrorException: Access level to App\Modules\User\Controllers\KnowledgebaseController::respondWithRendered() must be protected (as in class App\Controllers\BaseController) or weaker

[1 occurrence(s)]
CRITICAL --> [EXCEPTION] Access level to App\Modules\User\Controllers\KnowledgebaseController::respondWithRendered() must be protected (as in class App\Controllers\BaseController) or weaker File=/home/mymiteam/mymiwallet/site/current/app/Modules/User/Controllers/KnowledgebaseController.php Line=535


===============================================
   HERE'S THE NEW STUFF
   (No previous timestamp recorded – nothing treated as new)
===============================================

---- CONFIG LINT ----
✅ Services::cache
✅ Services::responsecache
✅ Services::session
✅ Services::email
✅ Services::logger
✅ Services::validation
✅ Services::renderer
