===============================================
   MyMI Wallet — Log Summary for 2026-02-22
   Auto-generated by logs:summarize command
   Grouped by (LEVEL + message)
===============================================

Last processed up to: 2026-02-22 20:00:03

---------------------------
LEVEL: DEBUG
---------------------------

[1 occurrence(s)]
DEBUG --> LOG_HEALTHCHECK debug marker=5f328118f669

[1 occurrence(s)]
DEBUG --> LOG_HEALTHCHECK debug marker=5128cdac67e1

[1 occurrence(s)]
DEBUG --> LOG_HEALTHCHECK debug marker=8d117187be00

[1 occurrence(s)]
DEBUG --> LOG_HEALTHCHECK debug marker=3c8fff4ffc9d

[1 occurrence(s)]
DEBUG --> LOG_HEALTHCHECK debug marker=4f23d59aaf72

[1 occurrence(s)]
DEBUG --> LOG_HEALTHCHECK debug marker=039a6f1f632a

[1 occurrence(s)]
DEBUG --> LOG_HEALTHCHECK debug marker=0858f1556b1f

[1 occurrence(s)]
DEBUG --> LOG_HEALTHCHECK debug marker=dd4bf37ca576

[1 occurrence(s)]
DEBUG --> LOG_HEALTHCHECK debug marker=a810ebf7b916

[1 occurrence(s)]
DEBUG --> LOG_HEALTHCHECK debug marker=0cb34a117f0c

[1 occurrence(s)]
DEBUG --> LOG_HEALTHCHECK debug marker=00b8a3c68223

[1 occurrence(s)]
DEBUG --> LOG_HEALTHCHECK debug marker=0cede299b7cb

[1 occurrence(s)]
DEBUG --> LOG_HEALTHCHECK debug marker=71f0438cbc52


---------------------------
LEVEL: INFO
---------------------------

[85 occurrence(s)]
INFO --> [spark:ops:work] Started

[85 occurrence(s)]
INFO --> [spark:ops:work] Intent

[85 occurrence(s)]
INFO --> [spark:ops:work] Completed

[12 occurrence(s)]
INFO --> [spark:aiops:run] Intent

[12 occurrence(s)]
INFO --> [AIOPS][SPARK][GOVERNANCE][spark:logs:summarize] Started

[12 occurrence(s)]
INFO --> [spark:logs:summarize] Intent

[11 occurrence(s)]
INFO --> [AIOPS][SPARK][GOVERNANCE][spark:logs:summarize] Completed

[13 occurrence(s)]
INFO --> [spark:app:healthcheck] Started

[13 occurrence(s)]
INFO --> [spark:app:healthcheck] Intent

[1 occurrence(s)]
INFO --> LOG_HEALTHCHECK info marker=5f328118f669

[13 occurrence(s)]
INFO --> [spark:app:healthcheck] Completed

[2 occurrence(s)]
INFO --> [spark:config:clear] Intent

[1 occurrence(s)]
INFO --> LOG_HEALTHCHECK info marker=5128cdac67e1

[1 occurrence(s)]
INFO --> LOG_HEALTHCHECK info marker=8d117187be00

[1 occurrence(s)]
INFO --> LOG_HEALTHCHECK info marker=3c8fff4ffc9d

[1 occurrence(s)]
INFO --> [spark:spark-reset] Intent

[1 occurrence(s)]
INFO --> LOG_HEALTHCHECK info marker=4f23d59aaf72

[1 occurrence(s)]
INFO --> LOG_HEALTHCHECK info marker=039a6f1f632a

[1 occurrence(s)]
INFO --> LOG_HEALTHCHECK info marker=0858f1556b1f

[1 occurrence(s)]
INFO --> LOG_HEALTHCHECK info marker=dd4bf37ca576

[1 occurrence(s)]
INFO --> LOG_HEALTHCHECK info marker=a810ebf7b916

[1 occurrence(s)]
INFO --> LOG_HEALTHCHECK info marker=0cb34a117f0c

[1 occurrence(s)]
INFO --> LOG_HEALTHCHECK info marker=00b8a3c68223

[1 occurrence(s)]
INFO --> LOG_HEALTHCHECK info marker=0cede299b7cb

[1 occurrence(s)]
INFO --> LOG_HEALTHCHECK info marker=71f0438cbc52


===============================================
   HERE'S THE NEW STUFF
   (Entries logged AFTER 2026-02-22 20:00:03)
===============================================

---------------------------
LEVEL: DEBUG (NEW)
---------------------------

[1 NEW occurrence(s)]
DEBUG --> LOG_HEALTHCHECK debug marker=71f0438cbc52


---------------------------
LEVEL: INFO (NEW)
---------------------------

[1 NEW occurrence(s)]
INFO --> [spark:app:healthcheck] Started

[1 NEW occurrence(s)]
INFO --> [spark:app:healthcheck] Intent

[1 NEW occurrence(s)]
INFO --> LOG_HEALTHCHECK info marker=71f0438cbc52

[1 NEW occurrence(s)]
INFO --> [spark:app:healthcheck] Completed

[8 NEW occurrence(s)]
INFO --> [spark:ops:work] Started

[8 NEW occurrence(s)]
INFO --> [spark:ops:work] Intent

[8 NEW occurrence(s)]
INFO --> [spark:ops:work] Completed

[1 NEW occurrence(s)]
INFO --> [spark:aiops:run] Intent

[1 NEW occurrence(s)]
INFO --> [AIOPS][SPARK][GOVERNANCE][spark:logs:summarize] Started

[1 NEW occurrence(s)]
INFO --> [spark:logs:summarize] Intent


---- CONFIG LINT ----
✅ Services::cache
✅ Services::responsecache
✅ Services::session
✅ Services::email
✅ Services::logger
✅ Services::validation
✅ Services::renderer
