===============================================
   MyMI Wallet — Log Summary for 2026-02-06
   Auto-generated by logs:summarize command
   Grouped by (LEVEL + message)
===============================================

Last processed up to: <none> (first run for this date)

---------------------------
LEVEL: CRITICAL
---------------------------

[10 occurrence(s)]
CRITICAL --> Error: Call to undefined function App\Config\sanitizeCacheKey()


===============================================
   HERE'S THE NEW STUFF
   (No previous timestamp recorded – nothing treated as new)
===============================================

---- CONFIG LINT ----
✅ Services::cache
✅ Services::responsecache
✅ Services::session
✅ Services::email
✅ Services::logger
✅ Services::validation
✅ Services::renderer
