===============================================
   MyMI Wallet — Log Summary for 2026-03-19
   Auto-generated by logs:summarize command
   Grouped by (LEVEL + message)
===============================================

Last processed up to: <none> (first run for this date)

---------------------------
LEVEL: DEBUG
---------------------------

[1 occurrence(s)]
DEBUG --> [REQ_ID=fae68ad9842c] [REQUEST][START] GET /index.php/API/Management/Run-CRON-Tasks

[138 occurrence(s)]
DEBUG --> Session: Class initialized using 'CodeIgniter\Session\Handlers\FileHandler' driver.

[1 occurrence(s)]
DEBUG --> [REQ_ID=fae68ad9842c] [FILTER_BEFORE] /index.php/API/Management/Run-CRON-Tasks

[1 occurrence(s)]
DEBUG --> [REQ_ID=fae68ad9842c] [ROUTE] Controller=\App\Modules\Management\Controllers\ManagementAPIController Method=Run_CRON_Tasks

[1 occurrence(s)]
DEBUG --> [REQ_ID=fae68ad9842c] [LIFECYCLE][START] GET https://www.mymiwallet.com/index.php/API/Management/Run-CRON-Tasks

[1 occurrence(s)]
DEBUG --> [REQ_ID=fae68ad9842c] [REQUEST][END]

[1 occurrence(s)]
DEBUG --> [REQ_ID=29058b76ab66] [REQUEST][START] HEAD /

[1 occurrence(s)]
DEBUG --> [REQ_ID=8f13d95adc06] [REQUEST][START] HEAD /

[1 occurrence(s)]
DEBUG --> [REQ_ID=b8173c685d45] [REQUEST][START] HEAD /

[1 occurrence(s)]
DEBUG --> [REQ_ID=f987a7c64901] [REQUEST][START] GET /

[1 occurrence(s)]
DEBUG --> [REQ_ID=f987a7c64901] [REQUEST][END]

[1 occurrence(s)]
DEBUG --> [REQ_ID=4731a872cf9d] [REQUEST][START] HEAD /

[1 occurrence(s)]
DEBUG --> [REQ_ID=30d9729f543d] [REQUEST][START] GET /index.php/API/Alerts/fetchEmailAlerts

[1 occurrence(s)]
DEBUG --> [REQ_ID=30d9729f543d] [FILTER_BEFORE] /index.php/API/Alerts/fetchEmailAlerts

[1 occurrence(s)]
DEBUG --> [REQ_ID=30d9729f543d] [ROUTE] Controller=\App\Modules\APIs\Controllers\AlertsAPIController Method=fetchEmailAlerts

[1 occurrence(s)]
DEBUG --> [REQ_ID=30d9729f543d] [LIFECYCLE][START] GET https://www.mymiwallet.com/index.php/API/Alerts/fetchEmailAlerts

[1 occurrence(s)]
DEBUG --> [REQ_ID=30d9729f543d] [REQUEST][END]

[1 occurrence(s)]
DEBUG --> [REQ_ID=5043f42d5a7b] [REQUEST][START] GET /

[1 occurrence(s)]
DEBUG --> [REQ_ID=5043f42d5a7b] [REQUEST][END]

[1 occurrence(s)]
DEBUG --> [REQ_ID=f5d8c13006e8] [REQUEST][START] HEAD /

[1 occurrence(s)]
DEBUG --> [REQ_ID=f42be31b984f] [REQUEST][START] HEAD /

[1 occurrence(s)]
DEBUG --> [REQ_ID=2e2072155d7e] [REQUEST][START] GET /

[1 occurrence(s)]
DEBUG --> [REQ_ID=2e2072155d7e] [REQUEST][END]

[1 occurrence(s)]
DEBUG --> [REQ_ID=ca11fbe1d750] [REQUEST][START] HEAD /

[1 occurrence(s)]
DEBUG --> [REQ_ID=08ee0f970a9c] [REQUEST][START] HEAD /

[1 occurrence(s)]
DEBUG --> [REQ_ID=97fd6fa1b09f] [REQUEST][START] HEAD /

[1 occurrence(s)]
DEBUG --> [REQ_ID=72a3828bef60] [REQUEST][START] HEAD /

[1 occurrence(s)]
DEBUG --> [REQ_ID=a5ab38f30f4e] [REQUEST][START] HEAD /

[1 occurrence(s)]
DEBUG --> [REQ_ID=04c396823de2] [REQUEST][START] HEAD /

[1 occurrence(s)]
DEBUG --> [REQ_ID=1b43dba1d620] [REQUEST][START] GET /

[1 occurrence(s)]
DEBUG --> [REQ_ID=1b43dba1d620] [FILTER_BEFORE] /

[1 occurrence(s)]
DEBUG --> [REQ_ID=1b43dba1d620] [ROUTE] Controller=\App\Controllers\Home Method=index

[1 occurrence(s)]
DEBUG --> [REQ_ID=1b43dba1d620] [LIFECYCLE][START] GET https://www.mymiwallet.com/index.php/

[1 occurrence(s)]
DEBUG --> [CSRF] token name=csrf_test_name hash=3444ffb326aed3cd82f7f64dbeb08899

[1 occurrence(s)]
DEBUG --> [REQ_ID=79b94946dbc1] [INIT] App\Controllers\Home::GET

[17 occurrence(s)]
DEBUG --> MyMIUser L52 - initialized (first log).

[7 occurrence(s)]
DEBUG --> [MetaService] slug= pageName= cacheHit= path=FALLBACK

[1 occurrence(s)]
DEBUG --> [REQ_ID=79b94946dbc1] [VIEW_RENDER] themes/public/home

[4 occurrence(s)]
DEBUG --> [MetaService] slug= pageName=Home cacheHit= path=DB

[1 occurrence(s)]
DEBUG --> [REQ_ID=1b43dba1d620] [FILTER_AFTER]

[1 occurrence(s)]
DEBUG --> [REQ_ID=1b43dba1d620] [LIFECYCLE][END] status=200 duration_ms=746.71 memory_delta=4194304

[1 occurrence(s)]
DEBUG --> [REQ_ID=1b43dba1d620] [REQUEST][END]

[1 occurrence(s)]
DEBUG --> [REQ_ID=cb4b0a70aa51] [REQUEST][START] GET /

[1 occurrence(s)]
DEBUG --> [REQ_ID=cb4b0a70aa51] [REQUEST][END]

[1 occurrence(s)]
DEBUG --> [REQ_ID=03e799938af4] [REQUEST][START] HEAD /

[1 occurrence(s)]
DEBUG --> [REQ_ID=374d7d8b1ff3] [REQUEST][START] GET /

[1 occurrence(s)]
DEBUG --> [REQ_ID=374d7d8b1ff3] [FILTER_BEFORE] /

[1 occurrence(s)]
DEBUG --> [REQ_ID=374d7d8b1ff3] [ROUTE] Controller=\App\Controllers\Home Method=index

[1 occurrence(s)]
DEBUG --> [REQ_ID=374d7d8b1ff3] [LIFECYCLE][START] GET https://www.mymiwallet.com/index.php/

[1 occurrence(s)]
DEBUG --> [CSRF] token name=csrf_test_name hash=f9a62c07505657b3dc338cb2c18d60ad

[1 occurrence(s)]
DEBUG --> [REQ_ID=b7038a3b7d96] [INIT] App\Controllers\Home::GET

[8 occurrence(s)]
DEBUG --> [MetaService] slug= pageName= cacheHit=1 path=CACHE

[1 occurrence(s)]
DEBUG --> [REQ_ID=b7038a3b7d96] [VIEW_RENDER] themes/public/home

[11 occurrence(s)]
DEBUG --> [MetaService] slug= pageName=Home cacheHit=1 path=CACHE

[1 occurrence(s)]
DEBUG --> [REQ_ID=374d7d8b1ff3] [FILTER_AFTER]

[1 occurrence(s)]
DEBUG --> [REQ_ID=374d7d8b1ff3] [LIFECYCLE][END] status=200 duration_ms=670.48 memory_delta=4194304

[1 occurrence(s)]
DEBUG --> [REQ_ID=374d7d8b1ff3] [REQUEST][END]

[1 occurrence(s)]
DEBUG --> [REQ_ID=a6187a1e1e15] [REQUEST][START] GET /index.php/API/Management/Run-CRON-Tasks

[1 occurrence(s)]
DEBUG --> [REQ_ID=a6187a1e1e15] [FILTER_BEFORE] /index.php/API/Management/Run-CRON-Tasks

[1 occurrence(s)]
DEBUG --> [REQ_ID=a6187a1e1e15] [ROUTE] Controller=\App\Modules\Management\Controllers\ManagementAPIController Method=Run_CRON_Tasks

[1 occurrence(s)]
DEBUG --> [REQ_ID=a6187a1e1e15] [LIFECYCLE][START] GET https://www.mymiwallet.com/index.php/API/Management/Run-CRON-Tasks

[1 occurrence(s)]
DEBUG --> [REQ_ID=a6187a1e1e15] [REQUEST][END]

[1 occurrence(s)]
DEBUG --> [REQ_ID=960ca70b5675] [REQUEST][START] HEAD /

[1 occurrence(s)]
DEBUG --> [REQ_ID=1ffd6332a0a3] [REQUEST][START] HEAD /

[1 occurrence(s)]
DEBUG --> [REQ_ID=bc3223a6f387] [REQUEST][START] HEAD /

[1 occurrence(s)]
DEBUG --> [REQ_ID=e3fede5ceefe] [REQUEST][START] GET /index.php/API/Alerts/fetchEmailAlerts

[1 occurrence(s)]
DEBUG --> [REQ_ID=e3fede5ceefe] [FILTER_BEFORE] /index.php/API/Alerts/fetchEmailAlerts

[1 occurrence(s)]
DEBUG --> [REQ_ID=e3fede5ceefe] [ROUTE] Controller=\App\Modules\APIs\Controllers\AlertsAPIController Method=fetchEmailAlerts

[1 occurrence(s)]
DEBUG --> [REQ_ID=e3fede5ceefe] [LIFECYCLE][START] GET https://www.mymiwallet.com/index.php/API/Alerts/fetchEmailAlerts

[1 occurrence(s)]
DEBUG --> [REQ_ID=e3fede5ceefe] [REQUEST][END]

[1 occurrence(s)]
DEBUG --> [REQ_ID=6f0a3c3b82d0] [REQUEST][START] HEAD /

[1 occurrence(s)]
DEBUG --> [REQ_ID=ce5a95175e68] [REQUEST][START] GET /

[1 occurrence(s)]
DEBUG --> [REQ_ID=ce5a95175e68] [FILTER_BEFORE] /

[1 occurrence(s)]
DEBUG --> [REQ_ID=ce5a95175e68] [ROUTE] Controller=\App\Controllers\Home Method=index

[1 occurrence(s)]
DEBUG --> [REQ_ID=ce5a95175e68] [LIFECYCLE][START] GET https://www.mymiwallet.com/index.php/

[1 occurrence(s)]
DEBUG --> [CSRF] token name=csrf_test_name hash=93f92f9b495f329707151561cf7987bf

[1 occurrence(s)]
DEBUG --> [REQ_ID=0bebc0084bde] [INIT] App\Controllers\Home::GET

[1 occurrence(s)]
DEBUG --> [REQ_ID=0bebc0084bde] [VIEW_RENDER] themes/public/home

[1 occurrence(s)]
DEBUG --> [REQ_ID=ce5a95175e68] [FILTER_AFTER]

[1 occurrence(s)]
DEBUG --> [REQ_ID=ce5a95175e68] [LIFECYCLE][END] status=200 duration_ms=575.93 memory_delta=4194304

[1 occurrence(s)]
DEBUG --> [REQ_ID=ce5a95175e68] [REQUEST][END]

[1 occurrence(s)]
DEBUG --> [REQ_ID=d904df373e19] [REQUEST][START] HEAD /

[1 occurrence(s)]
DEBUG --> [REQ_ID=bc829fca141d] [REQUEST][START] GET /

[1 occurrence(s)]
DEBUG --> [REQ_ID=bc829fca141d] [FILTER_BEFORE] /

[1 occurrence(s)]
DEBUG --> [REQ_ID=bc829fca141d] [ROUTE] Controller=\App\Controllers\Home Method=index

[1 occurrence(s)]
DEBUG --> [REQ_ID=bc829fca141d] [LIFECYCLE][START] GET https://www.mymiwallet.com/index.php/

[1 occurrence(s)]
DEBUG --> [CSRF] token name=csrf_test_name hash=3201baab67bfe25a039c45af923df588

[1 occurrence(s)]
DEBUG --> [REQ_ID=fa517adfedee] [INIT] App\Controllers\Home::GET

[1 occurrence(s)]
DEBUG --> [REQ_ID=fa517adfedee] [VIEW_RENDER] themes/public/home

[1 occurrence(s)]
DEBUG --> [REQ_ID=bc829fca141d] [FILTER_AFTER]

[1 occurrence(s)]
DEBUG --> [REQ_ID=bc829fca141d] [LIFECYCLE][END] status=200 duration_ms=711.67 memory_delta=4194304

[1 occurrence(s)]
DEBUG --> [REQ_ID=bc829fca141d] [REQUEST][END]

[1 occurrence(s)]
DEBUG --> [REQ_ID=5fe834351de6] [REQUEST][START] GET /

[1 occurrence(s)]
DEBUG --> [REQ_ID=5fe834351de6] [FILTER_BEFORE] /

[1 occurrence(s)]
DEBUG --> [REQ_ID=5fe834351de6] [ROUTE] Controller=\App\Controllers\Home Method=index

[1 occurrence(s)]
DEBUG --> [REQ_ID=5fe834351de6] [LIFECYCLE][START] GET https://www.mymiwallet.com/index.php/

[1 occurrence(s)]
DEBUG --> [CSRF] token name=csrf_test_name hash=8d78b456a4a61b84a986002fa951dc51

[1 occurrence(s)]
DEBUG --> [REQ_ID=3c3fcd7f8915] [INIT] App\Controllers\Home::GET

[1 occurrence(s)]
DEBUG --> [REQ_ID=3c3fcd7f8915] [VIEW_RENDER] themes/public/home

[1 occurrence(s)]
DEBUG --> [REQ_ID=5fe834351de6] [FILTER_AFTER]

[1 occurrence(s)]
DEBUG --> [REQ_ID=5fe834351de6] [LIFECYCLE][END] status=200 duration_ms=587.82 memory_delta=2097152

[1 occurrence(s)]
DEBUG --> [REQ_ID=5fe834351de6] [REQUEST][END]

[1 occurrence(s)]
DEBUG --> [REQ_ID=50fd550984a8] [REQUEST][START] HEAD /

[1 occurrence(s)]
DEBUG --> [REQ_ID=20e19561a83e] [REQUEST][START] GET /

[1 occurrence(s)]
DEBUG --> [REQ_ID=20e19561a83e] [FILTER_BEFORE] /

[1 occurrence(s)]
DEBUG --> [REQ_ID=20e19561a83e] [ROUTE] Controller=\App\Controllers\Home Method=index

[1 occurrence(s)]
DEBUG --> [REQ_ID=20e19561a83e] [LIFECYCLE][START] GET https://www.mymiwallet.com/index.php/

[2 occurrence(s)]
DEBUG --> [CSRF] token name=csrf_test_name hash=30b3fc5f0b2e883523f6da5dce0f5a79

[1 occurrence(s)]
DEBUG --> [REQ_ID=7adee3d1167a] [INIT] App\Controllers\Home::GET

[1 occurrence(s)]
DEBUG --> [REQ_ID=7adee3d1167a] [VIEW_RENDER] themes/public/home

[1 occurrence(s)]
DEBUG --> [REQ_ID=20e19561a83e] [FILTER_AFTER]

[1 occurrence(s)]
DEBUG --> [REQ_ID=20e19561a83e] [LIFECYCLE][END] status=200 duration_ms=697.61 memory_delta=4194304

[1 occurrence(s)]
DEBUG --> [REQ_ID=20e19561a83e] [REQUEST][END]

[1 occurrence(s)]
DEBUG --> [REQ_ID=1d809827bd88] [REQUEST][START] GET /

[1 occurrence(s)]
DEBUG --> [REQ_ID=1d809827bd88] [FILTER_BEFORE] /

[1 occurrence(s)]
DEBUG --> [REQ_ID=1d809827bd88] [ROUTE] Controller=\App\Controllers\Home Method=index

[1 occurrence(s)]
DEBUG --> [REQ_ID=1d809827bd88] [LIFECYCLE][START] GET https://www.mymiwallet.com/index.php/

[1 occurrence(s)]
DEBUG --> [REQ_ID=84329229a207] [INIT] App\Controllers\Home::GET

[1 occurrence(s)]
DEBUG --> [REQ_ID=84329229a207] [VIEW_RENDER] themes/public/home

[1 occurrence(s)]
DEBUG --> [REQ_ID=1d809827bd88] [FILTER_AFTER]

[1 occurrence(s)]
DEBUG --> [REQ_ID=1d809827bd88] [LIFECYCLE][END] status=200 duration_ms=537.53 memory_delta=2097152

[1 occurrence(s)]
DEBUG --> [REQ_ID=1d809827bd88] [REQUEST][END]

[1 occurrence(s)]
DEBUG --> [REQ_ID=e5a526f654d5] [REQUEST][START] HEAD /

[1 occurrence(s)]
DEBUG --> [REQ_ID=5047c521bd43] [REQUEST][START] HEAD /

[1 occurrence(s)]
DEBUG --> [REQ_ID=41d7f33bf91e] [REQUEST][START] GET /index.php/News/After-Hours-Movers/November-25th-2021

[1 occurrence(s)]
DEBUG --> [REQ_ID=fbbd898c6d73] [REQUEST][START] HEAD /

[1 occurrence(s)]
DEBUG --> [REQ_ID=54183853a115] [REQUEST][START] HEAD /

[1 occurrence(s)]
DEBUG --> [REQ_ID=96f964747d5b] [REQUEST][START] GET /

[1 occurrence(s)]
DEBUG --> [REQ_ID=96f964747d5b] [REQUEST][END]

[1 occurrence(s)]
DEBUG --> [REQ_ID=e56b63712d95] [REQUEST][START] HEAD /

[1 occurrence(s)]
DEBUG --> [REQ_ID=95c465b3685d] [REQUEST][START] HEAD /

[1 occurrence(s)]
DEBUG --> [REQ_ID=b8fee575ee66] [REQUEST][START] GET /index.php/API/Management/Run-CRON-Tasks

[1 occurrence(s)]
DEBUG --> [REQ_ID=b8fee575ee66] [FILTER_BEFORE] /index.php/API/Management/Run-CRON-Tasks

[1 occurrence(s)]
DEBUG --> [REQ_ID=b8fee575ee66] [ROUTE] Controller=\App\Modules\Management\Controllers\ManagementAPIController Method=Run_CRON_Tasks

[1 occurrence(s)]
DEBUG --> [REQ_ID=b8fee575ee66] [LIFECYCLE][START] GET https://www.mymiwallet.com/index.php/API/Management/Run-CRON-Tasks

[1 occurrence(s)]
DEBUG --> [REQ_ID=b8fee575ee66] [REQUEST][END]

[1 occurrence(s)]
DEBUG --> [REQ_ID=ad5034bde26c] [REQUEST][START] HEAD /

[1 occurrence(s)]
DEBUG --> [REQ_ID=520f20447a27] [REQUEST][START] GET /index.php/Management/Partners

[1 occurrence(s)]
DEBUG --> [REQ_ID=520f20447a27] [FILTER_BEFORE] /index.php/Management/Partners

[1 occurrence(s)]
DEBUG --> [REQ_ID=520f20447a27] [ROUTE] Controller=\App\Modules\Management\Controllers\PartnersController Method=index

[1 occurrence(s)]
DEBUG --> [REQ_ID=520f20447a27] [LIFECYCLE][START] GET https://www.mymiwallet.com/index.php/Management/Partners

[1 occurrence(s)]
DEBUG --> [CSRF] token name=csrf_test_name hash=ea09da3c11b0dce4ff7e160f28b30de0

[1 occurrence(s)]
DEBUG --> [REQ_ID=520f20447a27] [REQUEST][END]

[1 occurrence(s)]
DEBUG --> [REQ_ID=19fcebe42141] [REQUEST][START] GET /index.php/login

[1 occurrence(s)]
DEBUG --> [REQ_ID=19fcebe42141] [FILTER_BEFORE] /index.php/login

[1 occurrence(s)]
DEBUG --> [REQ_ID=19fcebe42141] [ROUTE] Controller=\App\Controllers\AuthController Method=login

[1 occurrence(s)]
DEBUG --> [REQ_ID=19fcebe42141] [LIFECYCLE][START] GET https://www.mymiwallet.com/index.php/login

[1 occurrence(s)]
DEBUG --> [CSRF] token name=csrf_test_name hash=8d11333edacfa55a4f87835344b1dd29

[1 occurrence(s)]
DEBUG --> [REQ_ID=34e82e7df989] [INIT] App\Controllers\AuthController::GET

[1 occurrence(s)]
DEBUG --> [REQ_ID=19fcebe42141] [FILTER_AFTER]

[1 occurrence(s)]
DEBUG --> [REQ_ID=19fcebe42141] [LIFECYCLE][END] status=200 duration_ms=29.99 memory_delta=0

[1 occurrence(s)]
DEBUG --> [REQ_ID=19fcebe42141] [REQUEST][END]

[1 occurrence(s)]
DEBUG --> [REQ_ID=ae5c35cafa92] [REQUEST][START] HEAD /

[1 occurrence(s)]
DEBUG --> [REQ_ID=ca776ed04e96] [REQUEST][START] GET /index.php/Getting-Started

[1 occurrence(s)]
DEBUG --> [REQ_ID=ca776ed04e96] [FILTER_BEFORE] /index.php/Getting-Started

[1 occurrence(s)]
DEBUG --> [REQ_ID=ca776ed04e96] [ROUTE] Controller=\App\Controllers\Home Method=gettingStarted

[1 occurrence(s)]
DEBUG --> [REQ_ID=ca776ed04e96] [LIFECYCLE][START] GET https://www.mymiwallet.com/index.php/Getting-Started

[1 occurrence(s)]
DEBUG --> [CSRF] token name=csrf_test_name hash=6f3c35d146ae44a9b092f6d01fcbc903

[1 occurrence(s)]
DEBUG --> [REQ_ID=7286e2ff8ae6] [INIT] App\Controllers\Home::GET

[1 occurrence(s)]
DEBUG --> [MetaService] slug=getting-started pageName= cacheHit= path=DB

[1 occurrence(s)]
DEBUG --> [REQ_ID=7286e2ff8ae6] [VIEW_RENDER] themes/public/gettingStarted

[1 occurrence(s)]
DEBUG --> [MetaService] slug=getting-started pageName=Getting Started cacheHit= path=DB

[1 occurrence(s)]
DEBUG --> [REQ_ID=ca776ed04e96] [FILTER_AFTER]

[1 occurrence(s)]
DEBUG --> [REQ_ID=ca776ed04e96] [LIFECYCLE][END] status=200 duration_ms=620.14 memory_delta=4194304

[1 occurrence(s)]
DEBUG --> [REQ_ID=ca776ed04e96] [REQUEST][END]

[1 occurrence(s)]
DEBUG --> [REQ_ID=0cd786888c1d] [REQUEST][START] HEAD /

[1 occurrence(s)]
DEBUG --> [REQ_ID=b45edb67341e] [REQUEST][START] GET /index.php/API/Alerts/fetchEmailAlerts

[1 occurrence(s)]
DEBUG --> [REQ_ID=b45edb67341e] [FILTER_BEFORE] /index.php/API/Alerts/fetchEmailAlerts

[1 occurrence(s)]
DEBUG --> [REQ_ID=b45edb67341e] [ROUTE] Controller=\App\Modules\APIs\Controllers\AlertsAPIController Method=fetchEmailAlerts

[1 occurrence(s)]
DEBUG --> [REQ_ID=b45edb67341e] [LIFECYCLE][START] GET https://www.mymiwallet.com/index.php/API/Alerts/fetchEmailAlerts

[1 occurrence(s)]
DEBUG --> [REQ_ID=b45edb67341e] [REQUEST][END]

[1 occurrence(s)]
DEBUG --> [REQ_ID=cce355b82370] [REQUEST][START] HEAD /

[1 occurrence(s)]
DEBUG --> [REQ_ID=f639b9224d55] [REQUEST][START] GET /

[1 occurrence(s)]
DEBUG --> [REQ_ID=f639b9224d55] [FILTER_BEFORE] /

[1 occurrence(s)]
DEBUG --> [REQ_ID=f639b9224d55] [ROUTE] Controller=\App\Controllers\Home Method=index

[1 occurrence(s)]
DEBUG --> [REQ_ID=f639b9224d55] [LIFECYCLE][START] GET https://www.mymiwallet.com/index.php/

[1 occurrence(s)]
DEBUG --> [CSRF] token name=csrf_test_name hash=6aba980169dd9b61276923b90b9c4ec0

[1 occurrence(s)]
DEBUG --> [REQ_ID=6096f66dbb6a] [INIT] App\Controllers\Home::GET

[1 occurrence(s)]
DEBUG --> [REQ_ID=6096f66dbb6a] [VIEW_RENDER] themes/public/home

[1 occurrence(s)]
DEBUG --> [REQ_ID=f639b9224d55] [FILTER_AFTER]

[1 occurrence(s)]
DEBUG --> [REQ_ID=f639b9224d55] [LIFECYCLE][END] status=200 duration_ms=782.66 memory_delta=4194304

[1 occurrence(s)]
DEBUG --> [REQ_ID=f639b9224d55] [REQUEST][END]

[1 occurrence(s)]
DEBUG --> [REQ_ID=6062350859a9] [REQUEST][START] HEAD /

[1 occurrence(s)]
DEBUG --> [REQ_ID=b74af32cd272] [REQUEST][START] HEAD /

[1 occurrence(s)]
DEBUG --> [REQ_ID=7f63fc99478a] [REQUEST][START] GET /index.php/login

[1 occurrence(s)]
DEBUG --> [REQ_ID=7f63fc99478a] [REQUEST][END]

[1 occurrence(s)]
DEBUG --> [REQ_ID=bb200cd21d2e] [REQUEST][START] HEAD /

[1 occurrence(s)]
DEBUG --> [REQ_ID=25681b907147] [REQUEST][START] GET /index.php/Management/Assets

[1 occurrence(s)]
DEBUG --> [REQ_ID=25681b907147] [REQUEST][END]

[1 occurrence(s)]
DEBUG --> [REQ_ID=9044bb034b46] [REQUEST][START] GET /

[1 occurrence(s)]
DEBUG --> [REQ_ID=9044bb034b46] [FILTER_BEFORE] /

[1 occurrence(s)]
DEBUG --> [REQ_ID=9044bb034b46] [ROUTE] Controller=\App\Controllers\Home Method=index

[1 occurrence(s)]
DEBUG --> [REQ_ID=9044bb034b46] [LIFECYCLE][START] GET https://www.mymiwallet.com/index.php/

[1 occurrence(s)]
DEBUG --> [CSRF] token name=csrf_test_name hash=25d4b5605fa3758c2cecaad59bcd7432

[1 occurrence(s)]
DEBUG --> [REQ_ID=5e9487ce27f4] [INIT] App\Controllers\Home::GET

[1 occurrence(s)]
DEBUG --> [REQ_ID=5e9487ce27f4] [VIEW_RENDER] themes/public/home

[1 occurrence(s)]
DEBUG --> [REQ_ID=9044bb034b46] [FILTER_AFTER]

[1 occurrence(s)]
DEBUG --> [REQ_ID=9044bb034b46] [LIFECYCLE][END] status=200 duration_ms=664.95 memory_delta=4194304

[1 occurrence(s)]
DEBUG --> [REQ_ID=9044bb034b46] [REQUEST][END]

[1 occurrence(s)]
DEBUG --> [REQ_ID=8cf81fb56b85] [REQUEST][START] HEAD /

[1 occurrence(s)]
DEBUG --> [REQ_ID=86dd8c735ec6] [REQUEST][START] HEAD /

[1 occurrence(s)]
DEBUG --> [REQ_ID=e2260ea01fa0] [REQUEST][START] HEAD /

[1 occurrence(s)]
DEBUG --> [REQ_ID=eb2086b17552] [REQUEST][START] HEAD /

[1 occurrence(s)]
DEBUG --> [REQ_ID=d659490b2c6f] [REQUEST][START] GET /

[1 occurrence(s)]
DEBUG --> [REQ_ID=d659490b2c6f] [FILTER_BEFORE] /

[1 occurrence(s)]
DEBUG --> [REQ_ID=d659490b2c6f] [ROUTE] Controller=\App\Controllers\Home Method=index

[1 occurrence(s)]
DEBUG --> [REQ_ID=d659490b2c6f] [LIFECYCLE][START] GET https://www.mymiwallet.com/index.php/

[1 occurrence(s)]
DEBUG --> [CSRF] token name=csrf_test_name hash=d099b4ec93b85b3452bb7a3168bb6011

[1 occurrence(s)]
DEBUG --> [REQ_ID=7522c7de292e] [INIT] App\Controllers\Home::GET

[1 occurrence(s)]
DEBUG --> [REQ_ID=7522c7de292e] [VIEW_RENDER] themes/public/home

[1 occurrence(s)]
DEBUG --> [REQ_ID=d659490b2c6f] [FILTER_AFTER]

[1 occurrence(s)]
DEBUG --> [REQ_ID=d659490b2c6f] [LIFECYCLE][END] status=200 duration_ms=673.38 memory_delta=4194304

[1 occurrence(s)]
DEBUG --> [REQ_ID=d659490b2c6f] [REQUEST][END]

[1 occurrence(s)]
DEBUG --> [REQ_ID=35a3f9690371] [REQUEST][START] HEAD /

[1 occurrence(s)]
DEBUG --> [REQ_ID=75036d222ecb] [REQUEST][START] HEAD /

[1 occurrence(s)]
DEBUG --> [REQ_ID=c7fb8c628dd1] [REQUEST][START] GET /index.php/API/Management/Run-CRON-Tasks

[1 occurrence(s)]
DEBUG --> [REQ_ID=c7fb8c628dd1] [FILTER_BEFORE] /index.php/API/Management/Run-CRON-Tasks

[1 occurrence(s)]
DEBUG --> [REQ_ID=c7fb8c628dd1] [ROUTE] Controller=\App\Modules\Management\Controllers\ManagementAPIController Method=Run_CRON_Tasks

[1 occurrence(s)]
DEBUG --> [REQ_ID=c7fb8c628dd1] [LIFECYCLE][START] GET https://www.mymiwallet.com/index.php/API/Management/Run-CRON-Tasks

[1 occurrence(s)]
DEBUG --> [REQ_ID=c7fb8c628dd1] [REQUEST][END]

[1 occurrence(s)]
DEBUG --> [REQ_ID=65487280b01a] [REQUEST][START] HEAD /

[1 occurrence(s)]
DEBUG --> [REQ_ID=bdc130d84cf3] [REQUEST][START] HEAD /

[1 occurrence(s)]
DEBUG --> [REQ_ID=ddd626472e14] [REQUEST][START] HEAD /

[1 occurrence(s)]
DEBUG --> [REQ_ID=9f9d9f43eeeb] [REQUEST][START] GET /index.php/API/Alerts/fetchEmailAlerts

[1 occurrence(s)]
DEBUG --> [REQ_ID=9f9d9f43eeeb] [FILTER_BEFORE] /index.php/API/Alerts/fetchEmailAlerts

[1 occurrence(s)]
DEBUG --> [REQ_ID=9f9d9f43eeeb] [ROUTE] Controller=\App\Modules\APIs\Controllers\AlertsAPIController Method=fetchEmailAlerts

[1 occurrence(s)]
DEBUG --> [REQ_ID=9f9d9f43eeeb] [LIFECYCLE][START] GET https://www.mymiwallet.com/index.php/API/Alerts/fetchEmailAlerts

[1 occurrence(s)]
DEBUG --> [REQ_ID=9f9d9f43eeeb] [REQUEST][END]

[1 occurrence(s)]
DEBUG --> [REQ_ID=276fbbbe9c0a] [REQUEST][START] HEAD /

[1 occurrence(s)]
DEBUG --> [REQ_ID=c8d9fef84186] [REQUEST][START] HEAD /

[1 occurrence(s)]
DEBUG --> [REQ_ID=da7159ee229d] [REQUEST][START] HEAD /

[1 occurrence(s)]
DEBUG --> [REQ_ID=62e2ef60aded] [REQUEST][START] GET /

[1 occurrence(s)]
DEBUG --> [REQ_ID=62e2ef60aded] [FILTER_BEFORE] /

[1 occurrence(s)]
DEBUG --> [REQ_ID=62e2ef60aded] [ROUTE] Controller=\App\Controllers\Home Method=index

[1 occurrence(s)]
DEBUG --> [REQ_ID=62e2ef60aded] [LIFECYCLE][START] GET https://www.mymiwallet.com/index.php/

[2 occurrence(s)]
DEBUG --> [CSRF] token name=csrf_test_name hash=c6fa43f4cfec0ec87396e6514c3d32d8

[1 occurrence(s)]
DEBUG --> [REQ_ID=c78b9074aa82] [INIT] App\Controllers\Home::GET

[1 occurrence(s)]
DEBUG --> [REQ_ID=c78b9074aa82] [VIEW_RENDER] themes/public/home

[1 occurrence(s)]
DEBUG --> [REQ_ID=62e2ef60aded] [FILTER_AFTER]

[1 occurrence(s)]
DEBUG --> [REQ_ID=62e2ef60aded] [LIFECYCLE][END] status=200 duration_ms=658.17 memory_delta=4194304

[1 occurrence(s)]
DEBUG --> [REQ_ID=62e2ef60aded] [REQUEST][END]

[1 occurrence(s)]
DEBUG --> [REQ_ID=aada77e93b58] [REQUEST][START] GET /

[1 occurrence(s)]
DEBUG --> [REQ_ID=aada77e93b58] [FILTER_BEFORE] /

[1 occurrence(s)]
DEBUG --> [REQ_ID=aada77e93b58] [ROUTE] Controller=\App\Controllers\Home Method=index

[1 occurrence(s)]
DEBUG --> [REQ_ID=aada77e93b58] [LIFECYCLE][START] GET https://www.mymiwallet.com/index.php/

[1 occurrence(s)]
DEBUG --> [REQ_ID=c2834b9c6cbd] [INIT] App\Controllers\Home::GET

[1 occurrence(s)]
DEBUG --> [REQ_ID=c2834b9c6cbd] [VIEW_RENDER] themes/public/home

[1 occurrence(s)]
DEBUG --> [REQ_ID=aada77e93b58] [FILTER_AFTER]

[1 occurrence(s)]
DEBUG --> [REQ_ID=aada77e93b58] [LIFECYCLE][END] status=200 duration_ms=582.73 memory_delta=4194304

[1 occurrence(s)]
DEBUG --> [REQ_ID=aada77e93b58] [REQUEST][END]

[1 occurrence(s)]
DEBUG --> [REQ_ID=1d3886661b42] [REQUEST][START] HEAD /

[1 occurrence(s)]
DEBUG --> [REQ_ID=ba5ca0f5a9b8] [REQUEST][START] HEAD /

[1 occurrence(s)]
DEBUG --> [REQ_ID=79bca345d6d8] [REQUEST][START] GET /index.php/News/After-Hours-Movers/November-16th-2021

[1 occurrence(s)]
DEBUG --> [REQ_ID=acfaa02e2db2] [REQUEST][START] GET /

[1 occurrence(s)]
DEBUG --> [REQ_ID=acfaa02e2db2] [REQUEST][END]

[1 occurrence(s)]
DEBUG --> [REQ_ID=dc11ebbdb90a] [REQUEST][START] HEAD /

[1 occurrence(s)]
DEBUG --> [REQ_ID=bbf49da58d4b] [REQUEST][START] HEAD /

[1 occurrence(s)]
DEBUG --> [REQ_ID=1547106a559f] [REQUEST][START] HEAD /

[1 occurrence(s)]
DEBUG --> [REQ_ID=be342317c0cf] [REQUEST][START] HEAD /

[1 occurrence(s)]
DEBUG --> [REQ_ID=fd22ef47b9e1] [REQUEST][START] GET /index.php/login

[1 occurrence(s)]
DEBUG --> [REQ_ID=fd22ef47b9e1] [FILTER_BEFORE] /index.php/login

[1 occurrence(s)]
DEBUG --> [REQ_ID=fd22ef47b9e1] [ROUTE] Controller=\App\Controllers\AuthController Method=login

[1 occurrence(s)]
DEBUG --> [REQ_ID=fd22ef47b9e1] [LIFECYCLE][START] GET https://www.mymiwallet.com/index.php/login

[1 occurrence(s)]
DEBUG --> [CSRF] token name=csrf_test_name hash=490e837105f7469cfa7836c3b07c4155

[1 occurrence(s)]
DEBUG --> [REQ_ID=cd2e22ad8da9] [INIT] App\Controllers\AuthController::GET

[1 occurrence(s)]
DEBUG --> [REQ_ID=fd22ef47b9e1] [FILTER_AFTER]

[1 occurrence(s)]
DEBUG --> [REQ_ID=fd22ef47b9e1] [LIFECYCLE][END] status=200 duration_ms=137.52 memory_delta=0

[1 occurrence(s)]
DEBUG --> [REQ_ID=fd22ef47b9e1] [REQUEST][END]

[1 occurrence(s)]
DEBUG --> [REQ_ID=0fd5e11eb632] [REQUEST][START] GET /index.php/API/Management/Run-CRON-Tasks

[1 occurrence(s)]
DEBUG --> [REQ_ID=0fd5e11eb632] [FILTER_BEFORE] /index.php/API/Management/Run-CRON-Tasks

[1 occurrence(s)]
DEBUG --> [REQ_ID=0fd5e11eb632] [ROUTE] Controller=\App\Modules\Management\Controllers\ManagementAPIController Method=Run_CRON_Tasks

[1 occurrence(s)]
DEBUG --> [REQ_ID=0fd5e11eb632] [LIFECYCLE][START] GET https://www.mymiwallet.com/index.php/API/Management/Run-CRON-Tasks

[1 occurrence(s)]
DEBUG --> [REQ_ID=0fd5e11eb632] [REQUEST][END]

[1 occurrence(s)]
DEBUG --> [REQ_ID=ce461c797c37] [REQUEST][START] HEAD /

[1 occurrence(s)]
DEBUG --> [REQ_ID=9b0e6d02ab89] [REQUEST][START] HEAD /

[1 occurrence(s)]
DEBUG --> [REQ_ID=8d126ef6ec89] [REQUEST][START] HEAD /

[1 occurrence(s)]
DEBUG --> [REQ_ID=eca70c927946] [REQUEST][START] GET /index.php/API/Alerts/fetchEmailAlerts

[1 occurrence(s)]
DEBUG --> [REQ_ID=eca70c927946] [FILTER_BEFORE] /index.php/API/Alerts/fetchEmailAlerts

[1 occurrence(s)]
DEBUG --> [REQ_ID=eca70c927946] [ROUTE] Controller=\App\Modules\APIs\Controllers\AlertsAPIController Method=fetchEmailAlerts

[1 occurrence(s)]
DEBUG --> [REQ_ID=eca70c927946] [LIFECYCLE][START] GET https://www.mymiwallet.com/index.php/API/Alerts/fetchEmailAlerts

[1 occurrence(s)]
DEBUG --> [REQ_ID=eca70c927946] [REQUEST][END]

[1 occurrence(s)]
DEBUG --> [REQ_ID=a25951229a7f] [REQUEST][START] GET /

[1 occurrence(s)]
DEBUG --> [REQ_ID=a25951229a7f] [FILTER_BEFORE] /

[1 occurrence(s)]
DEBUG --> [REQ_ID=a25951229a7f] [ROUTE] Controller=\App\Controllers\Home Method=index

[1 occurrence(s)]
DEBUG --> [REQ_ID=a25951229a7f] [LIFECYCLE][START] GET https://www.mymiwallet.com/index.php/

[1 occurrence(s)]
DEBUG --> [CSRF] token name=csrf_test_name hash=50700d161b935fcf3ea3aa58c2b39fcf

[1 occurrence(s)]
DEBUG --> [REQ_ID=3d2989bcafe6] [INIT] App\Controllers\Home::GET

[1 occurrence(s)]
DEBUG --> [REQ_ID=3d2989bcafe6] [VIEW_RENDER] themes/public/home

[1 occurrence(s)]
DEBUG --> [REQ_ID=a25951229a7f] [FILTER_AFTER]

[1 occurrence(s)]
DEBUG --> [REQ_ID=a25951229a7f] [LIFECYCLE][END] status=200 duration_ms=653.73 memory_delta=4194304

[1 occurrence(s)]
DEBUG --> [REQ_ID=a25951229a7f] [REQUEST][END]

[1 occurrence(s)]
DEBUG --> [REQ_ID=4c6c2f3f8d7c] [REQUEST][START] HEAD /

[1 occurrence(s)]
DEBUG --> [REQ_ID=46b82f9bf157] [REQUEST][START] HEAD /

[1 occurrence(s)]
DEBUG --> [REQ_ID=9c9ce50c4a64] [REQUEST][START] HEAD /

[1 occurrence(s)]
DEBUG --> [REQ_ID=82261fa7893c] [REQUEST][START] HEAD /

[1 occurrence(s)]
DEBUG --> [REQ_ID=f85c907b171e] [REQUEST][START] HEAD /

[1 occurrence(s)]
DEBUG --> [REQ_ID=d38e85419ab3] [REQUEST][START] GET /

[1 occurrence(s)]
DEBUG --> [REQ_ID=d38e85419ab3] [REQUEST][END]

[1 occurrence(s)]
DEBUG --> [REQ_ID=723fc301cbfe] [REQUEST][START] HEAD /

[1 occurrence(s)]
DEBUG --> [REQ_ID=375a224e2ac1] [REQUEST][START] HEAD /

[1 occurrence(s)]
DEBUG --> [REQ_ID=9b0ca55252e8] [REQUEST][START] HEAD /

[1 occurrence(s)]
DEBUG --> [REQ_ID=d050ad58c4b0] [REQUEST][START] HEAD /

[1 occurrence(s)]
DEBUG --> [REQ_ID=dca037bfd55f] [REQUEST][START] GET /index.php/API/Management/Run-CRON-Tasks

[1 occurrence(s)]
DEBUG --> [REQ_ID=dca037bfd55f] [FILTER_BEFORE] /index.php/API/Management/Run-CRON-Tasks

[1 occurrence(s)]
DEBUG --> [REQ_ID=dca037bfd55f] [ROUTE] Controller=\App\Modules\Management\Controllers\ManagementAPIController Method=Run_CRON_Tasks

[1 occurrence(s)]
DEBUG --> [REQ_ID=dca037bfd55f] [LIFECYCLE][START] GET https://www.mymiwallet.com/index.php/API/Management/Run-CRON-Tasks

[1 occurrence(s)]
DEBUG --> [REQ_ID=dca037bfd55f] [REQUEST][END]

[1 occurrence(s)]
DEBUG --> [REQ_ID=e1c1fed78c27] [REQUEST][START] HEAD /

[1 occurrence(s)]
DEBUG --> [REQ_ID=34cec24ece26] [REQUEST][START] HEAD /

[1 occurrence(s)]
DEBUG --> [REQ_ID=2769ba1ea87b] [REQUEST][START] HEAD /

[1 occurrence(s)]
DEBUG --> [REQ_ID=14c5cde691f9] [REQUEST][START] GET /index.php/API/Alerts/fetchEmailAlerts

[1 occurrence(s)]
DEBUG --> [REQ_ID=14c5cde691f9] [FILTER_BEFORE] /index.php/API/Alerts/fetchEmailAlerts

[1 occurrence(s)]
DEBUG --> [REQ_ID=14c5cde691f9] [ROUTE] Controller=\App\Modules\APIs\Controllers\AlertsAPIController Method=fetchEmailAlerts

[1 occurrence(s)]
DEBUG --> [REQ_ID=14c5cde691f9] [LIFECYCLE][START] GET https://www.mymiwallet.com/index.php/API/Alerts/fetchEmailAlerts

[1 occurrence(s)]
DEBUG --> [REQ_ID=14c5cde691f9] [REQUEST][END]

[1 occurrence(s)]
DEBUG --> [REQ_ID=afe89bdcd347] [REQUEST][START] HEAD /

[1 occurrence(s)]
DEBUG --> [REQ_ID=89b3c343e2ff] [REQUEST][START] HEAD /

[1 occurrence(s)]
DEBUG --> [REQ_ID=da16902968c1] [REQUEST][START] HEAD /

[1 occurrence(s)]
DEBUG --> [REQ_ID=a5dcfbac07ae] [REQUEST][START] HEAD /

[1 occurrence(s)]
DEBUG --> [REQ_ID=438cdc18d4a1] [REQUEST][START] HEAD /

[1 occurrence(s)]
DEBUG --> [REQ_ID=4e31c18ae95b] [REQUEST][START] HEAD /

[1 occurrence(s)]
DEBUG --> [REQ_ID=a17b608b47fa] [REQUEST][START] HEAD /

[1 occurrence(s)]
DEBUG --> [REQ_ID=1a39f45db4a7] [REQUEST][START] GET /index.php/News/After-Hours-Movers/December-14th-2021

[1 occurrence(s)]
DEBUG --> [REQ_ID=d84a1f7d39d6] [REQUEST][START] HEAD /

[1 occurrence(s)]
DEBUG --> [REQ_ID=c6fdf565b213] [REQUEST][START] HEAD /

[1 occurrence(s)]
DEBUG --> [REQ_ID=b3a55ec7231e] [REQUEST][START] GET /index.php/API/Management/Run-CRON-Tasks

[1 occurrence(s)]
DEBUG --> [REQ_ID=b3a55ec7231e] [FILTER_BEFORE] /index.php/API/Management/Run-CRON-Tasks

[1 occurrence(s)]
DEBUG --> [REQ_ID=b3a55ec7231e] [ROUTE] Controller=\App\Modules\Management\Controllers\ManagementAPIController Method=Run_CRON_Tasks

[1 occurrence(s)]
DEBUG --> [REQ_ID=b3a55ec7231e] [LIFECYCLE][START] GET https://www.mymiwallet.com/index.php/API/Management/Run-CRON-Tasks

[1 occurrence(s)]
DEBUG --> [REQ_ID=b3a55ec7231e] [REQUEST][END]

[1 occurrence(s)]
DEBUG --> [REQ_ID=ad5e5afabb2a] [REQUEST][START] HEAD /

[1 occurrence(s)]
DEBUG --> [REQ_ID=6e7da4462d60] [REQUEST][START] HEAD /

[1 occurrence(s)]
DEBUG --> [REQ_ID=00cef13614c8] [REQUEST][START] HEAD /

[1 occurrence(s)]
DEBUG --> [REQ_ID=a99941385e67] [REQUEST][START] GET /index.php/API/Alerts/fetchEmailAlerts

[1 occurrence(s)]
DEBUG --> [REQ_ID=a99941385e67] [FILTER_BEFORE] /index.php/API/Alerts/fetchEmailAlerts

[1 occurrence(s)]
DEBUG --> [REQ_ID=a99941385e67] [ROUTE] Controller=\App\Modules\APIs\Controllers\AlertsAPIController Method=fetchEmailAlerts

[1 occurrence(s)]
DEBUG --> [REQ_ID=a99941385e67] [LIFECYCLE][START] GET https://www.mymiwallet.com/index.php/API/Alerts/fetchEmailAlerts

[1 occurrence(s)]
DEBUG --> [REQ_ID=a99941385e67] [REQUEST][END]

[1 occurrence(s)]
DEBUG --> [REQ_ID=c29043282c8f] [REQUEST][START] HEAD /

[1 occurrence(s)]
DEBUG --> [REQ_ID=fa5586ae6cea] [REQUEST][START] HEAD /

[1 occurrence(s)]
DEBUG --> [REQ_ID=8b8368fe968f] [REQUEST][START] HEAD /

[1 occurrence(s)]
DEBUG --> [REQ_ID=2c93a3f9b254] [REQUEST][START] HEAD /

[1 occurrence(s)]
DEBUG --> [REQ_ID=8e86a895bf16] [REQUEST][START] GET /

[1 occurrence(s)]
DEBUG --> [REQ_ID=8e86a895bf16] [FILTER_BEFORE] /

[1 occurrence(s)]
DEBUG --> [REQ_ID=8e86a895bf16] [ROUTE] Controller=\App\Controllers\Home Method=index

[1 occurrence(s)]
DEBUG --> [REQ_ID=8e86a895bf16] [LIFECYCLE][START] GET https://www.mymiwallet.com/index.php/

[1 occurrence(s)]
DEBUG --> [CSRF] token name=csrf_test_name hash=2f8b56d8d8095ea839b75dcb6f0bbe72

[1 occurrence(s)]
DEBUG --> [REQ_ID=682191ed7667] [INIT] App\Controllers\Home::GET

[1 occurrence(s)]
DEBUG --> [REQ_ID=682191ed7667] [VIEW_RENDER] themes/public/home

[1 occurrence(s)]
DEBUG --> [REQ_ID=8e86a895bf16] [FILTER_AFTER]

[1 occurrence(s)]
DEBUG --> [REQ_ID=8e86a895bf16] [LIFECYCLE][END] status=200 duration_ms=590.71 memory_delta=4194304

[1 occurrence(s)]
DEBUG --> [REQ_ID=8e86a895bf16] [REQUEST][END]

[1 occurrence(s)]
DEBUG --> [REQ_ID=299f67988d15] [REQUEST][START] HEAD /

[1 occurrence(s)]
DEBUG --> [REQ_ID=a2aa7cb35b85] [REQUEST][START] HEAD /

[1 occurrence(s)]
DEBUG --> [REQ_ID=80c2b977d1e9] [REQUEST][START] GET /

[1 occurrence(s)]
DEBUG --> [REQ_ID=80c2b977d1e9] [FILTER_BEFORE] /

[1 occurrence(s)]
DEBUG --> [REQ_ID=80c2b977d1e9] [ROUTE] Controller=\App\Controllers\Home Method=index

[1 occurrence(s)]
DEBUG --> [REQ_ID=80c2b977d1e9] [LIFECYCLE][START] GET https://www.mymiwallet.com/index.php/

[7 occurrence(s)]
DEBUG --> [CSRF] token name=csrf_test_name hash=808f1eeeabc3ac9408b361889b4cc94c

[1 occurrence(s)]
DEBUG --> [REQ_ID=fb6cccc2bd02] [INIT] App\Controllers\Home::GET

[1 occurrence(s)]
DEBUG --> [REQ_ID=fb6cccc2bd02] [VIEW_RENDER] themes/public/home

[1 occurrence(s)]
DEBUG --> [REQ_ID=80c2b977d1e9] [FILTER_AFTER]

[1 occurrence(s)]
DEBUG --> [REQ_ID=80c2b977d1e9] [LIFECYCLE][END] status=200 duration_ms=637.16 memory_delta=4194304

[1 occurrence(s)]
DEBUG --> [REQ_ID=80c2b977d1e9] [REQUEST][END]

[1 occurrence(s)]
DEBUG --> [REQ_ID=9829aecc7a98] [REQUEST][START] GET /index.php/How-It-Works/Investment-Dashboard

[1 occurrence(s)]
DEBUG --> [REQ_ID=9829aecc7a98] [FILTER_BEFORE] /index.php/How-It-Works/Investment-Dashboard

[1 occurrence(s)]
DEBUG --> [REQ_ID=9829aecc7a98] [ROUTE] Controller=\App\Modules\Blog\Controllers\HowItWorksController Method=show

[1 occurrence(s)]
DEBUG --> [REQ_ID=9829aecc7a98] [LIFECYCLE][START] GET https://www.mymiwallet.com/index.php/How-It-Works/Investment-Dashboard

[1 occurrence(s)]
DEBUG --> [REQ_ID=56f566f07a35] [INIT] App\Modules\Blog\Controllers\HowItWorksController::GET

[1 occurrence(s)]
DEBUG --> [REQ_ID=56f566f07a35] [METHOD_ENTRY] show

[1 occurrence(s)]
DEBUG --> [SERVICE] App\Services\BudgetService ::setUserId

[3 occurrence(s)]
DEBUG --> MyMICoin: guest context detected; skipping user-specific preload.

[1 occurrence(s)]
DEBUG --> [REQ_ID=9fcec7cfa1ac] [REQUEST][START] GET /index.php/Dashboard

[1 occurrence(s)]
DEBUG --> [REQ_ID=9fcec7cfa1ac] [FILTER_BEFORE] /index.php/Dashboard

[1 occurrence(s)]
DEBUG --> [REQ_ID=9fcec7cfa1ac] [ROUTE] Controller=\App\Modules\User\Controllers\DashboardController Method=index

[1 occurrence(s)]
DEBUG --> [REQ_ID=9fcec7cfa1ac] [LIFECYCLE][START] GET https://www.mymiwallet.com/index.php/Dashboard

[1 occurrence(s)]
DEBUG --> [REQ_ID=9fcec7cfa1ac] [REQUEST][END]

[1 occurrence(s)]
DEBUG --> [REQ_ID=c785cac97184] [REQUEST][START] GET /index.php/login

[1 occurrence(s)]
DEBUG --> [REQ_ID=c785cac97184] [FILTER_BEFORE] /index.php/login

[1 occurrence(s)]
DEBUG --> [REQ_ID=c785cac97184] [ROUTE] Controller=\App\Controllers\AuthController Method=login

[1 occurrence(s)]
DEBUG --> [REQ_ID=c785cac97184] [LIFECYCLE][START] GET https://www.mymiwallet.com/index.php/login

[1 occurrence(s)]
DEBUG --> [REQ_ID=91b3dd97a5f0] [INIT] App\Controllers\AuthController::GET

[1 occurrence(s)]
DEBUG --> [REQ_ID=c785cac97184] [FILTER_AFTER]

[1 occurrence(s)]
DEBUG --> [REQ_ID=c785cac97184] [LIFECYCLE][END] status=200 duration_ms=24.15 memory_delta=0

[1 occurrence(s)]
DEBUG --> [REQ_ID=c785cac97184] [REQUEST][END]

[1 occurrence(s)]
DEBUG --> [REQ_ID=84d2aac31813] [REQUEST][START] GET /index.php/register

[1 occurrence(s)]
DEBUG --> [REQ_ID=84d2aac31813] [FILTER_BEFORE] /index.php/register

[1 occurrence(s)]
DEBUG --> [REQ_ID=84d2aac31813] [ROUTE] Controller=\App\Controllers\AuthController Method=register

[1 occurrence(s)]
DEBUG --> [REQ_ID=84d2aac31813] [LIFECYCLE][START] GET https://www.mymiwallet.com/index.php/register

[1 occurrence(s)]
DEBUG --> [REQ_ID=973f779f195e] [INIT] App\Controllers\AuthController::GET

[1 occurrence(s)]
DEBUG --> [REQ_ID=46a385790b4f] [REQUEST][START] GET /index.php/Free/register

[1 occurrence(s)]
DEBUG --> [REQ_ID=46a385790b4f] [FILTER_BEFORE] /index.php/Free/register

[1 occurrence(s)]
DEBUG --> [REQ_ID=46a385790b4f] [ROUTE] Controller=\App\Controllers\AuthController Method=register

[1 occurrence(s)]
DEBUG --> [REQ_ID=46a385790b4f] [LIFECYCLE][START] GET https://www.mymiwallet.com/index.php/Free/register

[1 occurrence(s)]
DEBUG --> [REQ_ID=63e475d8a992] [INIT] App\Controllers\AuthController::GET

[1 occurrence(s)]
DEBUG --> [REQ_ID=bfc014bb4e35] [REQUEST][START] GET /index.php/Free/register

[1 occurrence(s)]
DEBUG --> [REQ_ID=bfc014bb4e35] [FILTER_BEFORE] /index.php/Free/register

[1 occurrence(s)]
DEBUG --> [REQ_ID=bfc014bb4e35] [ROUTE] Controller=\App\Controllers\AuthController Method=register

[1 occurrence(s)]
DEBUG --> [REQ_ID=bfc014bb4e35] [LIFECYCLE][START] GET https://www.mymiwallet.com/index.php/Free/register

[1 occurrence(s)]
DEBUG --> [REQ_ID=4fbb56ec83ed] [INIT] App\Controllers\AuthController::GET

[1 occurrence(s)]
DEBUG --> [REQ_ID=b56c9fc7d5ed] [REQUEST][START] HEAD /

[1 occurrence(s)]
DEBUG --> [REQ_ID=9eaf7e219fda] [REQUEST][START] HEAD /

[1 occurrence(s)]
DEBUG --> [REQ_ID=05efb2ca4c4c] [REQUEST][START] HEAD /

[1 occurrence(s)]
DEBUG --> [REQ_ID=906acfb9572c] [REQUEST][START] GET /index.php/API/Management/Run-CRON-Tasks

[1 occurrence(s)]
DEBUG --> [REQ_ID=906acfb9572c] [FILTER_BEFORE] /index.php/API/Management/Run-CRON-Tasks

[1 occurrence(s)]
DEBUG --> [REQ_ID=906acfb9572c] [ROUTE] Controller=\App\Modules\Management\Controllers\ManagementAPIController Method=Run_CRON_Tasks

[1 occurrence(s)]
DEBUG --> [REQ_ID=906acfb9572c] [LIFECYCLE][START] GET https://www.mymiwallet.com/index.php/API/Management/Run-CRON-Tasks

[1 occurrence(s)]
DEBUG --> [REQ_ID=906acfb9572c] [REQUEST][END]


---------------------------
LEVEL: INFO
---------------------------

[1 occurrence(s)]
INFO --> [REQ_ID=fae68ad9842c] [PERF] Execution time=0.096999

[1 occurrence(s)]
INFO --> [REQ_ID=f987a7c64901] [PERF] Execution time=0.039219

[1 occurrence(s)]
INFO --> [REQ_ID=30d9729f543d] [PERF] Execution time=0.046495

[1 occurrence(s)]
INFO --> [REQ_ID=5043f42d5a7b] [PERF] Execution time=0.010343

[1 occurrence(s)]
INFO --> [REQ_ID=2e2072155d7e] [PERF] Execution time=0.038504

[1 occurrence(s)]
INFO --> [REQ_ID=79b94946dbc1] [MEMORY][controller-start] 6291456

[1 occurrence(s)]
INFO --> [REQ_ID=79b94946dbc1] [MEMORY][commonData:start] 6291456

[1 occurrence(s)]
INFO --> [REQ_ID=79b94946dbc1] [MEMORY][commonData:start] 10485760

[8 occurrence(s)]
INFO --> themesMemory usage: 10485760

[1 occurrence(s)]
INFO --> [REQ_ID=79b94946dbc1] [PERF] Execution time=0.744813

[1 occurrence(s)]
INFO --> [REQ_ID=1b43dba1d620] [PERF] Execution time=0.785924

[1 occurrence(s)]
INFO --> [REQ_ID=cb4b0a70aa51] [PERF] Execution time=0.039148

[1 occurrence(s)]
INFO --> [REQ_ID=b7038a3b7d96] [MEMORY][controller-start] 6291456

[1 occurrence(s)]
INFO --> [REQ_ID=b7038a3b7d96] [MEMORY][commonData:start] 6291456

[1 occurrence(s)]
INFO --> [REQ_ID=b7038a3b7d96] [MEMORY][commonData:start] 10485760

[1 occurrence(s)]
INFO --> [REQ_ID=b7038a3b7d96] [PERF] Execution time=0.667501

[1 occurrence(s)]
INFO --> [REQ_ID=374d7d8b1ff3] [PERF] Execution time=0.721448

[1 occurrence(s)]
INFO --> [REQ_ID=a6187a1e1e15] [PERF] Execution time=0.032524

[1 occurrence(s)]
INFO --> [REQ_ID=e3fede5ceefe] [PERF] Execution time=0.045419

[1 occurrence(s)]
INFO --> [REQ_ID=0bebc0084bde] [MEMORY][controller-start] 6291456

[1 occurrence(s)]
INFO --> [REQ_ID=0bebc0084bde] [MEMORY][commonData:start] 6291456

[1 occurrence(s)]
INFO --> [REQ_ID=0bebc0084bde] [MEMORY][commonData:start] 10485760

[1 occurrence(s)]
INFO --> [REQ_ID=0bebc0084bde] [PERF] Execution time=0.573550

[1 occurrence(s)]
INFO --> [REQ_ID=ce5a95175e68] [PERF] Execution time=0.616563

[1 occurrence(s)]
INFO --> [REQ_ID=fa517adfedee] [MEMORY][controller-start] 6291456

[1 occurrence(s)]
INFO --> [REQ_ID=fa517adfedee] [MEMORY][commonData:start] 6291456

[1 occurrence(s)]
INFO --> [REQ_ID=fa517adfedee] [MEMORY][commonData:start] 10485760

[1 occurrence(s)]
INFO --> [REQ_ID=fa517adfedee] [PERF] Execution time=0.709611

[1 occurrence(s)]
INFO --> [REQ_ID=bc829fca141d] [PERF] Execution time=0.751145

[1 occurrence(s)]
INFO --> [REQ_ID=3c3fcd7f8915] [MEMORY][controller-start] 6291456

[1 occurrence(s)]
INFO --> [REQ_ID=3c3fcd7f8915] [MEMORY][commonData:start] 6291456

[1 occurrence(s)]
INFO --> [REQ_ID=3c3fcd7f8915] [MEMORY][commonData:start] 8388608

[8 occurrence(s)]
INFO --> themesMemory usage: 8388608

[1 occurrence(s)]
INFO --> [REQ_ID=3c3fcd7f8915] [PERF] Execution time=0.587338

[1 occurrence(s)]
INFO --> [REQ_ID=5fe834351de6] [PERF] Execution time=0.598577

[1 occurrence(s)]
INFO --> [REQ_ID=7adee3d1167a] [MEMORY][controller-start] 6291456

[1 occurrence(s)]
INFO --> [REQ_ID=7adee3d1167a] [MEMORY][commonData:start] 6291456

[1 occurrence(s)]
INFO --> [REQ_ID=7adee3d1167a] [MEMORY][commonData:start] 10485760

[1 occurrence(s)]
INFO --> [REQ_ID=7adee3d1167a] [PERF] Execution time=0.695624

[1 occurrence(s)]
INFO --> [REQ_ID=20e19561a83e] [PERF] Execution time=0.738104

[1 occurrence(s)]
INFO --> [REQ_ID=84329229a207] [MEMORY][controller-start] 6291456

[1 occurrence(s)]
INFO --> [REQ_ID=84329229a207] [MEMORY][commonData:start] 6291456

[1 occurrence(s)]
INFO --> [REQ_ID=84329229a207] [MEMORY][commonData:start] 8388608

[1 occurrence(s)]
INFO --> [REQ_ID=84329229a207] [PERF] Execution time=0.536841

[1 occurrence(s)]
INFO --> [REQ_ID=1d809827bd88] [PERF] Execution time=0.550123

[1 occurrence(s)]
INFO --> [REQ_ID=96f964747d5b] [PERF] Execution time=0.019244

[1 occurrence(s)]
INFO --> [REQ_ID=b8fee575ee66] [PERF] Execution time=0.049477

[1 occurrence(s)]
INFO --> [REQ_ID=520f20447a27] [PERF] Execution time=0.028899

[1 occurrence(s)]
INFO --> [REQ_ID=34e82e7df989] [MEMORY][controller-start] 4194304

[1 occurrence(s)]
INFO --> [REQ_ID=34e82e7df989] [PERF] Execution time=0.029790

[1 occurrence(s)]
INFO --> [REQ_ID=19fcebe42141] [PERF] Execution time=0.046248

[1 occurrence(s)]
INFO --> [REQ_ID=7286e2ff8ae6] [MEMORY][controller-start] 6291456

[1 occurrence(s)]
INFO --> [REQ_ID=7286e2ff8ae6] [MEMORY][commonData:start] 6291456

[1 occurrence(s)]
INFO --> [REQ_ID=7286e2ff8ae6] [MEMORY][commonData:start] 10485760

[1 occurrence(s)]
INFO --> [REQ_ID=7286e2ff8ae6] [PERF] Execution time=0.618290

[1 occurrence(s)]
INFO --> [REQ_ID=ca776ed04e96] [PERF] Execution time=0.657648

[1 occurrence(s)]
INFO --> [REQ_ID=b45edb67341e] [PERF] Execution time=0.054564

[1 occurrence(s)]
INFO --> [REQ_ID=6096f66dbb6a] [MEMORY][controller-start] 6291456

[1 occurrence(s)]
INFO --> [REQ_ID=6096f66dbb6a] [MEMORY][commonData:start] 6291456

[1 occurrence(s)]
INFO --> [REQ_ID=6096f66dbb6a] [MEMORY][commonData:start] 10485760

[1 occurrence(s)]
INFO --> [REQ_ID=6096f66dbb6a] [PERF] Execution time=0.780087

[1 occurrence(s)]
INFO --> [REQ_ID=f639b9224d55] [PERF] Execution time=0.831941

[1 occurrence(s)]
INFO --> [REQ_ID=7f63fc99478a] [PERF] Execution time=0.040658

[1 occurrence(s)]
INFO --> [REQ_ID=25681b907147] [PERF] Execution time=0.040408

[1 occurrence(s)]
INFO --> [REQ_ID=5e9487ce27f4] [MEMORY][controller-start] 4194304

[1 occurrence(s)]
INFO --> [REQ_ID=5e9487ce27f4] [MEMORY][commonData:start] 6291456

[1 occurrence(s)]
INFO --> [REQ_ID=5e9487ce27f4] [MEMORY][commonData:start] 8388608

[1 occurrence(s)]
INFO --> [REQ_ID=5e9487ce27f4] [PERF] Execution time=0.662531

[1 occurrence(s)]
INFO --> [REQ_ID=9044bb034b46] [PERF] Execution time=0.680323

[1 occurrence(s)]
INFO --> [REQ_ID=7522c7de292e] [MEMORY][controller-start] 4194304

[1 occurrence(s)]
INFO --> [REQ_ID=7522c7de292e] [MEMORY][commonData:start] 6291456

[1 occurrence(s)]
INFO --> [REQ_ID=7522c7de292e] [MEMORY][commonData:start] 8388608

[1 occurrence(s)]
INFO --> [REQ_ID=7522c7de292e] [PERF] Execution time=0.671353

[1 occurrence(s)]
INFO --> [REQ_ID=d659490b2c6f] [PERF] Execution time=0.691782

[1 occurrence(s)]
INFO --> [REQ_ID=c7fb8c628dd1] [PERF] Execution time=0.048490

[1 occurrence(s)]
INFO --> [REQ_ID=9f9d9f43eeeb] [PERF] Execution time=0.046824

[1 occurrence(s)]
INFO --> [REQ_ID=c78b9074aa82] [MEMORY][controller-start] 4194304

[1 occurrence(s)]
INFO --> [REQ_ID=c78b9074aa82] [MEMORY][commonData:start] 6291456

[1 occurrence(s)]
INFO --> [REQ_ID=c78b9074aa82] [MEMORY][commonData:start] 8388608

[1 occurrence(s)]
INFO --> [REQ_ID=c78b9074aa82] [PERF] Execution time=0.656320

[1 occurrence(s)]
INFO --> [REQ_ID=62e2ef60aded] [PERF] Execution time=0.678233

[1 occurrence(s)]
INFO --> [REQ_ID=c2834b9c6cbd] [MEMORY][controller-start] 4194304

[1 occurrence(s)]
INFO --> [REQ_ID=c2834b9c6cbd] [MEMORY][commonData:start] 4194304

[1 occurrence(s)]
INFO --> [REQ_ID=c2834b9c6cbd] [MEMORY][commonData:start] 8388608

[1 occurrence(s)]
INFO --> [REQ_ID=c2834b9c6cbd] [PERF] Execution time=0.582579

[1 occurrence(s)]
INFO --> [REQ_ID=aada77e93b58] [PERF] Execution time=0.591402

[1 occurrence(s)]
INFO --> [REQ_ID=acfaa02e2db2] [PERF] Execution time=0.039203

[1 occurrence(s)]
INFO --> [REQ_ID=cd2e22ad8da9] [MEMORY][controller-start] 6291456

[1 occurrence(s)]
INFO --> [REQ_ID=cd2e22ad8da9] [PERF] Execution time=0.135242

[1 occurrence(s)]
INFO --> [REQ_ID=fd22ef47b9e1] [PERF] Execution time=0.177749

[1 occurrence(s)]
INFO --> [REQ_ID=0fd5e11eb632] [PERF] Execution time=0.043771

[1 occurrence(s)]
INFO --> [REQ_ID=eca70c927946] [PERF] Execution time=0.046493

[1 occurrence(s)]
INFO --> [REQ_ID=3d2989bcafe6] [MEMORY][controller-start] 4194304

[1 occurrence(s)]
INFO --> [REQ_ID=3d2989bcafe6] [MEMORY][commonData:start] 6291456

[1 occurrence(s)]
INFO --> [REQ_ID=3d2989bcafe6] [MEMORY][commonData:start] 8388608

[1 occurrence(s)]
INFO --> [REQ_ID=3d2989bcafe6] [PERF] Execution time=0.652269

[1 occurrence(s)]
INFO --> [REQ_ID=a25951229a7f] [PERF] Execution time=0.664448

[1 occurrence(s)]
INFO --> [REQ_ID=d38e85419ab3] [PERF] Execution time=0.039325

[1 occurrence(s)]
INFO --> [REQ_ID=dca037bfd55f] [PERF] Execution time=0.053193

[1 occurrence(s)]
INFO --> [REQ_ID=14c5cde691f9] [PERF] Execution time=0.046283

[1 occurrence(s)]
INFO --> [REQ_ID=b3a55ec7231e] [PERF] Execution time=0.048233

[1 occurrence(s)]
INFO --> [REQ_ID=a99941385e67] [PERF] Execution time=0.045251

[1 occurrence(s)]
INFO --> [REQ_ID=682191ed7667] [MEMORY][controller-start] 4194304

[1 occurrence(s)]
INFO --> [REQ_ID=682191ed7667] [MEMORY][commonData:start] 6291456

[1 occurrence(s)]
INFO --> [REQ_ID=682191ed7667] [MEMORY][commonData:start] 8388608

[1 occurrence(s)]
INFO --> [REQ_ID=682191ed7667] [PERF] Execution time=0.588774

[1 occurrence(s)]
INFO --> [REQ_ID=8e86a895bf16] [PERF] Execution time=0.609565

[1 occurrence(s)]
INFO --> [REQ_ID=fb6cccc2bd02] [MEMORY][controller-start] 6291456

[1 occurrence(s)]
INFO --> [REQ_ID=fb6cccc2bd02] [MEMORY][commonData:start] 6291456

[1 occurrence(s)]
INFO --> [REQ_ID=fb6cccc2bd02] [MEMORY][commonData:start] 10485760

[1 occurrence(s)]
INFO --> [REQ_ID=fb6cccc2bd02] [PERF] Execution time=0.635202

[1 occurrence(s)]
INFO --> [REQ_ID=80c2b977d1e9] [PERF] Execution time=0.675299

[1 occurrence(s)]
INFO --> [REQ_ID=56f566f07a35] [MEMORY][controller-start] 6291456

[1 occurrence(s)]
INFO --> [REQ_ID=56f566f07a35] [PERF] Execution time=0.048761

[1 occurrence(s)]
INFO --> [REQ_ID=9fcec7cfa1ac] [PERF] Execution time=0.015348

[1 occurrence(s)]
INFO --> [REQ_ID=91b3dd97a5f0] [MEMORY][controller-start] 4194304

[1 occurrence(s)]
INFO --> [REQ_ID=91b3dd97a5f0] [PERF] Execution time=0.023860

[1 occurrence(s)]
INFO --> [REQ_ID=c785cac97184] [PERF] Execution time=0.036312

[1 occurrence(s)]
INFO --> [REQ_ID=973f779f195e] [MEMORY][controller-start] 4194304

[3 occurrence(s)]
INFO --> [REGISTRATION] Form loaded

[1 occurrence(s)]
INFO --> [REQ_ID=973f779f195e] [PERF] Execution time=0.025245

[1 occurrence(s)]
INFO --> [REQ_ID=63e475d8a992] [MEMORY][controller-start] 4194304

[1 occurrence(s)]
INFO --> [REQ_ID=63e475d8a992] [PERF] Execution time=0.014075

[1 occurrence(s)]
INFO --> [REQ_ID=4fbb56ec83ed] [MEMORY][controller-start] 4194304

[1 occurrence(s)]
INFO --> [REQ_ID=4fbb56ec83ed] [PERF] Execution time=0.014897

[1 occurrence(s)]
INFO --> [spark:ops:work] Started

[1 occurrence(s)]
INFO --> [SPARK_START] App\Commands\Ops\Work

[4 occurrence(s)]
INFO --> [SPARK_MEMORY] 18874368

[1 occurrence(s)]
INFO --> [spark:ops:work] Intent

[1 occurrence(s)]
INFO --> [SPARK_START] App\Commands\AIOps\Run

[1 occurrence(s)]
INFO --> [spark:aiops:run] Intent

[1 occurrence(s)]
INFO --> [spark:ops:work] Completed

[1 occurrence(s)]
INFO --> [SPARK_COMPLETE] App\Commands\Ops\Work duration=0.162784

[1 occurrence(s)]
INFO --> [REQ_ID=906acfb9572c] [PERF] Execution time=0.095160

[1 occurrence(s)]
INFO --> [AIOPS][SPARK][GOVERNANCE][spark:logs:summarize] Started

[1 occurrence(s)]
INFO --> [SPARK_START] App\Commands\Logs\Summarize

[1 occurrence(s)]
INFO --> [spark:logs:summarize] Intent


---------------------------
LEVEL: WARNING
---------------------------

[86 occurrence(s)]
WARNING --> [404] URI=https://www.mymiwallet.com/index.php/

[84 occurrence(s)]
WARNING --> 404 route miss: https://www.mymiwallet.com/index.php/ | referrer: http://67.205.42.220

[1 occurrence(s)]
WARNING --> 404 route miss: https://www.mymiwallet.com/index.php/ | referrer: http://mymiwallet.com/

[1 occurrence(s)]
WARNING --> [404] URI=https://www.mymiwallet.com/index.php/News/After-Hours-Movers/November-25th-2021

[1 occurrence(s)]
WARNING --> 404 route miss: https://www.mymiwallet.com/index.php/News/After-Hours-Movers/November-25th-2021 | referrer: none

[1 occurrence(s)]
WARNING --> 404 route miss: https://www.mymiwallet.com/index.php/ | referrer: none

[1 occurrence(s)]
WARNING --> [404] URI=https://www.mymiwallet.com/index.php/News/After-Hours-Movers/November-16th-2021

[1 occurrence(s)]
WARNING --> 404 route miss: https://www.mymiwallet.com/index.php/News/After-Hours-Movers/November-16th-2021 | referrer: none

[1 occurrence(s)]
WARNING --> [404] URI=https://www.mymiwallet.com/index.php/News/After-Hours-Movers/December-14th-2021

[1 occurrence(s)]
WARNING --> 404 route miss: https://www.mymiwallet.com/index.php/News/After-Hours-Movers/December-14th-2021 | referrer: none

[1 occurrence(s)]
WARNING --> MyMIWallets initialized without numeric user context.


---------------------------
LEVEL: ERROR
---------------------------

[4 occurrence(s)]
ERROR --> [ERROR_PAGE] event=error_404 status=404 message=Page not found.

[1 occurrence(s)]
ERROR --> HowItWorksController failure: Call to undefined method App\Modules\Blog\Controllers\HowItWorksController::respondWithRendered()


---------------------------
LEVEL: CRITICAL
---------------------------

[89 occurrence(s)]
CRITICAL --> CodeIgniter\Exceptions\PageNotFoundException: Page Not Found

[89 occurrence(s)]
CRITICAL --> [EXCEPTION] Page Not Found File=/home/mymiteam/mymiwallet/site/current/vendor/codeigniter4/framework/system/CodeIgniter.php Line=1001


===============================================
   HERE'S THE NEW STUFF
   (No previous timestamp recorded – nothing treated as new)
===============================================

---- CONFIG LINT ----
✅ Services::cache
✅ Services::responsecache
✅ Services::session
✅ Services::email
✅ Services::logger
✅ Services::validation
✅ Services::renderer
