===============================================
   MyMI Wallet — Log Summary for 2026-02-15
   Auto-generated by logs:summarize command
   Grouped by (LEVEL + message)
===============================================

Last processed up to: 2026-02-15 00:58:05

---------------------------
LEVEL: ERROR
---------------------------

[1 occurrence(s)]
ERROR --> LOG_HEALTHCHECK file probe marker=cce1a3be4d64

[1 occurrence(s)]
ERROR --> LOG_HEALTHCHECK file probe marker=fc8f767f46d0

[1 occurrence(s)]
ERROR --> LOG_HEALTHCHECK file probe marker=352a87c0609c

[1 occurrence(s)]
ERROR --> LOG_HEALTHCHECK file probe marker=40a879b1bdf3


===============================================
   HERE'S THE NEW STUFF
   (Entries logged AFTER 2026-02-15 00:58:05)
===============================================

---------------------------
LEVEL: ERROR (NEW)
---------------------------

[1 NEW occurrence(s)]
ERROR --> LOG_HEALTHCHECK file probe marker=40a879b1bdf3


---- CONFIG LINT ----
✅ Services::cache
✅ Services::responsecache
✅ Services::session
✅ Services::email
✅ Services::logger
✅ Services::validation
✅ Services::renderer
