===============================================
   MyMI Wallet — Log Summary for 2026-02-10
   Auto-generated by logs:summarize command
   Grouped by (LEVEL + message)
===============================================

Last processed up to: 2026-02-10 18:00:03

---------------------------
LEVEL: ERROR
---------------------------

[1 occurrence(s)]
ERROR --> LOG_HEALTHCHECK file probe marker=89f4b3f045ae

[1 occurrence(s)]
ERROR --> LOG_HEALTHCHECK file probe marker=fd8a7853385c

[1 occurrence(s)]
ERROR --> LOG_HEALTHCHECK file probe marker=740cca607b24

[1 occurrence(s)]
ERROR --> LOG_HEALTHCHECK file probe marker=bc0d6fe1cde4

[1 occurrence(s)]
ERROR --> LOG_HEALTHCHECK file probe marker=e82fa126f8fc

[1 occurrence(s)]
ERROR --> LOG_HEALTHCHECK file probe marker=79c4eb414f87

[1 occurrence(s)]
ERROR --> LOG_HEALTHCHECK file probe marker=341e124d4402

[1 occurrence(s)]
ERROR --> LOG_HEALTHCHECK file probe marker=373761b38f3e

[1 occurrence(s)]
ERROR --> LOG_HEALTHCHECK file probe marker=e5d5c1777c58


===============================================
   HERE'S THE NEW STUFF
   (Entries logged AFTER 2026-02-10 18:00:03)
===============================================

---------------------------
LEVEL: ERROR (NEW)
---------------------------

[1 NEW occurrence(s)]
ERROR --> LOG_HEALTHCHECK file probe marker=e5d5c1777c58


---- CONFIG LINT ----
✅ Services::cache
✅ Services::responsecache
✅ Services::session
✅ Services::email
✅ Services::logger
✅ Services::validation
✅ Services::renderer
