===============================================
   MyMI Wallet — Log Summary for 2026-03-15
   Auto-generated by logs:summarize command
   Grouped by (LEVEL + message)
===============================================

Last processed up to: <none> (first run for this date)

---------------------------
LEVEL: DEBUG
---------------------------

[1 occurrence(s)]
DEBUG --> [REQ_ID=41d6d49cc8d4] [REQUEST][START] GET /index.php/API/Management/Run-CRON-Tasks

[88 occurrence(s)]
DEBUG --> Session: Class initialized using 'CodeIgniter\Session\Handlers\FileHandler' driver.

[1 occurrence(s)]
DEBUG --> [REQ_ID=41d6d49cc8d4] [FILTER_BEFORE] /index.php/API/Management/Run-CRON-Tasks

[1 occurrence(s)]
DEBUG --> [REQ_ID=41d6d49cc8d4] [ROUTE] Controller=\App\Modules\Management\Controllers\ManagementAPIController Method=Run_CRON_Tasks

[1 occurrence(s)]
DEBUG --> [REQ_ID=41d6d49cc8d4] [LIFECYCLE][START] GET https://www.mymiwallet.com/index.php/API/Management/Run-CRON-Tasks

[1 occurrence(s)]
DEBUG --> [REQ_ID=41d6d49cc8d4] [REQUEST][END]

[1 occurrence(s)]
DEBUG --> [REQ_ID=22eab0996977] [REQUEST][START] GET /index.php/API/Alerts/fetchEmailAlerts

[1 occurrence(s)]
DEBUG --> [REQ_ID=22eab0996977] [FILTER_BEFORE] /index.php/API/Alerts/fetchEmailAlerts

[1 occurrence(s)]
DEBUG --> [REQ_ID=22eab0996977] [ROUTE] Controller=\App\Modules\APIs\Controllers\AlertsAPIController Method=fetchEmailAlerts

[1 occurrence(s)]
DEBUG --> [REQ_ID=22eab0996977] [LIFECYCLE][START] GET https://www.mymiwallet.com/index.php/API/Alerts/fetchEmailAlerts

[1 occurrence(s)]
DEBUG --> [REQ_ID=22eab0996977] [REQUEST][END]

[1 occurrence(s)]
DEBUG --> [REQ_ID=3d0fe2e19be8] [REQUEST][START] GET /index.php/Knowledgebase/Technical-Support

[1 occurrence(s)]
DEBUG --> [REQ_ID=3d0fe2e19be8] [REQUEST][END]

[1 occurrence(s)]
DEBUG --> [REQ_ID=080d29830003] [REQUEST][START] GET /

[1 occurrence(s)]
DEBUG --> [REQ_ID=080d29830003] [FILTER_BEFORE] /

[1 occurrence(s)]
DEBUG --> [REQ_ID=080d29830003] [ROUTE] Controller=\App\Controllers\Home Method=index

[1 occurrence(s)]
DEBUG --> [REQ_ID=080d29830003] [LIFECYCLE][START] GET https://www.mymiwallet.com/index.php/

[1 occurrence(s)]
DEBUG --> [CSRF] token name=csrf_test_name hash=429c1ace5eecc55753930eb0c2684716

[1 occurrence(s)]
DEBUG --> [REQ_ID=8853bc7338de] [INIT] App\Controllers\Home::GET

[25 occurrence(s)]
DEBUG --> MyMIUser L52 - initialized (first log).

[6 occurrence(s)]
DEBUG --> [MetaService] slug= pageName= cacheHit= path=FALLBACK

[1 occurrence(s)]
DEBUG --> [REQ_ID=8853bc7338de] [VIEW_RENDER] themes/public/home

[4 occurrence(s)]
DEBUG --> [MetaService] slug= pageName=Home cacheHit= path=DB

[1 occurrence(s)]
DEBUG --> [REQ_ID=080d29830003] [FILTER_AFTER]

[1 occurrence(s)]
DEBUG --> [REQ_ID=080d29830003] [LIFECYCLE][END] status=200 duration_ms=840.61 memory_delta=4194304

[1 occurrence(s)]
DEBUG --> [REQ_ID=080d29830003] [REQUEST][END]

[1 occurrence(s)]
DEBUG --> [REQ_ID=88501f6474fb] [REQUEST][START] GET /

[1 occurrence(s)]
DEBUG --> [REQ_ID=88501f6474fb] [FILTER_BEFORE] /

[1 occurrence(s)]
DEBUG --> [REQ_ID=88501f6474fb] [ROUTE] Controller=\App\Controllers\Home Method=index

[1 occurrence(s)]
DEBUG --> [REQ_ID=88501f6474fb] [LIFECYCLE][START] GET https://www.mymiwallet.com/index.php/

[39 occurrence(s)]
DEBUG --> [CSRF] token name=csrf_test_name hash=3363864fad6007cf1942bf01130b2904

[1 occurrence(s)]
DEBUG --> [REQ_ID=8e373d1c577b] [INIT] App\Controllers\Home::GET

[6 occurrence(s)]
DEBUG --> [MetaService] slug= pageName= cacheHit=1 path=CACHE

[1 occurrence(s)]
DEBUG --> [REQ_ID=8e373d1c577b] [VIEW_RENDER] themes/public/home

[8 occurrence(s)]
DEBUG --> [MetaService] slug= pageName=Home cacheHit=1 path=CACHE

[1 occurrence(s)]
DEBUG --> [REQ_ID=88501f6474fb] [FILTER_AFTER]

[1 occurrence(s)]
DEBUG --> [REQ_ID=88501f6474fb] [LIFECYCLE][END] status=200 duration_ms=796.58 memory_delta=4194304

[1 occurrence(s)]
DEBUG --> [REQ_ID=88501f6474fb] [REQUEST][END]

[1 occurrence(s)]
DEBUG --> [REQ_ID=67dcbdf7f0fb] [REQUEST][START] POST /index.php/register

[1 occurrence(s)]
DEBUG --> [REQ_ID=67dcbdf7f0fb] [FILTER_BEFORE] /index.php/register

[1 occurrence(s)]
DEBUG --> [REQ_ID=67dcbdf7f0fb] [ROUTE] Controller=\App\Controllers\AuthController Method=attemptRegister

[1 occurrence(s)]
DEBUG --> [REQ_ID=67dcbdf7f0fb] [LIFECYCLE][START] POST https://www.mymiwallet.com/index.php/register

[1 occurrence(s)]
DEBUG --> [REQ_ID=36f98a7c53ea] [INIT] App\Controllers\AuthController::POST

[1 occurrence(s)]
DEBUG --> [REQ_ID=67dcbdf7f0fb] [FILTER_AFTER]

[1 occurrence(s)]
DEBUG --> [REQ_ID=67dcbdf7f0fb] [LIFECYCLE][END] status=303 duration_ms=1,289.77 memory_delta=0

[1 occurrence(s)]
DEBUG --> [REQ_ID=67dcbdf7f0fb] [REQUEST][END]

[1 occurrence(s)]
DEBUG --> [REQ_ID=7f3b13bcb84a] [REQUEST][START] GET /index.php/register/success

[1 occurrence(s)]
DEBUG --> [REQ_ID=7f3b13bcb84a] [FILTER_BEFORE] /index.php/register/success

[1 occurrence(s)]
DEBUG --> [REQ_ID=7f3b13bcb84a] [ROUTE] Controller=\App\Controllers\AuthController Method=registerSuccess

[1 occurrence(s)]
DEBUG --> [REQ_ID=7f3b13bcb84a] [LIFECYCLE][START] GET https://www.mymiwallet.com/index.php/register/success

[1 occurrence(s)]
DEBUG --> [REQ_ID=065e89dfd1b1] [INIT] App\Controllers\AuthController::GET

[1 occurrence(s)]
DEBUG --> [REQ_ID=9ebc25aa7f67] [REQUEST][START] GET /index.php/login

[1 occurrence(s)]
DEBUG --> [REQ_ID=9ebc25aa7f67] [FILTER_BEFORE] /index.php/login

[1 occurrence(s)]
DEBUG --> [REQ_ID=9ebc25aa7f67] [ROUTE] Controller=\App\Controllers\AuthController Method=login

[1 occurrence(s)]
DEBUG --> [REQ_ID=9ebc25aa7f67] [LIFECYCLE][START] GET https://www.mymiwallet.com/index.php/login

[1 occurrence(s)]
DEBUG --> [REQ_ID=950c5863a78a] [INIT] App\Controllers\AuthController::GET

[1 occurrence(s)]
DEBUG --> [REQ_ID=9ebc25aa7f67] [FILTER_AFTER]

[1 occurrence(s)]
DEBUG --> [REQ_ID=9ebc25aa7f67] [LIFECYCLE][END] status=200 duration_ms=32.36 memory_delta=0

[1 occurrence(s)]
DEBUG --> [REQ_ID=9ebc25aa7f67] [REQUEST][END]

[1 occurrence(s)]
DEBUG --> [REQ_ID=c3e75b2e1505] [REQUEST][START] POST /index.php/login

[1 occurrence(s)]
DEBUG --> [REQ_ID=c3e75b2e1505] [FILTER_BEFORE] /index.php/login

[1 occurrence(s)]
DEBUG --> [REQ_ID=c3e75b2e1505] [ROUTE] Controller=\App\Controllers\AuthController Method=attemptLogin

[1 occurrence(s)]
DEBUG --> [REQ_ID=c3e75b2e1505] [LIFECYCLE][START] POST https://www.mymiwallet.com/index.php/login

[1 occurrence(s)]
DEBUG --> [REQ_ID=90cd7d10a02d] [INIT] App\Controllers\AuthController::POST

[1 occurrence(s)]
DEBUG --> Auth attemptLogin() called with login identifier: anton.c@hotmail.com, remember: true

[1 occurrence(s)]
DEBUG --> Auth attemptLogin() called. redirect_url in session: none

[1 occurrence(s)]
DEBUG --> Auth credentials normalised for attempt using key "email"

[1 occurrence(s)]
DEBUG --> Auth attempt failed for identifier anton.c@hotmail.com. Error: Unable to log you in. Please check your password.

[1 occurrence(s)]
DEBUG --> [REQ_ID=c3e75b2e1505] [FILTER_AFTER]

[1 occurrence(s)]
DEBUG --> [REQ_ID=c3e75b2e1505] [LIFECYCLE][END] status=303 duration_ms=218.18 memory_delta=0

[1 occurrence(s)]
DEBUG --> [REQ_ID=c3e75b2e1505] [REQUEST][END]

[1 occurrence(s)]
DEBUG --> [REQ_ID=865810ae7b38] [REQUEST][START] GET /index.php/login

[1 occurrence(s)]
DEBUG --> [REQ_ID=865810ae7b38] [FILTER_BEFORE] /index.php/login

[1 occurrence(s)]
DEBUG --> [REQ_ID=865810ae7b38] [ROUTE] Controller=\App\Controllers\AuthController Method=login

[1 occurrence(s)]
DEBUG --> [REQ_ID=865810ae7b38] [LIFECYCLE][START] GET https://www.mymiwallet.com/index.php/login

[1 occurrence(s)]
DEBUG --> [REQ_ID=402a0830b3aa] [INIT] App\Controllers\AuthController::GET

[1 occurrence(s)]
DEBUG --> [REQ_ID=865810ae7b38] [FILTER_AFTER]

[1 occurrence(s)]
DEBUG --> [REQ_ID=865810ae7b38] [LIFECYCLE][END] status=200 duration_ms=27.65 memory_delta=0

[1 occurrence(s)]
DEBUG --> [REQ_ID=865810ae7b38] [REQUEST][END]

[1 occurrence(s)]
DEBUG --> [REQ_ID=ccf8f130d763] [REQUEST][START] GET /index.php/Free/register

[1 occurrence(s)]
DEBUG --> [REQ_ID=ccf8f130d763] [FILTER_BEFORE] /index.php/Free/register

[1 occurrence(s)]
DEBUG --> [REQ_ID=ccf8f130d763] [ROUTE] Controller=\App\Controllers\AuthController Method=register

[1 occurrence(s)]
DEBUG --> [REQ_ID=ccf8f130d763] [LIFECYCLE][START] GET https://www.mymiwallet.com/index.php/Free/register

[1 occurrence(s)]
DEBUG --> [REQ_ID=ccf8f130d763] [REQUEST][END]

[1 occurrence(s)]
DEBUG --> [REQ_ID=17a47289a37d] [REQUEST][START] GET /index.php/login

[1 occurrence(s)]
DEBUG --> [REQ_ID=17a47289a37d] [FILTER_BEFORE] /index.php/login

[1 occurrence(s)]
DEBUG --> [REQ_ID=17a47289a37d] [ROUTE] Controller=\App\Controllers\AuthController Method=login

[1 occurrence(s)]
DEBUG --> [REQ_ID=17a47289a37d] [LIFECYCLE][START] GET https://www.mymiwallet.com/index.php/login

[1 occurrence(s)]
DEBUG --> [REQ_ID=476309d1d0d1] [INIT] App\Controllers\AuthController::GET

[1 occurrence(s)]
DEBUG --> [REQ_ID=17a47289a37d] [FILTER_AFTER]

[1 occurrence(s)]
DEBUG --> [REQ_ID=17a47289a37d] [LIFECYCLE][END] status=200 duration_ms=112.43 memory_delta=0

[1 occurrence(s)]
DEBUG --> [REQ_ID=17a47289a37d] [REQUEST][END]

[1 occurrence(s)]
DEBUG --> [REQ_ID=ede09cf45712] [REQUEST][START] GET /index.php/How-It-Works/Registering-An-Account

[1 occurrence(s)]
DEBUG --> [REQ_ID=ede09cf45712] [FILTER_BEFORE] /index.php/How-It-Works/Registering-An-Account

[1 occurrence(s)]
DEBUG --> [REQ_ID=ede09cf45712] [ROUTE] Controller=\App\Modules\Blog\Controllers\HowItWorksController Method=show

[1 occurrence(s)]
DEBUG --> [REQ_ID=ede09cf45712] [LIFECYCLE][START] GET https://www.mymiwallet.com/index.php/How-It-Works/Registering-An-Account

[1 occurrence(s)]
DEBUG --> [REQ_ID=8a2c933145c0] [INIT] App\Modules\Blog\Controllers\HowItWorksController::GET

[1 occurrence(s)]
DEBUG --> [REQ_ID=8a2c933145c0] [METHOD_ENTRY] show

[10 occurrence(s)]
DEBUG --> [SERVICE] App\Services\BudgetService ::setUserId

[30 occurrence(s)]
DEBUG --> MyMICoin: guest context detected; skipping user-specific preload.

[1 occurrence(s)]
DEBUG --> [REQ_ID=324387a94e3d] [REQUEST][START] GET /index.php/How-It-Works/Investor-Profile

[1 occurrence(s)]
DEBUG --> [REQ_ID=324387a94e3d] [FILTER_BEFORE] /index.php/How-It-Works/Investor-Profile

[1 occurrence(s)]
DEBUG --> [REQ_ID=324387a94e3d] [ROUTE] Controller=\App\Modules\Blog\Controllers\HowItWorksController Method=show

[1 occurrence(s)]
DEBUG --> [REQ_ID=324387a94e3d] [LIFECYCLE][START] GET https://www.mymiwallet.com/index.php/How-It-Works/Investor-Profile

[1 occurrence(s)]
DEBUG --> [REQ_ID=798ec09315d1] [INIT] App\Modules\Blog\Controllers\HowItWorksController::GET

[1 occurrence(s)]
DEBUG --> [REQ_ID=798ec09315d1] [METHOD_ENTRY] show

[1 occurrence(s)]
DEBUG --> [REQ_ID=878ce9d6d3c4] [REQUEST][START] GET /index.php/Support/Account

[1 occurrence(s)]
DEBUG --> [REQ_ID=878ce9d6d3c4] [FILTER_BEFORE] /index.php/Support/Account

[1 occurrence(s)]
DEBUG --> [REQ_ID=878ce9d6d3c4] [ROUTE] Controller=\App\Modules\Support\Controllers\AccountSupportController Method=index

[1 occurrence(s)]
DEBUG --> [REQ_ID=878ce9d6d3c4] [LIFECYCLE][START] GET https://www.mymiwallet.com/index.php/Support/Account

[1 occurrence(s)]
DEBUG --> [REQ_ID=f0fc94df01b6] [INIT] App\Modules\Support\Controllers\AccountSupportController::GET

[1 occurrence(s)]
DEBUG --> [REQ_ID=f0fc94df01b6] [METHOD_ENTRY] index

[1 occurrence(s)]
DEBUG --> [REQ_ID=f0fc94df01b6] [VIEW_RENDER] SupportModule/Support/account_help

[1 occurrence(s)]
DEBUG --> [REQ_ID=878ce9d6d3c4] [FILTER_AFTER]

[1 occurrence(s)]
DEBUG --> [REQ_ID=878ce9d6d3c4] [LIFECYCLE][END] status=200 duration_ms=35.49 memory_delta=0

[1 occurrence(s)]
DEBUG --> [REQ_ID=878ce9d6d3c4] [REQUEST][END]

[1 occurrence(s)]
DEBUG --> [REQ_ID=0608ccdd20e9] [REQUEST][START] POST /index.php/Support/resendActivation

[1 occurrence(s)]
DEBUG --> [REQ_ID=0608ccdd20e9] [FILTER_BEFORE] /index.php/Support/resendActivation

[1 occurrence(s)]
DEBUG --> [REQ_ID=0608ccdd20e9] [ROUTE] Controller=\App\Modules\Support\Controllers\AccountSupportController Method=resendActivation

[1 occurrence(s)]
DEBUG --> [REQ_ID=0608ccdd20e9] [LIFECYCLE][START] POST https://www.mymiwallet.com/index.php/Support/resendActivation

[1 occurrence(s)]
DEBUG --> [REQ_ID=09e62636d867] [INIT] App\Modules\Support\Controllers\AccountSupportController::POST

[1 occurrence(s)]
DEBUG --> [REQ_ID=09e62636d867] [METHOD_ENTRY] resendActivation

[1 occurrence(s)]
DEBUG --> [REQ_ID=0608ccdd20e9] [FILTER_AFTER]

[1 occurrence(s)]
DEBUG --> [REQ_ID=0608ccdd20e9] [LIFECYCLE][END] status=303 duration_ms=1,162.99 memory_delta=0

[1 occurrence(s)]
DEBUG --> [REQ_ID=0608ccdd20e9] [REQUEST][END]

[1 occurrence(s)]
DEBUG --> [REQ_ID=21de3439e575] [REQUEST][START] GET /index.php/Support/Account

[1 occurrence(s)]
DEBUG --> [REQ_ID=21de3439e575] [FILTER_BEFORE] /index.php/Support/Account

[1 occurrence(s)]
DEBUG --> [REQ_ID=21de3439e575] [ROUTE] Controller=\App\Modules\Support\Controllers\AccountSupportController Method=index

[1 occurrence(s)]
DEBUG --> [REQ_ID=21de3439e575] [LIFECYCLE][START] GET https://www.mymiwallet.com/index.php/Support/Account

[1 occurrence(s)]
DEBUG --> [REQ_ID=81058197ae2e] [INIT] App\Modules\Support\Controllers\AccountSupportController::GET

[1 occurrence(s)]
DEBUG --> [REQ_ID=81058197ae2e] [METHOD_ENTRY] index

[1 occurrence(s)]
DEBUG --> [REQ_ID=81058197ae2e] [VIEW_RENDER] SupportModule/Support/account_help

[1 occurrence(s)]
DEBUG --> [REQ_ID=21de3439e575] [FILTER_AFTER]

[1 occurrence(s)]
DEBUG --> [REQ_ID=21de3439e575] [LIFECYCLE][END] status=200 duration_ms=38.98 memory_delta=0

[1 occurrence(s)]
DEBUG --> [REQ_ID=21de3439e575] [REQUEST][END]

[1 occurrence(s)]
DEBUG --> [REQ_ID=f07af184b9e4] [REQUEST][START] GET /index.php/forgot

[1 occurrence(s)]
DEBUG --> [REQ_ID=f07af184b9e4] [FILTER_BEFORE] /index.php/forgot

[1 occurrence(s)]
DEBUG --> [REQ_ID=f07af184b9e4] [ROUTE] Controller=\Myth\Auth\Controllers\AuthController Method=forgotPassword

[1 occurrence(s)]
DEBUG --> [REQ_ID=f07af184b9e4] [LIFECYCLE][START] GET https://www.mymiwallet.com/index.php/forgot

[1 occurrence(s)]
DEBUG --> [REQ_ID=f07af184b9e4] [FILTER_AFTER]

[1 occurrence(s)]
DEBUG --> [REQ_ID=f07af184b9e4] [LIFECYCLE][END] status=200 duration_ms=3.57 memory_delta=0

[1 occurrence(s)]
DEBUG --> [REQ_ID=f07af184b9e4] [REQUEST][END]

[1 occurrence(s)]
DEBUG --> [REQ_ID=e3e6c7af66d8] [REQUEST][START] GET /index.php/register

[1 occurrence(s)]
DEBUG --> [REQ_ID=e3e6c7af66d8] [FILTER_BEFORE] /index.php/register

[1 occurrence(s)]
DEBUG --> [REQ_ID=e3e6c7af66d8] [ROUTE] Controller=\App\Controllers\AuthController Method=register

[1 occurrence(s)]
DEBUG --> [REQ_ID=e3e6c7af66d8] [LIFECYCLE][START] GET https://www.mymiwallet.com/index.php/register

[1 occurrence(s)]
DEBUG --> [REQ_ID=5ee154109694] [INIT] App\Controllers\AuthController::GET

[1 occurrence(s)]
DEBUG --> [REQ_ID=81fb32e7c051] [REQUEST][START] GET /index.php/Profile/

[1 occurrence(s)]
DEBUG --> [REQ_ID=81fb32e7c051] [FILTER_BEFORE] /index.php/Profile/

[1 occurrence(s)]
DEBUG --> [REQ_ID=81fb32e7c051] [ROUTE] Controller=\App\Controllers\App\Modules\User\Controllers\DashboardController Method=profile

[1 occurrence(s)]
DEBUG --> [REQ_ID=81fb32e7c051] [LIFECYCLE][START] GET https://www.mymiwallet.com/index.php/Profile/

[1 occurrence(s)]
DEBUG --> [REQ_ID=81fb32e7c051] [REQUEST][END]

[1 occurrence(s)]
DEBUG --> [REQ_ID=e36d3390f421] [REQUEST][START] GET /index.php/login

[1 occurrence(s)]
DEBUG --> [REQ_ID=e36d3390f421] [FILTER_BEFORE] /index.php/login

[1 occurrence(s)]
DEBUG --> [REQ_ID=e36d3390f421] [ROUTE] Controller=\App\Controllers\AuthController Method=login

[1 occurrence(s)]
DEBUG --> [REQ_ID=e36d3390f421] [LIFECYCLE][START] GET https://www.mymiwallet.com/index.php/login

[1 occurrence(s)]
DEBUG --> [REQ_ID=9566aa6bab6b] [INIT] App\Controllers\AuthController::GET

[1 occurrence(s)]
DEBUG --> [REQ_ID=e36d3390f421] [FILTER_AFTER]

[1 occurrence(s)]
DEBUG --> [REQ_ID=e36d3390f421] [LIFECYCLE][END] status=200 duration_ms=22.38 memory_delta=0

[1 occurrence(s)]
DEBUG --> [REQ_ID=e36d3390f421] [REQUEST][END]

[1 occurrence(s)]
DEBUG --> [REQ_ID=c685020896ce] [REQUEST][START] GET /index.php/Account/Social-Media

[1 occurrence(s)]
DEBUG --> [REQ_ID=c685020896ce] [FILTER_BEFORE] /index.php/Account/Social-Media

[1 occurrence(s)]
DEBUG --> [REQ_ID=c685020896ce] [ROUTE] Controller=\App\Modules\User\Controllers\DashboardController Method=SocialMedia

[1 occurrence(s)]
DEBUG --> [REQ_ID=c685020896ce] [LIFECYCLE][START] GET https://www.mymiwallet.com/index.php/Account/Social-Media

[1 occurrence(s)]
DEBUG --> [REQ_ID=c685020896ce] [REQUEST][END]

[1 occurrence(s)]
DEBUG --> [REQ_ID=22083d75f874] [REQUEST][START] GET /index.php/login

[1 occurrence(s)]
DEBUG --> [REQ_ID=22083d75f874] [FILTER_BEFORE] /index.php/login

[1 occurrence(s)]
DEBUG --> [REQ_ID=22083d75f874] [ROUTE] Controller=\App\Controllers\AuthController Method=login

[1 occurrence(s)]
DEBUG --> [REQ_ID=22083d75f874] [LIFECYCLE][START] GET https://www.mymiwallet.com/index.php/login

[1 occurrence(s)]
DEBUG --> [REQ_ID=0dcd1267bebf] [INIT] App\Controllers\AuthController::GET

[1 occurrence(s)]
DEBUG --> [REQ_ID=22083d75f874] [FILTER_AFTER]

[1 occurrence(s)]
DEBUG --> [REQ_ID=22083d75f874] [LIFECYCLE][END] status=200 duration_ms=20.77 memory_delta=0

[1 occurrence(s)]
DEBUG --> [REQ_ID=22083d75f874] [REQUEST][END]

[1 occurrence(s)]
DEBUG --> [REQ_ID=cb070d9c3f2c] [REQUEST][START] GET /index.php/Account

[1 occurrence(s)]
DEBUG --> [REQ_ID=cb070d9c3f2c] [FILTER_BEFORE] /index.php/Account

[1 occurrence(s)]
DEBUG --> [REQ_ID=cb070d9c3f2c] [ROUTE] Controller=\App\Modules\User\Controllers\DashboardController Method=account

[1 occurrence(s)]
DEBUG --> [REQ_ID=cb070d9c3f2c] [LIFECYCLE][START] GET https://www.mymiwallet.com/index.php/Account

[1 occurrence(s)]
DEBUG --> [REQ_ID=cb070d9c3f2c] [REQUEST][END]

[1 occurrence(s)]
DEBUG --> [REQ_ID=ec45cdbc188e] [REQUEST][START] GET /index.php/login

[1 occurrence(s)]
DEBUG --> [REQ_ID=ec45cdbc188e] [FILTER_BEFORE] /index.php/login

[1 occurrence(s)]
DEBUG --> [REQ_ID=ec45cdbc188e] [ROUTE] Controller=\App\Controllers\AuthController Method=login

[1 occurrence(s)]
DEBUG --> [REQ_ID=ec45cdbc188e] [LIFECYCLE][START] GET https://www.mymiwallet.com/index.php/login

[1 occurrence(s)]
DEBUG --> [REQ_ID=c404f88a4a22] [INIT] App\Controllers\AuthController::GET

[1 occurrence(s)]
DEBUG --> [REQ_ID=ec45cdbc188e] [FILTER_AFTER]

[1 occurrence(s)]
DEBUG --> [REQ_ID=ec45cdbc188e] [LIFECYCLE][END] status=200 duration_ms=90.81 memory_delta=0

[1 occurrence(s)]
DEBUG --> [REQ_ID=ec45cdbc188e] [REQUEST][END]

[1 occurrence(s)]
DEBUG --> [REQ_ID=c4791d00af35] [REQUEST][START] GET /index.php/logout

[1 occurrence(s)]
DEBUG --> [REQ_ID=c4791d00af35] [FILTER_BEFORE] /index.php/logout

[1 occurrence(s)]
DEBUG --> [REQ_ID=c4791d00af35] [ROUTE] Controller=\App\Controllers\AuthController Method=logout

[1 occurrence(s)]
DEBUG --> [REQ_ID=c4791d00af35] [LIFECYCLE][START] GET https://www.mymiwallet.com/index.php/logout

[1 occurrence(s)]
DEBUG --> [REQ_ID=c4791d00af35] [REQUEST][END]

[1 occurrence(s)]
DEBUG --> [REQ_ID=3b3807170665] [REQUEST][START] GET /index.php/login

[1 occurrence(s)]
DEBUG --> [REQ_ID=3b3807170665] [FILTER_BEFORE] /index.php/login

[1 occurrence(s)]
DEBUG --> [REQ_ID=3b3807170665] [ROUTE] Controller=\App\Controllers\AuthController Method=login

[1 occurrence(s)]
DEBUG --> [REQ_ID=3b3807170665] [LIFECYCLE][START] GET https://www.mymiwallet.com/index.php/login

[1 occurrence(s)]
DEBUG --> [REQ_ID=95edb84381c0] [INIT] App\Controllers\AuthController::GET

[1 occurrence(s)]
DEBUG --> [REQ_ID=3b3807170665] [FILTER_AFTER]

[1 occurrence(s)]
DEBUG --> [REQ_ID=3b3807170665] [LIFECYCLE][END] status=200 duration_ms=38.84 memory_delta=0

[1 occurrence(s)]
DEBUG --> [REQ_ID=3b3807170665] [REQUEST][END]

[1 occurrence(s)]
DEBUG --> [REQ_ID=2b0ccffe6fce] [REQUEST][START] GET /index.php/Account/Activity

[1 occurrence(s)]
DEBUG --> [REQ_ID=2b0ccffe6fce] [FILTER_BEFORE] /index.php/Account/Activity

[1 occurrence(s)]
DEBUG --> [REQ_ID=2b0ccffe6fce] [ROUTE] Controller=\App\Modules\User\Controllers\DashboardController Method=activity

[1 occurrence(s)]
DEBUG --> [REQ_ID=2b0ccffe6fce] [LIFECYCLE][START] GET https://www.mymiwallet.com/index.php/Account/Activity

[1 occurrence(s)]
DEBUG --> [REQ_ID=2b0ccffe6fce] [REQUEST][END]

[1 occurrence(s)]
DEBUG --> [REQ_ID=ddea6701f5b5] [REQUEST][START] GET /index.php/login

[1 occurrence(s)]
DEBUG --> [REQ_ID=ddea6701f5b5] [FILTER_BEFORE] /index.php/login

[1 occurrence(s)]
DEBUG --> [REQ_ID=ddea6701f5b5] [ROUTE] Controller=\App\Controllers\AuthController Method=login

[1 occurrence(s)]
DEBUG --> [REQ_ID=ddea6701f5b5] [LIFECYCLE][START] GET https://www.mymiwallet.com/index.php/login

[1 occurrence(s)]
DEBUG --> [REQ_ID=fe8b30e5e39d] [INIT] App\Controllers\AuthController::GET

[1 occurrence(s)]
DEBUG --> [REQ_ID=ddea6701f5b5] [FILTER_AFTER]

[1 occurrence(s)]
DEBUG --> [REQ_ID=ddea6701f5b5] [LIFECYCLE][END] status=200 duration_ms=80.42 memory_delta=0

[1 occurrence(s)]
DEBUG --> [REQ_ID=ddea6701f5b5] [REQUEST][END]

[1 occurrence(s)]
DEBUG --> [REQ_ID=c8767bda8064] [REQUEST][START] GET /index.php/Account/Connected-Accounts

[1 occurrence(s)]
DEBUG --> [REQ_ID=c8767bda8064] [FILTER_BEFORE] /index.php/Account/Connected-Accounts

[1 occurrence(s)]
DEBUG --> [REQ_ID=c8767bda8064] [ROUTE] Controller=\App\Modules\User\Controllers\DashboardController Method=connectedAccounts

[1 occurrence(s)]
DEBUG --> [REQ_ID=c8767bda8064] [LIFECYCLE][START] GET https://www.mymiwallet.com/index.php/Account/Connected-Accounts

[1 occurrence(s)]
DEBUG --> [REQ_ID=c8767bda8064] [REQUEST][END]

[1 occurrence(s)]
DEBUG --> [REQ_ID=bb3a2e48e42c] [REQUEST][START] GET /index.php/login

[1 occurrence(s)]
DEBUG --> [REQ_ID=bb3a2e48e42c] [FILTER_BEFORE] /index.php/login

[1 occurrence(s)]
DEBUG --> [REQ_ID=bb3a2e48e42c] [ROUTE] Controller=\App\Controllers\AuthController Method=login

[1 occurrence(s)]
DEBUG --> [REQ_ID=bb3a2e48e42c] [LIFECYCLE][START] GET https://www.mymiwallet.com/index.php/login

[1 occurrence(s)]
DEBUG --> [REQ_ID=cb098cc1f885] [INIT] App\Controllers\AuthController::GET

[1 occurrence(s)]
DEBUG --> [REQ_ID=bb3a2e48e42c] [FILTER_AFTER]

[1 occurrence(s)]
DEBUG --> [REQ_ID=bb3a2e48e42c] [LIFECYCLE][END] status=200 duration_ms=37.19 memory_delta=0

[1 occurrence(s)]
DEBUG --> [REQ_ID=bb3a2e48e42c] [REQUEST][END]

[1 occurrence(s)]
DEBUG --> [REQ_ID=90081391941d] [REQUEST][START] GET /index.php/Account/Notifications

[1 occurrence(s)]
DEBUG --> [REQ_ID=90081391941d] [FILTER_BEFORE] /index.php/Account/Notifications

[1 occurrence(s)]
DEBUG --> [REQ_ID=90081391941d] [ROUTE] Controller=\App\Modules\User\Controllers\DashboardController Method=notifications

[1 occurrence(s)]
DEBUG --> [REQ_ID=90081391941d] [LIFECYCLE][START] GET https://www.mymiwallet.com/index.php/Account/Notifications

[1 occurrence(s)]
DEBUG --> [REQ_ID=90081391941d] [REQUEST][END]

[1 occurrence(s)]
DEBUG --> [REQ_ID=276395381f46] [REQUEST][START] GET /index.php/login

[1 occurrence(s)]
DEBUG --> [REQ_ID=276395381f46] [FILTER_BEFORE] /index.php/login

[1 occurrence(s)]
DEBUG --> [REQ_ID=276395381f46] [ROUTE] Controller=\App\Controllers\AuthController Method=login

[1 occurrence(s)]
DEBUG --> [REQ_ID=276395381f46] [LIFECYCLE][START] GET https://www.mymiwallet.com/index.php/login

[1 occurrence(s)]
DEBUG --> [REQ_ID=4ddd46be1446] [INIT] App\Controllers\AuthController::GET

[1 occurrence(s)]
DEBUG --> [REQ_ID=276395381f46] [FILTER_AFTER]

[1 occurrence(s)]
DEBUG --> [REQ_ID=276395381f46] [LIFECYCLE][END] status=200 duration_ms=34.24 memory_delta=0

[1 occurrence(s)]
DEBUG --> [REQ_ID=276395381f46] [REQUEST][END]

[1 occurrence(s)]
DEBUG --> [REQ_ID=c7727863c089] [REQUEST][START] GET /index.php/Investments/News

[1 occurrence(s)]
DEBUG --> [REQ_ID=c7727863c089] [FILTER_BEFORE] /index.php/Investments/News

[1 occurrence(s)]
DEBUG --> [REQ_ID=c7727863c089] [ROUTE] Controller=closure_route Method=index

[1 occurrence(s)]
DEBUG --> [REQ_ID=c7727863c089] [LIFECYCLE][START] GET https://www.mymiwallet.com/index.php/Investments/News

[1 occurrence(s)]
DEBUG --> [REQ_ID=c7727863c089] [REQUEST][END]

[1 occurrence(s)]
DEBUG --> [REQ_ID=4e584ef02588] [REQUEST][START] GET /index.php/login

[1 occurrence(s)]
DEBUG --> [REQ_ID=4e584ef02588] [FILTER_BEFORE] /index.php/login

[1 occurrence(s)]
DEBUG --> [REQ_ID=4e584ef02588] [ROUTE] Controller=\App\Controllers\AuthController Method=login

[1 occurrence(s)]
DEBUG --> [REQ_ID=4e584ef02588] [LIFECYCLE][START] GET https://www.mymiwallet.com/index.php/login

[1 occurrence(s)]
DEBUG --> [REQ_ID=0e81eb09a4cf] [INIT] App\Controllers\AuthController::GET

[1 occurrence(s)]
DEBUG --> [REQ_ID=4e584ef02588] [FILTER_AFTER]

[1 occurrence(s)]
DEBUG --> [REQ_ID=4e584ef02588] [LIFECYCLE][END] status=200 duration_ms=29.32 memory_delta=0

[1 occurrence(s)]
DEBUG --> [REQ_ID=4e584ef02588] [REQUEST][END]

[1 occurrence(s)]
DEBUG --> [REQ_ID=d7ca9886cf79] [REQUEST][START] GET /index.php/Management/Users

[1 occurrence(s)]
DEBUG --> [REQ_ID=d7ca9886cf79] [FILTER_BEFORE] /index.php/Management/Users

[1 occurrence(s)]
DEBUG --> [REQ_ID=d7ca9886cf79] [ROUTE] Controller=\App\Modules\Management\Controllers\UsersController Method=index

[1 occurrence(s)]
DEBUG --> [REQ_ID=d7ca9886cf79] [LIFECYCLE][START] GET https://www.mymiwallet.com/index.php/Management/Users

[1 occurrence(s)]
DEBUG --> [REQ_ID=d7ca9886cf79] [REQUEST][END]

[1 occurrence(s)]
DEBUG --> [REQ_ID=5c4ab6e92649] [REQUEST][START] GET /index.php/login

[1 occurrence(s)]
DEBUG --> [REQ_ID=5c4ab6e92649] [FILTER_BEFORE] /index.php/login

[1 occurrence(s)]
DEBUG --> [REQ_ID=5c4ab6e92649] [ROUTE] Controller=\App\Controllers\AuthController Method=login

[1 occurrence(s)]
DEBUG --> [REQ_ID=5c4ab6e92649] [LIFECYCLE][START] GET https://www.mymiwallet.com/index.php/login

[1 occurrence(s)]
DEBUG --> [REQ_ID=8619fe8804fa] [INIT] App\Controllers\AuthController::GET

[1 occurrence(s)]
DEBUG --> [REQ_ID=5c4ab6e92649] [FILTER_AFTER]

[1 occurrence(s)]
DEBUG --> [REQ_ID=5c4ab6e92649] [LIFECYCLE][END] status=200 duration_ms=36.45 memory_delta=0

[1 occurrence(s)]
DEBUG --> [REQ_ID=5c4ab6e92649] [REQUEST][END]

[1 occurrence(s)]
DEBUG --> [REQ_ID=06c3ceffdf6b] [REQUEST][START] GET /index.php/Customer-Support

[1 occurrence(s)]
DEBUG --> [REQ_ID=06c3ceffdf6b] [FILTER_BEFORE] /index.php/Customer-Support

[1 occurrence(s)]
DEBUG --> [REQ_ID=06c3ceffdf6b] [ROUTE] Controller=\App\Controllers\App\Modules\Support\Controllers\SupportController Method=index

[1 occurrence(s)]
DEBUG --> [REQ_ID=06c3ceffdf6b] [LIFECYCLE][START] GET https://www.mymiwallet.com/index.php/Customer-Support

[1 occurrence(s)]
DEBUG --> [REQ_ID=06c3ceffdf6b] [REQUEST][END]

[1 occurrence(s)]
DEBUG --> [REQ_ID=8a368545ae1b] [REQUEST][START] GET /index.php/login

[1 occurrence(s)]
DEBUG --> [REQ_ID=8a368545ae1b] [FILTER_BEFORE] /index.php/login

[1 occurrence(s)]
DEBUG --> [REQ_ID=8a368545ae1b] [ROUTE] Controller=\App\Controllers\AuthController Method=login

[1 occurrence(s)]
DEBUG --> [REQ_ID=8a368545ae1b] [LIFECYCLE][START] GET https://www.mymiwallet.com/index.php/login

[1 occurrence(s)]
DEBUG --> [REQ_ID=2be9ca4f1282] [INIT] App\Controllers\AuthController::GET

[1 occurrence(s)]
DEBUG --> [REQ_ID=8a368545ae1b] [FILTER_AFTER]

[1 occurrence(s)]
DEBUG --> [REQ_ID=8a368545ae1b] [LIFECYCLE][END] status=200 duration_ms=42.59 memory_delta=0

[1 occurrence(s)]
DEBUG --> [REQ_ID=8a368545ae1b] [REQUEST][END]

[1 occurrence(s)]
DEBUG --> [REQ_ID=f4d01edcda65] [REQUEST][START] GET /index.php/Account/Billing

[1 occurrence(s)]
DEBUG --> [REQ_ID=f4d01edcda65] [FILTER_BEFORE] /index.php/Account/Billing

[1 occurrence(s)]
DEBUG --> [REQ_ID=f4d01edcda65] [ROUTE] Controller=\App\Modules\User\Controllers\DashboardController Method=billing

[1 occurrence(s)]
DEBUG --> [REQ_ID=f4d01edcda65] [LIFECYCLE][START] GET https://www.mymiwallet.com/index.php/Account/Billing

[1 occurrence(s)]
DEBUG --> [REQ_ID=f4d01edcda65] [REQUEST][END]

[1 occurrence(s)]
DEBUG --> [REQ_ID=4b9b2c00031e] [REQUEST][START] GET /index.php/login

[1 occurrence(s)]
DEBUG --> [REQ_ID=4b9b2c00031e] [FILTER_BEFORE] /index.php/login

[1 occurrence(s)]
DEBUG --> [REQ_ID=4b9b2c00031e] [ROUTE] Controller=\App\Controllers\AuthController Method=login

[1 occurrence(s)]
DEBUG --> [REQ_ID=4b9b2c00031e] [LIFECYCLE][START] GET https://www.mymiwallet.com/index.php/login

[1 occurrence(s)]
DEBUG --> [REQ_ID=f00fe5c3c404] [INIT] App\Controllers\AuthController::GET

[1 occurrence(s)]
DEBUG --> [REQ_ID=4b9b2c00031e] [FILTER_AFTER]

[1 occurrence(s)]
DEBUG --> [REQ_ID=4b9b2c00031e] [LIFECYCLE][END] status=200 duration_ms=28.57 memory_delta=0

[1 occurrence(s)]
DEBUG --> [REQ_ID=4b9b2c00031e] [REQUEST][END]

[1 occurrence(s)]
DEBUG --> [REQ_ID=c3b604796a68] [REQUEST][START] GET /index.php/Account/Security

[1 occurrence(s)]
DEBUG --> [REQ_ID=c3b604796a68] [FILTER_BEFORE] /index.php/Account/Security

[1 occurrence(s)]
DEBUG --> [REQ_ID=c3b604796a68] [ROUTE] Controller=\App\Modules\User\Controllers\DashboardController Method=Security

[1 occurrence(s)]
DEBUG --> [REQ_ID=c3b604796a68] [LIFECYCLE][START] GET https://www.mymiwallet.com/index.php/Account/Security

[1 occurrence(s)]
DEBUG --> [REQ_ID=c3b604796a68] [REQUEST][END]

[1 occurrence(s)]
DEBUG --> [REQ_ID=ae6d5ee421ca] [REQUEST][START] GET /index.php/login

[1 occurrence(s)]
DEBUG --> [REQ_ID=ae6d5ee421ca] [FILTER_BEFORE] /index.php/login

[1 occurrence(s)]
DEBUG --> [REQ_ID=ae6d5ee421ca] [ROUTE] Controller=\App\Controllers\AuthController Method=login

[1 occurrence(s)]
DEBUG --> [REQ_ID=ae6d5ee421ca] [LIFECYCLE][START] GET https://www.mymiwallet.com/index.php/login

[1 occurrence(s)]
DEBUG --> [REQ_ID=6233ddbbbecb] [INIT] App\Controllers\AuthController::GET

[1 occurrence(s)]
DEBUG --> [REQ_ID=ae6d5ee421ca] [FILTER_AFTER]

[1 occurrence(s)]
DEBUG --> [REQ_ID=ae6d5ee421ca] [LIFECYCLE][END] status=200 duration_ms=140.41 memory_delta=0

[1 occurrence(s)]
DEBUG --> [REQ_ID=ae6d5ee421ca] [REQUEST][END]

[1 occurrence(s)]
DEBUG --> [REQ_ID=a5467c76fcc1] [REQUEST][START] GET /index.php/News/After-Hours-Movers/December-3rd-2021

[1 occurrence(s)]
DEBUG --> [REQ_ID=8b440bbecba6] [REQUEST][START] GET /index.php/API/Management/Run-CRON-Tasks

[1 occurrence(s)]
DEBUG --> [REQ_ID=8b440bbecba6] [FILTER_BEFORE] /index.php/API/Management/Run-CRON-Tasks

[1 occurrence(s)]
DEBUG --> [REQ_ID=8b440bbecba6] [ROUTE] Controller=\App\Modules\Management\Controllers\ManagementAPIController Method=Run_CRON_Tasks

[1 occurrence(s)]
DEBUG --> [REQ_ID=8b440bbecba6] [LIFECYCLE][START] GET https://www.mymiwallet.com/index.php/API/Management/Run-CRON-Tasks

[1 occurrence(s)]
DEBUG --> [REQ_ID=8b440bbecba6] [REQUEST][END]

[1 occurrence(s)]
DEBUG --> [REQ_ID=d7b51aba2e92] [REQUEST][START] GET /index.php/API/Alerts/fetchEmailAlerts

[1 occurrence(s)]
DEBUG --> [REQ_ID=d7b51aba2e92] [FILTER_BEFORE] /index.php/API/Alerts/fetchEmailAlerts

[1 occurrence(s)]
DEBUG --> [REQ_ID=d7b51aba2e92] [ROUTE] Controller=\App\Modules\APIs\Controllers\AlertsAPIController Method=fetchEmailAlerts

[1 occurrence(s)]
DEBUG --> [REQ_ID=d7b51aba2e92] [LIFECYCLE][START] GET https://www.mymiwallet.com/index.php/API/Alerts/fetchEmailAlerts

[1 occurrence(s)]
DEBUG --> [REQ_ID=d7b51aba2e92] [REQUEST][END]

[1 occurrence(s)]
DEBUG --> [REQ_ID=2a28b9636025] [REQUEST][START] GET /index.php/API/Management/Run-CRON-Tasks

[1 occurrence(s)]
DEBUG --> [REQ_ID=2a28b9636025] [FILTER_BEFORE] /index.php/API/Management/Run-CRON-Tasks

[1 occurrence(s)]
DEBUG --> [REQ_ID=2a28b9636025] [ROUTE] Controller=\App\Modules\Management\Controllers\ManagementAPIController Method=Run_CRON_Tasks

[1 occurrence(s)]
DEBUG --> [REQ_ID=2a28b9636025] [LIFECYCLE][START] GET https://www.mymiwallet.com/index.php/API/Management/Run-CRON-Tasks

[1 occurrence(s)]
DEBUG --> [REQ_ID=2a28b9636025] [REQUEST][END]

[1 occurrence(s)]
DEBUG --> [REQ_ID=cc51807775ca] [REQUEST][START] GET /index.php/API/Alerts/fetchEmailAlerts

[1 occurrence(s)]
DEBUG --> [REQ_ID=cc51807775ca] [FILTER_BEFORE] /index.php/API/Alerts/fetchEmailAlerts

[1 occurrence(s)]
DEBUG --> [REQ_ID=cc51807775ca] [ROUTE] Controller=\App\Modules\APIs\Controllers\AlertsAPIController Method=fetchEmailAlerts

[1 occurrence(s)]
DEBUG --> [REQ_ID=cc51807775ca] [LIFECYCLE][START] GET https://www.mymiwallet.com/index.php/API/Alerts/fetchEmailAlerts

[1 occurrence(s)]
DEBUG --> [REQ_ID=cc51807775ca] [REQUEST][END]

[1 occurrence(s)]
DEBUG --> [REQ_ID=0d60aa0a0605] [REQUEST][START] GET /

[1 occurrence(s)]
DEBUG --> [REQ_ID=0d60aa0a0605] [FILTER_BEFORE] /

[1 occurrence(s)]
DEBUG --> [REQ_ID=0d60aa0a0605] [ROUTE] Controller=\App\Controllers\Home Method=index

[1 occurrence(s)]
DEBUG --> [REQ_ID=0d60aa0a0605] [LIFECYCLE][START] GET https://www.mymiwallet.com/index.php/

[15 occurrence(s)]
DEBUG --> [CSRF] token name=csrf_test_name hash=000dfcb4dea991c92be4216206718c9c

[1 occurrence(s)]
DEBUG --> [REQ_ID=8b204b0bc5f9] [INIT] App\Controllers\Home::GET

[1 occurrence(s)]
DEBUG --> [REQ_ID=8b204b0bc5f9] [VIEW_RENDER] themes/public/home

[1 occurrence(s)]
DEBUG --> [REQ_ID=0d60aa0a0605] [FILTER_AFTER]

[1 occurrence(s)]
DEBUG --> [REQ_ID=0d60aa0a0605] [LIFECYCLE][END] status=200 duration_ms=844.43 memory_delta=4194304

[1 occurrence(s)]
DEBUG --> [REQ_ID=0d60aa0a0605] [REQUEST][END]

[1 occurrence(s)]
DEBUG --> [REQ_ID=9c7ffbb0433b] [REQUEST][START] GET /index.php

[1 occurrence(s)]
DEBUG --> [REQ_ID=9c7ffbb0433b] [FILTER_BEFORE] /index.php

[1 occurrence(s)]
DEBUG --> [REQ_ID=9c7ffbb0433b] [ROUTE] Controller=\App\Controllers\Home Method=index

[1 occurrence(s)]
DEBUG --> [REQ_ID=9c7ffbb0433b] [LIFECYCLE][START] GET https://www.mymiwallet.com/index.php/

[1 occurrence(s)]
DEBUG --> [REQ_ID=2030c4380a22] [INIT] App\Controllers\Home::GET

[1 occurrence(s)]
DEBUG --> [REQ_ID=2030c4380a22] [VIEW_RENDER] themes/public/home

[1 occurrence(s)]
DEBUG --> [REQ_ID=9c7ffbb0433b] [FILTER_AFTER]

[1 occurrence(s)]
DEBUG --> [REQ_ID=9c7ffbb0433b] [LIFECYCLE][END] status=200 duration_ms=588.74 memory_delta=2097152

[1 occurrence(s)]
DEBUG --> [REQ_ID=9c7ffbb0433b] [REQUEST][END]

[1 occurrence(s)]
DEBUG --> [REQ_ID=4052648794d9] [REQUEST][START] GET /

[1 occurrence(s)]
DEBUG --> [REQ_ID=4052648794d9] [FILTER_BEFORE] /

[1 occurrence(s)]
DEBUG --> [REQ_ID=4052648794d9] [ROUTE] Controller=\App\Controllers\Home Method=index

[1 occurrence(s)]
DEBUG --> [REQ_ID=4052648794d9] [LIFECYCLE][START] GET https://www.mymiwallet.com/index.php/

[1 occurrence(s)]
DEBUG --> [REQ_ID=7e518784bd38] [INIT] App\Controllers\Home::GET

[1 occurrence(s)]
DEBUG --> [REQ_ID=7e518784bd38] [VIEW_RENDER] themes/public/home

[1 occurrence(s)]
DEBUG --> [REQ_ID=4052648794d9] [FILTER_AFTER]

[1 occurrence(s)]
DEBUG --> [REQ_ID=4052648794d9] [LIFECYCLE][END] status=200 duration_ms=637.54 memory_delta=2097152

[1 occurrence(s)]
DEBUG --> [REQ_ID=4052648794d9] [REQUEST][END]

[1 occurrence(s)]
DEBUG --> [REQ_ID=b6485564ce41] [REQUEST][START] GET /index.php/Blog

[1 occurrence(s)]
DEBUG --> [REQ_ID=b6485564ce41] [FILTER_BEFORE] /index.php/Blog

[1 occurrence(s)]
DEBUG --> [REQ_ID=b6485564ce41] [ROUTE] Controller=\App\Modules\Blog\Controllers\BlogController Method=index

[1 occurrence(s)]
DEBUG --> [REQ_ID=b6485564ce41] [LIFECYCLE][START] GET https://www.mymiwallet.com/index.php/Blog

[1 occurrence(s)]
DEBUG --> [REQ_ID=36ff741962e4] [INIT] App\Modules\Blog\Controllers\BlogController::GET

[1 occurrence(s)]
DEBUG --> [REQ_ID=36ff741962e4] [METHOD_ENTRY] index

[1 occurrence(s)]
DEBUG --> [REQ_ID=2a4f3a4f30ce] [REQUEST][START] GET /

[1 occurrence(s)]
DEBUG --> [REQ_ID=2a4f3a4f30ce] [FILTER_BEFORE] /

[1 occurrence(s)]
DEBUG --> [REQ_ID=2a4f3a4f30ce] [ROUTE] Controller=\App\Controllers\Home Method=index

[1 occurrence(s)]
DEBUG --> [REQ_ID=2a4f3a4f30ce] [LIFECYCLE][START] GET https://www.mymiwallet.com/index.php/

[1 occurrence(s)]
DEBUG --> [REQ_ID=3d57ff0bf389] [INIT] App\Controllers\Home::GET

[1 occurrence(s)]
DEBUG --> [REQ_ID=3d57ff0bf389] [VIEW_RENDER] themes/public/home

[1 occurrence(s)]
DEBUG --> [REQ_ID=2a4f3a4f30ce] [FILTER_AFTER]

[1 occurrence(s)]
DEBUG --> [REQ_ID=2a4f3a4f30ce] [LIFECYCLE][END] status=200 duration_ms=589.58 memory_delta=2097152

[1 occurrence(s)]
DEBUG --> [REQ_ID=2a4f3a4f30ce] [REQUEST][END]

[1 occurrence(s)]
DEBUG --> [REQ_ID=f2da835fe423] [REQUEST][START] GET /index.php/login

[1 occurrence(s)]
DEBUG --> [REQ_ID=f2da835fe423] [FILTER_BEFORE] /index.php/login

[1 occurrence(s)]
DEBUG --> [REQ_ID=f2da835fe423] [ROUTE] Controller=\App\Controllers\AuthController Method=login

[1 occurrence(s)]
DEBUG --> [REQ_ID=f2da835fe423] [LIFECYCLE][START] GET https://www.mymiwallet.com/index.php/login

[1 occurrence(s)]
DEBUG --> [REQ_ID=cc7b14121aa9] [INIT] App\Controllers\AuthController::GET

[1 occurrence(s)]
DEBUG --> [REQ_ID=f2da835fe423] [FILTER_AFTER]

[1 occurrence(s)]
DEBUG --> [REQ_ID=f2da835fe423] [LIFECYCLE][END] status=200 duration_ms=18.84 memory_delta=0

[1 occurrence(s)]
DEBUG --> [REQ_ID=f2da835fe423] [REQUEST][END]

[1 occurrence(s)]
DEBUG --> [REQ_ID=db37e7504aaf] [REQUEST][START] GET /

[1 occurrence(s)]
DEBUG --> [REQ_ID=db37e7504aaf] [FILTER_BEFORE] /

[1 occurrence(s)]
DEBUG --> [REQ_ID=db37e7504aaf] [ROUTE] Controller=\App\Controllers\Home Method=index

[1 occurrence(s)]
DEBUG --> [REQ_ID=db37e7504aaf] [LIFECYCLE][START] GET https://www.mymiwallet.com/index.php/

[1 occurrence(s)]
DEBUG --> [REQ_ID=328ec0726a9e] [INIT] App\Controllers\Home::GET

[1 occurrence(s)]
DEBUG --> [REQ_ID=328ec0726a9e] [VIEW_RENDER] themes/public/home

[1 occurrence(s)]
DEBUG --> [REQ_ID=db37e7504aaf] [FILTER_AFTER]

[1 occurrence(s)]
DEBUG --> [REQ_ID=db37e7504aaf] [LIFECYCLE][END] status=200 duration_ms=614.35 memory_delta=4194304

[1 occurrence(s)]
DEBUG --> [REQ_ID=db37e7504aaf] [REQUEST][END]

[1 occurrence(s)]
DEBUG --> [REQ_ID=505598237360] [REQUEST][START] GET /index.php/register

[1 occurrence(s)]
DEBUG --> [REQ_ID=505598237360] [FILTER_BEFORE] /index.php/register

[1 occurrence(s)]
DEBUG --> [REQ_ID=505598237360] [ROUTE] Controller=\App\Controllers\AuthController Method=register

[1 occurrence(s)]
DEBUG --> [REQ_ID=505598237360] [LIFECYCLE][START] GET https://www.mymiwallet.com/index.php/register

[1 occurrence(s)]
DEBUG --> [REQ_ID=ded1226b6323] [INIT] App\Controllers\AuthController::GET

[1 occurrence(s)]
DEBUG --> [REQ_ID=0a127bff8348] [REQUEST][START] GET /index.php/Legal/Terms-And-Conditions

[1 occurrence(s)]
DEBUG --> [REQ_ID=0a127bff8348] [FILTER_BEFORE] /index.php/Legal/Terms-And-Conditions

[1 occurrence(s)]
DEBUG --> [REQ_ID=0a127bff8348] [ROUTE] Controller=\App\Controllers\Home Method=terms

[1 occurrence(s)]
DEBUG --> [REQ_ID=0a127bff8348] [LIFECYCLE][START] GET https://www.mymiwallet.com/index.php/Legal/Terms-And-Conditions

[1 occurrence(s)]
DEBUG --> [REQ_ID=0a127bff8348] [REQUEST][END]

[1 occurrence(s)]
DEBUG --> [REQ_ID=ad1b403759aa] [REQUEST][START] GET /index.php/login

[1 occurrence(s)]
DEBUG --> [REQ_ID=ad1b403759aa] [FILTER_BEFORE] /index.php/login

[1 occurrence(s)]
DEBUG --> [REQ_ID=ad1b403759aa] [ROUTE] Controller=\App\Controllers\AuthController Method=login

[1 occurrence(s)]
DEBUG --> [REQ_ID=ad1b403759aa] [LIFECYCLE][START] GET https://www.mymiwallet.com/index.php/login

[1 occurrence(s)]
DEBUG --> [REQ_ID=a9e62aa02297] [INIT] App\Controllers\AuthController::GET

[1 occurrence(s)]
DEBUG --> [REQ_ID=ad1b403759aa] [FILTER_AFTER]

[1 occurrence(s)]
DEBUG --> [REQ_ID=ad1b403759aa] [LIFECYCLE][END] status=200 duration_ms=19.03 memory_delta=0

[1 occurrence(s)]
DEBUG --> [REQ_ID=ad1b403759aa] [REQUEST][END]

[1 occurrence(s)]
DEBUG --> [REQ_ID=d5685b23b929] [REQUEST][START] GET /index.php/Support

[1 occurrence(s)]
DEBUG --> [REQ_ID=d5685b23b929] [FILTER_BEFORE] /index.php/Support

[1 occurrence(s)]
DEBUG --> [REQ_ID=d5685b23b929] [ROUTE] Controller=\App\Modules\Support\Controllers\SupportController Method=index

[1 occurrence(s)]
DEBUG --> [REQ_ID=d5685b23b929] [LIFECYCLE][START] GET https://www.mymiwallet.com/index.php/Support

[1 occurrence(s)]
DEBUG --> [REQ_ID=cc3cbf9cdf59] [INIT] App\Modules\Support\Controllers\SupportController::GET

[1 occurrence(s)]
DEBUG --> [REQ_ID=cc3cbf9cdf59] [METHOD_ENTRY] index

[1 occurrence(s)]
DEBUG --> [REQ_ID=cc3cbf9cdf59] [VIEW_RENDER] SupportModule\Views\Support\index

[1 occurrence(s)]
DEBUG --> [REQ_ID=d5685b23b929] [FILTER_AFTER]

[1 occurrence(s)]
DEBUG --> [REQ_ID=d5685b23b929] [LIFECYCLE][END] status=200 duration_ms=43.17 memory_delta=0

[1 occurrence(s)]
DEBUG --> [REQ_ID=d5685b23b929] [REQUEST][END]

[1 occurrence(s)]
DEBUG --> [REQ_ID=d112584ebb7e] [REQUEST][START] GET /index.php/Account/Activity

[1 occurrence(s)]
DEBUG --> [REQ_ID=d112584ebb7e] [FILTER_BEFORE] /index.php/Account/Activity

[1 occurrence(s)]
DEBUG --> [REQ_ID=d112584ebb7e] [ROUTE] Controller=\App\Modules\User\Controllers\DashboardController Method=activity

[1 occurrence(s)]
DEBUG --> [REQ_ID=d112584ebb7e] [LIFECYCLE][START] GET https://www.mymiwallet.com/index.php/Account/Activity

[1 occurrence(s)]
DEBUG --> [REQ_ID=d112584ebb7e] [REQUEST][END]

[1 occurrence(s)]
DEBUG --> [REQ_ID=a8c544e13424] [REQUEST][START] GET /index.php/login

[1 occurrence(s)]
DEBUG --> [REQ_ID=a8c544e13424] [FILTER_BEFORE] /index.php/login

[1 occurrence(s)]
DEBUG --> [REQ_ID=a8c544e13424] [ROUTE] Controller=\App\Controllers\AuthController Method=login

[1 occurrence(s)]
DEBUG --> [REQ_ID=a8c544e13424] [LIFECYCLE][START] GET https://www.mymiwallet.com/index.php/login

[1 occurrence(s)]
DEBUG --> [REQ_ID=8197d505e6b6] [INIT] App\Controllers\AuthController::GET

[1 occurrence(s)]
DEBUG --> [REQ_ID=a8c544e13424] [FILTER_AFTER]

[1 occurrence(s)]
DEBUG --> [REQ_ID=a8c544e13424] [LIFECYCLE][END] status=200 duration_ms=20.93 memory_delta=0

[1 occurrence(s)]
DEBUG --> [REQ_ID=a8c544e13424] [REQUEST][END]

[1 occurrence(s)]
DEBUG --> [REQ_ID=5b6210a988c0] [REQUEST][START] GET /index.php/Customer-Support

[1 occurrence(s)]
DEBUG --> [REQ_ID=5b6210a988c0] [FILTER_BEFORE] /index.php/Customer-Support

[1 occurrence(s)]
DEBUG --> [REQ_ID=5b6210a988c0] [ROUTE] Controller=\App\Controllers\App\Modules\Support\Controllers\SupportController Method=index

[1 occurrence(s)]
DEBUG --> [REQ_ID=5b6210a988c0] [LIFECYCLE][START] GET https://www.mymiwallet.com/index.php/Customer-Support

[1 occurrence(s)]
DEBUG --> [REQ_ID=5b6210a988c0] [REQUEST][END]

[1 occurrence(s)]
DEBUG --> [REQ_ID=397767fc4bf5] [REQUEST][START] GET /index.php/login

[1 occurrence(s)]
DEBUG --> [REQ_ID=397767fc4bf5] [FILTER_BEFORE] /index.php/login

[1 occurrence(s)]
DEBUG --> [REQ_ID=397767fc4bf5] [ROUTE] Controller=\App\Controllers\AuthController Method=login

[1 occurrence(s)]
DEBUG --> [REQ_ID=397767fc4bf5] [LIFECYCLE][START] GET https://www.mymiwallet.com/index.php/login

[1 occurrence(s)]
DEBUG --> [REQ_ID=36553156bcbb] [INIT] App\Controllers\AuthController::GET

[1 occurrence(s)]
DEBUG --> [REQ_ID=397767fc4bf5] [FILTER_AFTER]

[1 occurrence(s)]
DEBUG --> [REQ_ID=397767fc4bf5] [LIFECYCLE][END] status=200 duration_ms=22.98 memory_delta=0

[1 occurrence(s)]
DEBUG --> [REQ_ID=397767fc4bf5] [REQUEST][END]

[1 occurrence(s)]
DEBUG --> [REQ_ID=319a2728bf70] [REQUEST][START] HEAD /

[1 occurrence(s)]
DEBUG --> [REQ_ID=a9982fa480c3] [REQUEST][START] HEAD /

[1 occurrence(s)]
DEBUG --> [REQ_ID=6ce3e9b93a96] [REQUEST][START] GET /

[1 occurrence(s)]
DEBUG --> [REQ_ID=6ce3e9b93a96] [FILTER_BEFORE] /

[1 occurrence(s)]
DEBUG --> [REQ_ID=6ce3e9b93a96] [ROUTE] Controller=\App\Controllers\Home Method=index

[1 occurrence(s)]
DEBUG --> [REQ_ID=6ce3e9b93a96] [LIFECYCLE][START] GET https://www.mymiwallet.com/index.php/

[1 occurrence(s)]
DEBUG --> [CSRF] token name=csrf_test_name hash=cd48e3b822a5c95e7ad6f22448150313

[1 occurrence(s)]
DEBUG --> [REQ_ID=71a1b80a0a04] [INIT] App\Controllers\Home::GET

[1 occurrence(s)]
DEBUG --> [REQ_ID=71a1b80a0a04] [VIEW_RENDER] themes/public/home

[1 occurrence(s)]
DEBUG --> [REQ_ID=6ce3e9b93a96] [FILTER_AFTER]

[1 occurrence(s)]
DEBUG --> [REQ_ID=6ce3e9b93a96] [LIFECYCLE][END] status=200 duration_ms=800.09 memory_delta=4194304

[1 occurrence(s)]
DEBUG --> [REQ_ID=6ce3e9b93a96] [REQUEST][END]

[1 occurrence(s)]
DEBUG --> [REQ_ID=eea50ba23ae7] [REQUEST][START] GET /index.php/API/Management/Run-CRON-Tasks

[1 occurrence(s)]
DEBUG --> [REQ_ID=eea50ba23ae7] [FILTER_BEFORE] /index.php/API/Management/Run-CRON-Tasks

[1 occurrence(s)]
DEBUG --> [REQ_ID=eea50ba23ae7] [ROUTE] Controller=\App\Modules\Management\Controllers\ManagementAPIController Method=Run_CRON_Tasks

[1 occurrence(s)]
DEBUG --> [REQ_ID=eea50ba23ae7] [LIFECYCLE][START] GET https://www.mymiwallet.com/index.php/API/Management/Run-CRON-Tasks

[1 occurrence(s)]
DEBUG --> [REQ_ID=eea50ba23ae7] [REQUEST][END]

[1 occurrence(s)]
DEBUG --> [REQ_ID=c410689000cf] [REQUEST][START] GET /index.php/API/Alerts/fetchEmailAlerts

[1 occurrence(s)]
DEBUG --> [REQ_ID=c410689000cf] [FILTER_BEFORE] /index.php/API/Alerts/fetchEmailAlerts

[1 occurrence(s)]
DEBUG --> [REQ_ID=c410689000cf] [ROUTE] Controller=\App\Modules\APIs\Controllers\AlertsAPIController Method=fetchEmailAlerts

[1 occurrence(s)]
DEBUG --> [REQ_ID=c410689000cf] [LIFECYCLE][START] GET https://www.mymiwallet.com/index.php/API/Alerts/fetchEmailAlerts

[1 occurrence(s)]
DEBUG --> [REQ_ID=c410689000cf] [REQUEST][END]

[1 occurrence(s)]
DEBUG --> [REQ_ID=c372a9d00500] [REQUEST][START] GET /index.php/How-It-Works/Registering-An-Account

[1 occurrence(s)]
DEBUG --> [REQ_ID=c372a9d00500] [FILTER_BEFORE] /index.php/How-It-Works/Registering-An-Account

[1 occurrence(s)]
DEBUG --> [REQ_ID=c372a9d00500] [ROUTE] Controller=\App\Modules\Blog\Controllers\HowItWorksController Method=show

[1 occurrence(s)]
DEBUG --> [REQ_ID=c372a9d00500] [LIFECYCLE][START] GET https://www.mymiwallet.com/index.php/How-It-Works/Registering-An-Account

[1 occurrence(s)]
DEBUG --> [CSRF] token name=csrf_test_name hash=8233eed809bed15c0b654f89c79caa1d

[1 occurrence(s)]
DEBUG --> [REQ_ID=dd83c18dc6aa] [INIT] App\Modules\Blog\Controllers\HowItWorksController::GET

[1 occurrence(s)]
DEBUG --> [REQ_ID=dd83c18dc6aa] [METHOD_ENTRY] show

[1 occurrence(s)]
DEBUG --> [REQ_ID=8578ec698286] [REQUEST][START] GET /index.php/How-It-Works/Registering-An-Account

[1 occurrence(s)]
DEBUG --> [REQ_ID=8578ec698286] [FILTER_BEFORE] /index.php/How-It-Works/Registering-An-Account

[1 occurrence(s)]
DEBUG --> [REQ_ID=8578ec698286] [ROUTE] Controller=\App\Modules\Blog\Controllers\HowItWorksController Method=show

[1 occurrence(s)]
DEBUG --> [REQ_ID=8578ec698286] [LIFECYCLE][START] GET https://www.mymiwallet.com/index.php/How-It-Works/Registering-An-Account

[1 occurrence(s)]
DEBUG --> [CSRF] token name=csrf_test_name hash=c4b792a335c5c6de95052263b3314639

[1 occurrence(s)]
DEBUG --> [REQ_ID=2c310a6f9ce9] [INIT] App\Modules\Blog\Controllers\HowItWorksController::GET

[1 occurrence(s)]
DEBUG --> [REQ_ID=2c310a6f9ce9] [METHOD_ENTRY] show

[1 occurrence(s)]
DEBUG --> [REQ_ID=5b838d7ebf57] [REQUEST][START] GET /index.php/How-It-Works/Registering-An-Account

[1 occurrence(s)]
DEBUG --> [REQ_ID=5b838d7ebf57] [FILTER_BEFORE] /index.php/How-It-Works/Registering-An-Account

[1 occurrence(s)]
DEBUG --> [REQ_ID=5b838d7ebf57] [ROUTE] Controller=\App\Modules\Blog\Controllers\HowItWorksController Method=show

[1 occurrence(s)]
DEBUG --> [REQ_ID=5b838d7ebf57] [LIFECYCLE][START] GET https://www.mymiwallet.com/index.php/How-It-Works/Registering-An-Account

[1 occurrence(s)]
DEBUG --> [CSRF] token name=csrf_test_name hash=653adc99b1012429b470d28fc07c6f1f

[1 occurrence(s)]
DEBUG --> [REQ_ID=b3c2b3af3f05] [INIT] App\Modules\Blog\Controllers\HowItWorksController::GET

[1 occurrence(s)]
DEBUG --> [REQ_ID=b3c2b3af3f05] [METHOD_ENTRY] show

[1 occurrence(s)]
DEBUG --> [REQ_ID=ae278fb7dfde] [REQUEST][START] GET /index.php

[1 occurrence(s)]
DEBUG --> [REQ_ID=ae278fb7dfde] [REQUEST][END]

[1 occurrence(s)]
DEBUG --> [REQ_ID=cf2d130912a7] [REQUEST][START] GET /index.php/API/Management/Run-CRON-Tasks

[1 occurrence(s)]
DEBUG --> [REQ_ID=cf2d130912a7] [FILTER_BEFORE] /index.php/API/Management/Run-CRON-Tasks

[1 occurrence(s)]
DEBUG --> [REQ_ID=cf2d130912a7] [ROUTE] Controller=\App\Modules\Management\Controllers\ManagementAPIController Method=Run_CRON_Tasks

[1 occurrence(s)]
DEBUG --> [REQ_ID=cf2d130912a7] [LIFECYCLE][START] GET https://www.mymiwallet.com/index.php/API/Management/Run-CRON-Tasks

[1 occurrence(s)]
DEBUG --> [REQ_ID=cf2d130912a7] [REQUEST][END]

[1 occurrence(s)]
DEBUG --> [REQ_ID=6d04073e9ac4] [REQUEST][START] GET /

[1 occurrence(s)]
DEBUG --> [REQ_ID=6d04073e9ac4] [FILTER_BEFORE] /

[1 occurrence(s)]
DEBUG --> [REQ_ID=6d04073e9ac4] [ROUTE] Controller=\App\Controllers\Home Method=index

[1 occurrence(s)]
DEBUG --> [REQ_ID=6d04073e9ac4] [LIFECYCLE][START] GET https://www.mymiwallet.com/index.php/

[1 occurrence(s)]
DEBUG --> [CSRF] token name=csrf_test_name hash=07e7912e40cf2173fbb8dd89ea883497

[1 occurrence(s)]
DEBUG --> [REQ_ID=d036c81c240f] [INIT] App\Controllers\Home::GET

[1 occurrence(s)]
DEBUG --> [REQ_ID=d036c81c240f] [VIEW_RENDER] themes/public/home

[1 occurrence(s)]
DEBUG --> [REQ_ID=6d04073e9ac4] [FILTER_AFTER]

[1 occurrence(s)]
DEBUG --> [REQ_ID=6d04073e9ac4] [LIFECYCLE][END] status=200 duration_ms=876.06 memory_delta=4194304

[1 occurrence(s)]
DEBUG --> [REQ_ID=6d04073e9ac4] [REQUEST][END]

[1 occurrence(s)]
DEBUG --> [REQ_ID=c245c44d50bf] [REQUEST][START] GET /index.php/API/Alerts/fetchEmailAlerts

[1 occurrence(s)]
DEBUG --> [REQ_ID=c245c44d50bf] [FILTER_BEFORE] /index.php/API/Alerts/fetchEmailAlerts

[1 occurrence(s)]
DEBUG --> [REQ_ID=c245c44d50bf] [ROUTE] Controller=\App\Modules\APIs\Controllers\AlertsAPIController Method=fetchEmailAlerts

[1 occurrence(s)]
DEBUG --> [REQ_ID=c245c44d50bf] [LIFECYCLE][START] GET https://www.mymiwallet.com/index.php/API/Alerts/fetchEmailAlerts

[1 occurrence(s)]
DEBUG --> [REQ_ID=c245c44d50bf] [REQUEST][END]

[1 occurrence(s)]
DEBUG --> [REQ_ID=2f793a1db1ef] [REQUEST][START] GET /

[1 occurrence(s)]
DEBUG --> [REQ_ID=2f793a1db1ef] [FILTER_BEFORE] /

[1 occurrence(s)]
DEBUG --> [REQ_ID=2f793a1db1ef] [ROUTE] Controller=\App\Controllers\Home Method=index

[1 occurrence(s)]
DEBUG --> [REQ_ID=2f793a1db1ef] [LIFECYCLE][START] GET https://www.mymiwallet.com/index.php/

[1 occurrence(s)]
DEBUG --> [CSRF] token name=csrf_test_name hash=332b86a3959326558d0b40009a235aa6

[1 occurrence(s)]
DEBUG --> [REQ_ID=c8d0e136973c] [INIT] App\Controllers\Home::GET

[1 occurrence(s)]
DEBUG --> [REQ_ID=c8d0e136973c] [VIEW_RENDER] themes/public/home

[1 occurrence(s)]
DEBUG --> [REQ_ID=2f793a1db1ef] [FILTER_AFTER]

[1 occurrence(s)]
DEBUG --> [REQ_ID=2f793a1db1ef] [LIFECYCLE][END] status=200 duration_ms=824.50 memory_delta=4194304

[1 occurrence(s)]
DEBUG --> [REQ_ID=2f793a1db1ef] [REQUEST][END]

[1 occurrence(s)]
DEBUG --> [REQ_ID=2c1071dffed8] [REQUEST][START] GET /

[1 occurrence(s)]
DEBUG --> [REQ_ID=2c1071dffed8] [FILTER_BEFORE] /

[1 occurrence(s)]
DEBUG --> [REQ_ID=2c1071dffed8] [ROUTE] Controller=\App\Controllers\Home Method=index

[1 occurrence(s)]
DEBUG --> [REQ_ID=2c1071dffed8] [LIFECYCLE][START] GET https://www.mymiwallet.com/index.php/

[1 occurrence(s)]
DEBUG --> [CSRF] token name=csrf_test_name hash=196b2af9fb2bbc10c5fc0e1595714935

[1 occurrence(s)]
DEBUG --> [REQ_ID=e6b50a52a1f2] [INIT] App\Controllers\Home::GET

[1 occurrence(s)]
DEBUG --> [REQ_ID=e6b50a52a1f2] [VIEW_RENDER] themes/public/home

[1 occurrence(s)]
DEBUG --> [REQ_ID=2c1071dffed8] [FILTER_AFTER]

[1 occurrence(s)]
DEBUG --> [REQ_ID=2c1071dffed8] [LIFECYCLE][END] status=200 duration_ms=803.90 memory_delta=4194304

[1 occurrence(s)]
DEBUG --> [REQ_ID=2c1071dffed8] [REQUEST][END]

[1 occurrence(s)]
DEBUG --> [REQ_ID=2bbb9e4aa07a] [REQUEST][START] GET /index.php/Exchange/Solana

[1 occurrence(s)]
DEBUG --> [REQ_ID=2bbb9e4aa07a] [REQUEST][END]

[1 occurrence(s)]
DEBUG --> [REQ_ID=1817b8f20eea] [REQUEST][START] GET /index.php/Privacy-Policy

[1 occurrence(s)]
DEBUG --> [REQ_ID=1817b8f20eea] [FILTER_BEFORE] /index.php/Privacy-Policy

[1 occurrence(s)]
DEBUG --> [REQ_ID=1817b8f20eea] [ROUTE] Controller=\App\Controllers\Home Method=privacyPolicy

[1 occurrence(s)]
DEBUG --> [REQ_ID=1817b8f20eea] [LIFECYCLE][START] GET https://www.mymiwallet.com/index.php/Privacy-Policy

[1 occurrence(s)]
DEBUG --> [CSRF] token name=csrf_test_name hash=9a7c7650aeae43050d5e91cbbf4f94ac

[1 occurrence(s)]
DEBUG --> [REQ_ID=04c95f065357] [INIT] App\Controllers\Home::GET

[1 occurrence(s)]
DEBUG --> [MetaService] slug=privacy-policy pageName= cacheHit= path=DB

[1 occurrence(s)]
DEBUG --> [REQ_ID=04c95f065357] [VIEW_RENDER] themes/public/privacyPolicy

[1 occurrence(s)]
DEBUG --> [MetaService] slug=privacy-policy pageName=Privacy Policy cacheHit= path=DB

[1 occurrence(s)]
DEBUG --> [REQ_ID=1817b8f20eea] [FILTER_AFTER]

[1 occurrence(s)]
DEBUG --> [REQ_ID=1817b8f20eea] [LIFECYCLE][END] status=200 duration_ms=789.53 memory_delta=4194304

[1 occurrence(s)]
DEBUG --> [REQ_ID=1817b8f20eea] [REQUEST][END]

[1 occurrence(s)]
DEBUG --> [REQ_ID=602b24dfdda7] [REQUEST][START] GET /index.php/API/Management/Run-CRON-Tasks

[1 occurrence(s)]
DEBUG --> [REQ_ID=602b24dfdda7] [FILTER_BEFORE] /index.php/API/Management/Run-CRON-Tasks

[1 occurrence(s)]
DEBUG --> [REQ_ID=602b24dfdda7] [ROUTE] Controller=\App\Modules\Management\Controllers\ManagementAPIController Method=Run_CRON_Tasks

[1 occurrence(s)]
DEBUG --> [REQ_ID=602b24dfdda7] [LIFECYCLE][START] GET https://www.mymiwallet.com/index.php/API/Management/Run-CRON-Tasks

[1 occurrence(s)]
DEBUG --> [REQ_ID=602b24dfdda7] [REQUEST][END]

[1 occurrence(s)]
DEBUG --> [REQ_ID=230909f94e00] [REQUEST][START] GET /index.php/API/Alerts/fetchEmailAlerts

[1 occurrence(s)]
DEBUG --> [REQ_ID=230909f94e00] [FILTER_BEFORE] /index.php/API/Alerts/fetchEmailAlerts

[1 occurrence(s)]
DEBUG --> [REQ_ID=230909f94e00] [ROUTE] Controller=\App\Modules\APIs\Controllers\AlertsAPIController Method=fetchEmailAlerts

[1 occurrence(s)]
DEBUG --> [REQ_ID=230909f94e00] [LIFECYCLE][START] GET https://www.mymiwallet.com/index.php/API/Alerts/fetchEmailAlerts

[1 occurrence(s)]
DEBUG --> [REQ_ID=230909f94e00] [REQUEST][END]

[1 occurrence(s)]
DEBUG --> [REQ_ID=4fa1952f0999] [REQUEST][START] GET /index.php/Getting-Started

[1 occurrence(s)]
DEBUG --> [REQ_ID=4fa1952f0999] [FILTER_BEFORE] /index.php/Getting-Started

[1 occurrence(s)]
DEBUG --> [REQ_ID=4fa1952f0999] [ROUTE] Controller=\App\Controllers\Home Method=gettingStarted

[1 occurrence(s)]
DEBUG --> [REQ_ID=4fa1952f0999] [LIFECYCLE][START] GET https://www.mymiwallet.com/index.php/Getting-Started

[1 occurrence(s)]
DEBUG --> [CSRF] token name=csrf_test_name hash=42daee110170b9951e95eee000398da1

[1 occurrence(s)]
DEBUG --> [REQ_ID=ca4d05b8a00d] [INIT] App\Controllers\Home::GET

[1 occurrence(s)]
DEBUG --> [MetaService] slug=getting-started pageName= cacheHit= path=DB

[1 occurrence(s)]
DEBUG --> [REQ_ID=ca4d05b8a00d] [VIEW_RENDER] themes/public/gettingStarted

[1 occurrence(s)]
DEBUG --> [MetaService] slug=getting-started pageName=Getting Started cacheHit= path=DB

[1 occurrence(s)]
DEBUG --> [REQ_ID=4fa1952f0999] [FILTER_AFTER]

[1 occurrence(s)]
DEBUG --> [REQ_ID=4fa1952f0999] [LIFECYCLE][END] status=200 duration_ms=648.82 memory_delta=4194304

[1 occurrence(s)]
DEBUG --> [REQ_ID=4fa1952f0999] [REQUEST][END]

[1 occurrence(s)]
DEBUG --> [REQ_ID=6cd3ada20a2f] [REQUEST][START] GET /index.php/Getting-Started

[1 occurrence(s)]
DEBUG --> [REQ_ID=6cd3ada20a2f] [FILTER_BEFORE] /index.php/Getting-Started

[1 occurrence(s)]
DEBUG --> [REQ_ID=6cd3ada20a2f] [ROUTE] Controller=\App\Controllers\Home Method=gettingStarted

[1 occurrence(s)]
DEBUG --> [REQ_ID=6cd3ada20a2f] [LIFECYCLE][START] GET https://www.mymiwallet.com/index.php/Getting-Started

[1 occurrence(s)]
DEBUG --> [CSRF] token name=csrf_test_name hash=b325004a866771276d086dca2446d070

[1 occurrence(s)]
DEBUG --> [REQ_ID=97051cebec77] [INIT] App\Controllers\Home::GET

[1 occurrence(s)]
DEBUG --> [MetaService] slug=getting-started pageName= cacheHit=1 path=CACHE

[1 occurrence(s)]
DEBUG --> [REQ_ID=97051cebec77] [VIEW_RENDER] themes/public/gettingStarted

[1 occurrence(s)]
DEBUG --> [MetaService] slug=getting-started pageName=Getting Started cacheHit=1 path=CACHE

[1 occurrence(s)]
DEBUG --> [REQ_ID=6cd3ada20a2f] [FILTER_AFTER]

[1 occurrence(s)]
DEBUG --> [REQ_ID=6cd3ada20a2f] [LIFECYCLE][END] status=200 duration_ms=569.50 memory_delta=2097152

[1 occurrence(s)]
DEBUG --> [REQ_ID=6cd3ada20a2f] [REQUEST][END]

[1 occurrence(s)]
DEBUG --> [REQ_ID=041f947e6103] [REQUEST][START] GET /index.php/Facebook/register

[1 occurrence(s)]
DEBUG --> [REQ_ID=041f947e6103] [REQUEST][END]

[1 occurrence(s)]
DEBUG --> [REQ_ID=b67bafe34020] [REQUEST][START] GET /index.php/API/Management/Run-CRON-Tasks

[1 occurrence(s)]
DEBUG --> [REQ_ID=b67bafe34020] [FILTER_BEFORE] /index.php/API/Management/Run-CRON-Tasks

[1 occurrence(s)]
DEBUG --> [REQ_ID=b67bafe34020] [ROUTE] Controller=\App\Modules\Management\Controllers\ManagementAPIController Method=Run_CRON_Tasks

[1 occurrence(s)]
DEBUG --> [REQ_ID=b67bafe34020] [LIFECYCLE][START] GET https://www.mymiwallet.com/index.php/API/Management/Run-CRON-Tasks

[1 occurrence(s)]
DEBUG --> [REQ_ID=b67bafe34020] [REQUEST][END]

[1 occurrence(s)]
DEBUG --> [REQ_ID=6d64761bf766] [REQUEST][START] GET /

[1 occurrence(s)]
DEBUG --> [REQ_ID=6d64761bf766] [FILTER_BEFORE] /

[1 occurrence(s)]
DEBUG --> [REQ_ID=6d64761bf766] [ROUTE] Controller=\App\Controllers\Home Method=index

[1 occurrence(s)]
DEBUG --> [REQ_ID=6d64761bf766] [LIFECYCLE][START] GET https://www.mymiwallet.com/index.php/

[1 occurrence(s)]
DEBUG --> [CSRF] token name=csrf_test_name hash=37ed438336a6f27146d20508efec820a

[1 occurrence(s)]
DEBUG --> [REQ_ID=ca5df6351635] [INIT] App\Controllers\Home::GET

[1 occurrence(s)]
DEBUG --> [REQ_ID=ca5df6351635] [VIEW_RENDER] themes/public/home

[1 occurrence(s)]
DEBUG --> [REQ_ID=6d64761bf766] [FILTER_AFTER]

[1 occurrence(s)]
DEBUG --> [REQ_ID=6d64761bf766] [LIFECYCLE][END] status=200 duration_ms=723.86 memory_delta=4194304

[1 occurrence(s)]
DEBUG --> [REQ_ID=6d64761bf766] [REQUEST][END]

[1 occurrence(s)]
DEBUG --> [REQ_ID=91978c6fbbfc] [REQUEST][START] GET /index.php/API/Alerts/fetchEmailAlerts

[1 occurrence(s)]
DEBUG --> [REQ_ID=91978c6fbbfc] [FILTER_BEFORE] /index.php/API/Alerts/fetchEmailAlerts

[1 occurrence(s)]
DEBUG --> [REQ_ID=91978c6fbbfc] [ROUTE] Controller=\App\Modules\APIs\Controllers\AlertsAPIController Method=fetchEmailAlerts

[1 occurrence(s)]
DEBUG --> [REQ_ID=91978c6fbbfc] [LIFECYCLE][START] GET https://www.mymiwallet.com/index.php/API/Alerts/fetchEmailAlerts

[1 occurrence(s)]
DEBUG --> [REQ_ID=91978c6fbbfc] [REQUEST][END]

[1 occurrence(s)]
DEBUG --> [REQ_ID=fcbe47f59226] [REQUEST][START] GET /index.php/API/Management/Run-CRON-Tasks

[1 occurrence(s)]
DEBUG --> [REQ_ID=fcbe47f59226] [FILTER_BEFORE] /index.php/API/Management/Run-CRON-Tasks

[1 occurrence(s)]
DEBUG --> [REQ_ID=fcbe47f59226] [ROUTE] Controller=\App\Modules\Management\Controllers\ManagementAPIController Method=Run_CRON_Tasks

[1 occurrence(s)]
DEBUG --> [REQ_ID=fcbe47f59226] [LIFECYCLE][START] GET https://www.mymiwallet.com/index.php/API/Management/Run-CRON-Tasks

[1 occurrence(s)]
DEBUG --> [REQ_ID=fcbe47f59226] [REQUEST][END]


---------------------------
LEVEL: INFO
---------------------------

[1 occurrence(s)]
INFO --> [REQ_ID=41d6d49cc8d4] [PERF] Execution time=0.046644

[1 occurrence(s)]
INFO --> [REQ_ID=22eab0996977] [PERF] Execution time=0.049453

[1 occurrence(s)]
INFO --> [REQ_ID=3d0fe2e19be8] [PERF] Execution time=0.044284

[1 occurrence(s)]
INFO --> [REQ_ID=8853bc7338de] [MEMORY][controller-start] 6291456

[1 occurrence(s)]
INFO --> [REQ_ID=8853bc7338de] [MEMORY][commonData:start] 6291456

[1 occurrence(s)]
INFO --> [REQ_ID=8853bc7338de] [MEMORY][commonData:start] 10485760

[10 occurrence(s)]
INFO --> themesMemory usage: 10485760

[1 occurrence(s)]
INFO --> [REQ_ID=8853bc7338de] [PERF] Execution time=0.838412

[1 occurrence(s)]
INFO --> [REQ_ID=080d29830003] [PERF] Execution time=0.879074

[1 occurrence(s)]
INFO --> [REQ_ID=8e373d1c577b] [MEMORY][controller-start] 6291456

[1 occurrence(s)]
INFO --> [REQ_ID=8e373d1c577b] [MEMORY][commonData:start] 6291456

[1 occurrence(s)]
INFO --> [REQ_ID=8e373d1c577b] [MEMORY][commonData:start] 10485760

[1 occurrence(s)]
INFO --> [REQ_ID=8e373d1c577b] [PERF] Execution time=0.794489

[1 occurrence(s)]
INFO --> [REQ_ID=88501f6474fb] [PERF] Execution time=0.835760

[3 occurrence(s)]
INFO --> CSRF token verified.

[1 occurrence(s)]
INFO --> [REQ_ID=36f98a7c53ea] [MEMORY][controller-start] 6291456

[1 occurrence(s)]
INFO --> [REGISTRATION] Submission received

[1 occurrence(s)]
INFO --> MailService queued email

[1 occurrence(s)]
INFO --> [REGISTRATION] Validation passed (basic fields)

[1 occurrence(s)]
INFO --> [REGISTRATION] Validation passed (password fields)

[1 occurrence(s)]
INFO --> Registration created user_id=11733, email=anton.c@hotmail.com, username=vTdgIcLFhSIbeovNUF, active=, requiresActivation=1, loginIdentifier=username

[1 occurrence(s)]
INFO --> [REGISTRATION] User record created

[1 occurrence(s)]
INFO --> OnboardingProgressService: created onboarding record for user_id=11733

[1 occurrence(s)]
INFO --> Registration succeeded for anton.c@hotmail.com (event d67aefa514dd29f2)

[1 occurrence(s)]
INFO --> [REGISTRATION] Activation email queued

[1 occurrence(s)]
INFO --> Registration redirecting to success guide for user_id=11733

[1 occurrence(s)]
INFO --> [REQ_ID=36f98a7c53ea] [PERF] Execution time=1.289392

[1 occurrence(s)]
INFO --> [REQ_ID=67dcbdf7f0fb] [PERF] Execution time=1.302318

[1 occurrence(s)]
INFO --> [REQ_ID=065e89dfd1b1] [MEMORY][controller-start] 4194304

[1 occurrence(s)]
INFO --> AuthController::registerSuccess view rendered.

[1 occurrence(s)]
INFO --> [REQ_ID=065e89dfd1b1] [PERF] Execution time=0.014946

[1 occurrence(s)]
INFO --> [REQ_ID=950c5863a78a] [MEMORY][controller-start] 4194304

[1 occurrence(s)]
INFO --> [REQ_ID=950c5863a78a] [PERF] Execution time=0.032177

[1 occurrence(s)]
INFO --> [REQ_ID=9ebc25aa7f67] [PERF] Execution time=0.041798

[1 occurrence(s)]
INFO --> [REQ_ID=90cd7d10a02d] [MEMORY][controller-start] 4194304

[1 occurrence(s)]
INFO --> AuthController L93: Auth:attemptLogin started.

[1 occurrence(s)]
INFO --> AuthController L104: Auth:attemptLogin rules: {"login":"required","password":"required"}

[1 occurrence(s)]
INFO --> AuthController L132: Auth:attemptLogin Login Variables: login: required, remember: true, ip: 45.84.107.128, ua: "Mozilla/5.0 (Macintosh; Intel Mac OS X 10_15_7) AppleWebKit/537.36 (KHTML, like Gecko) Chrome/142.0.0.0 Safari/537.36"

[1 occurrence(s)]
INFO --> [REQ_ID=90cd7d10a02d] [PERF] Execution time=0.218128

[1 occurrence(s)]
INFO --> [REQ_ID=c3e75b2e1505] [PERF] Execution time=0.227336

[1 occurrence(s)]
INFO --> [REQ_ID=402a0830b3aa] [MEMORY][controller-start] 4194304

[1 occurrence(s)]
INFO --> [REQ_ID=402a0830b3aa] [PERF] Execution time=0.027650

[1 occurrence(s)]
INFO --> [REQ_ID=865810ae7b38] [PERF] Execution time=0.036622

[1 occurrence(s)]
INFO --> [REQ_ID=ccf8f130d763] [PERF] Execution time=0.014190

[1 occurrence(s)]
INFO --> [REQ_ID=476309d1d0d1] [MEMORY][controller-start] 4194304

[1 occurrence(s)]
INFO --> [REQ_ID=476309d1d0d1] [PERF] Execution time=0.112167

[1 occurrence(s)]
INFO --> [REQ_ID=17a47289a37d] [PERF] Execution time=0.124631

[1 occurrence(s)]
INFO --> [REQ_ID=8a2c933145c0] [MEMORY][controller-start] 4194304

[1 occurrence(s)]
INFO --> [REQ_ID=8a2c933145c0] [PERF] Execution time=0.052388

[1 occurrence(s)]
INFO --> [REQ_ID=798ec09315d1] [MEMORY][controller-start] 4194304

[1 occurrence(s)]
INFO --> [REQ_ID=798ec09315d1] [PERF] Execution time=0.049882

[1 occurrence(s)]
INFO --> [REQ_ID=f0fc94df01b6] [MEMORY][controller-start] 4194304

[2 occurrence(s)]
INFO --> [REQ_ID=f0fc94df01b6] [MEMORY][commonData:start] 4194304

[3 occurrence(s)]
INFO --> themesMemory usage: 4194304

[1 occurrence(s)]
INFO --> [REQ_ID=f0fc94df01b6] [PERF] Execution time=0.035210

[1 occurrence(s)]
INFO --> [REQ_ID=878ce9d6d3c4] [PERF] Execution time=0.045690

[1 occurrence(s)]
INFO --> [REQ_ID=09e62636d867] [MEMORY][controller-start] 4194304

[1 occurrence(s)]
INFO --> [SUPPORT] Account help requested

[1 occurrence(s)]
INFO --> [SUPPORT] Account help outcome

[1 occurrence(s)]
INFO --> [REQ_ID=09e62636d867] [PERF] Execution time=1.162678

[1 occurrence(s)]
INFO --> [REQ_ID=0608ccdd20e9] [PERF] Execution time=1.173449

[1 occurrence(s)]
INFO --> [REQ_ID=81058197ae2e] [MEMORY][controller-start] 4194304

[2 occurrence(s)]
INFO --> [REQ_ID=81058197ae2e] [MEMORY][commonData:start] 4194304

[1 occurrence(s)]
INFO --> [REQ_ID=81058197ae2e] [PERF] Execution time=0.038750

[1 occurrence(s)]
INFO --> [REQ_ID=21de3439e575] [PERF] Execution time=0.047918

[1 occurrence(s)]
INFO --> [REQ_ID=f07af184b9e4] [PERF] Execution time=0.014581

[1 occurrence(s)]
INFO --> [REQ_ID=5ee154109694] [MEMORY][controller-start] 4194304

[2 occurrence(s)]
INFO --> [REGISTRATION] Form loaded

[1 occurrence(s)]
INFO --> [REQ_ID=5ee154109694] [PERF] Execution time=0.091674

[1 occurrence(s)]
INFO --> [REQ_ID=81fb32e7c051] [PERF] Execution time=0.010014

[1 occurrence(s)]
INFO --> [REQ_ID=9566aa6bab6b] [MEMORY][controller-start] 4194304

[1 occurrence(s)]
INFO --> [REQ_ID=9566aa6bab6b] [PERF] Execution time=0.022207

[1 occurrence(s)]
INFO --> [REQ_ID=e36d3390f421] [PERF] Execution time=0.031474

[1 occurrence(s)]
INFO --> [REQ_ID=c685020896ce] [PERF] Execution time=0.014888

[1 occurrence(s)]
INFO --> [REQ_ID=0dcd1267bebf] [MEMORY][controller-start] 4194304

[1 occurrence(s)]
INFO --> [REQ_ID=0dcd1267bebf] [PERF] Execution time=0.020692

[1 occurrence(s)]
INFO --> [REQ_ID=22083d75f874] [PERF] Execution time=0.032769

[1 occurrence(s)]
INFO --> [REQ_ID=cb070d9c3f2c] [PERF] Execution time=0.010865

[1 occurrence(s)]
INFO --> [REQ_ID=c404f88a4a22] [MEMORY][controller-start] 4194304

[1 occurrence(s)]
INFO --> [REQ_ID=c404f88a4a22] [PERF] Execution time=0.090792

[1 occurrence(s)]
INFO --> [REQ_ID=ec45cdbc188e] [PERF] Execution time=0.100085

[1 occurrence(s)]
INFO --> [REQ_ID=c4791d00af35] [PERF] Execution time=0.011854

[1 occurrence(s)]
INFO --> [REQ_ID=95edb84381c0] [MEMORY][controller-start] 4194304

[1 occurrence(s)]
INFO --> [REQ_ID=95edb84381c0] [PERF] Execution time=0.038888

[1 occurrence(s)]
INFO --> [REQ_ID=3b3807170665] [PERF] Execution time=0.049607

[1 occurrence(s)]
INFO --> [REQ_ID=2b0ccffe6fce] [PERF] Execution time=0.009776

[1 occurrence(s)]
INFO --> [REQ_ID=fe8b30e5e39d] [MEMORY][controller-start] 4194304

[1 occurrence(s)]
INFO --> [REQ_ID=fe8b30e5e39d] [PERF] Execution time=0.080250

[1 occurrence(s)]
INFO --> [REQ_ID=ddea6701f5b5] [PERF] Execution time=0.088874

[1 occurrence(s)]
INFO --> [REQ_ID=c8767bda8064] [PERF] Execution time=0.010275

[1 occurrence(s)]
INFO --> [REQ_ID=cb098cc1f885] [MEMORY][controller-start] 4194304

[1 occurrence(s)]
INFO --> [REQ_ID=cb098cc1f885] [PERF] Execution time=0.036966

[1 occurrence(s)]
INFO --> [REQ_ID=bb3a2e48e42c] [PERF] Execution time=0.045866

[1 occurrence(s)]
INFO --> [REQ_ID=90081391941d] [PERF] Execution time=0.011051

[1 occurrence(s)]
INFO --> [REQ_ID=4ddd46be1446] [MEMORY][controller-start] 4194304

[1 occurrence(s)]
INFO --> [REQ_ID=4ddd46be1446] [PERF] Execution time=0.034080

[1 occurrence(s)]
INFO --> [REQ_ID=276395381f46] [PERF] Execution time=0.042647

[1 occurrence(s)]
INFO --> [REQ_ID=c7727863c089] [PERF] Execution time=0.009998

[1 occurrence(s)]
INFO --> [REQ_ID=0e81eb09a4cf] [MEMORY][controller-start] 4194304

[1 occurrence(s)]
INFO --> [REQ_ID=0e81eb09a4cf] [PERF] Execution time=0.029096

[1 occurrence(s)]
INFO --> [REQ_ID=4e584ef02588] [PERF] Execution time=0.037778

[1 occurrence(s)]
INFO --> [REQ_ID=d7ca9886cf79] [PERF] Execution time=0.009792

[1 occurrence(s)]
INFO --> [REQ_ID=8619fe8804fa] [MEMORY][controller-start] 4194304

[1 occurrence(s)]
INFO --> [REQ_ID=8619fe8804fa] [PERF] Execution time=0.036240

[1 occurrence(s)]
INFO --> [REQ_ID=5c4ab6e92649] [PERF] Execution time=0.044872

[1 occurrence(s)]
INFO --> [REQ_ID=06c3ceffdf6b] [PERF] Execution time=0.009657

[1 occurrence(s)]
INFO --> [REQ_ID=2be9ca4f1282] [MEMORY][controller-start] 4194304

[1 occurrence(s)]
INFO --> [REQ_ID=2be9ca4f1282] [PERF] Execution time=0.041784

[1 occurrence(s)]
INFO --> [REQ_ID=8a368545ae1b] [PERF] Execution time=0.053522

[1 occurrence(s)]
INFO --> [REQ_ID=f4d01edcda65] [PERF] Execution time=0.010227

[1 occurrence(s)]
INFO --> [REQ_ID=f00fe5c3c404] [MEMORY][controller-start] 4194304

[1 occurrence(s)]
INFO --> [REQ_ID=f00fe5c3c404] [PERF] Execution time=0.028544

[1 occurrence(s)]
INFO --> [REQ_ID=4b9b2c00031e] [PERF] Execution time=0.037614

[1 occurrence(s)]
INFO --> [REQ_ID=c3b604796a68] [PERF] Execution time=0.009747

[1 occurrence(s)]
INFO --> [REQ_ID=6233ddbbbecb] [MEMORY][controller-start] 4194304

[1 occurrence(s)]
INFO --> [REQ_ID=6233ddbbbecb] [PERF] Execution time=0.140355

[1 occurrence(s)]
INFO --> [REQ_ID=ae6d5ee421ca] [PERF] Execution time=0.149554

[1 occurrence(s)]
INFO --> [REQ_ID=8b440bbecba6] [PERF] Execution time=0.049969

[1 occurrence(s)]
INFO --> [REQ_ID=d7b51aba2e92] [PERF] Execution time=0.046287

[1 occurrence(s)]
INFO --> [REQ_ID=2a28b9636025] [PERF] Execution time=0.049765

[1 occurrence(s)]
INFO --> [REQ_ID=cc51807775ca] [PERF] Execution time=0.049021

[1 occurrence(s)]
INFO --> [REQ_ID=8b204b0bc5f9] [MEMORY][controller-start] 6291456

[1 occurrence(s)]
INFO --> [REQ_ID=8b204b0bc5f9] [MEMORY][commonData:start] 6291456

[1 occurrence(s)]
INFO --> [REQ_ID=8b204b0bc5f9] [MEMORY][commonData:start] 10485760

[1 occurrence(s)]
INFO --> [REQ_ID=8b204b0bc5f9] [PERF] Execution time=0.842546

[1 occurrence(s)]
INFO --> [REQ_ID=0d60aa0a0605] [PERF] Execution time=0.882624

[1 occurrence(s)]
INFO --> [REQ_ID=2030c4380a22] [MEMORY][controller-start] 6291456

[1 occurrence(s)]
INFO --> [REQ_ID=2030c4380a22] [MEMORY][commonData:start] 6291456

[1 occurrence(s)]
INFO --> [REQ_ID=2030c4380a22] [MEMORY][commonData:start] 8388608

[5 occurrence(s)]
INFO --> themesMemory usage: 8388608

[1 occurrence(s)]
INFO --> [REQ_ID=2030c4380a22] [PERF] Execution time=0.588583

[1 occurrence(s)]
INFO --> [REQ_ID=9c7ffbb0433b] [PERF] Execution time=0.597405

[1 occurrence(s)]
INFO --> [REQ_ID=7e518784bd38] [MEMORY][controller-start] 6291456

[1 occurrence(s)]
INFO --> [REQ_ID=7e518784bd38] [MEMORY][commonData:start] 6291456

[1 occurrence(s)]
INFO --> [REQ_ID=7e518784bd38] [MEMORY][commonData:start] 8388608

[1 occurrence(s)]
INFO --> [REQ_ID=7e518784bd38] [PERF] Execution time=0.637211

[1 occurrence(s)]
INFO --> [REQ_ID=4052648794d9] [PERF] Execution time=0.646977

[1 occurrence(s)]
INFO --> [REQ_ID=36ff741962e4] [MEMORY][controller-start] 6291456

[1 occurrence(s)]
INFO --> [REQ_ID=36ff741962e4] [MEMORY][commonData:start] 6291456

[1 occurrence(s)]
INFO --> [REQ_ID=36ff741962e4] [PERF] Execution time=0.051929

[1 occurrence(s)]
INFO --> [REQ_ID=3d57ff0bf389] [MEMORY][controller-start] 6291456

[1 occurrence(s)]
INFO --> [REQ_ID=3d57ff0bf389] [MEMORY][commonData:start] 6291456

[1 occurrence(s)]
INFO --> [REQ_ID=3d57ff0bf389] [MEMORY][commonData:start] 8388608

[1 occurrence(s)]
INFO --> [REQ_ID=3d57ff0bf389] [PERF] Execution time=0.589657

[1 occurrence(s)]
INFO --> [REQ_ID=2a4f3a4f30ce] [PERF] Execution time=0.598676

[1 occurrence(s)]
INFO --> [REQ_ID=cc7b14121aa9] [MEMORY][controller-start] 6291456

[1 occurrence(s)]
INFO --> [REQ_ID=cc7b14121aa9] [PERF] Execution time=0.018487

[1 occurrence(s)]
INFO --> [REQ_ID=f2da835fe423] [PERF] Execution time=0.030460

[1 occurrence(s)]
INFO --> [REQ_ID=328ec0726a9e] [MEMORY][controller-start] 4194304

[1 occurrence(s)]
INFO --> [REQ_ID=328ec0726a9e] [MEMORY][commonData:start] 4194304

[1 occurrence(s)]
INFO --> [REQ_ID=328ec0726a9e] [MEMORY][commonData:start] 8388608

[1 occurrence(s)]
INFO --> [REQ_ID=328ec0726a9e] [PERF] Execution time=0.614166

[1 occurrence(s)]
INFO --> [REQ_ID=db37e7504aaf] [PERF] Execution time=0.623006

[1 occurrence(s)]
INFO --> [REQ_ID=ded1226b6323] [MEMORY][controller-start] 6291456

[1 occurrence(s)]
INFO --> [REQ_ID=ded1226b6323] [PERF] Execution time=0.029911

[1 occurrence(s)]
INFO --> [REQ_ID=0a127bff8348] [PERF] Execution time=0.010981

[1 occurrence(s)]
INFO --> [REQ_ID=a9e62aa02297] [MEMORY][controller-start] 4194304

[1 occurrence(s)]
INFO --> [REQ_ID=a9e62aa02297] [PERF] Execution time=0.018937

[1 occurrence(s)]
INFO --> [REQ_ID=ad1b403759aa] [PERF] Execution time=0.027529

[1 occurrence(s)]
INFO --> [REQ_ID=cc3cbf9cdf59] [MEMORY][controller-start] 4194304

[2 occurrence(s)]
INFO --> [REQ_ID=cc3cbf9cdf59] [MEMORY][commonData:start] 4194304

[1 occurrence(s)]
INFO --> [REQ_ID=cc3cbf9cdf59] [PERF] Execution time=0.042951

[1 occurrence(s)]
INFO --> [REQ_ID=d5685b23b929] [PERF] Execution time=0.053240

[1 occurrence(s)]
INFO --> [REQ_ID=d112584ebb7e] [PERF] Execution time=0.012823

[1 occurrence(s)]
INFO --> [REQ_ID=8197d505e6b6] [MEMORY][controller-start] 4194304

[1 occurrence(s)]
INFO --> [REQ_ID=8197d505e6b6] [PERF] Execution time=0.020865

[1 occurrence(s)]
INFO --> [REQ_ID=a8c544e13424] [PERF] Execution time=0.029671

[1 occurrence(s)]
INFO --> [REQ_ID=5b6210a988c0] [PERF] Execution time=0.009716

[1 occurrence(s)]
INFO --> [REQ_ID=36553156bcbb] [MEMORY][controller-start] 4194304

[1 occurrence(s)]
INFO --> [REQ_ID=36553156bcbb] [PERF] Execution time=0.022922

[1 occurrence(s)]
INFO --> [REQ_ID=397767fc4bf5] [PERF] Execution time=0.032238

[1 occurrence(s)]
INFO --> [REQ_ID=71a1b80a0a04] [MEMORY][controller-start] 6291456

[1 occurrence(s)]
INFO --> [REQ_ID=71a1b80a0a04] [MEMORY][commonData:start] 6291456

[1 occurrence(s)]
INFO --> [REQ_ID=71a1b80a0a04] [MEMORY][commonData:start] 10485760

[1 occurrence(s)]
INFO --> [REQ_ID=71a1b80a0a04] [PERF] Execution time=0.798062

[1 occurrence(s)]
INFO --> [REQ_ID=6ce3e9b93a96] [PERF] Execution time=0.838798

[1 occurrence(s)]
INFO --> [REQ_ID=eea50ba23ae7] [PERF] Execution time=0.015435

[1 occurrence(s)]
INFO --> [REQ_ID=c410689000cf] [PERF] Execution time=0.045960

[1 occurrence(s)]
INFO --> [REQ_ID=dd83c18dc6aa] [MEMORY][controller-start] 6291456

[1 occurrence(s)]
INFO --> [REQ_ID=dd83c18dc6aa] [PERF] Execution time=0.214985

[1 occurrence(s)]
INFO --> [REQ_ID=2c310a6f9ce9] [MEMORY][controller-start] 4194304

[1 occurrence(s)]
INFO --> [REQ_ID=2c310a6f9ce9] [PERF] Execution time=0.024073

[1 occurrence(s)]
INFO --> [REQ_ID=b3c2b3af3f05] [MEMORY][controller-start] 4194304

[1 occurrence(s)]
INFO --> [REQ_ID=b3c2b3af3f05] [PERF] Execution time=0.021197

[1 occurrence(s)]
INFO --> [REQ_ID=ae278fb7dfde] [PERF] Execution time=0.037686

[1 occurrence(s)]
INFO --> [REQ_ID=cf2d130912a7] [PERF] Execution time=0.050245

[1 occurrence(s)]
INFO --> [REQ_ID=d036c81c240f] [MEMORY][controller-start] 6291456

[1 occurrence(s)]
INFO --> [REQ_ID=d036c81c240f] [MEMORY][commonData:start] 6291456

[1 occurrence(s)]
INFO --> [REQ_ID=d036c81c240f] [MEMORY][commonData:start] 10485760

[1 occurrence(s)]
INFO --> [REQ_ID=d036c81c240f] [PERF] Execution time=0.874238

[1 occurrence(s)]
INFO --> [REQ_ID=6d04073e9ac4] [PERF] Execution time=0.915616

[1 occurrence(s)]
INFO --> [REQ_ID=c245c44d50bf] [PERF] Execution time=0.046762

[1 occurrence(s)]
INFO --> [REQ_ID=c8d0e136973c] [MEMORY][controller-start] 6291456

[1 occurrence(s)]
INFO --> [REQ_ID=c8d0e136973c] [MEMORY][commonData:start] 6291456

[1 occurrence(s)]
INFO --> [REQ_ID=c8d0e136973c] [MEMORY][commonData:start] 10485760

[1 occurrence(s)]
INFO --> [REQ_ID=c8d0e136973c] [PERF] Execution time=0.820761

[1 occurrence(s)]
INFO --> [REQ_ID=2f793a1db1ef] [PERF] Execution time=0.869587

[1 occurrence(s)]
INFO --> [REQ_ID=e6b50a52a1f2] [MEMORY][controller-start] 6291456

[1 occurrence(s)]
INFO --> [REQ_ID=e6b50a52a1f2] [MEMORY][commonData:start] 6291456

[1 occurrence(s)]
INFO --> [REQ_ID=e6b50a52a1f2] [MEMORY][commonData:start] 10485760

[1 occurrence(s)]
INFO --> [REQ_ID=e6b50a52a1f2] [PERF] Execution time=0.801837

[1 occurrence(s)]
INFO --> [REQ_ID=2c1071dffed8] [PERF] Execution time=0.842480

[1 occurrence(s)]
INFO --> [REQ_ID=2bbb9e4aa07a] [PERF] Execution time=0.042830

[1 occurrence(s)]
INFO --> [REQ_ID=04c95f065357] [MEMORY][controller-start] 6291456

[1 occurrence(s)]
INFO --> [REQ_ID=04c95f065357] [MEMORY][commonData:start] 6291456

[1 occurrence(s)]
INFO --> [REQ_ID=04c95f065357] [MEMORY][commonData:start] 10485760

[1 occurrence(s)]
INFO --> [REQ_ID=04c95f065357] [PERF] Execution time=0.787377

[1 occurrence(s)]
INFO --> [REQ_ID=1817b8f20eea] [PERF] Execution time=0.829052

[1 occurrence(s)]
INFO --> [REQ_ID=602b24dfdda7] [PERF] Execution time=0.048719

[1 occurrence(s)]
INFO --> [REQ_ID=230909f94e00] [PERF] Execution time=0.045834

[1 occurrence(s)]
INFO --> [REQ_ID=ca4d05b8a00d] [MEMORY][controller-start] 6291456

[1 occurrence(s)]
INFO --> [REQ_ID=ca4d05b8a00d] [MEMORY][commonData:start] 6291456

[1 occurrence(s)]
INFO --> [REQ_ID=ca4d05b8a00d] [MEMORY][commonData:start] 10485760

[1 occurrence(s)]
INFO --> [REQ_ID=ca4d05b8a00d] [PERF] Execution time=0.646179

[1 occurrence(s)]
INFO --> [REQ_ID=4fa1952f0999] [PERF] Execution time=0.698077

[1 occurrence(s)]
INFO --> [REQ_ID=97051cebec77] [MEMORY][controller-start] 6291456

[1 occurrence(s)]
INFO --> [REQ_ID=97051cebec77] [MEMORY][commonData:start] 6291456

[1 occurrence(s)]
INFO --> [REQ_ID=97051cebec77] [MEMORY][commonData:start] 8388608

[1 occurrence(s)]
INFO --> [REQ_ID=97051cebec77] [PERF] Execution time=0.569272

[1 occurrence(s)]
INFO --> [REQ_ID=6cd3ada20a2f] [PERF] Execution time=0.578221

[1 occurrence(s)]
INFO --> [REQ_ID=041f947e6103] [PERF] Execution time=0.040976

[1 occurrence(s)]
INFO --> [REQ_ID=b67bafe34020] [PERF] Execution time=0.052612

[1 occurrence(s)]
INFO --> [REQ_ID=ca5df6351635] [MEMORY][controller-start] 6291456

[1 occurrence(s)]
INFO --> [REQ_ID=ca5df6351635] [MEMORY][commonData:start] 6291456

[1 occurrence(s)]
INFO --> [REQ_ID=ca5df6351635] [MEMORY][commonData:start] 10485760

[1 occurrence(s)]
INFO --> [REQ_ID=ca5df6351635] [PERF] Execution time=0.721916

[1 occurrence(s)]
INFO --> [REQ_ID=6d64761bf766] [PERF] Execution time=0.762230

[1 occurrence(s)]
INFO --> [REQ_ID=91978c6fbbfc] [PERF] Execution time=0.045759

[1 occurrence(s)]
INFO --> [SPARK_START] App\Commands\AIOps\Run

[4 occurrence(s)]
INFO --> [SPARK_MEMORY] 18874368

[1 occurrence(s)]
INFO --> [spark:aiops:run] Intent

[1 occurrence(s)]
INFO --> [spark:ops:work] Started

[1 occurrence(s)]
INFO --> [REQ_ID=fcbe47f59226] [PERF] Execution time=0.111896

[1 occurrence(s)]
INFO --> [SPARK_START] App\Commands\Ops\Work

[1 occurrence(s)]
INFO --> [spark:ops:work] Intent

[1 occurrence(s)]
INFO --> [spark:ops:work] Completed

[1 occurrence(s)]
INFO --> [SPARK_COMPLETE] App\Commands\Ops\Work duration=0.267977

[1 occurrence(s)]
INFO --> [AIOPS][SPARK][GOVERNANCE][spark:logs:summarize] Started

[1 occurrence(s)]
INFO --> [SPARK_START] App\Commands\Logs\Summarize

[1 occurrence(s)]
INFO --> [spark:logs:summarize] Intent


---------------------------
LEVEL: WARNING
---------------------------

[1 occurrence(s)]
WARNING --> [AUTH_FAILURE]

[1 occurrence(s)]
WARNING --> [AUTH] Login failure

[1 occurrence(s)]
WARNING --> [AUTH] Login failed

[10 occurrence(s)]
WARNING --> MyMIWallets initialized without numeric user context.

[1 occurrence(s)]
WARNING --> [404] URI=https://www.mymiwallet.com/index.php/How-It-Works/Investor-Profile

[1 occurrence(s)]
WARNING --> 404 route miss: https://www.mymiwallet.com/index.php/How-It-Works/Investor-Profile | referrer: none

[1 occurrence(s)]
WARNING --> [404] URI=https://www.mymiwallet.com/index.php/News/After-Hours-Movers/December-3rd-2021

[1 occurrence(s)]
WARNING --> 404 route miss: https://www.mymiwallet.com/index.php/News/After-Hours-Movers/December-3rd-2021 | referrer: none

[2 occurrence(s)]
WARNING --> [404] URI=https://www.mymiwallet.com/index.php/

[2 occurrence(s)]
WARNING --> 404 route miss: https://www.mymiwallet.com/index.php/ | referrer: none


---------------------------
LEVEL: ERROR
---------------------------

[4 occurrence(s)]
ERROR --> HowItWorksController failure: Call to undefined method App\Modules\Blog\Controllers\HowItWorksController::respondWithRendered()

[1 occurrence(s)]
ERROR --> HowItWorksController failure: investor-profile

[4 occurrence(s)]
ERROR --> [ERROR_PAGE] event=error_404 status=404 message=Page not found.


---------------------------
LEVEL: CRITICAL
---------------------------

[4 occurrence(s)]
CRITICAL --> CodeIgniter\Exceptions\PageNotFoundException: Page Not Found

[4 occurrence(s)]
CRITICAL --> [EXCEPTION] Page Not Found File=/home/mymiteam/mymiwallet/site/current/vendor/codeigniter4/framework/system/CodeIgniter.php Line=1001


===============================================
   HERE'S THE NEW STUFF
   (No previous timestamp recorded – nothing treated as new)
===============================================

---- CONFIG LINT ----
✅ Services::cache
✅ Services::responsecache
✅ Services::session
✅ Services::email
✅ Services::logger
✅ Services::validation
✅ Services::renderer
