===============================================
   MyMI Wallet — Log Summary for 2026-03-26
   Auto-generated by logs:summarize command
   Grouped by (LEVEL + message)
===============================================

Last processed up to: <none> (first run for this date)

---------------------------
LEVEL: DEBUG
---------------------------

[1 occurrence(s)]
DEBUG --> [REQ_ID=a79ad90e1372] [REQUEST][START] GET /index.php/API/Management/Run-CRON-Tasks

[126 occurrence(s)]
DEBUG --> Session: Class initialized using 'CodeIgniter\Session\Handlers\FileHandler' driver.

[1 occurrence(s)]
DEBUG --> [REQ_ID=a79ad90e1372] [FILTER_BEFORE] /index.php/API/Management/Run-CRON-Tasks

[1 occurrence(s)]
DEBUG --> [REQ_ID=a79ad90e1372] [ROUTE] Controller=\App\Modules\Management\Controllers\ManagementAPIController Method=Run_CRON_Tasks

[1 occurrence(s)]
DEBUG --> [REQ_ID=a79ad90e1372] [LIFECYCLE][START] GET https://www.mymiwallet.com/index.php/API/Management/Run-CRON-Tasks

[1 occurrence(s)]
DEBUG --> [REQ_ID=a79ad90e1372] [REQUEST][END]

[1 occurrence(s)]
DEBUG --> [REQ_ID=f15960bdff56] [REQUEST][START] HEAD /

[1 occurrence(s)]
DEBUG --> [REQ_ID=209a0ee94c86] [REQUEST][START] HEAD /

[1 occurrence(s)]
DEBUG --> [REQ_ID=ee32f5881bcd] [REQUEST][START] HEAD /

[1 occurrence(s)]
DEBUG --> [REQ_ID=b82f2acb11a7] [REQUEST][START] GET /index.php/Wallets/Purchase/Memberships/Customize

[1 occurrence(s)]
DEBUG --> [REQ_ID=b82f2acb11a7] [REQUEST][END]

[1 occurrence(s)]
DEBUG --> [REQ_ID=d08a33987425] [REQUEST][START] GET /index.php/API/Alerts/fetchEmailAlerts

[1 occurrence(s)]
DEBUG --> [REQ_ID=d08a33987425] [FILTER_BEFORE] /index.php/API/Alerts/fetchEmailAlerts

[1 occurrence(s)]
DEBUG --> [REQ_ID=d08a33987425] [ROUTE] Controller=\App\Modules\APIs\Controllers\AlertsAPIController Method=fetchEmailAlerts

[1 occurrence(s)]
DEBUG --> [REQ_ID=d08a33987425] [LIFECYCLE][START] GET https://www.mymiwallet.com/index.php/API/Alerts/fetchEmailAlerts

[1 occurrence(s)]
DEBUG --> [REQ_ID=d08a33987425] [REQUEST][END]

[1 occurrence(s)]
DEBUG --> [REQ_ID=569ecbbfe03f] [REQUEST][START] HEAD /

[1 occurrence(s)]
DEBUG --> [REQ_ID=520bac58a674] [REQUEST][START] HEAD /

[1 occurrence(s)]
DEBUG --> [REQ_ID=44f335eada6f] [REQUEST][START] HEAD /

[1 occurrence(s)]
DEBUG --> [REQ_ID=b27aeff09c51] [REQUEST][START] GET /index.php/Knowledgebase/Partner-Service-Agreement

[1 occurrence(s)]
DEBUG --> [REQ_ID=567b3256e3ca] [REQUEST][START] HEAD /

[1 occurrence(s)]
DEBUG --> [REQ_ID=84051892be3d] [REQUEST][START] HEAD /

[1 occurrence(s)]
DEBUG --> [REQ_ID=7ca1c3c94ef7] [REQUEST][START] HEAD /

[1 occurrence(s)]
DEBUG --> [REQ_ID=b5e550105c75] [REQUEST][START] HEAD /

[1 occurrence(s)]
DEBUG --> [REQ_ID=d32b3989cb4c] [REQUEST][START] HEAD /

[1 occurrence(s)]
DEBUG --> [REQ_ID=3fce1620ac3c] [REQUEST][START] GET /index.php/resend-activation

[1 occurrence(s)]
DEBUG --> [REQ_ID=3fce1620ac3c] [REQUEST][END]

[1 occurrence(s)]
DEBUG --> [REQ_ID=329826bd4132] [REQUEST][START] HEAD /

[1 occurrence(s)]
DEBUG --> [REQ_ID=d4e29e5fcebe] [REQUEST][START] GET /

[1 occurrence(s)]
DEBUG --> [REQ_ID=d4e29e5fcebe] [FILTER_BEFORE] /

[1 occurrence(s)]
DEBUG --> [REQ_ID=d4e29e5fcebe] [ROUTE] Controller=\App\Controllers\Home Method=index

[1 occurrence(s)]
DEBUG --> [REQ_ID=d4e29e5fcebe] [LIFECYCLE][START] GET https://www.mymiwallet.com/index.php/

[1 occurrence(s)]
DEBUG --> [CSRF] token name=csrf_test_name hash=d30b24bf0511909f6165076219199374

[1 occurrence(s)]
DEBUG --> [REQ_ID=4431cd846f17] [INIT] App\Controllers\Home::GET

[12 occurrence(s)]
DEBUG --> MyMIUser L52 - initialized (first log).

[7 occurrence(s)]
DEBUG --> [MetaService] slug= pageName= cacheHit= path=FALLBACK

[1 occurrence(s)]
DEBUG --> [REQ_ID=4431cd846f17] [VIEW_RENDER] themes/public/home

[4 occurrence(s)]
DEBUG --> [MetaService] slug= pageName=Home cacheHit= path=DB

[1 occurrence(s)]
DEBUG --> [REQ_ID=d4e29e5fcebe] [FILTER_AFTER]

[1 occurrence(s)]
DEBUG --> [REQ_ID=d4e29e5fcebe] [LIFECYCLE][END] status=200 duration_ms=20,793.80 memory_delta=4194304

[1 occurrence(s)]
DEBUG --> [REQ_ID=d4e29e5fcebe] [REQUEST][END]

[1 occurrence(s)]
DEBUG --> [REQ_ID=38d58a64db1a] [REQUEST][START] GET /index.php/API/Management/Run-CRON-Tasks

[1 occurrence(s)]
DEBUG --> [REQ_ID=38d58a64db1a] [FILTER_BEFORE] /index.php/API/Management/Run-CRON-Tasks

[1 occurrence(s)]
DEBUG --> [REQ_ID=38d58a64db1a] [ROUTE] Controller=\App\Modules\Management\Controllers\ManagementAPIController Method=Run_CRON_Tasks

[1 occurrence(s)]
DEBUG --> [REQ_ID=38d58a64db1a] [LIFECYCLE][START] GET https://www.mymiwallet.com/index.php/API/Management/Run-CRON-Tasks

[1 occurrence(s)]
DEBUG --> [REQ_ID=38d58a64db1a] [REQUEST][END]

[1 occurrence(s)]
DEBUG --> [REQ_ID=bf76b89b9305] [REQUEST][START] HEAD /

[1 occurrence(s)]
DEBUG --> [REQ_ID=98c07bbd77cf] [REQUEST][START] HEAD /

[1 occurrence(s)]
DEBUG --> [REQ_ID=e9e2a7afc938] [REQUEST][START] GET /index.php/Management/Budgeting

[1 occurrence(s)]
DEBUG --> [REQ_ID=e9e2a7afc938] [REQUEST][END]

[1 occurrence(s)]
DEBUG --> [REQ_ID=12cf8907de31] [REQUEST][START] HEAD /

[1 occurrence(s)]
DEBUG --> [REQ_ID=608a08fa3efa] [REQUEST][START] GET /index.php/API/Alerts/fetchEmailAlerts

[1 occurrence(s)]
DEBUG --> [REQ_ID=608a08fa3efa] [FILTER_BEFORE] /index.php/API/Alerts/fetchEmailAlerts

[1 occurrence(s)]
DEBUG --> [REQ_ID=608a08fa3efa] [ROUTE] Controller=\App\Modules\APIs\Controllers\AlertsAPIController Method=fetchEmailAlerts

[1 occurrence(s)]
DEBUG --> [REQ_ID=608a08fa3efa] [LIFECYCLE][START] GET https://www.mymiwallet.com/index.php/API/Alerts/fetchEmailAlerts

[1 occurrence(s)]
DEBUG --> [REQ_ID=608a08fa3efa] [REQUEST][END]

[1 occurrence(s)]
DEBUG --> [REQ_ID=ad05e4872df0] [REQUEST][START] HEAD /

[1 occurrence(s)]
DEBUG --> [REQ_ID=c042cd2782ea] [REQUEST][START] GET /index.php/login

[1 occurrence(s)]
DEBUG --> [REQ_ID=c042cd2782ea] [REQUEST][END]

[1 occurrence(s)]
DEBUG --> [REQ_ID=d77656d15f9b] [REQUEST][START] GET /index.php/Wallets/Purchase/Memberships

[1 occurrence(s)]
DEBUG --> [REQ_ID=d77656d15f9b] [REQUEST][END]

[1 occurrence(s)]
DEBUG --> [REQ_ID=c864c91a6ec0] [REQUEST][START] HEAD /

[1 occurrence(s)]
DEBUG --> [REQ_ID=260926fefd5e] [REQUEST][START] HEAD /

[1 occurrence(s)]
DEBUG --> [REQ_ID=4aaa8202ae21] [REQUEST][START] GET /index.php/How-It-Works/Personal-Budgeting

[1 occurrence(s)]
DEBUG --> [REQ_ID=4aaa8202ae21] [REQUEST][END]

[1 occurrence(s)]
DEBUG --> [REQ_ID=f5e03c76e34b] [REQUEST][START] GET /

[1 occurrence(s)]
DEBUG --> [REQ_ID=f5e03c76e34b] [FILTER_BEFORE] /

[1 occurrence(s)]
DEBUG --> [REQ_ID=f5e03c76e34b] [ROUTE] Controller=\App\Controllers\Home Method=index

[1 occurrence(s)]
DEBUG --> [REQ_ID=f5e03c76e34b] [LIFECYCLE][START] GET https://www.mymiwallet.com/index.php/

[1 occurrence(s)]
DEBUG --> [CSRF] token name=csrf_test_name hash=e654feb8bd45d9b318c93ea3a79200e4

[1 occurrence(s)]
DEBUG --> [REQ_ID=63b506f76f73] [INIT] App\Controllers\Home::GET

[1 occurrence(s)]
DEBUG --> [REQ_ID=63b506f76f73] [VIEW_RENDER] themes/public/home

[5 occurrence(s)]
DEBUG --> [MetaService] slug= pageName=Home cacheHit=1 path=CACHE

[1 occurrence(s)]
DEBUG --> [REQ_ID=f5e03c76e34b] [FILTER_AFTER]

[1 occurrence(s)]
DEBUG --> [REQ_ID=f5e03c76e34b] [LIFECYCLE][END] status=200 duration_ms=686.44 memory_delta=4194304

[1 occurrence(s)]
DEBUG --> [REQ_ID=f5e03c76e34b] [REQUEST][END]

[1 occurrence(s)]
DEBUG --> [REQ_ID=dc4c50fa26e5] [REQUEST][START] HEAD /

[1 occurrence(s)]
DEBUG --> [REQ_ID=62782e790b5d] [REQUEST][START] HEAD /

[1 occurrence(s)]
DEBUG --> [REQ_ID=e7faf5ce848e] [REQUEST][START] HEAD /

[1 occurrence(s)]
DEBUG --> [REQ_ID=637fc07a328c] [REQUEST][START] HEAD /

[1 occurrence(s)]
DEBUG --> [REQ_ID=f7f73934f43c] [REQUEST][START] GET /index.php/Terms-Of-Service

[1 occurrence(s)]
DEBUG --> [REQ_ID=f7f73934f43c] [REQUEST][END]

[1 occurrence(s)]
DEBUG --> [REQ_ID=dc694bf1769d] [REQUEST][START] HEAD /

[1 occurrence(s)]
DEBUG --> [REQ_ID=7cdc253b3293] [REQUEST][START] HEAD /

[1 occurrence(s)]
DEBUG --> [REQ_ID=af7fa2ab4878] [REQUEST][START] GET /

[1 occurrence(s)]
DEBUG --> [REQ_ID=af7fa2ab4878] [FILTER_BEFORE] /

[1 occurrence(s)]
DEBUG --> [REQ_ID=af7fa2ab4878] [ROUTE] Controller=\App\Controllers\Home Method=index

[1 occurrence(s)]
DEBUG --> [REQ_ID=af7fa2ab4878] [LIFECYCLE][START] GET https://www.mymiwallet.com/index.php/

[1 occurrence(s)]
DEBUG --> [CSRF] token name=csrf_test_name hash=25a684effc738d418075a8d9a51c63c3

[1 occurrence(s)]
DEBUG --> [REQ_ID=9e3ca514c0b2] [INIT] App\Controllers\Home::GET

[1 occurrence(s)]
DEBUG --> [REQ_ID=9e3ca514c0b2] [VIEW_RENDER] themes/public/home

[1 occurrence(s)]
DEBUG --> [REQ_ID=af7fa2ab4878] [FILTER_AFTER]

[1 occurrence(s)]
DEBUG --> [REQ_ID=af7fa2ab4878] [LIFECYCLE][END] status=200 duration_ms=587.64 memory_delta=4194304

[1 occurrence(s)]
DEBUG --> [REQ_ID=af7fa2ab4878] [REQUEST][END]

[1 occurrence(s)]
DEBUG --> [REQ_ID=afebc18ec31e] [REQUEST][START] GET /index.php/How-It-Works/Investment-Portfolio-Management

[1 occurrence(s)]
DEBUG --> [REQ_ID=afebc18ec31e] [FILTER_BEFORE] /index.php/How-It-Works/Investment-Portfolio-Management

[1 occurrence(s)]
DEBUG --> [REQ_ID=afebc18ec31e] [ROUTE] Controller=\App\Modules\Blog\Controllers\HowItWorksController Method=InvestmentPortfolioManagement

[1 occurrence(s)]
DEBUG --> [REQ_ID=afebc18ec31e] [LIFECYCLE][START] GET https://www.mymiwallet.com/index.php/How-It-Works/Investment-Portfolio-Management

[1 occurrence(s)]
DEBUG --> [CSRF] token name=csrf_test_name hash=04b8e6643025d24273ed0928d07f8b99

[1 occurrence(s)]
DEBUG --> [REQ_ID=f28c4196c2fd] [INIT] App\Modules\Blog\Controllers\HowItWorksController::GET

[1 occurrence(s)]
DEBUG --> [REQ_ID=f28c4196c2fd] [METHOD_ENTRY] InvestmentPortfolioManagement

[3 occurrence(s)]
DEBUG --> [SERVICE] App\Services\BudgetService ::setUserId

[9 occurrence(s)]
DEBUG --> MyMICoin: guest context detected; skipping user-specific preload.

[1 occurrence(s)]
DEBUG --> [MetaService] slug=how-it-works/investment-portfolio-management pageName= cacheHit= path=DB

[1 occurrence(s)]
DEBUG --> [REQ_ID=afebc18ec31e] [FILTER_AFTER]

[1 occurrence(s)]
DEBUG --> [REQ_ID=afebc18ec31e] [LIFECYCLE][END] status=200 duration_ms=545.75 memory_delta=2097152

[1 occurrence(s)]
DEBUG --> [REQ_ID=afebc18ec31e] [REQUEST][END]

[1 occurrence(s)]
DEBUG --> [REQ_ID=9a258491e7b5] [REQUEST][START] GET /index.php/How-It-Works/Automated-Financial-Insights

[1 occurrence(s)]
DEBUG --> [REQ_ID=9a258491e7b5] [FILTER_BEFORE] /index.php/How-It-Works/Automated-Financial-Insights

[1 occurrence(s)]
DEBUG --> [REQ_ID=9a258491e7b5] [ROUTE] Controller=\App\Modules\Blog\Controllers\HowItWorksController Method=show

[1 occurrence(s)]
DEBUG --> [REQ_ID=9a258491e7b5] [LIFECYCLE][START] GET https://www.mymiwallet.com/index.php/How-It-Works/Automated-Financial-Insights

[1 occurrence(s)]
DEBUG --> [CSRF] token name=csrf_test_name hash=c656588deb74801d82bde847366fd83f

[1 occurrence(s)]
DEBUG --> [REQ_ID=792a43f7d9cd] [INIT] App\Modules\Blog\Controllers\HowItWorksController::GET

[1 occurrence(s)]
DEBUG --> [REQ_ID=792a43f7d9cd] [METHOD_ENTRY] show

[1 occurrence(s)]
DEBUG --> [REQ_ID=3eb0521fe5ad] [REQUEST][START] GET /index.php/How-It-Works/Setting-Financial-Goals

[1 occurrence(s)]
DEBUG --> [REQ_ID=3eb0521fe5ad] [FILTER_BEFORE] /index.php/How-It-Works/Setting-Financial-Goals

[1 occurrence(s)]
DEBUG --> [REQ_ID=3eb0521fe5ad] [ROUTE] Controller=\App\Modules\Blog\Controllers\HowItWorksController Method=SettingFinancialGoals

[1 occurrence(s)]
DEBUG --> [REQ_ID=3eb0521fe5ad] [LIFECYCLE][START] GET https://www.mymiwallet.com/index.php/How-It-Works/Setting-Financial-Goals

[1 occurrence(s)]
DEBUG --> [CSRF] token name=csrf_test_name hash=6747bf3d571485972b4f48b469454248

[1 occurrence(s)]
DEBUG --> [REQ_ID=3e422eb0e1e4] [INIT] App\Modules\Blog\Controllers\HowItWorksController::GET

[1 occurrence(s)]
DEBUG --> [REQ_ID=3e422eb0e1e4] [METHOD_ENTRY] SettingFinancialGoals

[1 occurrence(s)]
DEBUG --> [MetaService] slug=how-it-works/setting-financial-goals pageName= cacheHit= path=DB

[1 occurrence(s)]
DEBUG --> [REQ_ID=3eb0521fe5ad] [FILTER_AFTER]

[1 occurrence(s)]
DEBUG --> [REQ_ID=3eb0521fe5ad] [LIFECYCLE][END] status=200 duration_ms=481.88 memory_delta=4194304

[1 occurrence(s)]
DEBUG --> [REQ_ID=3eb0521fe5ad] [REQUEST][END]

[1 occurrence(s)]
DEBUG --> [REQ_ID=3da4c06e3827] [REQUEST][START] GET /index.php/API/Management/Run-CRON-Tasks

[1 occurrence(s)]
DEBUG --> [REQ_ID=3da4c06e3827] [FILTER_BEFORE] /index.php/API/Management/Run-CRON-Tasks

[1 occurrence(s)]
DEBUG --> [REQ_ID=3da4c06e3827] [ROUTE] Controller=\App\Modules\Management\Controllers\ManagementAPIController Method=Run_CRON_Tasks

[1 occurrence(s)]
DEBUG --> [REQ_ID=3da4c06e3827] [LIFECYCLE][START] GET https://www.mymiwallet.com/index.php/API/Management/Run-CRON-Tasks

[1 occurrence(s)]
DEBUG --> [REQ_ID=3da4c06e3827] [REQUEST][END]

[1 occurrence(s)]
DEBUG --> [REQ_ID=4c73d44ec2ca] [REQUEST][START] HEAD /

[1 occurrence(s)]
DEBUG --> [REQ_ID=6492d99f5cee] [REQUEST][START] HEAD /

[1 occurrence(s)]
DEBUG --> [REQ_ID=c3934b036fc2] [REQUEST][START] HEAD /

[1 occurrence(s)]
DEBUG --> [REQ_ID=62995fe80a7c] [REQUEST][START] GET /index.php/API/Alerts/fetchEmailAlerts

[1 occurrence(s)]
DEBUG --> [REQ_ID=62995fe80a7c] [FILTER_BEFORE] /index.php/API/Alerts/fetchEmailAlerts

[1 occurrence(s)]
DEBUG --> [REQ_ID=62995fe80a7c] [ROUTE] Controller=\App\Modules\APIs\Controllers\AlertsAPIController Method=fetchEmailAlerts

[1 occurrence(s)]
DEBUG --> [REQ_ID=62995fe80a7c] [LIFECYCLE][START] GET https://www.mymiwallet.com/index.php/API/Alerts/fetchEmailAlerts

[1 occurrence(s)]
DEBUG --> [REQ_ID=62995fe80a7c] [REQUEST][END]

[1 occurrence(s)]
DEBUG --> [REQ_ID=a4d3c499c423] [REQUEST][START] HEAD /

[1 occurrence(s)]
DEBUG --> [REQ_ID=3d606254a09e] [REQUEST][START] HEAD /

[1 occurrence(s)]
DEBUG --> [REQ_ID=f2417c9e5dab] [REQUEST][START] HEAD /

[1 occurrence(s)]
DEBUG --> [REQ_ID=92761752f6eb] [REQUEST][START] HEAD /

[1 occurrence(s)]
DEBUG --> [REQ_ID=b310e4041c55] [REQUEST][START] HEAD /

[1 occurrence(s)]
DEBUG --> [REQ_ID=dfc420ff81f7] [REQUEST][START] GET /

[1 occurrence(s)]
DEBUG --> [REQ_ID=dfc420ff81f7] [FILTER_BEFORE] /

[1 occurrence(s)]
DEBUG --> [REQ_ID=dfc420ff81f7] [ROUTE] Controller=\App\Controllers\Home Method=index

[1 occurrence(s)]
DEBUG --> [REQ_ID=dfc420ff81f7] [LIFECYCLE][START] GET https://www.mymiwallet.com/index.php/

[1 occurrence(s)]
DEBUG --> [CSRF] token name=csrf_test_name hash=d42c271f1271d2fe73986dc402f43f3d

[1 occurrence(s)]
DEBUG --> [REQ_ID=06f4e60c76da] [INIT] App\Controllers\Home::GET

[1 occurrence(s)]
DEBUG --> [REQ_ID=06f4e60c76da] [VIEW_RENDER] themes/public/home

[1 occurrence(s)]
DEBUG --> [REQ_ID=dfc420ff81f7] [FILTER_AFTER]

[1 occurrence(s)]
DEBUG --> [REQ_ID=dfc420ff81f7] [LIFECYCLE][END] status=200 duration_ms=698.27 memory_delta=4194304

[1 occurrence(s)]
DEBUG --> [REQ_ID=dfc420ff81f7] [REQUEST][END]

[1 occurrence(s)]
DEBUG --> [REQ_ID=8df630041e21] [REQUEST][START] GET /

[1 occurrence(s)]
DEBUG --> [REQ_ID=8df630041e21] [REQUEST][END]

[1 occurrence(s)]
DEBUG --> [REQ_ID=f11a9fb5ede5] [REQUEST][START] GET /

[1 occurrence(s)]
DEBUG --> [REQ_ID=f11a9fb5ede5] [REQUEST][END]

[1 occurrence(s)]
DEBUG --> [REQ_ID=c2207c40b957] [REQUEST][START] HEAD /

[1 occurrence(s)]
DEBUG --> [REQ_ID=7f10d1fa94ce] [REQUEST][START] GET /

[1 occurrence(s)]
DEBUG --> [REQ_ID=7f10d1fa94ce] [REQUEST][END]

[1 occurrence(s)]
DEBUG --> [REQ_ID=81c976fcb6ef] [REQUEST][START] HEAD /

[1 occurrence(s)]
DEBUG --> [REQ_ID=863c0edb6903] [REQUEST][START] HEAD /

[1 occurrence(s)]
DEBUG --> [REQ_ID=ffd6132f199f] [REQUEST][START] HEAD /

[1 occurrence(s)]
DEBUG --> [REQ_ID=dfcbd0940ded] [REQUEST][START] GET /index.php/How-It-Works

[1 occurrence(s)]
DEBUG --> [REQ_ID=dfcbd0940ded] [REQUEST][END]

[1 occurrence(s)]
DEBUG --> [REQ_ID=71b368727412] [REQUEST][START] GET /index.php/API/Management/Run-CRON-Tasks

[1 occurrence(s)]
DEBUG --> [REQ_ID=71b368727412] [FILTER_BEFORE] /index.php/API/Management/Run-CRON-Tasks

[1 occurrence(s)]
DEBUG --> [REQ_ID=71b368727412] [ROUTE] Controller=\App\Modules\Management\Controllers\ManagementAPIController Method=Run_CRON_Tasks

[1 occurrence(s)]
DEBUG --> [REQ_ID=71b368727412] [LIFECYCLE][START] GET https://www.mymiwallet.com/index.php/API/Management/Run-CRON-Tasks

[1 occurrence(s)]
DEBUG --> [REQ_ID=71b368727412] [REQUEST][END]

[1 occurrence(s)]
DEBUG --> [REQ_ID=357688e36255] [REQUEST][START] HEAD /

[1 occurrence(s)]
DEBUG --> [REQ_ID=369d033ab1db] [REQUEST][START] HEAD /

[1 occurrence(s)]
DEBUG --> [REQ_ID=96846968cce7] [REQUEST][START] HEAD /

[1 occurrence(s)]
DEBUG --> [REQ_ID=c28239bf1e19] [REQUEST][START] GET /

[1 occurrence(s)]
DEBUG --> [REQ_ID=c28239bf1e19] [FILTER_BEFORE] /

[1 occurrence(s)]
DEBUG --> [REQ_ID=c28239bf1e19] [ROUTE] Controller=\App\Controllers\Home Method=index

[1 occurrence(s)]
DEBUG --> [REQ_ID=c28239bf1e19] [LIFECYCLE][START] GET https://www.mymiwallet.com/index.php/

[1 occurrence(s)]
DEBUG --> [CSRF] token name=csrf_test_name hash=ab7438f9b81005818432aa0f43617f46

[1 occurrence(s)]
DEBUG --> [REQ_ID=17eb3c6f6c1b] [INIT] App\Controllers\Home::GET

[1 occurrence(s)]
DEBUG --> [REQ_ID=17eb3c6f6c1b] [VIEW_RENDER] themes/public/home

[1 occurrence(s)]
DEBUG --> [REQ_ID=c28239bf1e19] [FILTER_AFTER]

[1 occurrence(s)]
DEBUG --> [REQ_ID=c28239bf1e19] [LIFECYCLE][END] status=200 duration_ms=868.73 memory_delta=4194304

[1 occurrence(s)]
DEBUG --> [REQ_ID=c28239bf1e19] [REQUEST][END]

[1 occurrence(s)]
DEBUG --> [REQ_ID=27317cf0b1fe] [REQUEST][START] GET /

[1 occurrence(s)]
DEBUG --> [REQ_ID=27317cf0b1fe] [FILTER_BEFORE] /

[1 occurrence(s)]
DEBUG --> [REQ_ID=27317cf0b1fe] [ROUTE] Controller=\App\Controllers\Home Method=index

[1 occurrence(s)]
DEBUG --> [REQ_ID=27317cf0b1fe] [LIFECYCLE][START] GET https://www.mymiwallet.com/index.php/

[1 occurrence(s)]
DEBUG --> [CSRF] token name=csrf_test_name hash=db7eaf5c8aa37fe6f243c2a9aed7ba6f

[1 occurrence(s)]
DEBUG --> [REQ_ID=8a39407069a1] [INIT] App\Controllers\Home::GET

[2 occurrence(s)]
DEBUG --> [MetaService] slug= pageName= cacheHit=1 path=CACHE

[1 occurrence(s)]
DEBUG --> [REQ_ID=8a39407069a1] [VIEW_RENDER] themes/public/home

[1 occurrence(s)]
DEBUG --> [REQ_ID=27317cf0b1fe] [FILTER_AFTER]

[1 occurrence(s)]
DEBUG --> [REQ_ID=27317cf0b1fe] [LIFECYCLE][END] status=200 duration_ms=499.80 memory_delta=2097152

[1 occurrence(s)]
DEBUG --> [REQ_ID=27317cf0b1fe] [REQUEST][END]

[1 occurrence(s)]
DEBUG --> [REQ_ID=f20d955de35d] [REQUEST][START] GET /index.php/API/Alerts/fetchEmailAlerts

[1 occurrence(s)]
DEBUG --> [REQ_ID=f20d955de35d] [FILTER_BEFORE] /index.php/API/Alerts/fetchEmailAlerts

[1 occurrence(s)]
DEBUG --> [REQ_ID=f20d955de35d] [ROUTE] Controller=\App\Modules\APIs\Controllers\AlertsAPIController Method=fetchEmailAlerts

[1 occurrence(s)]
DEBUG --> [REQ_ID=f20d955de35d] [LIFECYCLE][START] GET https://www.mymiwallet.com/index.php/API/Alerts/fetchEmailAlerts

[1 occurrence(s)]
DEBUG --> [REQ_ID=f20d955de35d] [REQUEST][END]

[1 occurrence(s)]
DEBUG --> [REQ_ID=751a978b1e40] [REQUEST][START] HEAD /

[1 occurrence(s)]
DEBUG --> [REQ_ID=29da919e2e45] [REQUEST][START] HEAD /

[1 occurrence(s)]
DEBUG --> [REQ_ID=ff37dffeb893] [REQUEST][START] HEAD /

[1 occurrence(s)]
DEBUG --> [REQ_ID=91cb42ebdc3b] [REQUEST][START] HEAD /

[1 occurrence(s)]
DEBUG --> [REQ_ID=29b64790d725] [REQUEST][START] HEAD /

[1 occurrence(s)]
DEBUG --> [REQ_ID=0ab3c0f6ad68] [REQUEST][START] HEAD /

[1 occurrence(s)]
DEBUG --> [REQ_ID=717dc1bd0e38] [REQUEST][START] HEAD /

[1 occurrence(s)]
DEBUG --> [REQ_ID=f9f2e5cba884] [REQUEST][START] HEAD /

[1 occurrence(s)]
DEBUG --> [REQ_ID=a9a925de5b97] [REQUEST][START] HEAD /

[1 occurrence(s)]
DEBUG --> [REQ_ID=f2ecdefaad0e] [REQUEST][START] GET /index.php/API/Management/Run-CRON-Tasks

[1 occurrence(s)]
DEBUG --> [REQ_ID=f2ecdefaad0e] [FILTER_BEFORE] /index.php/API/Management/Run-CRON-Tasks

[1 occurrence(s)]
DEBUG --> [REQ_ID=f2ecdefaad0e] [ROUTE] Controller=\App\Modules\Management\Controllers\ManagementAPIController Method=Run_CRON_Tasks

[1 occurrence(s)]
DEBUG --> [REQ_ID=f2ecdefaad0e] [LIFECYCLE][START] GET https://www.mymiwallet.com/index.php/API/Management/Run-CRON-Tasks

[1 occurrence(s)]
DEBUG --> [REQ_ID=f2ecdefaad0e] [REQUEST][END]

[1 occurrence(s)]
DEBUG --> [REQ_ID=eee5a06eb602] [REQUEST][START] HEAD /

[1 occurrence(s)]
DEBUG --> [REQ_ID=26c249d25e96] [REQUEST][START] HEAD /

[1 occurrence(s)]
DEBUG --> [REQ_ID=f6fc2e2f1283] [REQUEST][START] HEAD /

[1 occurrence(s)]
DEBUG --> [REQ_ID=cde648e1916a] [REQUEST][START] GET /index.php/API/Alerts/fetchEmailAlerts

[1 occurrence(s)]
DEBUG --> [REQ_ID=cde648e1916a] [FILTER_BEFORE] /index.php/API/Alerts/fetchEmailAlerts

[1 occurrence(s)]
DEBUG --> [REQ_ID=cde648e1916a] [ROUTE] Controller=\App\Modules\APIs\Controllers\AlertsAPIController Method=fetchEmailAlerts

[1 occurrence(s)]
DEBUG --> [REQ_ID=cde648e1916a] [LIFECYCLE][START] GET https://www.mymiwallet.com/index.php/API/Alerts/fetchEmailAlerts

[1 occurrence(s)]
DEBUG --> [REQ_ID=cde648e1916a] [REQUEST][END]

[1 occurrence(s)]
DEBUG --> [REQ_ID=1b0f4d94fd23] [REQUEST][START] GET /

[1 occurrence(s)]
DEBUG --> [REQ_ID=1b0f4d94fd23] [FILTER_BEFORE] /

[1 occurrence(s)]
DEBUG --> [REQ_ID=1b0f4d94fd23] [ROUTE] Controller=\App\Controllers\Home Method=index

[1 occurrence(s)]
DEBUG --> [REQ_ID=1b0f4d94fd23] [LIFECYCLE][START] GET https://www.mymiwallet.com/index.php/

[1 occurrence(s)]
DEBUG --> [CSRF] token name=csrf_test_name hash=6117403025ee5c3401b1dfab19181683

[1 occurrence(s)]
DEBUG --> [REQ_ID=7fcceb96c93d] [INIT] App\Controllers\Home::GET

[1 occurrence(s)]
DEBUG --> [REQ_ID=7fcceb96c93d] [VIEW_RENDER] themes/public/home

[1 occurrence(s)]
DEBUG --> [REQ_ID=1b0f4d94fd23] [FILTER_AFTER]

[1 occurrence(s)]
DEBUG --> [REQ_ID=1b0f4d94fd23] [LIFECYCLE][END] status=200 duration_ms=701.56 memory_delta=4194304

[1 occurrence(s)]
DEBUG --> [REQ_ID=1b0f4d94fd23] [REQUEST][END]

[1 occurrence(s)]
DEBUG --> [REQ_ID=9fc08f9bf34e] [REQUEST][START] HEAD /

[1 occurrence(s)]
DEBUG --> [REQ_ID=0901550c8dc8] [REQUEST][START] HEAD /

[1 occurrence(s)]
DEBUG --> [REQ_ID=c63c2a53489f] [REQUEST][START] HEAD /

[1 occurrence(s)]
DEBUG --> [REQ_ID=e0f5304ad3a6] [REQUEST][START] GET /

[1 occurrence(s)]
DEBUG --> [REQ_ID=e0f5304ad3a6] [REQUEST][END]

[1 occurrence(s)]
DEBUG --> [REQ_ID=7b86545e9ec0] [REQUEST][START] HEAD /

[1 occurrence(s)]
DEBUG --> [REQ_ID=ce5c87fe3fcc] [REQUEST][START] HEAD /

[1 occurrence(s)]
DEBUG --> [REQ_ID=ab7439051040] [REQUEST][START] HEAD /

[1 occurrence(s)]
DEBUG --> [REQ_ID=0b1e94359cb1] [REQUEST][START] HEAD /

[1 occurrence(s)]
DEBUG --> [REQ_ID=42c50f5dbbab] [REQUEST][START] HEAD /

[1 occurrence(s)]
DEBUG --> [REQ_ID=2dddbf20cb72] [REQUEST][START] HEAD /

[1 occurrence(s)]
DEBUG --> [REQ_ID=21bf94600dc0] [REQUEST][START] GET /index.php/API/Management/Run-CRON-Tasks

[1 occurrence(s)]
DEBUG --> [REQ_ID=21bf94600dc0] [FILTER_BEFORE] /index.php/API/Management/Run-CRON-Tasks

[1 occurrence(s)]
DEBUG --> [REQ_ID=21bf94600dc0] [ROUTE] Controller=\App\Modules\Management\Controllers\ManagementAPIController Method=Run_CRON_Tasks

[1 occurrence(s)]
DEBUG --> [REQ_ID=21bf94600dc0] [LIFECYCLE][START] GET https://www.mymiwallet.com/index.php/API/Management/Run-CRON-Tasks

[1 occurrence(s)]
DEBUG --> [REQ_ID=21bf94600dc0] [REQUEST][END]

[1 occurrence(s)]
DEBUG --> [REQ_ID=75fd965611f0] [REQUEST][START] HEAD /

[1 occurrence(s)]
DEBUG --> [REQ_ID=d201f85acca1] [REQUEST][START] HEAD /

[1 occurrence(s)]
DEBUG --> [REQ_ID=b75a69883acf] [REQUEST][START] HEAD /

[1 occurrence(s)]
DEBUG --> [REQ_ID=cf0e03061b84] [REQUEST][START] GET /index.php/API/Alerts/fetchEmailAlerts

[1 occurrence(s)]
DEBUG --> [REQ_ID=cf0e03061b84] [FILTER_BEFORE] /index.php/API/Alerts/fetchEmailAlerts

[1 occurrence(s)]
DEBUG --> [REQ_ID=cf0e03061b84] [ROUTE] Controller=\App\Modules\APIs\Controllers\AlertsAPIController Method=fetchEmailAlerts

[1 occurrence(s)]
DEBUG --> [REQ_ID=cf0e03061b84] [LIFECYCLE][START] GET https://www.mymiwallet.com/index.php/API/Alerts/fetchEmailAlerts

[1 occurrence(s)]
DEBUG --> [REQ_ID=cf0e03061b84] [REQUEST][END]

[1 occurrence(s)]
DEBUG --> [REQ_ID=ff9f0bc7fa81] [REQUEST][START] HEAD /

[1 occurrence(s)]
DEBUG --> [REQ_ID=b670f900ed47] [REQUEST][START] HEAD /

[1 occurrence(s)]
DEBUG --> [REQ_ID=d0e4a44b58cd] [REQUEST][START] HEAD /

[1 occurrence(s)]
DEBUG --> [REQ_ID=f10eb19d6204] [REQUEST][START] HEAD /

[1 occurrence(s)]
DEBUG --> [REQ_ID=ca0419b2cccf] [REQUEST][START] HEAD /

[1 occurrence(s)]
DEBUG --> [REQ_ID=ee4533052cbc] [REQUEST][START] HEAD /

[1 occurrence(s)]
DEBUG --> [REQ_ID=38cbb0f3974b] [REQUEST][START] GET /index.php/ScriptStudio/Marketplace

[1 occurrence(s)]
DEBUG --> [REQ_ID=38cbb0f3974b] [REQUEST][END]

[1 occurrence(s)]
DEBUG --> [REQ_ID=d504f06e08d5] [REQUEST][START] HEAD /

[1 occurrence(s)]
DEBUG --> [REQ_ID=b76c3b898c75] [REQUEST][START] HEAD /

[1 occurrence(s)]
DEBUG --> [REQ_ID=9b0adab36678] [REQUEST][START] HEAD /

[1 occurrence(s)]
DEBUG --> [REQ_ID=c7655779ee94] [REQUEST][START] GET /index.php/API/Management/Run-CRON-Tasks

[1 occurrence(s)]
DEBUG --> [REQ_ID=c7655779ee94] [FILTER_BEFORE] /index.php/API/Management/Run-CRON-Tasks

[1 occurrence(s)]
DEBUG --> [REQ_ID=c7655779ee94] [ROUTE] Controller=\App\Modules\Management\Controllers\ManagementAPIController Method=Run_CRON_Tasks

[1 occurrence(s)]
DEBUG --> [REQ_ID=c7655779ee94] [LIFECYCLE][START] GET https://www.mymiwallet.com/index.php/API/Management/Run-CRON-Tasks

[1 occurrence(s)]
DEBUG --> [REQ_ID=c7655779ee94] [REQUEST][END]

[1 occurrence(s)]
DEBUG --> [REQ_ID=9d394081be25] [REQUEST][START] HEAD /

[1 occurrence(s)]
DEBUG --> [REQ_ID=b6095923f674] [REQUEST][START] HEAD /

[1 occurrence(s)]
DEBUG --> [REQ_ID=b3099184f7ba] [REQUEST][START] HEAD /

[1 occurrence(s)]
DEBUG --> [REQ_ID=d39654cd7cb1] [REQUEST][START] GET /index.php/API/Alerts/fetchEmailAlerts

[1 occurrence(s)]
DEBUG --> [REQ_ID=d39654cd7cb1] [FILTER_BEFORE] /index.php/API/Alerts/fetchEmailAlerts

[1 occurrence(s)]
DEBUG --> [REQ_ID=d39654cd7cb1] [ROUTE] Controller=\App\Modules\APIs\Controllers\AlertsAPIController Method=fetchEmailAlerts

[1 occurrence(s)]
DEBUG --> [REQ_ID=d39654cd7cb1] [LIFECYCLE][START] GET https://www.mymiwallet.com/index.php/API/Alerts/fetchEmailAlerts

[1 occurrence(s)]
DEBUG --> [REQ_ID=d39654cd7cb1] [REQUEST][END]

[1 occurrence(s)]
DEBUG --> [REQ_ID=c48757914d04] [REQUEST][START] HEAD /

[1 occurrence(s)]
DEBUG --> [REQ_ID=ef86ec680285] [REQUEST][START] HEAD /

[1 occurrence(s)]
DEBUG --> [REQ_ID=dc03c57bfd64] [REQUEST][START] HEAD /

[1 occurrence(s)]
DEBUG --> [REQ_ID=a784282e3925] [REQUEST][START] HEAD /

[1 occurrence(s)]
DEBUG --> [REQ_ID=96034a8e1c22] [REQUEST][START] HEAD /

[1 occurrence(s)]
DEBUG --> [REQ_ID=d45f2b8253e6] [REQUEST][START] GET /

[1 occurrence(s)]
DEBUG --> [REQ_ID=d45f2b8253e6] [FILTER_BEFORE] /

[1 occurrence(s)]
DEBUG --> [REQ_ID=d45f2b8253e6] [ROUTE] Controller=\App\Controllers\Home Method=index

[1 occurrence(s)]
DEBUG --> [REQ_ID=d45f2b8253e6] [LIFECYCLE][START] GET https://www.mymiwallet.com/index.php/

[1 occurrence(s)]
DEBUG --> [CSRF] token name=csrf_test_name hash=22f6bf4f6db1a350e8cf96b0a43913aa

[1 occurrence(s)]
DEBUG --> [REQ_ID=c65c25bd2591] [INIT] App\Controllers\Home::GET

[1 occurrence(s)]
DEBUG --> [REQ_ID=c65c25bd2591] [VIEW_RENDER] themes/public/home

[1 occurrence(s)]
DEBUG --> [REQ_ID=d45f2b8253e6] [FILTER_AFTER]

[1 occurrence(s)]
DEBUG --> [REQ_ID=d45f2b8253e6] [LIFECYCLE][END] status=200 duration_ms=791.11 memory_delta=4194304

[1 occurrence(s)]
DEBUG --> [REQ_ID=d45f2b8253e6] [REQUEST][END]

[1 occurrence(s)]
DEBUG --> [REQ_ID=085287e54e73] [REQUEST][START] HEAD /

[1 occurrence(s)]
DEBUG --> [REQ_ID=383aecadc32c] [REQUEST][START] GET /

[1 occurrence(s)]
DEBUG --> [REQ_ID=383aecadc32c] [FILTER_BEFORE] /

[1 occurrence(s)]
DEBUG --> [REQ_ID=383aecadc32c] [ROUTE] Controller=\App\Controllers\Home Method=index

[1 occurrence(s)]
DEBUG --> [REQ_ID=383aecadc32c] [LIFECYCLE][START] GET https://www.mymiwallet.com/index.php/

[1 occurrence(s)]
DEBUG --> [CSRF] token name=csrf_test_name hash=ae843dac6bce820a2fb52495eb36ec69

[1 occurrence(s)]
DEBUG --> [REQ_ID=2739d11e4552] [INIT] App\Controllers\Home::GET

[1 occurrence(s)]
DEBUG --> [REQ_ID=2739d11e4552] [VIEW_RENDER] themes/public/home

[1 occurrence(s)]
DEBUG --> [REQ_ID=383aecadc32c] [FILTER_AFTER]

[1 occurrence(s)]
DEBUG --> [REQ_ID=383aecadc32c] [LIFECYCLE][END] status=200 duration_ms=529.84 memory_delta=4194304

[1 occurrence(s)]
DEBUG --> [REQ_ID=383aecadc32c] [REQUEST][END]

[1 occurrence(s)]
DEBUG --> [REQ_ID=32f12455e47a] [REQUEST][START] HEAD /

[1 occurrence(s)]
DEBUG --> [REQ_ID=c7424f19a038] [REQUEST][START] HEAD /

[1 occurrence(s)]
DEBUG --> [REQ_ID=3efd555f3905] [REQUEST][START] HEAD /

[1 occurrence(s)]
DEBUG --> [REQ_ID=32e18e507547] [REQUEST][START] HEAD /

[1 occurrence(s)]
DEBUG --> [REQ_ID=ba9c8fa72f77] [REQUEST][START] GET /index.php/API/Management/Run-CRON-Tasks

[1 occurrence(s)]
DEBUG --> [REQ_ID=ba9c8fa72f77] [FILTER_BEFORE] /index.php/API/Management/Run-CRON-Tasks

[1 occurrence(s)]
DEBUG --> [REQ_ID=ba9c8fa72f77] [ROUTE] Controller=\App\Modules\Management\Controllers\ManagementAPIController Method=Run_CRON_Tasks

[1 occurrence(s)]
DEBUG --> [REQ_ID=ba9c8fa72f77] [LIFECYCLE][START] GET https://www.mymiwallet.com/index.php/API/Management/Run-CRON-Tasks

[1 occurrence(s)]
DEBUG --> [REQ_ID=ba9c8fa72f77] [REQUEST][END]


---------------------------
LEVEL: INFO
---------------------------

[1 occurrence(s)]
INFO --> [REQ_ID=a79ad90e1372] [PERF] Execution time=0.049375

[1 occurrence(s)]
INFO --> [REQ_ID=b82f2acb11a7] [PERF] Execution time=0.046541

[1 occurrence(s)]
INFO --> [REQ_ID=d08a33987425] [PERF] Execution time=0.048904

[1 occurrence(s)]
INFO --> [REQ_ID=3fce1620ac3c] [PERF] Execution time=0.020849

[1 occurrence(s)]
INFO --> [REQ_ID=4431cd846f17] [MEMORY][controller-start] 6291456

[1 occurrence(s)]
INFO --> [REQ_ID=4431cd846f17] [MEMORY][commonData:start] 6291456

[1 occurrence(s)]
INFO --> [REQ_ID=4431cd846f17] [MEMORY][commonData:start] 10485760

[4 occurrence(s)]
INFO --> themesMemory usage: 10485760

[1 occurrence(s)]
INFO --> [REQ_ID=4431cd846f17] [PERF] Execution time=20.077921

[1 occurrence(s)]
INFO --> [REQ_ID=d4e29e5fcebe] [PERF] Execution time=27.621389

[1 occurrence(s)]
INFO --> [REQ_ID=38d58a64db1a] [PERF] Execution time=0.186040

[1 occurrence(s)]
INFO --> [REQ_ID=e9e2a7afc938] [PERF] Execution time=0.047702

[1 occurrence(s)]
INFO --> [REQ_ID=608a08fa3efa] [PERF] Execution time=0.048323

[1 occurrence(s)]
INFO --> [REQ_ID=c042cd2782ea] [PERF] Execution time=0.015052

[1 occurrence(s)]
INFO --> [REQ_ID=d77656d15f9b] [PERF] Execution time=0.044873

[1 occurrence(s)]
INFO --> [REQ_ID=4aaa8202ae21] [PERF] Execution time=0.021371

[1 occurrence(s)]
INFO --> [REQ_ID=63b506f76f73] [MEMORY][controller-start] 4194304

[1 occurrence(s)]
INFO --> [REQ_ID=63b506f76f73] [MEMORY][commonData:start] 6291456

[1 occurrence(s)]
INFO --> [REQ_ID=63b506f76f73] [MEMORY][commonData:start] 8388608

[7 occurrence(s)]
INFO --> themesMemory usage: 8388608

[1 occurrence(s)]
INFO --> [REQ_ID=63b506f76f73] [PERF] Execution time=0.683573

[1 occurrence(s)]
INFO --> [REQ_ID=f5e03c76e34b] [PERF] Execution time=0.697621

[1 occurrence(s)]
INFO --> [REQ_ID=f7f73934f43c] [PERF] Execution time=0.017841

[1 occurrence(s)]
INFO --> [REQ_ID=9e3ca514c0b2] [MEMORY][controller-start] 6291456

[1 occurrence(s)]
INFO --> [REQ_ID=9e3ca514c0b2] [MEMORY][commonData:start] 6291456

[1 occurrence(s)]
INFO --> [REQ_ID=9e3ca514c0b2] [MEMORY][commonData:start] 10485760

[1 occurrence(s)]
INFO --> [REQ_ID=9e3ca514c0b2] [PERF] Execution time=0.585715

[1 occurrence(s)]
INFO --> [REQ_ID=af7fa2ab4878] [PERF] Execution time=0.630630

[1 occurrence(s)]
INFO --> [REQ_ID=f28c4196c2fd] [MEMORY][controller-start] 6291456

[1 occurrence(s)]
INFO --> [REQ_ID=f28c4196c2fd] [MEMORY][commonData:start] 6291456

[1 occurrence(s)]
INFO --> [REQ_ID=f28c4196c2fd] [PERF] Execution time=0.545559

[1 occurrence(s)]
INFO --> [REQ_ID=afebc18ec31e] [PERF] Execution time=0.565400

[1 occurrence(s)]
INFO --> [REQ_ID=792a43f7d9cd] [MEMORY][controller-start] 6291456

[1 occurrence(s)]
INFO --> [REQ_ID=792a43f7d9cd] [PERF] Execution time=0.055114

[1 occurrence(s)]
INFO --> [REQ_ID=3e422eb0e1e4] [MEMORY][controller-start] 4194304

[1 occurrence(s)]
INFO --> [REQ_ID=3e422eb0e1e4] [MEMORY][commonData:start] 4194304

[1 occurrence(s)]
INFO --> [REQ_ID=3e422eb0e1e4] [PERF] Execution time=0.481779

[1 occurrence(s)]
INFO --> [REQ_ID=3eb0521fe5ad] [PERF] Execution time=0.491784

[1 occurrence(s)]
INFO --> [REQ_ID=3da4c06e3827] [PERF] Execution time=0.023573

[1 occurrence(s)]
INFO --> [REQ_ID=62995fe80a7c] [PERF] Execution time=0.052736

[1 occurrence(s)]
INFO --> [REQ_ID=06f4e60c76da] [MEMORY][controller-start] 4194304

[1 occurrence(s)]
INFO --> [REQ_ID=06f4e60c76da] [MEMORY][commonData:start] 4194304

[1 occurrence(s)]
INFO --> [REQ_ID=06f4e60c76da] [MEMORY][commonData:start] 8388608

[1 occurrence(s)]
INFO --> [REQ_ID=06f4e60c76da] [PERF] Execution time=0.696264

[1 occurrence(s)]
INFO --> [REQ_ID=dfc420ff81f7] [PERF] Execution time=0.718558

[1 occurrence(s)]
INFO --> [REQ_ID=8df630041e21] [PERF] Execution time=0.044525

[1 occurrence(s)]
INFO --> [REQ_ID=f11a9fb5ede5] [PERF] Execution time=0.009322

[1 occurrence(s)]
INFO --> [REQ_ID=7f10d1fa94ce] [PERF] Execution time=0.038695

[1 occurrence(s)]
INFO --> [REQ_ID=dfcbd0940ded] [PERF] Execution time=0.040724

[1 occurrence(s)]
INFO --> [REQ_ID=71b368727412] [PERF] Execution time=0.057992

[1 occurrence(s)]
INFO --> [REQ_ID=17eb3c6f6c1b] [MEMORY][controller-start] 6291456

[1 occurrence(s)]
INFO --> [REQ_ID=17eb3c6f6c1b] [MEMORY][commonData:start] 6291456

[1 occurrence(s)]
INFO --> [REQ_ID=17eb3c6f6c1b] [MEMORY][commonData:start] 10485760

[1 occurrence(s)]
INFO --> [REQ_ID=17eb3c6f6c1b] [PERF] Execution time=0.866778

[1 occurrence(s)]
INFO --> [REQ_ID=c28239bf1e19] [PERF] Execution time=0.907729

[1 occurrence(s)]
INFO --> [REQ_ID=8a39407069a1] [MEMORY][controller-start] 6291456

[1 occurrence(s)]
INFO --> [REQ_ID=8a39407069a1] [MEMORY][commonData:start] 6291456

[1 occurrence(s)]
INFO --> [REQ_ID=8a39407069a1] [MEMORY][commonData:start] 8388608

[1 occurrence(s)]
INFO --> [REQ_ID=8a39407069a1] [PERF] Execution time=0.499576

[1 occurrence(s)]
INFO --> [REQ_ID=27317cf0b1fe] [PERF] Execution time=0.508321

[1 occurrence(s)]
INFO --> [REQ_ID=f20d955de35d] [PERF] Execution time=0.051499

[1 occurrence(s)]
INFO --> [REQ_ID=f2ecdefaad0e] [PERF] Execution time=0.049212

[1 occurrence(s)]
INFO --> [REQ_ID=cde648e1916a] [PERF] Execution time=0.045656

[1 occurrence(s)]
INFO --> [REQ_ID=7fcceb96c93d] [MEMORY][controller-start] 4194304

[1 occurrence(s)]
INFO --> [REQ_ID=7fcceb96c93d] [MEMORY][commonData:start] 6291456

[1 occurrence(s)]
INFO --> [REQ_ID=7fcceb96c93d] [MEMORY][commonData:start] 8388608

[1 occurrence(s)]
INFO --> [REQ_ID=7fcceb96c93d] [PERF] Execution time=0.700156

[1 occurrence(s)]
INFO --> [REQ_ID=1b0f4d94fd23] [PERF] Execution time=0.714474

[1 occurrence(s)]
INFO --> [REQ_ID=e0f5304ad3a6] [PERF] Execution time=0.044225

[1 occurrence(s)]
INFO --> [REQ_ID=21bf94600dc0] [PERF] Execution time=0.036718

[1 occurrence(s)]
INFO --> [REQ_ID=cf0e03061b84] [PERF] Execution time=0.046559

[1 occurrence(s)]
INFO --> [REQ_ID=38cbb0f3974b] [PERF] Execution time=0.041750

[1 occurrence(s)]
INFO --> [REQ_ID=c7655779ee94] [PERF] Execution time=0.048622

[1 occurrence(s)]
INFO --> [REQ_ID=d39654cd7cb1] [PERF] Execution time=0.045874

[1 occurrence(s)]
INFO --> [REQ_ID=c65c25bd2591] [MEMORY][controller-start] 6291456

[1 occurrence(s)]
INFO --> [REQ_ID=c65c25bd2591] [MEMORY][commonData:start] 6291456

[1 occurrence(s)]
INFO --> [REQ_ID=c65c25bd2591] [MEMORY][commonData:start] 10485760

[1 occurrence(s)]
INFO --> [REQ_ID=c65c25bd2591] [PERF] Execution time=0.788528

[1 occurrence(s)]
INFO --> [REQ_ID=d45f2b8253e6] [PERF] Execution time=0.841858

[1 occurrence(s)]
INFO --> [REQ_ID=2739d11e4552] [MEMORY][controller-start] 4194304

[1 occurrence(s)]
INFO --> [REQ_ID=2739d11e4552] [MEMORY][commonData:start] 6291456

[1 occurrence(s)]
INFO --> [REQ_ID=2739d11e4552] [MEMORY][commonData:start] 8388608

[1 occurrence(s)]
INFO --> [REQ_ID=2739d11e4552] [PERF] Execution time=0.527887

[1 occurrence(s)]
INFO --> [REQ_ID=383aecadc32c] [PERF] Execution time=0.550668

[1 occurrence(s)]
INFO --> [spark:ops:work] Started

[1 occurrence(s)]
INFO --> [SPARK_START] App\Commands\Ops\Work

[3 occurrence(s)]
INFO --> [SPARK_MEMORY] 18874368

[1 occurrence(s)]
INFO --> [spark:ops:work] Intent

[1 occurrence(s)]
INFO --> [SPARK_START] App\Commands\AIOps\Run

[1 occurrence(s)]
INFO --> [spark:aiops:run] Intent

[1 occurrence(s)]
INFO --> [spark:ops:work] Completed

[1 occurrence(s)]
INFO --> [SPARK_COMPLETE] App\Commands\Ops\Work duration=0.129069

[1 occurrence(s)]
INFO --> [SPARK_MEMORY] 20971520

[1 occurrence(s)]
INFO --> [REQ_ID=ba9c8fa72f77] [PERF] Execution time=0.094139

[1 occurrence(s)]
INFO --> [AIOPS][SPARK][GOVERNANCE][spark:logs:summarize] Started

[1 occurrence(s)]
INFO --> [SPARK_START] App\Commands\Logs\Summarize

[1 occurrence(s)]
INFO --> [spark:logs:summarize] Intent


---------------------------
LEVEL: WARNING
---------------------------

[85 occurrence(s)]
WARNING --> [404] URI=https://www.mymiwallet.com/index.php/

[84 occurrence(s)]
WARNING --> 404 route miss: https://www.mymiwallet.com/index.php/ | referrer: http://67.205.42.220

[3 occurrence(s)]
WARNING --> MyMIWallets initialized without numeric user context.

[1 occurrence(s)]
WARNING --> [404] URI=https://www.mymiwallet.com/index.php/How-It-Works/Automated-Financial-Insights

[1 occurrence(s)]
WARNING --> 404 route miss: https://www.mymiwallet.com/index.php/How-It-Works/Automated-Financial-Insights | referrer: none

[1 occurrence(s)]
WARNING --> 404 route miss: https://www.mymiwallet.com/index.php/ | referrer: none


---------------------------
LEVEL: ERROR
---------------------------

[1 occurrence(s)]
ERROR --> [ERROR_PAGE] event=error_500 status=500 message=Internal server error.

[1 occurrence(s)]
ERROR --> HowItWorksController failure: automated-financial-insights

[1 occurrence(s)]
ERROR --> [ERROR_PAGE] event=error_404 status=404 message=Page not found.


---------------------------
LEVEL: CRITICAL
---------------------------

[86 occurrence(s)]
CRITICAL --> CodeIgniter\Exceptions\PageNotFoundException: Page Not Found

[86 occurrence(s)]
CRITICAL --> [EXCEPTION] Page Not Found File=/home/mymiteam/mymiwallet/site/current/vendor/codeigniter4/framework/system/CodeIgniter.php Line=1001

[1 occurrence(s)]
CRITICAL --> ErrorException: Access level to App\Modules\User\Controllers\KnowledgebaseController::respondWithRendered() must be protected (as in class App\Controllers\BaseController) or weaker

[1 occurrence(s)]
CRITICAL --> [EXCEPTION] Access level to App\Modules\User\Controllers\KnowledgebaseController::respondWithRendered() must be protected (as in class App\Controllers\BaseController) or weaker File=/home/mymiteam/mymiwallet/site/current/app/Modules/User/Controllers/KnowledgebaseController.php Line=535


===============================================
   HERE'S THE NEW STUFF
   (No previous timestamp recorded – nothing treated as new)
===============================================

---- CONFIG LINT ----
✅ Services::cache
✅ Services::responsecache
✅ Services::session
✅ Services::email
✅ Services::logger
✅ Services::validation
✅ Services::renderer
