===============================================
   MyMI Wallet — Log Summary for 2026-02-14
   Auto-generated by logs:summarize command
   Grouped by (LEVEL + message)
===============================================

Last processed up to: 2026-02-14 18:00:03

---------------------------
LEVEL: ERROR
---------------------------

[1 occurrence(s)]
ERROR --> LOG_HEALTHCHECK file probe marker=789cf287235a

[1 occurrence(s)]
ERROR --> LOG_HEALTHCHECK file probe marker=4bb95a930b88

[1 occurrence(s)]
ERROR --> LOG_HEALTHCHECK file probe marker=f2dec231321b


===============================================
   HERE'S THE NEW STUFF
   (Entries logged AFTER 2026-02-14 18:00:03)
===============================================

---------------------------
LEVEL: ERROR (NEW)
---------------------------

[1 NEW occurrence(s)]
ERROR --> LOG_HEALTHCHECK file probe marker=f2dec231321b


---- CONFIG LINT ----
✅ Services::cache
✅ Services::responsecache
✅ Services::session
✅ Services::email
✅ Services::logger
✅ Services::validation
✅ Services::renderer
