===============================================
   MyMI Wallet — Log Summary for 2026-03-23
   Auto-generated by logs:summarize command
   Grouped by (LEVEL + message)
===============================================

Last processed up to: <none> (first run for this date)

---------------------------
LEVEL: DEBUG
---------------------------

[1 occurrence(s)]
DEBUG --> [REQ_ID=4e576b580fd8] [REQUEST][START] GET /index.php/API/Management/Run-CRON-Tasks

[119 occurrence(s)]
DEBUG --> Session: Class initialized using 'CodeIgniter\Session\Handlers\FileHandler' driver.

[1 occurrence(s)]
DEBUG --> [REQ_ID=4e576b580fd8] [FILTER_BEFORE] /index.php/API/Management/Run-CRON-Tasks

[1 occurrence(s)]
DEBUG --> [REQ_ID=4e576b580fd8] [ROUTE] Controller=\App\Modules\Management\Controllers\ManagementAPIController Method=Run_CRON_Tasks

[1 occurrence(s)]
DEBUG --> [REQ_ID=4e576b580fd8] [LIFECYCLE][START] GET https://www.mymiwallet.com/index.php/API/Management/Run-CRON-Tasks

[1 occurrence(s)]
DEBUG --> [REQ_ID=4e576b580fd8] [REQUEST][END]

[1 occurrence(s)]
DEBUG --> [REQ_ID=f59bc30c432e] [REQUEST][START] HEAD /

[1 occurrence(s)]
DEBUG --> [REQ_ID=270aede8867f] [REQUEST][START] GET /

[1 occurrence(s)]
DEBUG --> [REQ_ID=270aede8867f] [FILTER_BEFORE] /

[1 occurrence(s)]
DEBUG --> [REQ_ID=270aede8867f] [ROUTE] Controller=\App\Controllers\Home Method=index

[1 occurrence(s)]
DEBUG --> [REQ_ID=270aede8867f] [LIFECYCLE][START] GET https://www.mymiwallet.com/index.php/

[1 occurrence(s)]
DEBUG --> [CSRF] token name=csrf_test_name hash=a758a892dc90d54878f71ad35fa58f6c

[1 occurrence(s)]
DEBUG --> [REQ_ID=9d6f083d1eb5] [INIT] App\Controllers\Home::GET

[10 occurrence(s)]
DEBUG --> MyMIUser L52 - initialized (first log).

[8 occurrence(s)]
DEBUG --> [MetaService] slug= pageName= cacheHit= path=FALLBACK

[1 occurrence(s)]
DEBUG --> [REQ_ID=9d6f083d1eb5] [VIEW_RENDER] themes/public/home

[6 occurrence(s)]
DEBUG --> [MetaService] slug= pageName=Home cacheHit=1 path=CACHE

[1 occurrence(s)]
DEBUG --> [REQ_ID=270aede8867f] [FILTER_AFTER]

[1 occurrence(s)]
DEBUG --> [REQ_ID=270aede8867f] [LIFECYCLE][END] status=200 duration_ms=987.32 memory_delta=4194304

[1 occurrence(s)]
DEBUG --> [REQ_ID=270aede8867f] [REQUEST][END]

[1 occurrence(s)]
DEBUG --> [REQ_ID=77e1c64d3c0f] [REQUEST][START] HEAD /

[1 occurrence(s)]
DEBUG --> [REQ_ID=c0abf41a0681] [REQUEST][START] HEAD /

[1 occurrence(s)]
DEBUG --> [REQ_ID=9a45faa718b1] [REQUEST][START] GET /index.php/API/Alerts/fetchEmailAlerts

[1 occurrence(s)]
DEBUG --> [REQ_ID=9a45faa718b1] [FILTER_BEFORE] /index.php/API/Alerts/fetchEmailAlerts

[1 occurrence(s)]
DEBUG --> [REQ_ID=9a45faa718b1] [ROUTE] Controller=\App\Modules\APIs\Controllers\AlertsAPIController Method=fetchEmailAlerts

[1 occurrence(s)]
DEBUG --> [REQ_ID=9a45faa718b1] [LIFECYCLE][START] GET https://www.mymiwallet.com/index.php/API/Alerts/fetchEmailAlerts

[1 occurrence(s)]
DEBUG --> [REQ_ID=9a45faa718b1] [REQUEST][END]

[1 occurrence(s)]
DEBUG --> [REQ_ID=afb43ea933f1] [REQUEST][START] HEAD /

[1 occurrence(s)]
DEBUG --> [REQ_ID=c7352db73250] [REQUEST][START] HEAD /

[1 occurrence(s)]
DEBUG --> [REQ_ID=7caa0e6607e6] [REQUEST][START] HEAD /

[1 occurrence(s)]
DEBUG --> [REQ_ID=ea444cacf414] [REQUEST][START] HEAD /

[1 occurrence(s)]
DEBUG --> [REQ_ID=68426ae1703b] [REQUEST][START] HEAD /

[1 occurrence(s)]
DEBUG --> [REQ_ID=95e2879963b5] [REQUEST][START] HEAD /

[1 occurrence(s)]
DEBUG --> [REQ_ID=393f993ad2a3] [REQUEST][START] HEAD /

[1 occurrence(s)]
DEBUG --> [REQ_ID=16bae9ec98f1] [REQUEST][START] HEAD /

[1 occurrence(s)]
DEBUG --> [REQ_ID=52e39751d841] [REQUEST][START] GET /

[1 occurrence(s)]
DEBUG --> [REQ_ID=52e39751d841] [REQUEST][END]

[1 occurrence(s)]
DEBUG --> [REQ_ID=b3eb8b1eda5b] [REQUEST][START] HEAD /

[1 occurrence(s)]
DEBUG --> [REQ_ID=5209e2a77636] [REQUEST][START] GET /index.php/API/Management/Run-CRON-Tasks

[1 occurrence(s)]
DEBUG --> [REQ_ID=5209e2a77636] [FILTER_BEFORE] /index.php/API/Management/Run-CRON-Tasks

[1 occurrence(s)]
DEBUG --> [REQ_ID=5209e2a77636] [ROUTE] Controller=\App\Modules\Management\Controllers\ManagementAPIController Method=Run_CRON_Tasks

[1 occurrence(s)]
DEBUG --> [REQ_ID=5209e2a77636] [LIFECYCLE][START] GET https://www.mymiwallet.com/index.php/API/Management/Run-CRON-Tasks

[1 occurrence(s)]
DEBUG --> [REQ_ID=5209e2a77636] [REQUEST][END]

[1 occurrence(s)]
DEBUG --> [REQ_ID=282758c1ea22] [REQUEST][START] HEAD /

[1 occurrence(s)]
DEBUG --> [REQ_ID=ad49ca7565a4] [REQUEST][START] HEAD /

[1 occurrence(s)]
DEBUG --> [REQ_ID=5b90a84ef128] [REQUEST][START] HEAD /

[1 occurrence(s)]
DEBUG --> [REQ_ID=fe2e5acf5a34] [REQUEST][START] GET /index.php/API/Alerts/fetchEmailAlerts

[1 occurrence(s)]
DEBUG --> [REQ_ID=fe2e5acf5a34] [FILTER_BEFORE] /index.php/API/Alerts/fetchEmailAlerts

[1 occurrence(s)]
DEBUG --> [REQ_ID=fe2e5acf5a34] [ROUTE] Controller=\App\Modules\APIs\Controllers\AlertsAPIController Method=fetchEmailAlerts

[1 occurrence(s)]
DEBUG --> [REQ_ID=fe2e5acf5a34] [LIFECYCLE][START] GET https://www.mymiwallet.com/index.php/API/Alerts/fetchEmailAlerts

[1 occurrence(s)]
DEBUG --> [REQ_ID=fe2e5acf5a34] [REQUEST][END]

[1 occurrence(s)]
DEBUG --> [REQ_ID=b6852fd6e8cf] [REQUEST][START] HEAD /

[1 occurrence(s)]
DEBUG --> [REQ_ID=8f2253082341] [REQUEST][START] HEAD /

[1 occurrence(s)]
DEBUG --> [REQ_ID=dc083ed4b674] [REQUEST][START] HEAD /

[1 occurrence(s)]
DEBUG --> [REQ_ID=622c8f51aff3] [REQUEST][START] GET /

[1 occurrence(s)]
DEBUG --> [REQ_ID=622c8f51aff3] [REQUEST][END]

[1 occurrence(s)]
DEBUG --> [REQ_ID=16fff5c8baf7] [REQUEST][START] HEAD /

[1 occurrence(s)]
DEBUG --> [REQ_ID=c377f1333d00] [REQUEST][START] HEAD /

[1 occurrence(s)]
DEBUG --> [REQ_ID=795eb9c7580c] [REQUEST][START] GET /

[1 occurrence(s)]
DEBUG --> [REQ_ID=795eb9c7580c] [FILTER_BEFORE] /

[1 occurrence(s)]
DEBUG --> [REQ_ID=795eb9c7580c] [ROUTE] Controller=\App\Controllers\Home Method=index

[1 occurrence(s)]
DEBUG --> [REQ_ID=795eb9c7580c] [LIFECYCLE][START] GET https://www.mymiwallet.com/index.php/

[1 occurrence(s)]
DEBUG --> [CSRF] token name=csrf_test_name hash=dff26df8c7bd87cff1b4c813602a1096

[1 occurrence(s)]
DEBUG --> [REQ_ID=d1ef9ca0165d] [INIT] App\Controllers\Home::GET

[1 occurrence(s)]
DEBUG --> [REQ_ID=d1ef9ca0165d] [VIEW_RENDER] themes/public/home

[4 occurrence(s)]
DEBUG --> [MetaService] slug= pageName=Home cacheHit= path=DB

[1 occurrence(s)]
DEBUG --> [REQ_ID=795eb9c7580c] [FILTER_AFTER]

[1 occurrence(s)]
DEBUG --> [REQ_ID=795eb9c7580c] [LIFECYCLE][END] status=200 duration_ms=1,485.34 memory_delta=4194304

[1 occurrence(s)]
DEBUG --> [REQ_ID=795eb9c7580c] [REQUEST][END]

[1 occurrence(s)]
DEBUG --> [REQ_ID=e2addc3cb453] [REQUEST][START] HEAD /

[1 occurrence(s)]
DEBUG --> [REQ_ID=32cb2ddb27d5] [REQUEST][START] HEAD /

[1 occurrence(s)]
DEBUG --> [REQ_ID=47041cd7a8db] [REQUEST][START] GET /index.php/login

[1 occurrence(s)]
DEBUG --> [REQ_ID=47041cd7a8db] [REQUEST][END]

[1 occurrence(s)]
DEBUG --> [REQ_ID=60fbd5740a2f] [REQUEST][START] HEAD /

[1 occurrence(s)]
DEBUG --> [REQ_ID=72bd3236dee3] [REQUEST][START] GET /

[1 occurrence(s)]
DEBUG --> [REQ_ID=72bd3236dee3] [FILTER_BEFORE] /

[1 occurrence(s)]
DEBUG --> [REQ_ID=72bd3236dee3] [ROUTE] Controller=\App\Controllers\Home Method=index

[1 occurrence(s)]
DEBUG --> [REQ_ID=72bd3236dee3] [LIFECYCLE][START] GET https://www.mymiwallet.com/index.php/

[1 occurrence(s)]
DEBUG --> [CSRF] token name=csrf_test_name hash=0d69cc4f5e69b6a6e9d9de8b3f2bf712

[1 occurrence(s)]
DEBUG --> [REQ_ID=d5d0d465d33f] [INIT] App\Controllers\Home::GET

[1 occurrence(s)]
DEBUG --> [REQ_ID=d5d0d465d33f] [VIEW_RENDER] themes/public/home

[1 occurrence(s)]
DEBUG --> [REQ_ID=72bd3236dee3] [FILTER_AFTER]

[1 occurrence(s)]
DEBUG --> [REQ_ID=72bd3236dee3] [LIFECYCLE][END] status=200 duration_ms=1,265.10 memory_delta=4194304

[1 occurrence(s)]
DEBUG --> [REQ_ID=72bd3236dee3] [REQUEST][END]

[1 occurrence(s)]
DEBUG --> [REQ_ID=077f660038e6] [REQUEST][START] HEAD /

[1 occurrence(s)]
DEBUG --> [REQ_ID=967d7f96be31] [REQUEST][START] GET /

[1 occurrence(s)]
DEBUG --> [REQ_ID=967d7f96be31] [FILTER_BEFORE] /

[1 occurrence(s)]
DEBUG --> [REQ_ID=967d7f96be31] [ROUTE] Controller=\App\Controllers\Home Method=index

[1 occurrence(s)]
DEBUG --> [REQ_ID=967d7f96be31] [LIFECYCLE][START] GET https://www.mymiwallet.com/index.php/

[1 occurrence(s)]
DEBUG --> [CSRF] token name=csrf_test_name hash=3714c601251919360ffad05bebe8f065

[1 occurrence(s)]
DEBUG --> [REQ_ID=aac42a799ff7] [INIT] App\Controllers\Home::GET

[2 occurrence(s)]
DEBUG --> [MetaService] slug= pageName= cacheHit=1 path=CACHE

[1 occurrence(s)]
DEBUG --> [REQ_ID=aac42a799ff7] [VIEW_RENDER] themes/public/home

[1 occurrence(s)]
DEBUG --> [REQ_ID=967d7f96be31] [FILTER_AFTER]

[1 occurrence(s)]
DEBUG --> [REQ_ID=967d7f96be31] [LIFECYCLE][END] status=200 duration_ms=924.88 memory_delta=4194304

[1 occurrence(s)]
DEBUG --> [REQ_ID=967d7f96be31] [REQUEST][END]

[1 occurrence(s)]
DEBUG --> [REQ_ID=eaeb97fff1d8] [REQUEST][START] GET /index.php/API/Management/Run-CRON-Tasks

[1 occurrence(s)]
DEBUG --> [REQ_ID=eaeb97fff1d8] [FILTER_BEFORE] /index.php/API/Management/Run-CRON-Tasks

[1 occurrence(s)]
DEBUG --> [REQ_ID=eaeb97fff1d8] [ROUTE] Controller=\App\Modules\Management\Controllers\ManagementAPIController Method=Run_CRON_Tasks

[1 occurrence(s)]
DEBUG --> [REQ_ID=eaeb97fff1d8] [LIFECYCLE][START] GET https://www.mymiwallet.com/index.php/API/Management/Run-CRON-Tasks

[1 occurrence(s)]
DEBUG --> [REQ_ID=eaeb97fff1d8] [REQUEST][END]

[1 occurrence(s)]
DEBUG --> [REQ_ID=e0d44dcc13f5] [REQUEST][START] HEAD /

[1 occurrence(s)]
DEBUG --> [REQ_ID=227e9a9b4409] [REQUEST][START] GET /index.php/Privacy-Policy

[1 occurrence(s)]
DEBUG --> [REQ_ID=227e9a9b4409] [REQUEST][END]

[1 occurrence(s)]
DEBUG --> [REQ_ID=8c1afeabd77d] [REQUEST][START] HEAD /

[1 occurrence(s)]
DEBUG --> [REQ_ID=44e53bf5715a] [REQUEST][START] HEAD /

[1 occurrence(s)]
DEBUG --> [REQ_ID=f204db84ee4e] [REQUEST][START] GET /index.php/API/Alerts/fetchEmailAlerts

[1 occurrence(s)]
DEBUG --> [REQ_ID=f204db84ee4e] [FILTER_BEFORE] /index.php/API/Alerts/fetchEmailAlerts

[1 occurrence(s)]
DEBUG --> [REQ_ID=f204db84ee4e] [ROUTE] Controller=\App\Modules\APIs\Controllers\AlertsAPIController Method=fetchEmailAlerts

[1 occurrence(s)]
DEBUG --> [REQ_ID=f204db84ee4e] [LIFECYCLE][START] GET https://www.mymiwallet.com/index.php/API/Alerts/fetchEmailAlerts

[1 occurrence(s)]
DEBUG --> [REQ_ID=f204db84ee4e] [REQUEST][END]

[1 occurrence(s)]
DEBUG --> [REQ_ID=44af16da0321] [REQUEST][START] HEAD /

[1 occurrence(s)]
DEBUG --> [REQ_ID=2d72e312ca73] [REQUEST][START] HEAD /

[1 occurrence(s)]
DEBUG --> [REQ_ID=a18d53666aeb] [REQUEST][START] HEAD /

[1 occurrence(s)]
DEBUG --> [REQ_ID=002c6872a9ce] [REQUEST][START] HEAD /

[1 occurrence(s)]
DEBUG --> [REQ_ID=d171538bf59a] [REQUEST][START] GET /

[1 occurrence(s)]
DEBUG --> [REQ_ID=d171538bf59a] [FILTER_BEFORE] /

[1 occurrence(s)]
DEBUG --> [REQ_ID=d171538bf59a] [ROUTE] Controller=\App\Controllers\Home Method=index

[1 occurrence(s)]
DEBUG --> [REQ_ID=d171538bf59a] [LIFECYCLE][START] GET https://www.mymiwallet.com/index.php/

[1 occurrence(s)]
DEBUG --> [CSRF] token name=csrf_test_name hash=c3d6d10aedd705d75650e0c3729fab95

[1 occurrence(s)]
DEBUG --> [REQ_ID=3a5ad8e78e3f] [INIT] App\Controllers\Home::GET

[1 occurrence(s)]
DEBUG --> [REQ_ID=3a5ad8e78e3f] [VIEW_RENDER] themes/public/home

[1 occurrence(s)]
DEBUG --> [REQ_ID=d171538bf59a] [FILTER_AFTER]

[1 occurrence(s)]
DEBUG --> [REQ_ID=d171538bf59a] [LIFECYCLE][END] status=200 duration_ms=941.21 memory_delta=4194304

[1 occurrence(s)]
DEBUG --> [REQ_ID=d171538bf59a] [REQUEST][END]

[1 occurrence(s)]
DEBUG --> [REQ_ID=ca82777f892a] [REQUEST][START] HEAD /

[1 occurrence(s)]
DEBUG --> [REQ_ID=49457cc981ee] [REQUEST][START] GET /

[1 occurrence(s)]
DEBUG --> [REQ_ID=49457cc981ee] [REQUEST][END]

[1 occurrence(s)]
DEBUG --> [REQ_ID=2c4eed2da722] [REQUEST][START] HEAD /

[1 occurrence(s)]
DEBUG --> [REQ_ID=9a6dec2af1e5] [REQUEST][START] HEAD /

[1 occurrence(s)]
DEBUG --> [REQ_ID=5f2e2d50069d] [REQUEST][START] HEAD /

[1 occurrence(s)]
DEBUG --> [REQ_ID=207303238aaf] [REQUEST][START] HEAD /

[1 occurrence(s)]
DEBUG --> [REQ_ID=ed3f0ed79616] [REQUEST][START] GET /index.php/API/Management/Run-CRON-Tasks

[1 occurrence(s)]
DEBUG --> [REQ_ID=ed3f0ed79616] [FILTER_BEFORE] /index.php/API/Management/Run-CRON-Tasks

[1 occurrence(s)]
DEBUG --> [REQ_ID=ed3f0ed79616] [ROUTE] Controller=\App\Modules\Management\Controllers\ManagementAPIController Method=Run_CRON_Tasks

[1 occurrence(s)]
DEBUG --> [REQ_ID=ed3f0ed79616] [LIFECYCLE][START] GET https://www.mymiwallet.com/index.php/API/Management/Run-CRON-Tasks

[1 occurrence(s)]
DEBUG --> [REQ_ID=ed3f0ed79616] [REQUEST][END]

[1 occurrence(s)]
DEBUG --> [REQ_ID=86b0ee1b6064] [REQUEST][START] HEAD /

[1 occurrence(s)]
DEBUG --> [REQ_ID=1ea5dc0d5a17] [REQUEST][START] GET /

[1 occurrence(s)]
DEBUG --> [REQ_ID=1ea5dc0d5a17] [REQUEST][END]

[1 occurrence(s)]
DEBUG --> [REQ_ID=1c976bf3a4d1] [REQUEST][START] GET /

[1 occurrence(s)]
DEBUG --> [REQ_ID=1c976bf3a4d1] [FILTER_BEFORE] /

[1 occurrence(s)]
DEBUG --> [REQ_ID=1c976bf3a4d1] [ROUTE] Controller=\App\Controllers\Home Method=index

[1 occurrence(s)]
DEBUG --> [REQ_ID=1c976bf3a4d1] [LIFECYCLE][START] GET https://www.mymiwallet.com/index.php/

[1 occurrence(s)]
DEBUG --> [CSRF] token name=csrf_test_name hash=5867b314cf8720cd78b6dd775193db1a

[1 occurrence(s)]
DEBUG --> [REQ_ID=4839a3fbae63] [INIT] App\Controllers\Home::GET

[1 occurrence(s)]
DEBUG --> [REQ_ID=4839a3fbae63] [VIEW_RENDER] themes/public/home

[1 occurrence(s)]
DEBUG --> [REQ_ID=1c976bf3a4d1] [FILTER_AFTER]

[1 occurrence(s)]
DEBUG --> [REQ_ID=1c976bf3a4d1] [LIFECYCLE][END] status=200 duration_ms=955.24 memory_delta=4194304

[1 occurrence(s)]
DEBUG --> [REQ_ID=1c976bf3a4d1] [REQUEST][END]

[1 occurrence(s)]
DEBUG --> [REQ_ID=fda93e63de1d] [REQUEST][START] HEAD /

[1 occurrence(s)]
DEBUG --> [REQ_ID=fdf0b90ba0ab] [REQUEST][START] HEAD /

[1 occurrence(s)]
DEBUG --> [REQ_ID=cd36a977087f] [REQUEST][START] GET /index.php/API/Alerts/fetchEmailAlerts

[1 occurrence(s)]
DEBUG --> [REQ_ID=cd36a977087f] [FILTER_BEFORE] /index.php/API/Alerts/fetchEmailAlerts

[1 occurrence(s)]
DEBUG --> [REQ_ID=cd36a977087f] [ROUTE] Controller=\App\Modules\APIs\Controllers\AlertsAPIController Method=fetchEmailAlerts

[1 occurrence(s)]
DEBUG --> [REQ_ID=cd36a977087f] [LIFECYCLE][START] GET https://www.mymiwallet.com/index.php/API/Alerts/fetchEmailAlerts

[1 occurrence(s)]
DEBUG --> [REQ_ID=cd36a977087f] [REQUEST][END]

[1 occurrence(s)]
DEBUG --> [REQ_ID=bd23df0808e4] [REQUEST][START] HEAD /

[1 occurrence(s)]
DEBUG --> [REQ_ID=43f7f0aa8b8a] [REQUEST][START] HEAD /

[1 occurrence(s)]
DEBUG --> [REQ_ID=d39e80b1e2c4] [REQUEST][START] HEAD /

[1 occurrence(s)]
DEBUG --> [REQ_ID=8cc5cc924f17] [REQUEST][START] HEAD /

[1 occurrence(s)]
DEBUG --> [REQ_ID=c248dea14e65] [REQUEST][START] HEAD /

[1 occurrence(s)]
DEBUG --> [REQ_ID=235bc3d060d6] [REQUEST][START] HEAD /

[1 occurrence(s)]
DEBUG --> [REQ_ID=5adbd01122c2] [REQUEST][START] GET /

[1 occurrence(s)]
DEBUG --> [REQ_ID=5adbd01122c2] [FILTER_BEFORE] /

[1 occurrence(s)]
DEBUG --> [REQ_ID=5adbd01122c2] [ROUTE] Controller=\App\Controllers\Home Method=index

[1 occurrence(s)]
DEBUG --> [REQ_ID=5adbd01122c2] [LIFECYCLE][START] GET https://www.mymiwallet.com/index.php/

[1 occurrence(s)]
DEBUG --> [CSRF] token name=csrf_test_name hash=5fc305e8ddfc12aa0677fb8349a8b157

[1 occurrence(s)]
DEBUG --> [REQ_ID=656726aa799a] [INIT] App\Controllers\Home::GET

[1 occurrence(s)]
DEBUG --> [REQ_ID=656726aa799a] [VIEW_RENDER] themes/public/home

[1 occurrence(s)]
DEBUG --> [REQ_ID=5adbd01122c2] [FILTER_AFTER]

[1 occurrence(s)]
DEBUG --> [REQ_ID=5adbd01122c2] [LIFECYCLE][END] status=200 duration_ms=727.26 memory_delta=4194304

[1 occurrence(s)]
DEBUG --> [REQ_ID=5adbd01122c2] [REQUEST][END]

[1 occurrence(s)]
DEBUG --> [REQ_ID=11df3b7e97bb] [REQUEST][START] HEAD /

[1 occurrence(s)]
DEBUG --> [REQ_ID=5b95c5744792] [REQUEST][START] HEAD /

[1 occurrence(s)]
DEBUG --> [REQ_ID=6f9c64cf9cfa] [REQUEST][START] HEAD /

[1 occurrence(s)]
DEBUG --> [REQ_ID=1fb61013b50d] [REQUEST][START] GET /index.php/API/Management/Run-CRON-Tasks

[1 occurrence(s)]
DEBUG --> [REQ_ID=1fb61013b50d] [FILTER_BEFORE] /index.php/API/Management/Run-CRON-Tasks

[1 occurrence(s)]
DEBUG --> [REQ_ID=1fb61013b50d] [ROUTE] Controller=\App\Modules\Management\Controllers\ManagementAPIController Method=Run_CRON_Tasks

[1 occurrence(s)]
DEBUG --> [REQ_ID=1fb61013b50d] [LIFECYCLE][START] GET https://www.mymiwallet.com/index.php/API/Management/Run-CRON-Tasks

[1 occurrence(s)]
DEBUG --> [REQ_ID=1fb61013b50d] [REQUEST][END]

[1 occurrence(s)]
DEBUG --> [REQ_ID=7b6d9fdcfb81] [REQUEST][START] HEAD /

[1 occurrence(s)]
DEBUG --> [REQ_ID=54f46faa3ae9] [REQUEST][START] HEAD /

[1 occurrence(s)]
DEBUG --> [REQ_ID=3cd66c8defbd] [REQUEST][START] HEAD /

[1 occurrence(s)]
DEBUG --> [REQ_ID=e679df9b7a87] [REQUEST][START] GET /

[1 occurrence(s)]
DEBUG --> [REQ_ID=e679df9b7a87] [FILTER_BEFORE] /

[1 occurrence(s)]
DEBUG --> [REQ_ID=e679df9b7a87] [ROUTE] Controller=\App\Controllers\Home Method=index

[1 occurrence(s)]
DEBUG --> [REQ_ID=e679df9b7a87] [LIFECYCLE][START] GET https://www.mymiwallet.com/index.php/

[1 occurrence(s)]
DEBUG --> [CSRF] token name=csrf_test_name hash=c409e78ccff17c4573296887e48a2db8

[1 occurrence(s)]
DEBUG --> [REQ_ID=ab24e0db28ce] [INIT] App\Controllers\Home::GET

[1 occurrence(s)]
DEBUG --> [REQ_ID=ab24e0db28ce] [VIEW_RENDER] themes/public/home

[1 occurrence(s)]
DEBUG --> [REQ_ID=e679df9b7a87] [FILTER_AFTER]

[1 occurrence(s)]
DEBUG --> [REQ_ID=e679df9b7a87] [LIFECYCLE][END] status=200 duration_ms=1,046.60 memory_delta=4194304

[1 occurrence(s)]
DEBUG --> [REQ_ID=e679df9b7a87] [REQUEST][END]

[1 occurrence(s)]
DEBUG --> [REQ_ID=e35b2ff2066c] [REQUEST][START] GET /index.php/API/Alerts/fetchEmailAlerts

[1 occurrence(s)]
DEBUG --> [REQ_ID=e35b2ff2066c] [FILTER_BEFORE] /index.php/API/Alerts/fetchEmailAlerts

[1 occurrence(s)]
DEBUG --> [REQ_ID=e35b2ff2066c] [ROUTE] Controller=\App\Modules\APIs\Controllers\AlertsAPIController Method=fetchEmailAlerts

[1 occurrence(s)]
DEBUG --> [REQ_ID=e35b2ff2066c] [LIFECYCLE][START] GET https://www.mymiwallet.com/index.php/API/Alerts/fetchEmailAlerts

[1 occurrence(s)]
DEBUG --> [REQ_ID=e35b2ff2066c] [REQUEST][END]

[1 occurrence(s)]
DEBUG --> [REQ_ID=b39cb35cc8ea] [REQUEST][START] HEAD /

[1 occurrence(s)]
DEBUG --> [REQ_ID=452d8298d255] [REQUEST][START] GET /index.php/How-It-Works/earnings

[1 occurrence(s)]
DEBUG --> [REQ_ID=452d8298d255] [REQUEST][END]

[1 occurrence(s)]
DEBUG --> [REQ_ID=2eebb57f1001] [REQUEST][START] HEAD /

[1 occurrence(s)]
DEBUG --> [REQ_ID=261cedf37584] [REQUEST][START] GET /

[1 occurrence(s)]
DEBUG --> [REQ_ID=261cedf37584] [FILTER_BEFORE] /

[1 occurrence(s)]
DEBUG --> [REQ_ID=261cedf37584] [ROUTE] Controller=\App\Controllers\Home Method=index

[1 occurrence(s)]
DEBUG --> [REQ_ID=261cedf37584] [LIFECYCLE][START] GET https://www.mymiwallet.com/index.php/

[1 occurrence(s)]
DEBUG --> [CSRF] token name=csrf_test_name hash=e61e2a3e8af5993a1574b942ceb01e79

[1 occurrence(s)]
DEBUG --> [REQ_ID=77b1173be560] [INIT] App\Controllers\Home::GET

[1 occurrence(s)]
DEBUG --> [REQ_ID=77b1173be560] [VIEW_RENDER] themes/public/home

[1 occurrence(s)]
DEBUG --> [REQ_ID=261cedf37584] [FILTER_AFTER]

[1 occurrence(s)]
DEBUG --> [REQ_ID=261cedf37584] [LIFECYCLE][END] status=200 duration_ms=1,044.18 memory_delta=4194304

[1 occurrence(s)]
DEBUG --> [REQ_ID=261cedf37584] [REQUEST][END]

[1 occurrence(s)]
DEBUG --> [REQ_ID=0a4552b80b5d] [REQUEST][START] HEAD /

[1 occurrence(s)]
DEBUG --> [REQ_ID=5d07792a8578] [REQUEST][START] HEAD /

[1 occurrence(s)]
DEBUG --> [REQ_ID=5bf51575ce8b] [REQUEST][START] HEAD /

[1 occurrence(s)]
DEBUG --> [REQ_ID=f825ccd6aa29] [REQUEST][START] HEAD /

[1 occurrence(s)]
DEBUG --> [REQ_ID=f5628904ab66] [REQUEST][START] HEAD /

[1 occurrence(s)]
DEBUG --> [REQ_ID=de3613019c52] [REQUEST][START] HEAD /

[1 occurrence(s)]
DEBUG --> [REQ_ID=652ddf9665ef] [REQUEST][START] GET /index.php/Knowledgebase/Investor-Profile

[1 occurrence(s)]
DEBUG --> [REQ_ID=886b595f572e] [REQUEST][START] HEAD /

[1 occurrence(s)]
DEBUG --> [REQ_ID=80683d78d910] [REQUEST][START] GET /index.php/API/Management/Run-CRON-Tasks

[1 occurrence(s)]
DEBUG --> [REQ_ID=80683d78d910] [FILTER_BEFORE] /index.php/API/Management/Run-CRON-Tasks

[1 occurrence(s)]
DEBUG --> [REQ_ID=80683d78d910] [ROUTE] Controller=\App\Modules\Management\Controllers\ManagementAPIController Method=Run_CRON_Tasks

[1 occurrence(s)]
DEBUG --> [REQ_ID=80683d78d910] [LIFECYCLE][START] GET https://www.mymiwallet.com/index.php/API/Management/Run-CRON-Tasks

[1 occurrence(s)]
DEBUG --> [REQ_ID=80683d78d910] [REQUEST][END]

[1 occurrence(s)]
DEBUG --> [REQ_ID=0e34360c0a01] [REQUEST][START] HEAD /

[1 occurrence(s)]
DEBUG --> [REQ_ID=ae66b4398e43] [REQUEST][START] HEAD /

[1 occurrence(s)]
DEBUG --> [REQ_ID=19d1b87b33bc] [REQUEST][START] HEAD /

[1 occurrence(s)]
DEBUG --> [REQ_ID=e1cd377614b4] [REQUEST][START] GET /index.php/API/Alerts/fetchEmailAlerts

[1 occurrence(s)]
DEBUG --> [REQ_ID=e1cd377614b4] [FILTER_BEFORE] /index.php/API/Alerts/fetchEmailAlerts

[1 occurrence(s)]
DEBUG --> [REQ_ID=e1cd377614b4] [ROUTE] Controller=\App\Modules\APIs\Controllers\AlertsAPIController Method=fetchEmailAlerts

[1 occurrence(s)]
DEBUG --> [REQ_ID=e1cd377614b4] [LIFECYCLE][START] GET https://www.mymiwallet.com/index.php/API/Alerts/fetchEmailAlerts

[1 occurrence(s)]
DEBUG --> [REQ_ID=e1cd377614b4] [REQUEST][END]

[1 occurrence(s)]
DEBUG --> [REQ_ID=2cda3b419cac] [REQUEST][START] HEAD /

[1 occurrence(s)]
DEBUG --> [REQ_ID=0544731deb2a] [REQUEST][START] HEAD /

[1 occurrence(s)]
DEBUG --> [REQ_ID=5a1b7f7f7cfd] [REQUEST][START] GET /

[1 occurrence(s)]
DEBUG --> [REQ_ID=5a1b7f7f7cfd] [FILTER_BEFORE] /

[1 occurrence(s)]
DEBUG --> [REQ_ID=5a1b7f7f7cfd] [ROUTE] Controller=\App\Controllers\Home Method=index

[1 occurrence(s)]
DEBUG --> [REQ_ID=5a1b7f7f7cfd] [LIFECYCLE][START] GET https://www.mymiwallet.com/index.php/

[1 occurrence(s)]
DEBUG --> [CSRF] token name=csrf_test_name hash=9ce020e550239eb5b2b3a6b6d10e705b

[1 occurrence(s)]
DEBUG --> [REQ_ID=1220d56f18b4] [INIT] App\Controllers\Home::GET

[1 occurrence(s)]
DEBUG --> [REQ_ID=1220d56f18b4] [VIEW_RENDER] themes/public/home

[1 occurrence(s)]
DEBUG --> [REQ_ID=5a1b7f7f7cfd] [FILTER_AFTER]

[1 occurrence(s)]
DEBUG --> [REQ_ID=5a1b7f7f7cfd] [LIFECYCLE][END] status=200 duration_ms=837.60 memory_delta=4194304

[1 occurrence(s)]
DEBUG --> [REQ_ID=5a1b7f7f7cfd] [REQUEST][END]

[1 occurrence(s)]
DEBUG --> [REQ_ID=6b26d5749471] [REQUEST][START] HEAD /

[1 occurrence(s)]
DEBUG --> [REQ_ID=9d803bc5a47a] [REQUEST][START] HEAD /

[1 occurrence(s)]
DEBUG --> [REQ_ID=d1ed19e07c3b] [REQUEST][START] GET /index.php

[1 occurrence(s)]
DEBUG --> [REQ_ID=d1ed19e07c3b] [REQUEST][END]

[1 occurrence(s)]
DEBUG --> [REQ_ID=feadd6fdc7e5] [REQUEST][START] HEAD /

[1 occurrence(s)]
DEBUG --> [REQ_ID=0cded8038d73] [REQUEST][START] HEAD /

[1 occurrence(s)]
DEBUG --> [REQ_ID=8bdfc1c1500d] [REQUEST][START] GET /

[1 occurrence(s)]
DEBUG --> [REQ_ID=8bdfc1c1500d] [REQUEST][END]

[1 occurrence(s)]
DEBUG --> [REQ_ID=8a25678e7597] [REQUEST][START] HEAD /

[1 occurrence(s)]
DEBUG --> [REQ_ID=96c798a0a6c1] [REQUEST][START] HEAD /

[1 occurrence(s)]
DEBUG --> [REQ_ID=4337add8b279] [REQUEST][START] HEAD /

[1 occurrence(s)]
DEBUG --> [REQ_ID=49b375ad64a7] [REQUEST][START] GET /index.php/API/Management/Run-CRON-Tasks

[1 occurrence(s)]
DEBUG --> [REQ_ID=49b375ad64a7] [FILTER_BEFORE] /index.php/API/Management/Run-CRON-Tasks

[1 occurrence(s)]
DEBUG --> [REQ_ID=49b375ad64a7] [ROUTE] Controller=\App\Modules\Management\Controllers\ManagementAPIController Method=Run_CRON_Tasks

[1 occurrence(s)]
DEBUG --> [REQ_ID=49b375ad64a7] [LIFECYCLE][START] GET https://www.mymiwallet.com/index.php/API/Management/Run-CRON-Tasks

[1 occurrence(s)]
DEBUG --> [REQ_ID=49b375ad64a7] [REQUEST][END]

[1 occurrence(s)]
DEBUG --> [REQ_ID=0f8b3666d517] [REQUEST][START] HEAD /

[1 occurrence(s)]
DEBUG --> [REQ_ID=5ff37ec71933] [REQUEST][START] HEAD /

[1 occurrence(s)]
DEBUG --> [REQ_ID=28ea2d4a85dd] [REQUEST][START] HEAD /

[1 occurrence(s)]
DEBUG --> [REQ_ID=be849790d7d4] [REQUEST][START] GET /index.php/API/Alerts/fetchEmailAlerts

[1 occurrence(s)]
DEBUG --> [REQ_ID=be849790d7d4] [FILTER_BEFORE] /index.php/API/Alerts/fetchEmailAlerts

[1 occurrence(s)]
DEBUG --> [REQ_ID=be849790d7d4] [ROUTE] Controller=\App\Modules\APIs\Controllers\AlertsAPIController Method=fetchEmailAlerts

[1 occurrence(s)]
DEBUG --> [REQ_ID=be849790d7d4] [LIFECYCLE][START] GET https://www.mymiwallet.com/index.php/API/Alerts/fetchEmailAlerts

[1 occurrence(s)]
DEBUG --> [REQ_ID=be849790d7d4] [REQUEST][END]

[1 occurrence(s)]
DEBUG --> [REQ_ID=df4ce31156db] [REQUEST][START] HEAD /

[1 occurrence(s)]
DEBUG --> [REQ_ID=3689aa9c1f07] [REQUEST][START] HEAD /

[1 occurrence(s)]
DEBUG --> [REQ_ID=9a0eea9fe1e0] [REQUEST][START] HEAD /

[1 occurrence(s)]
DEBUG --> [REQ_ID=3fd214dd113f] [REQUEST][START] HEAD /

[1 occurrence(s)]
DEBUG --> [REQ_ID=755ee16828e5] [REQUEST][START] HEAD /

[1 occurrence(s)]
DEBUG --> [REQ_ID=c44dee2fee25] [REQUEST][START] HEAD /

[1 occurrence(s)]
DEBUG --> [REQ_ID=fc51ca7f6d82] [REQUEST][START] HEAD /

[1 occurrence(s)]
DEBUG --> [REQ_ID=05f923fd9389] [REQUEST][START] HEAD /

[1 occurrence(s)]
DEBUG --> [REQ_ID=709652a3185f] [REQUEST][START] HEAD /

[1 occurrence(s)]
DEBUG --> [REQ_ID=f29ac28aceda] [REQUEST][START] GET /index.php/API/Management/Run-CRON-Tasks

[1 occurrence(s)]
DEBUG --> [REQ_ID=f29ac28aceda] [FILTER_BEFORE] /index.php/API/Management/Run-CRON-Tasks

[1 occurrence(s)]
DEBUG --> [REQ_ID=f29ac28aceda] [ROUTE] Controller=\App\Modules\Management\Controllers\ManagementAPIController Method=Run_CRON_Tasks

[1 occurrence(s)]
DEBUG --> [REQ_ID=f29ac28aceda] [LIFECYCLE][START] GET https://www.mymiwallet.com/index.php/API/Management/Run-CRON-Tasks

[1 occurrence(s)]
DEBUG --> [REQ_ID=f29ac28aceda] [REQUEST][END]


---------------------------
LEVEL: INFO
---------------------------

[1 occurrence(s)]
INFO --> [REQ_ID=4e576b580fd8] [PERF] Execution time=0.044531

[1 occurrence(s)]
INFO --> [REQ_ID=9d6f083d1eb5] [MEMORY][controller-start] 4194304

[1 occurrence(s)]
INFO --> [REQ_ID=9d6f083d1eb5] [MEMORY][commonData:start] 4194304

[1 occurrence(s)]
INFO --> [REQ_ID=9d6f083d1eb5] [MEMORY][commonData:start] 8388608

[3 occurrence(s)]
INFO --> themesMemory usage: 8388608

[1 occurrence(s)]
INFO --> [REQ_ID=9d6f083d1eb5] [PERF] Execution time=0.985302

[1 occurrence(s)]
INFO --> [REQ_ID=270aede8867f] [PERF] Execution time=1.006652

[1 occurrence(s)]
INFO --> [REQ_ID=9a45faa718b1] [PERF] Execution time=0.046976

[1 occurrence(s)]
INFO --> [REQ_ID=52e39751d841] [PERF] Execution time=0.038540

[1 occurrence(s)]
INFO --> [REQ_ID=5209e2a77636] [PERF] Execution time=0.106456

[1 occurrence(s)]
INFO --> [REQ_ID=fe2e5acf5a34] [PERF] Execution time=0.047774

[1 occurrence(s)]
INFO --> [REQ_ID=622c8f51aff3] [PERF] Execution time=0.038507

[1 occurrence(s)]
INFO --> [REQ_ID=d1ef9ca0165d] [MEMORY][controller-start] 6291456

[1 occurrence(s)]
INFO --> [REQ_ID=d1ef9ca0165d] [MEMORY][commonData:start] 6291456

[1 occurrence(s)]
INFO --> [REQ_ID=d1ef9ca0165d] [MEMORY][commonData:start] 10485760

[7 occurrence(s)]
INFO --> themesMemory usage: 10485760

[1 occurrence(s)]
INFO --> [REQ_ID=d1ef9ca0165d] [PERF] Execution time=1.482162

[1 occurrence(s)]
INFO --> [REQ_ID=795eb9c7580c] [PERF] Execution time=1.530751

[1 occurrence(s)]
INFO --> [REQ_ID=47041cd7a8db] [PERF] Execution time=0.019725

[1 occurrence(s)]
INFO --> [REQ_ID=d5d0d465d33f] [MEMORY][controller-start] 6291456

[1 occurrence(s)]
INFO --> [REQ_ID=d5d0d465d33f] [MEMORY][commonData:start] 6291456

[1 occurrence(s)]
INFO --> [REQ_ID=d5d0d465d33f] [MEMORY][commonData:start] 10485760

[1 occurrence(s)]
INFO --> [REQ_ID=d5d0d465d33f] [PERF] Execution time=1.262549

[1 occurrence(s)]
INFO --> [REQ_ID=72bd3236dee3] [PERF] Execution time=1.314414

[1 occurrence(s)]
INFO --> [REQ_ID=aac42a799ff7] [MEMORY][controller-start] 6291456

[1 occurrence(s)]
INFO --> [REQ_ID=aac42a799ff7] [MEMORY][commonData:start] 6291456

[1 occurrence(s)]
INFO --> [REQ_ID=aac42a799ff7] [MEMORY][commonData:start] 10485760

[1 occurrence(s)]
INFO --> [REQ_ID=aac42a799ff7] [PERF] Execution time=0.922683

[1 occurrence(s)]
INFO --> [REQ_ID=967d7f96be31] [PERF] Execution time=0.963848

[1 occurrence(s)]
INFO --> [REQ_ID=eaeb97fff1d8] [PERF] Execution time=0.045030

[1 occurrence(s)]
INFO --> [REQ_ID=227e9a9b4409] [PERF] Execution time=0.012923

[1 occurrence(s)]
INFO --> [REQ_ID=f204db84ee4e] [PERF] Execution time=0.150061

[1 occurrence(s)]
INFO --> [REQ_ID=3a5ad8e78e3f] [MEMORY][controller-start] 4194304

[1 occurrence(s)]
INFO --> [REQ_ID=3a5ad8e78e3f] [MEMORY][commonData:start] 6291456

[1 occurrence(s)]
INFO --> [REQ_ID=3a5ad8e78e3f] [MEMORY][commonData:start] 8388608

[1 occurrence(s)]
INFO --> [REQ_ID=3a5ad8e78e3f] [PERF] Execution time=0.938668

[1 occurrence(s)]
INFO --> [REQ_ID=d171538bf59a] [PERF] Execution time=0.964086

[1 occurrence(s)]
INFO --> [REQ_ID=49457cc981ee] [PERF] Execution time=0.017969

[1 occurrence(s)]
INFO --> [REQ_ID=ed3f0ed79616] [PERF] Execution time=0.037341

[1 occurrence(s)]
INFO --> [REQ_ID=1ea5dc0d5a17] [PERF] Execution time=0.021423

[1 occurrence(s)]
INFO --> [REQ_ID=4839a3fbae63] [MEMORY][controller-start] 6291456

[1 occurrence(s)]
INFO --> [REQ_ID=4839a3fbae63] [MEMORY][commonData:start] 6291456

[1 occurrence(s)]
INFO --> [REQ_ID=4839a3fbae63] [MEMORY][commonData:start] 10485760

[1 occurrence(s)]
INFO --> [REQ_ID=4839a3fbae63] [PERF] Execution time=0.953053

[1 occurrence(s)]
INFO --> [REQ_ID=1c976bf3a4d1] [PERF] Execution time=1.001484

[1 occurrence(s)]
INFO --> [REQ_ID=cd36a977087f] [PERF] Execution time=0.044930

[1 occurrence(s)]
INFO --> [REQ_ID=656726aa799a] [MEMORY][controller-start] 4194304

[1 occurrence(s)]
INFO --> [REQ_ID=656726aa799a] [MEMORY][commonData:start] 6291456

[1 occurrence(s)]
INFO --> [REQ_ID=656726aa799a] [MEMORY][commonData:start] 8388608

[1 occurrence(s)]
INFO --> [REQ_ID=656726aa799a] [PERF] Execution time=0.725384

[1 occurrence(s)]
INFO --> [REQ_ID=5adbd01122c2] [PERF] Execution time=0.746590

[1 occurrence(s)]
INFO --> [REQ_ID=1fb61013b50d] [PERF] Execution time=0.049818

[1 occurrence(s)]
INFO --> [REQ_ID=ab24e0db28ce] [MEMORY][controller-start] 6291456

[1 occurrence(s)]
INFO --> [REQ_ID=ab24e0db28ce] [MEMORY][commonData:start] 6291456

[1 occurrence(s)]
INFO --> [REQ_ID=ab24e0db28ce] [MEMORY][commonData:start] 10485760

[1 occurrence(s)]
INFO --> [REQ_ID=ab24e0db28ce] [PERF] Execution time=1.044405

[1 occurrence(s)]
INFO --> [REQ_ID=e679df9b7a87] [PERF] Execution time=1.089857

[1 occurrence(s)]
INFO --> [REQ_ID=e35b2ff2066c] [PERF] Execution time=0.048992

[1 occurrence(s)]
INFO --> [REQ_ID=452d8298d255] [PERF] Execution time=0.021742

[1 occurrence(s)]
INFO --> [REQ_ID=77b1173be560] [MEMORY][controller-start] 6291456

[1 occurrence(s)]
INFO --> [REQ_ID=77b1173be560] [MEMORY][commonData:start] 6291456

[1 occurrence(s)]
INFO --> [REQ_ID=77b1173be560] [MEMORY][commonData:start] 10485760

[1 occurrence(s)]
INFO --> [REQ_ID=77b1173be560] [PERF] Execution time=1.041381

[1 occurrence(s)]
INFO --> [REQ_ID=261cedf37584] [PERF] Execution time=1.094733

[1 occurrence(s)]
INFO --> [REQ_ID=80683d78d910] [PERF] Execution time=0.048061

[1 occurrence(s)]
INFO --> [REQ_ID=e1cd377614b4] [PERF] Execution time=0.047853

[1 occurrence(s)]
INFO --> [REQ_ID=1220d56f18b4] [MEMORY][controller-start] 6291456

[1 occurrence(s)]
INFO --> [REQ_ID=1220d56f18b4] [MEMORY][commonData:start] 6291456

[1 occurrence(s)]
INFO --> [REQ_ID=1220d56f18b4] [MEMORY][commonData:start] 10485760

[1 occurrence(s)]
INFO --> [REQ_ID=1220d56f18b4] [PERF] Execution time=0.835804

[1 occurrence(s)]
INFO --> [REQ_ID=5a1b7f7f7cfd] [PERF] Execution time=0.878454

[1 occurrence(s)]
INFO --> [REQ_ID=d1ed19e07c3b] [PERF] Execution time=0.018886

[1 occurrence(s)]
INFO --> [REQ_ID=8bdfc1c1500d] [PERF] Execution time=0.038271

[1 occurrence(s)]
INFO --> [REQ_ID=49b375ad64a7] [PERF] Execution time=0.036504

[1 occurrence(s)]
INFO --> [REQ_ID=be849790d7d4] [PERF] Execution time=0.045087

[1 occurrence(s)]
INFO --> [SPARK_START] App\Commands\AIOps\Run

[4 occurrence(s)]
INFO --> [SPARK_MEMORY] 18874368

[1 occurrence(s)]
INFO --> [spark:aiops:run] Intent

[1 occurrence(s)]
INFO --> [spark:ops:work] Started

[1 occurrence(s)]
INFO --> [SPARK_START] App\Commands\Ops\Work

[1 occurrence(s)]
INFO --> [spark:ops:work] Intent

[1 occurrence(s)]
INFO --> [spark:ops:work] Completed

[1 occurrence(s)]
INFO --> [SPARK_COMPLETE] App\Commands\Ops\Work duration=0.092306

[1 occurrence(s)]
INFO --> [REQ_ID=f29ac28aceda] [PERF] Execution time=0.056915

[1 occurrence(s)]
INFO --> [AIOPS][SPARK][GOVERNANCE][spark:logs:summarize] Started

[1 occurrence(s)]
INFO --> [SPARK_START] App\Commands\Logs\Summarize

[1 occurrence(s)]
INFO --> [spark:logs:summarize] Intent


---------------------------
LEVEL: WARNING
---------------------------

[84 occurrence(s)]
WARNING --> [404] URI=https://www.mymiwallet.com/index.php/

[84 occurrence(s)]
WARNING --> 404 route miss: https://www.mymiwallet.com/index.php/ | referrer: http://67.205.42.220


---------------------------
LEVEL: ERROR
---------------------------

[1 occurrence(s)]
ERROR --> [ERROR_PAGE] event=error_500 status=500 message=Internal server error.


---------------------------
LEVEL: CRITICAL
---------------------------

[84 occurrence(s)]
CRITICAL --> CodeIgniter\Exceptions\PageNotFoundException: Page Not Found

[84 occurrence(s)]
CRITICAL --> [EXCEPTION] Page Not Found File=/home/mymiteam/mymiwallet/site/current/vendor/codeigniter4/framework/system/CodeIgniter.php Line=1001

[1 occurrence(s)]
CRITICAL --> ErrorException: Access level to App\Modules\User\Controllers\KnowledgebaseController::respondWithRendered() must be protected (as in class App\Controllers\BaseController) or weaker

[1 occurrence(s)]
CRITICAL --> [EXCEPTION] Access level to App\Modules\User\Controllers\KnowledgebaseController::respondWithRendered() must be protected (as in class App\Controllers\BaseController) or weaker File=/home/mymiteam/mymiwallet/site/current/app/Modules/User/Controllers/KnowledgebaseController.php Line=535


===============================================
   HERE'S THE NEW STUFF
   (No previous timestamp recorded – nothing treated as new)
===============================================

---- CONFIG LINT ----
✅ Services::cache
✅ Services::responsecache
✅ Services::session
✅ Services::email
✅ Services::logger
✅ Services::validation
✅ Services::renderer
