===============================================
   MyMI Wallet — Log Summary for 2026-02-20
   Auto-generated by logs:summarize command
   Grouped by (LEVEL + message)
===============================================

Last processed up to: 2026-02-20 22:00:03

---------------------------
LEVEL: DEBUG
---------------------------

[1 occurrence(s)]
DEBUG --> LOG_HEALTHCHECK debug marker=45701acfe2fc

[1 occurrence(s)]
DEBUG --> LOG_HEALTHCHECK debug marker=ea6f06284118

[1 occurrence(s)]
DEBUG --> LOG_HEALTHCHECK debug marker=3e7504e9c2c1

[1 occurrence(s)]
DEBUG --> LOG_HEALTHCHECK debug marker=b19a126073e8

[1 occurrence(s)]
DEBUG --> LOG_HEALTHCHECK debug marker=bc03172b39d7

[1 occurrence(s)]
DEBUG --> LOG_HEALTHCHECK debug marker=19523e74e0dd

[1 occurrence(s)]
DEBUG --> LOG_HEALTHCHECK debug marker=eb834380da77

[1 occurrence(s)]
DEBUG --> LOG_HEALTHCHECK debug marker=b69a13b37d1a

[1 occurrence(s)]
DEBUG --> LOG_HEALTHCHECK debug marker=a968e650d10c

[1 occurrence(s)]
DEBUG --> LOG_HEALTHCHECK debug marker=69bfb95f0ade

[1 occurrence(s)]
DEBUG --> LOG_HEALTHCHECK debug marker=39d1a46d48f9

[1 occurrence(s)]
DEBUG --> LOG_HEALTHCHECK debug marker=51d2348d62c0

[1 occurrence(s)]
DEBUG --> LOG_HEALTHCHECK debug marker=ad1672df847a


---------------------------
LEVEL: INFO
---------------------------

[96 occurrence(s)]
INFO --> [spark:ops:work] Started

[96 occurrence(s)]
INFO --> [spark:ops:work] Intent

[96 occurrence(s)]
INFO --> [spark:ops:work] Completed

[13 occurrence(s)]
INFO --> [spark:aiops:run] Intent

[13 occurrence(s)]
INFO --> [AIOPS][SPARK][GOVERNANCE][spark:logs:summarize] Started

[13 occurrence(s)]
INFO --> [spark:logs:summarize] Intent

[12 occurrence(s)]
INFO --> [AIOPS][SPARK][GOVERNANCE][spark:logs:summarize] Completed

[12 occurrence(s)]
INFO --> [spark:app:healthcheck] Started

[12 occurrence(s)]
INFO --> [spark:app:healthcheck] Intent

[1 occurrence(s)]
INFO --> LOG_HEALTHCHECK info marker=45701acfe2fc

[12 occurrence(s)]
INFO --> [spark:app:healthcheck] Completed

[1 occurrence(s)]
INFO --> LOG_HEALTHCHECK info marker=ea6f06284118

[1 occurrence(s)]
INFO --> LOG_HEALTHCHECK info marker=3e7504e9c2c1

[1 occurrence(s)]
INFO --> LOG_HEALTHCHECK info marker=b19a126073e8

[1 occurrence(s)]
INFO --> LOG_HEALTHCHECK info marker=bc03172b39d7

[1 occurrence(s)]
INFO --> LOG_HEALTHCHECK info marker=19523e74e0dd

[1 occurrence(s)]
INFO --> LOG_HEALTHCHECK info marker=eb834380da77

[9 occurrence(s)]
INFO --> [spark:config:clear] Intent

[5 occurrence(s)]
INFO --> [spark:spark-reset] Intent

[4 occurrence(s)]
INFO --> [spark:reset] Intent

[1 occurrence(s)]
INFO --> LOG_HEALTHCHECK info marker=b69a13b37d1a

[1 occurrence(s)]
INFO --> LOG_HEALTHCHECK info marker=a968e650d10c

[1 occurrence(s)]
INFO --> LOG_HEALTHCHECK info marker=69bfb95f0ade

[1 occurrence(s)]
INFO --> LOG_HEALTHCHECK info marker=39d1a46d48f9

[1 occurrence(s)]
INFO --> LOG_HEALTHCHECK info marker=51d2348d62c0

[1 occurrence(s)]
INFO --> [spark:api:audit] Intent

[1 occurrence(s)]
INFO --> [spark:api:audit] Started

[1 occurrence(s)]
INFO --> [spark:api:audit] Completed

[2 occurrence(s)]
INFO --> [spark:aiops:audit] Intent

[1 occurrence(s)]
INFO --> [AIOPS][SPARK][GOVERNANCE][spark:logs:healthcheck] Started

[1 occurrence(s)]
INFO --> [spark:logs:healthcheck] Intent

[1 occurrence(s)]
INFO --> LOG_HEALTHCHECK info marker=ad1672df847a

[1 occurrence(s)]
INFO --> [AIOPS][SPARK][GOVERNANCE][spark:logs:healthcheck] Completed

[1 occurrence(s)]
INFO --> [spark:aiops:priority:build] Intent

[2 occurrence(s)]
INFO --> [spark:aiops:repair] Intent

[1 occurrence(s)]
INFO --> [spark:aiops:self-heal] Intent

[2 occurrence(s)]
INFO --> [spark:aiops:status] Intent

[1 occurrence(s)]
INFO --> [spark:aiops:auto-run] Intent

[1 occurrence(s)]
INFO --> [spark:aiops:backlog] Intent

[2 occurrence(s)]
INFO --> [spark:aiops:init] Intent

[1 occurrence(s)]
INFO --> [spark:ops:propose-pr] Intent

[1 occurrence(s)]
INFO --> [spark:aiops:manual:run] Intent


===============================================
   HERE'S THE NEW STUFF
   (Entries logged AFTER 2026-02-20 22:00:03)
===============================================

---------------------------
LEVEL: DEBUG (NEW)
---------------------------

[1 NEW occurrence(s)]
DEBUG --> LOG_HEALTHCHECK debug marker=51d2348d62c0

[1 NEW occurrence(s)]
DEBUG --> LOG_HEALTHCHECK debug marker=ad1672df847a


---------------------------
LEVEL: INFO (NEW)
---------------------------

[1 NEW occurrence(s)]
INFO --> [spark:app:healthcheck] Started

[1 NEW occurrence(s)]
INFO --> [spark:app:healthcheck] Intent

[1 NEW occurrence(s)]
INFO --> LOG_HEALTHCHECK info marker=51d2348d62c0

[1 NEW occurrence(s)]
INFO --> [spark:app:healthcheck] Completed

[7 NEW occurrence(s)]
INFO --> [spark:ops:work] Started

[7 NEW occurrence(s)]
INFO --> [spark:ops:work] Intent

[7 NEW occurrence(s)]
INFO --> [spark:ops:work] Completed

[1 NEW occurrence(s)]
INFO --> [spark:config:clear] Intent

[1 NEW occurrence(s)]
INFO --> [spark:reset] Intent

[1 NEW occurrence(s)]
INFO --> [spark:api:audit] Intent

[1 NEW occurrence(s)]
INFO --> [spark:api:audit] Started

[1 NEW occurrence(s)]
INFO --> [spark:api:audit] Completed

[2 NEW occurrence(s)]
INFO --> [spark:aiops:audit] Intent

[1 NEW occurrence(s)]
INFO --> [AIOPS][SPARK][GOVERNANCE][spark:logs:healthcheck] Started

[1 NEW occurrence(s)]
INFO --> [spark:logs:healthcheck] Intent

[1 NEW occurrence(s)]
INFO --> LOG_HEALTHCHECK info marker=ad1672df847a

[1 NEW occurrence(s)]
INFO --> [AIOPS][SPARK][GOVERNANCE][spark:logs:healthcheck] Completed

[1 NEW occurrence(s)]
INFO --> [spark:aiops:priority:build] Intent

[2 NEW occurrence(s)]
INFO --> [spark:aiops:repair] Intent

[1 NEW occurrence(s)]
INFO --> [spark:aiops:self-heal] Intent

[2 NEW occurrence(s)]
INFO --> [spark:aiops:status] Intent

[1 NEW occurrence(s)]
INFO --> [spark:aiops:auto-run] Intent

[1 NEW occurrence(s)]
INFO --> [spark:aiops:backlog] Intent

[2 NEW occurrence(s)]
INFO --> [spark:aiops:init] Intent

[1 NEW occurrence(s)]
INFO --> [spark:ops:propose-pr] Intent

[1 NEW occurrence(s)]
INFO --> [spark:aiops:manual:run] Intent

[1 NEW occurrence(s)]
INFO --> [spark:aiops:run] Intent

[1 NEW occurrence(s)]
INFO --> [AIOPS][SPARK][GOVERNANCE][spark:logs:summarize] Started

[1 NEW occurrence(s)]
INFO --> [spark:logs:summarize] Intent


---- CONFIG LINT ----
✅ Services::cache
✅ Services::responsecache
✅ Services::session
✅ Services::email
✅ Services::logger
✅ Services::validation
✅ Services::renderer
