===============================================
   MyMI Wallet — Log Summary for 2026-03-20
   Auto-generated by logs:summarize command
   Grouped by (LEVEL + message)
===============================================

Last processed up to: <none> (first run for this date)

---------------------------
LEVEL: DEBUG
---------------------------

[1 occurrence(s)]
DEBUG --> [REQ_ID=bff172204946] [REQUEST][START] GET /index.php/API/Management/Run-CRON-Tasks

[147 occurrence(s)]
DEBUG --> Session: Class initialized using 'CodeIgniter\Session\Handlers\FileHandler' driver.

[1 occurrence(s)]
DEBUG --> [REQ_ID=bff172204946] [FILTER_BEFORE] /index.php/API/Management/Run-CRON-Tasks

[1 occurrence(s)]
DEBUG --> [REQ_ID=bff172204946] [ROUTE] Controller=\App\Modules\Management\Controllers\ManagementAPIController Method=Run_CRON_Tasks

[1 occurrence(s)]
DEBUG --> [REQ_ID=bff172204946] [LIFECYCLE][START] GET https://www.mymiwallet.com/index.php/API/Management/Run-CRON-Tasks

[1 occurrence(s)]
DEBUG --> [REQ_ID=bff172204946] [REQUEST][END]

[1 occurrence(s)]
DEBUG --> [REQ_ID=c97266570f70] [REQUEST][START] HEAD /

[1 occurrence(s)]
DEBUG --> [REQ_ID=6e0207c4731d] [REQUEST][START] HEAD /

[1 occurrence(s)]
DEBUG --> [REQ_ID=e19fcbe5de82] [REQUEST][START] HEAD /

[1 occurrence(s)]
DEBUG --> [REQ_ID=b070893094ba] [REQUEST][START] GET /index.php/API/Alerts/fetchEmailAlerts

[1 occurrence(s)]
DEBUG --> [REQ_ID=b070893094ba] [FILTER_BEFORE] /index.php/API/Alerts/fetchEmailAlerts

[1 occurrence(s)]
DEBUG --> [REQ_ID=b070893094ba] [ROUTE] Controller=\App\Modules\APIs\Controllers\AlertsAPIController Method=fetchEmailAlerts

[1 occurrence(s)]
DEBUG --> [REQ_ID=b070893094ba] [LIFECYCLE][START] GET https://www.mymiwallet.com/index.php/API/Alerts/fetchEmailAlerts

[1 occurrence(s)]
DEBUG --> [REQ_ID=b070893094ba] [REQUEST][END]

[1 occurrence(s)]
DEBUG --> [REQ_ID=7f3451ebf29f] [REQUEST][START] HEAD /

[1 occurrence(s)]
DEBUG --> [REQ_ID=2ea2e2e6aa9b] [REQUEST][START] HEAD /

[1 occurrence(s)]
DEBUG --> [REQ_ID=aa8d490edb93] [REQUEST][START] HEAD /

[1 occurrence(s)]
DEBUG --> [REQ_ID=d7b2d1f785f2] [REQUEST][START] HEAD /

[1 occurrence(s)]
DEBUG --> [REQ_ID=ec110c8959b3] [REQUEST][START] HEAD /

[1 occurrence(s)]
DEBUG --> [REQ_ID=b7ddaf9a5166] [REQUEST][START] HEAD /

[1 occurrence(s)]
DEBUG --> [REQ_ID=e38ef2b35963] [REQUEST][START] GET /

[1 occurrence(s)]
DEBUG --> [REQ_ID=e38ef2b35963] [FILTER_BEFORE] /

[1 occurrence(s)]
DEBUG --> [REQ_ID=e38ef2b35963] [ROUTE] Controller=\App\Controllers\Home Method=index

[1 occurrence(s)]
DEBUG --> [REQ_ID=e38ef2b35963] [LIFECYCLE][START] GET https://www.mymiwallet.com/index.php/

[1 occurrence(s)]
DEBUG --> [CSRF] token name=csrf_test_name hash=1453bb335c1047e6bba5107047047c40

[1 occurrence(s)]
DEBUG --> [REQ_ID=a0256ec2080f] [INIT] App\Controllers\Home::GET

[26 occurrence(s)]
DEBUG --> MyMIUser L52 - initialized (first log).

[6 occurrence(s)]
DEBUG --> [MetaService] slug= pageName= cacheHit= path=FALLBACK

[1 occurrence(s)]
DEBUG --> [REQ_ID=a0256ec2080f] [VIEW_RENDER] themes/public/home

[4 occurrence(s)]
DEBUG --> [MetaService] slug= pageName=Home cacheHit= path=DB

[1 occurrence(s)]
DEBUG --> [REQ_ID=e38ef2b35963] [FILTER_AFTER]

[1 occurrence(s)]
DEBUG --> [REQ_ID=e38ef2b35963] [LIFECYCLE][END] status=200 duration_ms=1,215.66 memory_delta=4194304

[1 occurrence(s)]
DEBUG --> [REQ_ID=e38ef2b35963] [REQUEST][END]

[1 occurrence(s)]
DEBUG --> [REQ_ID=5f5959c300d4] [REQUEST][START] GET /index.php/Knowledgebase

[1 occurrence(s)]
DEBUG --> [REQ_ID=5f5959c300d4] [REQUEST][END]

[1 occurrence(s)]
DEBUG --> [REQ_ID=8fec1f281d07] [REQUEST][START] HEAD /

[1 occurrence(s)]
DEBUG --> [REQ_ID=ff220e4f59e6] [REQUEST][START] GET /

[1 occurrence(s)]
DEBUG --> [REQ_ID=ff220e4f59e6] [FILTER_BEFORE] /

[1 occurrence(s)]
DEBUG --> [REQ_ID=ff220e4f59e6] [ROUTE] Controller=\App\Controllers\Home Method=index

[1 occurrence(s)]
DEBUG --> [REQ_ID=ff220e4f59e6] [LIFECYCLE][START] GET https://www.mymiwallet.com/index.php/

[1 occurrence(s)]
DEBUG --> [CSRF] token name=csrf_test_name hash=cb415f3a5b2939d3c804433425340c3f

[1 occurrence(s)]
DEBUG --> [REQ_ID=ebada3b87dfe] [INIT] App\Controllers\Home::GET

[11 occurrence(s)]
DEBUG --> [MetaService] slug= pageName= cacheHit=1 path=CACHE

[1 occurrence(s)]
DEBUG --> [REQ_ID=ebada3b87dfe] [VIEW_RENDER] themes/public/home

[13 occurrence(s)]
DEBUG --> [MetaService] slug= pageName=Home cacheHit=1 path=CACHE

[1 occurrence(s)]
DEBUG --> [REQ_ID=ff220e4f59e6] [FILTER_AFTER]

[1 occurrence(s)]
DEBUG --> [REQ_ID=ff220e4f59e6] [LIFECYCLE][END] status=200 duration_ms=601.78 memory_delta=4194304

[1 occurrence(s)]
DEBUG --> [REQ_ID=ff220e4f59e6] [REQUEST][END]

[1 occurrence(s)]
DEBUG --> [REQ_ID=72ba2663185d] [REQUEST][START] GET /

[1 occurrence(s)]
DEBUG --> [REQ_ID=72ba2663185d] [FILTER_BEFORE] /

[1 occurrence(s)]
DEBUG --> [REQ_ID=72ba2663185d] [ROUTE] Controller=\App\Controllers\Home Method=index

[1 occurrence(s)]
DEBUG --> [REQ_ID=72ba2663185d] [LIFECYCLE][START] GET https://www.mymiwallet.com/index.php/

[1 occurrence(s)]
DEBUG --> [CSRF] token name=csrf_test_name hash=968e66cf896aa96abbd637af2674fd26

[1 occurrence(s)]
DEBUG --> [REQ_ID=37cccf55b872] [INIT] App\Controllers\Home::GET

[1 occurrence(s)]
DEBUG --> [REQ_ID=37cccf55b872] [VIEW_RENDER] themes/public/home

[1 occurrence(s)]
DEBUG --> [REQ_ID=72ba2663185d] [FILTER_AFTER]

[1 occurrence(s)]
DEBUG --> [REQ_ID=72ba2663185d] [LIFECYCLE][END] status=200 duration_ms=798.31 memory_delta=2097152

[1 occurrence(s)]
DEBUG --> [REQ_ID=72ba2663185d] [REQUEST][END]

[1 occurrence(s)]
DEBUG --> [REQ_ID=f74814363a84] [REQUEST][START] GET /

[1 occurrence(s)]
DEBUG --> [REQ_ID=f74814363a84] [FILTER_BEFORE] /

[1 occurrence(s)]
DEBUG --> [REQ_ID=f74814363a84] [ROUTE] Controller=\App\Controllers\Home Method=index

[1 occurrence(s)]
DEBUG --> [REQ_ID=f74814363a84] [LIFECYCLE][START] GET https://www.mymiwallet.com/index.php/

[2 occurrence(s)]
DEBUG --> [CSRF] token name=csrf_test_name hash=4ec959a715776abeb563e00ce8a89fd5

[1 occurrence(s)]
DEBUG --> [REQ_ID=1cb123c4152f] [INIT] App\Controllers\Home::GET

[1 occurrence(s)]
DEBUG --> [REQ_ID=1cb123c4152f] [VIEW_RENDER] themes/public/home

[1 occurrence(s)]
DEBUG --> [REQ_ID=f74814363a84] [FILTER_AFTER]

[1 occurrence(s)]
DEBUG --> [REQ_ID=f74814363a84] [LIFECYCLE][END] status=200 duration_ms=750.91 memory_delta=4194304

[1 occurrence(s)]
DEBUG --> [REQ_ID=f74814363a84] [REQUEST][END]

[1 occurrence(s)]
DEBUG --> [REQ_ID=08ca852980b4] [REQUEST][START] GET /index.php?debugbar

[1 occurrence(s)]
DEBUG --> [REQ_ID=08ca852980b4] [FILTER_BEFORE] /index.php?debugbar

[1 occurrence(s)]
DEBUG --> [REQ_ID=08ca852980b4] [ROUTE] Controller=\App\Controllers\Home Method=index

[1 occurrence(s)]
DEBUG --> [REQ_ID=08ca852980b4] [LIFECYCLE][START] GET https://www.mymiwallet.com/index.php?debugbar=

[11 occurrence(s)]
DEBUG --> [CSRF] token name=csrf_test_name hash=5d3c5a84d488d9c27f3e45c14f7f34d5

[1 occurrence(s)]
DEBUG --> [REQ_ID=e7b241fab414] [INIT] App\Controllers\Home::GET

[1 occurrence(s)]
DEBUG --> [REQ_ID=e7b241fab414] [VIEW_RENDER] themes/public/home

[1 occurrence(s)]
DEBUG --> [REQ_ID=08ca852980b4] [FILTER_AFTER]

[1 occurrence(s)]
DEBUG --> [REQ_ID=08ca852980b4] [LIFECYCLE][END] status=200 duration_ms=530.99 memory_delta=2097152

[1 occurrence(s)]
DEBUG --> [REQ_ID=08ca852980b4] [REQUEST][END]

[1 occurrence(s)]
DEBUG --> [REQ_ID=2e7e189dc9c0] [REQUEST][START] GET /index.php?debugbar

[1 occurrence(s)]
DEBUG --> [REQ_ID=2e7e189dc9c0] [FILTER_BEFORE] /index.php?debugbar

[1 occurrence(s)]
DEBUG --> [REQ_ID=2e7e189dc9c0] [ROUTE] Controller=\App\Controllers\Home Method=index

[1 occurrence(s)]
DEBUG --> [REQ_ID=2e7e189dc9c0] [LIFECYCLE][START] GET https://www.mymiwallet.com/index.php?debugbar=

[1 occurrence(s)]
DEBUG --> [REQ_ID=2638007232ac] [INIT] App\Controllers\Home::GET

[1 occurrence(s)]
DEBUG --> [REQ_ID=2638007232ac] [VIEW_RENDER] themes/public/home

[1 occurrence(s)]
DEBUG --> [REQ_ID=2e7e189dc9c0] [FILTER_AFTER]

[1 occurrence(s)]
DEBUG --> [REQ_ID=2e7e189dc9c0] [LIFECYCLE][END] status=200 duration_ms=576.48 memory_delta=2097152

[1 occurrence(s)]
DEBUG --> [REQ_ID=2e7e189dc9c0] [REQUEST][END]

[1 occurrence(s)]
DEBUG --> [REQ_ID=3062ab734b3a] [REQUEST][START] GET /index.php/login

[1 occurrence(s)]
DEBUG --> [REQ_ID=3062ab734b3a] [FILTER_BEFORE] /index.php/login

[1 occurrence(s)]
DEBUG --> [REQ_ID=3062ab734b3a] [ROUTE] Controller=\App\Controllers\AuthController Method=login

[1 occurrence(s)]
DEBUG --> [REQ_ID=3062ab734b3a] [LIFECYCLE][START] GET https://www.mymiwallet.com/index.php/login

[1 occurrence(s)]
DEBUG --> [REQ_ID=079df5ab0354] [INIT] App\Controllers\AuthController::GET

[1 occurrence(s)]
DEBUG --> [REQ_ID=3062ab734b3a] [FILTER_AFTER]

[1 occurrence(s)]
DEBUG --> [REQ_ID=3062ab734b3a] [LIFECYCLE][END] status=200 duration_ms=37.43 memory_delta=0

[1 occurrence(s)]
DEBUG --> [REQ_ID=3062ab734b3a] [REQUEST][END]

[1 occurrence(s)]
DEBUG --> [REQ_ID=74c64b00e8ba] [REQUEST][START] POST /index.php/login

[1 occurrence(s)]
DEBUG --> [REQ_ID=74c64b00e8ba] [FILTER_BEFORE] /index.php/login

[1 occurrence(s)]
DEBUG --> [REQ_ID=74c64b00e8ba] [ROUTE] Controller=\App\Controllers\AuthController Method=attemptLogin

[1 occurrence(s)]
DEBUG --> [REQ_ID=74c64b00e8ba] [LIFECYCLE][START] POST https://www.mymiwallet.com/index.php/login

[1 occurrence(s)]
DEBUG --> [REQ_ID=74c64b00e8ba] [REQUEST][END]

[1 occurrence(s)]
DEBUG --> [REQ_ID=b931cc2edff6] [REQUEST][START] GET /index.php/login

[1 occurrence(s)]
DEBUG --> [REQ_ID=b931cc2edff6] [FILTER_BEFORE] /index.php/login

[1 occurrence(s)]
DEBUG --> [REQ_ID=b931cc2edff6] [ROUTE] Controller=\App\Controllers\AuthController Method=login

[1 occurrence(s)]
DEBUG --> [REQ_ID=b931cc2edff6] [LIFECYCLE][START] GET https://www.mymiwallet.com/index.php/login

[1 occurrence(s)]
DEBUG --> [REQ_ID=04e355f9351a] [INIT] App\Controllers\AuthController::GET

[1 occurrence(s)]
DEBUG --> [REQ_ID=b931cc2edff6] [FILTER_AFTER]

[1 occurrence(s)]
DEBUG --> [REQ_ID=b931cc2edff6] [LIFECYCLE][END] status=200 duration_ms=84.99 memory_delta=0

[1 occurrence(s)]
DEBUG --> [REQ_ID=b931cc2edff6] [REQUEST][END]

[1 occurrence(s)]
DEBUG --> [REQ_ID=33b13871350d] [REQUEST][START] POST /index.php/login

[1 occurrence(s)]
DEBUG --> [REQ_ID=33b13871350d] [FILTER_BEFORE] /index.php/login

[1 occurrence(s)]
DEBUG --> [REQ_ID=33b13871350d] [ROUTE] Controller=\App\Controllers\AuthController Method=attemptLogin

[1 occurrence(s)]
DEBUG --> [REQ_ID=33b13871350d] [LIFECYCLE][START] POST https://www.mymiwallet.com/index.php/login

[1 occurrence(s)]
DEBUG --> [REQ_ID=e06df8ebc0c0] [INIT] App\Controllers\AuthController::POST

[1 occurrence(s)]
DEBUG --> Auth attemptLogin() called with login identifier: tburks2392, remember: false

[1 occurrence(s)]
DEBUG --> Auth attemptLogin() called. redirect_url in session: none

[1 occurrence(s)]
DEBUG --> Auth credentials normalised for attempt using key "username"

[1 occurrence(s)]
DEBUG --> Auth attempt succeeded for identifier tburks2392. logged_in(): yes, user_id(): 2

[1 occurrence(s)]
DEBUG --> Auth attempt succeeded. logged_in(): yes, user_id(): 2

[1 occurrence(s)]
DEBUG --> Auth attemptLogin() - session user_id set to: 2

[1 occurrence(s)]
DEBUG --> Auth redirect destination: https://www.mymiwallet.com/index.php/Dashboard

[1 occurrence(s)]
DEBUG --> [REQ_ID=33b13871350d] [FILTER_AFTER]

[1 occurrence(s)]
DEBUG --> [REQ_ID=33b13871350d] [LIFECYCLE][END] status=303 duration_ms=134.76 memory_delta=0

[1 occurrence(s)]
DEBUG --> [REQ_ID=33b13871350d] [REQUEST][END]

[1 occurrence(s)]
DEBUG --> [REQ_ID=9acecac71518] [REQUEST][START] GET /index.php/Dashboard

[1 occurrence(s)]
DEBUG --> [REQ_ID=9acecac71518] [FILTER_BEFORE] /index.php/Dashboard

[1 occurrence(s)]
DEBUG --> [REQ_ID=9acecac71518] [ROUTE] Controller=\App\Modules\User\Controllers\DashboardController Method=index

[1 occurrence(s)]
DEBUG --> [REQ_ID=9acecac71518] [LIFECYCLE][START] GET https://www.mymiwallet.com/index.php/Dashboard

[1 occurrence(s)]
DEBUG --> [REQ_ID=b337b110a33c] [INIT] App\Modules\User\Controllers\DashboardController::GET

[1 occurrence(s)]
DEBUG --> [REQ_ID=b337b110a33c] [METHOD_ENTRY] index

[39 occurrence(s)]
DEBUG --> [SERVICE] App\Services\BudgetService ::setUserId

[2 occurrence(s)]
DEBUG --> MyMIMarketing: Pscrape library not installed; Google search scraping will use fallback.

[2 occurrence(s)]
DEBUG --> [DASHBOARD] Enter

[4 occurrence(s)]
DEBUG --> [SERVICE] App\Services\BudgetService ::getUserBudget

[4 occurrence(s)]
DEBUG --> [MODEL_WHERE] App\Models\BudgetModel KEY={"created_by":2,"deleted":0}

[18 occurrence(s)]
DEBUG --> [MODEL_WHERE] App\Models\BudgetModel KEY="created_by"

[18 occurrence(s)]
DEBUG --> [MODEL_WHERE] App\Models\BudgetModel KEY="account_type"

[16 occurrence(s)]
DEBUG --> [MODEL_WHERE] App\Models\BudgetModel KEY="designated_date >="

[16 occurrence(s)]
DEBUG --> [MODEL_WHERE] App\Models\BudgetModel KEY="designated_date <="

[14 occurrence(s)]
DEBUG --> [MODEL_WHERE] App\Models\BudgetModel KEY="year"

[12 occurrence(s)]
DEBUG --> [MODEL_WHERE] App\Models\BudgetModel KEY="month <="

[12 occurrence(s)]
DEBUG --> [MODEL_WHERE] App\Models\BudgetModel KEY="day <="

[6 occurrence(s)]
DEBUG --> [MODEL_WHERE] App\Models\BudgetModel KEY={"created_by":2,"account_type":"Income","month":"03","year":"2026"}

[52 occurrence(s)]
DEBUG --> [MODEL_FIRST] App\Models\BudgetModel

[6 occurrence(s)]
DEBUG --> [MODEL_WHERE] App\Models\BudgetModel KEY={"created_by":2,"account_type":"Income","month":"02","year":"2026"}

[6 occurrence(s)]
DEBUG --> [MODEL_WHERE] App\Models\BudgetModel KEY={"created_by":2,"account_type":"Expense","month":"03","year":"2026"}

[6 occurrence(s)]
DEBUG --> [MODEL_WHERE] App\Models\BudgetModel KEY={"created_by":2,"account_type":"Expense","month":"02","year":"2026"}

[12 occurrence(s)]
DEBUG --> [MODEL_WHERE] App\Models\BudgetModel KEY={"status":1,"created_by":2,"deleted":0}

[8 occurrence(s)]
DEBUG --> [MODEL_WHERE] App\Models\BudgetModel KEY={"status":1,"paid":0,"created_by":2,"deleted":0}

[2 occurrence(s)]
DEBUG --> Skipping placeholder symbol for row 46402

[2 occurrence(s)]
DEBUG --> [CACHE_MISS] mymiwallet_development_squeeze_high-risk_global_global_1f86633dd

[2 occurrence(s)]
DEBUG --> MyMIInvestments::getSqueezeHighRiskCount failed: Unknown column 'score_total' in 'where clause'

[2 occurrence(s)]
DEBUG --> 📰 Daily dashboard news window 2026-03-20 00:00:00 -> 2026-03-20 23:59:59 returned 0 rows

[2 occurrence(s)]
DEBUG --> [SETUP] Status computed

[1 occurrence(s)]
DEBUG --> [REQ_ID=b337b110a33c] [VIEW_RENDER] User/Dashboard/index

[2 occurrence(s)]
DEBUG --> [MODEL_WHERE] App\Models\BudgetModel KEY={"created_by":2,"account_type":"Income","status":1,"month":"03","year":"2026"}

[2 occurrence(s)]
DEBUG --> [MODEL_WHERE] App\Models\BudgetModel KEY={"created_by":2,"account_type":"Expense","status":1,"month":"03","year":"2026"}

[2 occurrence(s)]
DEBUG --> [MODEL_WHERE] App\Models\BudgetModel KEY={"created_by":2,"account_type":"Investment","month":"03","year":"2026","status":1}

[2 occurrence(s)]
DEBUG --> [MODEL_WHERE] App\Models\BudgetModel KEY={"created_by":2,"account_type":"Income","status":1,"month":"02"}

[2 occurrence(s)]
DEBUG --> [MODEL_WHERE] App\Models\BudgetModel KEY={"created_by":2,"account_type":"Expense","status":1,"month":"02"}

[2 occurrence(s)]
DEBUG --> [MODEL_WHERE] App\Models\BudgetModel KEY={"created_by":2,"account_type":"Investment","month":"02","year":"2026","status":1}

[2 occurrence(s)]
DEBUG --> [MODEL_WHERE] App\Models\BudgetModel KEY={"created_by":2,"account_type":"Income","status":1,"month":"04"}

[2 occurrence(s)]
DEBUG --> [MODEL_WHERE] App\Models\BudgetModel KEY={"created_by":2,"account_type":"Expense","status":1,"month":"04"}

[2 occurrence(s)]
DEBUG --> [MODEL_WHERE] App\Models\BudgetModel KEY={"created_by":2,"account_type":"Investment","month":"04","year":"2026","status":1}

[2 occurrence(s)]
DEBUG --> [MODEL_WHERE] App\Models\BudgetModel KEY={"created_by":2,"account_type":"Income","status":1,"year":"2026"}

[6 occurrence(s)]
DEBUG --> [MODEL_WHERE] App\Models\BudgetModel KEY="status"

[2 occurrence(s)]
DEBUG --> [MODEL_WHERE] App\Models\BudgetModel KEY={"created_by":2,"account_type":"Investment","status":1}

[1 occurrence(s)]
DEBUG --> [REQ_ID=8366408500c9] [REQUEST][START] GET /index.php?debugbar

[1 occurrence(s)]
DEBUG --> [REQ_ID=9acecac71518] [FILTER_AFTER]

[1 occurrence(s)]
DEBUG --> [REQ_ID=9acecac71518] [LIFECYCLE][END] status=200 duration_ms=1,197.08 memory_delta=4194304

[1 occurrence(s)]
DEBUG --> [REQ_ID=9acecac71518] [REQUEST][END]

[1 occurrence(s)]
DEBUG --> [REQ_ID=8366408500c9] [FILTER_BEFORE] /index.php?debugbar

[1 occurrence(s)]
DEBUG --> [REQ_ID=8366408500c9] [ROUTE] Controller=\App\Controllers\Home Method=index

[1 occurrence(s)]
DEBUG --> [REQ_ID=8366408500c9] [LIFECYCLE][START] GET https://www.mymiwallet.com/index.php?debugbar=

[1 occurrence(s)]
DEBUG --> [REQ_ID=6c68e5addcfe] [INIT] App\Controllers\Home::GET

[1 occurrence(s)]
DEBUG --> [REQ_ID=4511e7a4f36d] [REQUEST][START] GET /index.php?debugbar

[1 occurrence(s)]
DEBUG --> [REQ_ID=46eaf7b0b525] [REQUEST][START] GET /index.php?debugbar

[1 occurrence(s)]
DEBUG --> [REQ_ID=4cc19bdb0cff] [REQUEST][START] GET /index.php?debugbar

[1 occurrence(s)]
DEBUG --> [REQ_ID=6c68e5addcfe] [VIEW_RENDER] themes/public/home

[1 occurrence(s)]
DEBUG --> [REQ_ID=8366408500c9] [FILTER_AFTER]

[1 occurrence(s)]
DEBUG --> [REQ_ID=8366408500c9] [LIFECYCLE][END] status=200 duration_ms=649.06 memory_delta=4194304

[1 occurrence(s)]
DEBUG --> [REQ_ID=8366408500c9] [REQUEST][END]

[1 occurrence(s)]
DEBUG --> [REQ_ID=4511e7a4f36d] [FILTER_BEFORE] /index.php?debugbar

[1 occurrence(s)]
DEBUG --> [REQ_ID=4511e7a4f36d] [ROUTE] Controller=\App\Controllers\Home Method=index

[1 occurrence(s)]
DEBUG --> [REQ_ID=4511e7a4f36d] [LIFECYCLE][START] GET https://www.mymiwallet.com/index.php?debugbar=

[1 occurrence(s)]
DEBUG --> [REQ_ID=5b3d347303e0] [INIT] App\Controllers\Home::GET

[1 occurrence(s)]
DEBUG --> [REQ_ID=5b3d347303e0] [VIEW_RENDER] themes/public/home

[1 occurrence(s)]
DEBUG --> [REQ_ID=4511e7a4f36d] [FILTER_AFTER]

[1 occurrence(s)]
DEBUG --> [REQ_ID=4511e7a4f36d] [LIFECYCLE][END] status=200 duration_ms=579.26 memory_delta=2097152

[1 occurrence(s)]
DEBUG --> [REQ_ID=4511e7a4f36d] [REQUEST][END]

[1 occurrence(s)]
DEBUG --> [REQ_ID=46eaf7b0b525] [FILTER_BEFORE] /index.php?debugbar

[1 occurrence(s)]
DEBUG --> [REQ_ID=46eaf7b0b525] [ROUTE] Controller=\App\Controllers\Home Method=index

[1 occurrence(s)]
DEBUG --> [REQ_ID=46eaf7b0b525] [LIFECYCLE][START] GET https://www.mymiwallet.com/index.php?debugbar=

[1 occurrence(s)]
DEBUG --> [REQ_ID=aaf4392738f3] [INIT] App\Controllers\Home::GET

[1 occurrence(s)]
DEBUG --> [REQ_ID=aaf4392738f3] [VIEW_RENDER] themes/public/home

[1 occurrence(s)]
DEBUG --> [REQ_ID=46eaf7b0b525] [FILTER_AFTER]

[1 occurrence(s)]
DEBUG --> [REQ_ID=46eaf7b0b525] [LIFECYCLE][END] status=200 duration_ms=715.16 memory_delta=4194304

[1 occurrence(s)]
DEBUG --> [REQ_ID=46eaf7b0b525] [REQUEST][END]

[1 occurrence(s)]
DEBUG --> [REQ_ID=4cc19bdb0cff] [FILTER_BEFORE] /index.php?debugbar

[1 occurrence(s)]
DEBUG --> [REQ_ID=4cc19bdb0cff] [ROUTE] Controller=\App\Controllers\Home Method=index

[1 occurrence(s)]
DEBUG --> [REQ_ID=4cc19bdb0cff] [LIFECYCLE][START] GET https://www.mymiwallet.com/index.php?debugbar=

[1 occurrence(s)]
DEBUG --> [REQ_ID=5681ce516668] [INIT] App\Controllers\Home::GET

[1 occurrence(s)]
DEBUG --> [REQ_ID=5681ce516668] [VIEW_RENDER] themes/public/home

[1 occurrence(s)]
DEBUG --> [REQ_ID=4cc19bdb0cff] [FILTER_AFTER]

[1 occurrence(s)]
DEBUG --> [REQ_ID=4cc19bdb0cff] [LIFECYCLE][END] status=200 duration_ms=658.27 memory_delta=4194304

[1 occurrence(s)]
DEBUG --> [REQ_ID=4cc19bdb0cff] [REQUEST][END]

[1 occurrence(s)]
DEBUG --> [REQ_ID=35a8f71b0e6f] [REQUEST][START] HEAD /

[1 occurrence(s)]
DEBUG --> [REQ_ID=ebce4d7ea060] [REQUEST][START] GET /

[1 occurrence(s)]
DEBUG --> [REQ_ID=ebce4d7ea060] [FILTER_BEFORE] /

[1 occurrence(s)]
DEBUG --> [REQ_ID=ebce4d7ea060] [ROUTE] Controller=\App\Controllers\Home Method=index

[1 occurrence(s)]
DEBUG --> [REQ_ID=ebce4d7ea060] [LIFECYCLE][START] GET https://www.mymiwallet.com/index.php/

[1 occurrence(s)]
DEBUG --> [CSRF] token name=csrf_test_name hash=b7350f01262963f3db31c984b2ef678e

[1 occurrence(s)]
DEBUG --> [REQ_ID=e03319ab307a] [INIT] App\Controllers\Home::GET

[1 occurrence(s)]
DEBUG --> [REQ_ID=e03319ab307a] [VIEW_RENDER] themes/public/home

[1 occurrence(s)]
DEBUG --> [REQ_ID=ebce4d7ea060] [FILTER_AFTER]

[1 occurrence(s)]
DEBUG --> [REQ_ID=ebce4d7ea060] [LIFECYCLE][END] status=200 duration_ms=917.19 memory_delta=4194304

[1 occurrence(s)]
DEBUG --> [REQ_ID=ebce4d7ea060] [REQUEST][END]

[1 occurrence(s)]
DEBUG --> [REQ_ID=694ebde430f0] [REQUEST][START] GET /

[1 occurrence(s)]
DEBUG --> [REQ_ID=694ebde430f0] [REQUEST][END]

[1 occurrence(s)]
DEBUG --> [REQ_ID=d8232c1de567] [REQUEST][START] HEAD /

[1 occurrence(s)]
DEBUG --> [REQ_ID=000d04a4fe2d] [REQUEST][START] GET /index.php/API/Management/Run-CRON-Tasks

[1 occurrence(s)]
DEBUG --> [REQ_ID=000d04a4fe2d] [FILTER_BEFORE] /index.php/API/Management/Run-CRON-Tasks

[1 occurrence(s)]
DEBUG --> [REQ_ID=000d04a4fe2d] [ROUTE] Controller=\App\Modules\Management\Controllers\ManagementAPIController Method=Run_CRON_Tasks

[1 occurrence(s)]
DEBUG --> [REQ_ID=000d04a4fe2d] [LIFECYCLE][START] GET https://www.mymiwallet.com/index.php/API/Management/Run-CRON-Tasks

[1 occurrence(s)]
DEBUG --> [REQ_ID=000d04a4fe2d] [REQUEST][END]

[1 occurrence(s)]
DEBUG --> [REQ_ID=a7d92b9bd6cf] [REQUEST][START] HEAD /

[1 occurrence(s)]
DEBUG --> [REQ_ID=05a8bba6ded7] [REQUEST][START] HEAD /

[1 occurrence(s)]
DEBUG --> [REQ_ID=b8a8314428b4] [REQUEST][START] HEAD /

[1 occurrence(s)]
DEBUG --> [REQ_ID=c616dced375a] [REQUEST][START] GET /index.php/API/Alerts/fetchEmailAlerts

[1 occurrence(s)]
DEBUG --> [REQ_ID=c616dced375a] [FILTER_BEFORE] /index.php/API/Alerts/fetchEmailAlerts

[1 occurrence(s)]
DEBUG --> [REQ_ID=c616dced375a] [ROUTE] Controller=\App\Modules\APIs\Controllers\AlertsAPIController Method=fetchEmailAlerts

[1 occurrence(s)]
DEBUG --> [REQ_ID=c616dced375a] [LIFECYCLE][START] GET https://www.mymiwallet.com/index.php/API/Alerts/fetchEmailAlerts

[1 occurrence(s)]
DEBUG --> [REQ_ID=c616dced375a] [REQUEST][END]

[1 occurrence(s)]
DEBUG --> [REQ_ID=99e15ee50517] [REQUEST][START] HEAD /

[1 occurrence(s)]
DEBUG --> [REQ_ID=9f8dff3a795d] [REQUEST][START] GET /

[1 occurrence(s)]
DEBUG --> [REQ_ID=9f8dff3a795d] [REQUEST][END]

[1 occurrence(s)]
DEBUG --> [REQ_ID=4ad673815fe9] [REQUEST][START] HEAD /

[1 occurrence(s)]
DEBUG --> [REQ_ID=23b4a2a49f81] [REQUEST][START] HEAD /

[1 occurrence(s)]
DEBUG --> [REQ_ID=598f7dc1f755] [REQUEST][START] HEAD /

[1 occurrence(s)]
DEBUG --> [REQ_ID=99fe3036038c] [REQUEST][START] HEAD /

[1 occurrence(s)]
DEBUG --> [REQ_ID=cddbc099b3f5] [REQUEST][START] HEAD /

[1 occurrence(s)]
DEBUG --> [REQ_ID=320e50cbebfe] [REQUEST][START] HEAD /

[1 occurrence(s)]
DEBUG --> [REQ_ID=af401f424c6a] [REQUEST][START] HEAD /

[1 occurrence(s)]
DEBUG --> [REQ_ID=98540af51a56] [REQUEST][START] HEAD /

[1 occurrence(s)]
DEBUG --> [REQ_ID=8c5a6e9d5bd7] [REQUEST][START] GET /index.php/API/Management/Run-CRON-Tasks

[1 occurrence(s)]
DEBUG --> [REQ_ID=8c5a6e9d5bd7] [FILTER_BEFORE] /index.php/API/Management/Run-CRON-Tasks

[1 occurrence(s)]
DEBUG --> [REQ_ID=8c5a6e9d5bd7] [ROUTE] Controller=\App\Modules\Management\Controllers\ManagementAPIController Method=Run_CRON_Tasks

[1 occurrence(s)]
DEBUG --> [REQ_ID=8c5a6e9d5bd7] [LIFECYCLE][START] GET https://www.mymiwallet.com/index.php/API/Management/Run-CRON-Tasks

[1 occurrence(s)]
DEBUG --> [REQ_ID=8c5a6e9d5bd7] [REQUEST][END]

[1 occurrence(s)]
DEBUG --> [REQ_ID=299e3448e83f] [REQUEST][START] HEAD /

[1 occurrence(s)]
DEBUG --> [REQ_ID=795b4f2d6a65] [REQUEST][START] GET /index.php/Dashboard

[1 occurrence(s)]
DEBUG --> [REQ_ID=795b4f2d6a65] [FILTER_BEFORE] /index.php/Dashboard

[1 occurrence(s)]
DEBUG --> [REQ_ID=795b4f2d6a65] [ROUTE] Controller=\App\Modules\User\Controllers\DashboardController Method=index

[1 occurrence(s)]
DEBUG --> [REQ_ID=795b4f2d6a65] [LIFECYCLE][START] GET https://www.mymiwallet.com/index.php/Dashboard

[1 occurrence(s)]
DEBUG --> [REQ_ID=074cd6e0ca4f] [INIT] App\Modules\User\Controllers\DashboardController::GET

[1 occurrence(s)]
DEBUG --> [REQ_ID=074cd6e0ca4f] [METHOD_ENTRY] index

[1 occurrence(s)]
DEBUG --> [REQ_ID=074cd6e0ca4f] [VIEW_RENDER] User/Dashboard/index

[1 occurrence(s)]
DEBUG --> [REQ_ID=795b4f2d6a65] [FILTER_AFTER]

[1 occurrence(s)]
DEBUG --> [REQ_ID=795b4f2d6a65] [LIFECYCLE][END] status=200 duration_ms=985.98 memory_delta=4194304

[1 occurrence(s)]
DEBUG --> [REQ_ID=795b4f2d6a65] [REQUEST][END]

[1 occurrence(s)]
DEBUG --> [REQ_ID=7ed5b479cf57] [REQUEST][START] HEAD /

[1 occurrence(s)]
DEBUG --> [REQ_ID=c096b04ff817] [REQUEST][START] HEAD /

[1 occurrence(s)]
DEBUG --> [REQ_ID=2bbf69da4aa7] [REQUEST][START] GET /index.php/API/Alerts/fetchEmailAlerts

[1 occurrence(s)]
DEBUG --> [REQ_ID=2bbf69da4aa7] [FILTER_BEFORE] /index.php/API/Alerts/fetchEmailAlerts

[1 occurrence(s)]
DEBUG --> [REQ_ID=2bbf69da4aa7] [ROUTE] Controller=\App\Modules\APIs\Controllers\AlertsAPIController Method=fetchEmailAlerts

[1 occurrence(s)]
DEBUG --> [REQ_ID=2bbf69da4aa7] [LIFECYCLE][START] GET https://www.mymiwallet.com/index.php/API/Alerts/fetchEmailAlerts

[1 occurrence(s)]
DEBUG --> [REQ_ID=2bbf69da4aa7] [REQUEST][END]

[1 occurrence(s)]
DEBUG --> [REQ_ID=f55c627265be] [REQUEST][START] HEAD /

[1 occurrence(s)]
DEBUG --> [REQ_ID=af9e732255a6] [REQUEST][START] HEAD /

[1 occurrence(s)]
DEBUG --> [REQ_ID=dde3dc54a3df] [REQUEST][START] HEAD /

[1 occurrence(s)]
DEBUG --> [REQ_ID=c9e6b8e4e277] [REQUEST][START] HEAD /

[1 occurrence(s)]
DEBUG --> [REQ_ID=82e471b12b94] [REQUEST][START] HEAD /

[1 occurrence(s)]
DEBUG --> [REQ_ID=87624ecf17c4] [REQUEST][START] HEAD /

[1 occurrence(s)]
DEBUG --> [REQ_ID=cfbd553570c8] [REQUEST][START] HEAD /

[1 occurrence(s)]
DEBUG --> [REQ_ID=896ac5e5b67c] [REQUEST][START] HEAD /

[1 occurrence(s)]
DEBUG --> [REQ_ID=c796f5e0bdb8] [REQUEST][START] HEAD /

[1 occurrence(s)]
DEBUG --> [REQ_ID=6f6a03a7998a] [REQUEST][START] GET /index.php/API/Management/Run-CRON-Tasks

[1 occurrence(s)]
DEBUG --> [REQ_ID=6f6a03a7998a] [FILTER_BEFORE] /index.php/API/Management/Run-CRON-Tasks

[1 occurrence(s)]
DEBUG --> [REQ_ID=6f6a03a7998a] [ROUTE] Controller=\App\Modules\Management\Controllers\ManagementAPIController Method=Run_CRON_Tasks

[1 occurrence(s)]
DEBUG --> [REQ_ID=6f6a03a7998a] [LIFECYCLE][START] GET https://www.mymiwallet.com/index.php/API/Management/Run-CRON-Tasks

[1 occurrence(s)]
DEBUG --> [REQ_ID=6f6a03a7998a] [REQUEST][END]

[1 occurrence(s)]
DEBUG --> [REQ_ID=dacd460f8145] [REQUEST][START] HEAD /

[1 occurrence(s)]
DEBUG --> [REQ_ID=b27a168c14fa] [REQUEST][START] HEAD /

[1 occurrence(s)]
DEBUG --> [REQ_ID=2a52e34e2074] [REQUEST][START] HEAD /

[1 occurrence(s)]
DEBUG --> [REQ_ID=270ca5c0c931] [REQUEST][START] GET /index.php/API/Alerts/fetchEmailAlerts

[1 occurrence(s)]
DEBUG --> [REQ_ID=270ca5c0c931] [FILTER_BEFORE] /index.php/API/Alerts/fetchEmailAlerts

[1 occurrence(s)]
DEBUG --> [REQ_ID=270ca5c0c931] [ROUTE] Controller=\App\Modules\APIs\Controllers\AlertsAPIController Method=fetchEmailAlerts

[1 occurrence(s)]
DEBUG --> [REQ_ID=270ca5c0c931] [LIFECYCLE][START] GET https://www.mymiwallet.com/index.php/API/Alerts/fetchEmailAlerts

[1 occurrence(s)]
DEBUG --> [REQ_ID=270ca5c0c931] [REQUEST][END]

[1 occurrence(s)]
DEBUG --> [REQ_ID=11e1f6275bf0] [REQUEST][START] HEAD /

[1 occurrence(s)]
DEBUG --> [REQ_ID=ee827616db1a] [REQUEST][START] HEAD /

[1 occurrence(s)]
DEBUG --> [REQ_ID=8e2781e9098a] [REQUEST][START] GET /

[1 occurrence(s)]
DEBUG --> [REQ_ID=8e2781e9098a] [FILTER_BEFORE] /

[1 occurrence(s)]
DEBUG --> [REQ_ID=8e2781e9098a] [ROUTE] Controller=\App\Controllers\Home Method=index

[1 occurrence(s)]
DEBUG --> [REQ_ID=8e2781e9098a] [LIFECYCLE][START] GET https://www.mymiwallet.com/index.php/

[1 occurrence(s)]
DEBUG --> [CSRF] token name=csrf_test_name hash=52ba35c1ddad1e011ebb4ff21f92f1c7

[1 occurrence(s)]
DEBUG --> [REQ_ID=007aa1efa540] [INIT] App\Controllers\Home::GET

[1 occurrence(s)]
DEBUG --> [REQ_ID=007aa1efa540] [VIEW_RENDER] themes/public/home

[1 occurrence(s)]
DEBUG --> [REQ_ID=8e2781e9098a] [FILTER_AFTER]

[1 occurrence(s)]
DEBUG --> [REQ_ID=8e2781e9098a] [LIFECYCLE][END] status=200 duration_ms=998.13 memory_delta=4194304

[1 occurrence(s)]
DEBUG --> [REQ_ID=8e2781e9098a] [REQUEST][END]

[1 occurrence(s)]
DEBUG --> [REQ_ID=c008287c6015] [REQUEST][START] HEAD /

[1 occurrence(s)]
DEBUG --> [REQ_ID=5a13119aceb5] [REQUEST][START] HEAD /

[1 occurrence(s)]
DEBUG --> [REQ_ID=e0b8b43accb3] [REQUEST][START] HEAD /

[1 occurrence(s)]
DEBUG --> [REQ_ID=bd1827a2ad6b] [REQUEST][START] HEAD /

[1 occurrence(s)]
DEBUG --> [REQ_ID=b6f927844985] [REQUEST][START] HEAD /

[1 occurrence(s)]
DEBUG --> [REQ_ID=be9413660a0d] [REQUEST][START] GET /

[1 occurrence(s)]
DEBUG --> [REQ_ID=be9413660a0d] [REQUEST][END]

[1 occurrence(s)]
DEBUG --> [REQ_ID=045871579a2c] [REQUEST][START] HEAD /

[1 occurrence(s)]
DEBUG --> [REQ_ID=70841383685e] [REQUEST][START] HEAD /

[1 occurrence(s)]
DEBUG --> [REQ_ID=710d04f71b21] [REQUEST][START] GET /index.php/API/Management/Run-CRON-Tasks

[1 occurrence(s)]
DEBUG --> [REQ_ID=710d04f71b21] [FILTER_BEFORE] /index.php/API/Management/Run-CRON-Tasks

[1 occurrence(s)]
DEBUG --> [REQ_ID=710d04f71b21] [ROUTE] Controller=\App\Modules\Management\Controllers\ManagementAPIController Method=Run_CRON_Tasks

[1 occurrence(s)]
DEBUG --> [REQ_ID=710d04f71b21] [LIFECYCLE][START] GET https://www.mymiwallet.com/index.php/API/Management/Run-CRON-Tasks

[1 occurrence(s)]
DEBUG --> [REQ_ID=710d04f71b21] [REQUEST][END]

[1 occurrence(s)]
DEBUG --> [REQ_ID=81092ed250c5] [REQUEST][START] HEAD /

[1 occurrence(s)]
DEBUG --> [REQ_ID=e53f70344b43] [REQUEST][START] HEAD /

[1 occurrence(s)]
DEBUG --> [REQ_ID=ecdf9b856349] [REQUEST][START] HEAD /

[1 occurrence(s)]
DEBUG --> [REQ_ID=3cb572a0b0bb] [REQUEST][START] GET /index.php/API/Alerts/fetchEmailAlerts

[1 occurrence(s)]
DEBUG --> [REQ_ID=3cb572a0b0bb] [FILTER_BEFORE] /index.php/API/Alerts/fetchEmailAlerts

[1 occurrence(s)]
DEBUG --> [REQ_ID=3cb572a0b0bb] [ROUTE] Controller=\App\Modules\APIs\Controllers\AlertsAPIController Method=fetchEmailAlerts

[1 occurrence(s)]
DEBUG --> [REQ_ID=3cb572a0b0bb] [LIFECYCLE][START] GET https://www.mymiwallet.com/index.php/API/Alerts/fetchEmailAlerts

[1 occurrence(s)]
DEBUG --> [REQ_ID=3cb572a0b0bb] [REQUEST][END]

[1 occurrence(s)]
DEBUG --> [REQ_ID=07a6e7825e11] [REQUEST][START] HEAD /

[1 occurrence(s)]
DEBUG --> [REQ_ID=2f3486614c75] [REQUEST][START] GET /

[1 occurrence(s)]
DEBUG --> [REQ_ID=2f3486614c75] [FILTER_BEFORE] /

[1 occurrence(s)]
DEBUG --> [REQ_ID=2f3486614c75] [ROUTE] Controller=\App\Controllers\Home Method=index

[1 occurrence(s)]
DEBUG --> [REQ_ID=2f3486614c75] [LIFECYCLE][START] GET https://www.mymiwallet.com/index.php/

[1 occurrence(s)]
DEBUG --> [CSRF] token name=csrf_test_name hash=46fef688f70737f7a5d7d5955e78a7a9

[1 occurrence(s)]
DEBUG --> [REQ_ID=19c4b1e1d149] [INIT] App\Controllers\Home::GET

[1 occurrence(s)]
DEBUG --> [REQ_ID=19c4b1e1d149] [VIEW_RENDER] themes/public/home

[1 occurrence(s)]
DEBUG --> [REQ_ID=2f3486614c75] [FILTER_AFTER]

[1 occurrence(s)]
DEBUG --> [REQ_ID=2f3486614c75] [LIFECYCLE][END] status=200 duration_ms=1,467.21 memory_delta=4194304

[1 occurrence(s)]
DEBUG --> [REQ_ID=2f3486614c75] [REQUEST][END]

[1 occurrence(s)]
DEBUG --> [REQ_ID=a050fd13cbbd] [REQUEST][START] HEAD /

[1 occurrence(s)]
DEBUG --> [REQ_ID=ad1bec4235e0] [REQUEST][START] HEAD /

[1 occurrence(s)]
DEBUG --> [REQ_ID=f4f3b201d518] [REQUEST][START] HEAD /

[1 occurrence(s)]
DEBUG --> [REQ_ID=d7bd8cc91762] [REQUEST][START] HEAD /

[1 occurrence(s)]
DEBUG --> [REQ_ID=dc027809327d] [REQUEST][START] GET /

[1 occurrence(s)]
DEBUG --> [REQ_ID=dc027809327d] [FILTER_BEFORE] /

[1 occurrence(s)]
DEBUG --> [REQ_ID=dc027809327d] [ROUTE] Controller=\App\Controllers\Home Method=index

[1 occurrence(s)]
DEBUG --> [REQ_ID=dc027809327d] [LIFECYCLE][START] GET https://www.mymiwallet.com/index.php/

[1 occurrence(s)]
DEBUG --> [CSRF] token name=csrf_test_name hash=95de654604b7b298ac1700bd8b959a46

[1 occurrence(s)]
DEBUG --> [REQ_ID=d8ecd6012c60] [INIT] App\Controllers\Home::GET

[1 occurrence(s)]
DEBUG --> [REQ_ID=d8ecd6012c60] [VIEW_RENDER] themes/public/home

[1 occurrence(s)]
DEBUG --> [REQ_ID=dc027809327d] [FILTER_AFTER]

[1 occurrence(s)]
DEBUG --> [REQ_ID=dc027809327d] [LIFECYCLE][END] status=200 duration_ms=1,260.79 memory_delta=4194304

[1 occurrence(s)]
DEBUG --> [REQ_ID=dc027809327d] [REQUEST][END]

[1 occurrence(s)]
DEBUG --> [REQ_ID=270d1fb3e09b] [REQUEST][START] GET /index.php/Support/Account

[1 occurrence(s)]
DEBUG --> [REQ_ID=270d1fb3e09b] [REQUEST][END]

[1 occurrence(s)]
DEBUG --> [REQ_ID=f249bbdcf781] [REQUEST][START] HEAD /

[1 occurrence(s)]
DEBUG --> [REQ_ID=fcaec4dc9d06] [REQUEST][START] GET /

[1 occurrence(s)]
DEBUG --> [REQ_ID=fcaec4dc9d06] [FILTER_BEFORE] /

[1 occurrence(s)]
DEBUG --> [REQ_ID=fcaec4dc9d06] [ROUTE] Controller=\App\Controllers\Home Method=index

[1 occurrence(s)]
DEBUG --> [REQ_ID=fcaec4dc9d06] [LIFECYCLE][START] GET https://www.mymiwallet.com/index.php/

[1 occurrence(s)]
DEBUG --> [CSRF] token name=csrf_test_name hash=952d1b5e45cc27734592316b9d30f6f7

[1 occurrence(s)]
DEBUG --> [REQ_ID=19025c08dbe0] [INIT] App\Controllers\Home::GET

[1 occurrence(s)]
DEBUG --> [REQ_ID=19025c08dbe0] [VIEW_RENDER] themes/public/home

[1 occurrence(s)]
DEBUG --> [REQ_ID=fcaec4dc9d06] [FILTER_AFTER]

[1 occurrence(s)]
DEBUG --> [REQ_ID=fcaec4dc9d06] [LIFECYCLE][END] status=200 duration_ms=1,047.46 memory_delta=4194304

[1 occurrence(s)]
DEBUG --> [REQ_ID=fcaec4dc9d06] [REQUEST][END]

[1 occurrence(s)]
DEBUG --> [REQ_ID=9963b634b7d8] [REQUEST][START] GET /index.php/activate

[1 occurrence(s)]
DEBUG --> [REQ_ID=9963b634b7d8] [FILTER_BEFORE] /index.php/activate

[1 occurrence(s)]
DEBUG --> [REQ_ID=9963b634b7d8] [ROUTE] Controller=\App\Controllers\AuthController Method=activateAccount

[1 occurrence(s)]
DEBUG --> [REQ_ID=9963b634b7d8] [LIFECYCLE][START] GET https://www.mymiwallet.com/index.php/activate

[1 occurrence(s)]
DEBUG --> [CSRF] token name=csrf_test_name hash=3620f6a0ce70606d461a62b3683269cd

[1 occurrence(s)]
DEBUG --> [REQ_ID=c771dc8413f5] [INIT] App\Controllers\AuthController::GET

[1 occurrence(s)]
DEBUG --> [REQ_ID=9963b634b7d8] [FILTER_AFTER]

[1 occurrence(s)]
DEBUG --> [REQ_ID=9963b634b7d8] [LIFECYCLE][END] status=302 duration_ms=74.77 memory_delta=0

[1 occurrence(s)]
DEBUG --> [REQ_ID=9963b634b7d8] [REQUEST][END]

[1 occurrence(s)]
DEBUG --> [REQ_ID=55d71876c382] [REQUEST][START] HEAD /

[1 occurrence(s)]
DEBUG --> [REQ_ID=5f7c913683d9] [REQUEST][START] GET /index.php/forgot

[1 occurrence(s)]
DEBUG --> [REQ_ID=5f7c913683d9] [FILTER_BEFORE] /index.php/forgot

[1 occurrence(s)]
DEBUG --> [REQ_ID=5f7c913683d9] [ROUTE] Controller=\Myth\Auth\Controllers\AuthController Method=forgotPassword

[1 occurrence(s)]
DEBUG --> [REQ_ID=5f7c913683d9] [LIFECYCLE][START] GET https://www.mymiwallet.com/index.php/forgot

[1 occurrence(s)]
DEBUG --> [CSRF] token name=csrf_test_name hash=f387181597a57abe18d614b9583c26ad

[1 occurrence(s)]
DEBUG --> [REQ_ID=5f7c913683d9] [FILTER_AFTER]

[1 occurrence(s)]
DEBUG --> [REQ_ID=5f7c913683d9] [LIFECYCLE][END] status=200 duration_ms=5.09 memory_delta=0

[1 occurrence(s)]
DEBUG --> [REQ_ID=5f7c913683d9] [REQUEST][END]

[1 occurrence(s)]
DEBUG --> [REQ_ID=22f702a0afa2] [REQUEST][START] GET /index.php/Support

[1 occurrence(s)]
DEBUG --> [REQ_ID=22f702a0afa2] [FILTER_BEFORE] /index.php/Support

[1 occurrence(s)]
DEBUG --> [REQ_ID=22f702a0afa2] [ROUTE] Controller=\App\Modules\Support\Controllers\SupportController Method=index

[1 occurrence(s)]
DEBUG --> [REQ_ID=22f702a0afa2] [LIFECYCLE][START] GET https://www.mymiwallet.com/index.php/Support

[1 occurrence(s)]
DEBUG --> [CSRF] token name=csrf_test_name hash=16d4c7574ce97104cf5500dc2eefae21

[1 occurrence(s)]
DEBUG --> [REQ_ID=3de16a6bc377] [INIT] App\Modules\Support\Controllers\SupportController::GET

[1 occurrence(s)]
DEBUG --> [REQ_ID=3de16a6bc377] [METHOD_ENTRY] index

[15 occurrence(s)]
DEBUG --> MyMICoin: guest context detected; skipping user-specific preload.

[1 occurrence(s)]
DEBUG --> [REQ_ID=3de16a6bc377] [VIEW_RENDER] SupportModule\Views\Support\index

[1 occurrence(s)]
DEBUG --> [REQ_ID=22f702a0afa2] [FILTER_AFTER]

[1 occurrence(s)]
DEBUG --> [REQ_ID=22f702a0afa2] [LIFECYCLE][END] status=200 duration_ms=158.53 memory_delta=0

[1 occurrence(s)]
DEBUG --> [REQ_ID=22f702a0afa2] [REQUEST][END]

[1 occurrence(s)]
DEBUG --> [REQ_ID=bc97c1ee92b1] [REQUEST][START] GET /index.php/Profile

[1 occurrence(s)]
DEBUG --> [REQ_ID=bc97c1ee92b1] [FILTER_BEFORE] /index.php/Profile

[1 occurrence(s)]
DEBUG --> [REQ_ID=bc97c1ee92b1] [ROUTE] Controller=\App\Controllers\App\Modules\User\Controllers\DashboardController Method=profile

[1 occurrence(s)]
DEBUG --> [REQ_ID=bc97c1ee92b1] [LIFECYCLE][START] GET https://www.mymiwallet.com/index.php/Profile

[1 occurrence(s)]
DEBUG --> [CSRF] token name=csrf_test_name hash=a7e9426c15e494bb56e6aefdad27da0e

[1 occurrence(s)]
DEBUG --> [REQ_ID=bc97c1ee92b1] [REQUEST][END]

[1 occurrence(s)]
DEBUG --> [REQ_ID=609fa2f1425f] [REQUEST][START] GET /index.php/How-To-Guides

[1 occurrence(s)]
DEBUG --> [REQ_ID=609fa2f1425f] [REQUEST][END]

[1 occurrence(s)]
DEBUG --> [REQ_ID=c83c7c020967] [REQUEST][START] GET /index.php/Privacy-Policy

[1 occurrence(s)]
DEBUG --> [REQ_ID=c83c7c020967] [FILTER_BEFORE] /index.php/Privacy-Policy

[1 occurrence(s)]
DEBUG --> [REQ_ID=c83c7c020967] [ROUTE] Controller=\App\Controllers\Home Method=privacyPolicy

[1 occurrence(s)]
DEBUG --> [REQ_ID=c83c7c020967] [LIFECYCLE][START] GET https://www.mymiwallet.com/index.php/Privacy-Policy

[1 occurrence(s)]
DEBUG --> [CSRF] token name=csrf_test_name hash=48fde06a85716242ffd98111f8fb5a37

[1 occurrence(s)]
DEBUG --> [REQ_ID=e45bf7690eac] [INIT] App\Controllers\Home::GET

[1 occurrence(s)]
DEBUG --> [MetaService] slug=privacy-policy pageName= cacheHit= path=DB

[1 occurrence(s)]
DEBUG --> [REQ_ID=e45bf7690eac] [VIEW_RENDER] themes/public/privacyPolicy

[1 occurrence(s)]
DEBUG --> [MetaService] slug=privacy-policy pageName=Privacy Policy cacheHit= path=DB

[1 occurrence(s)]
DEBUG --> [REQ_ID=c83c7c020967] [FILTER_AFTER]

[1 occurrence(s)]
DEBUG --> [REQ_ID=c83c7c020967] [LIFECYCLE][END] status=200 duration_ms=922.00 memory_delta=4194304

[1 occurrence(s)]
DEBUG --> [REQ_ID=c83c7c020967] [REQUEST][END]

[1 occurrence(s)]
DEBUG --> [REQ_ID=4865c1a2f61d] [REQUEST][START] GET /index.php/How-It-Works

[1 occurrence(s)]
DEBUG --> [REQ_ID=4865c1a2f61d] [FILTER_BEFORE] /index.php/How-It-Works

[1 occurrence(s)]
DEBUG --> [REQ_ID=4865c1a2f61d] [ROUTE] Controller=\App\Modules\Blog\Controllers\HowItWorksController Method=index

[1 occurrence(s)]
DEBUG --> [REQ_ID=4865c1a2f61d] [LIFECYCLE][START] GET https://www.mymiwallet.com/index.php/How-It-Works

[1 occurrence(s)]
DEBUG --> [CSRF] token name=csrf_test_name hash=6c4b002e3a74fc9c90f2db2690806d02

[1 occurrence(s)]
DEBUG --> [REQ_ID=b6576d76dd09] [INIT] App\Modules\Blog\Controllers\HowItWorksController::GET

[1 occurrence(s)]
DEBUG --> [REQ_ID=b6576d76dd09] [METHOD_ENTRY] index

[1 occurrence(s)]
DEBUG --> [REQ_ID=0cc9f63c8797] [REQUEST][START] GET /index.php/Terms-Of-Service

[1 occurrence(s)]
DEBUG --> [REQ_ID=0cc9f63c8797] [FILTER_BEFORE] /index.php/Terms-Of-Service

[1 occurrence(s)]
DEBUG --> [REQ_ID=0cc9f63c8797] [ROUTE] Controller=\App\Controllers\Home Method=termsOfService

[1 occurrence(s)]
DEBUG --> [REQ_ID=0cc9f63c8797] [LIFECYCLE][START] GET https://www.mymiwallet.com/index.php/Terms-Of-Service

[1 occurrence(s)]
DEBUG --> [CSRF] token name=csrf_test_name hash=d405904d6bc50847084cdaa95b3cb55b

[1 occurrence(s)]
DEBUG --> [REQ_ID=1882195fcfc8] [INIT] App\Controllers\Home::GET

[1 occurrence(s)]
DEBUG --> [MetaService] slug=terms-of-service pageName= cacheHit= path=DB

[1 occurrence(s)]
DEBUG --> [REQ_ID=1882195fcfc8] [VIEW_RENDER] themes/public/termsOfService

[1 occurrence(s)]
DEBUG --> [MetaService] slug=terms-of-service pageName=Terms of Service cacheHit= path=DB

[1 occurrence(s)]
DEBUG --> [REQ_ID=0cc9f63c8797] [FILTER_AFTER]

[1 occurrence(s)]
DEBUG --> [REQ_ID=0cc9f63c8797] [LIFECYCLE][END] status=200 duration_ms=838.19 memory_delta=4194304

[1 occurrence(s)]
DEBUG --> [REQ_ID=0cc9f63c8797] [REQUEST][END]

[1 occurrence(s)]
DEBUG --> [REQ_ID=6de671496aa9] [REQUEST][START] GET /index.php/Premium-Features/Wallets

[1 occurrence(s)]
DEBUG --> [REQ_ID=6de671496aa9] [REQUEST][END]

[1 occurrence(s)]
DEBUG --> [REQ_ID=3ff1ab4d33c4] [REQUEST][START] GET /index.php/Features/Brokerage-Integration

[1 occurrence(s)]
DEBUG --> [REQ_ID=3ff1ab4d33c4] [FILTER_BEFORE] /index.php/Features/Brokerage-Integration

[1 occurrence(s)]
DEBUG --> [REQ_ID=3ff1ab4d33c4] [ROUTE] Controller=\App\Modules\Advertise\Controllers\FeaturesController Method=BrokerageIntegrations

[1 occurrence(s)]
DEBUG --> [REQ_ID=3ff1ab4d33c4] [LIFECYCLE][START] GET https://www.mymiwallet.com/index.php/Features/Brokerage-Integration

[1 occurrence(s)]
DEBUG --> [CSRF] token name=csrf_test_name hash=0880a2a9141b6d0082b5fc1e33cf7fa8

[1 occurrence(s)]
DEBUG --> [REQ_ID=3ff1ab4d33c4] [REQUEST][END]

[1 occurrence(s)]
DEBUG --> [REQ_ID=767b109f1748] [REQUEST][START] GET /index.php/Premium-Features/Advanced-Charting

[1 occurrence(s)]
DEBUG --> [REQ_ID=767b109f1748] [REQUEST][END]

[1 occurrence(s)]
DEBUG --> [REQ_ID=53df43e1a8b4] [REQUEST][START] GET /index.php/Premium-Features/Advanced-Trade-Tracker

[1 occurrence(s)]
DEBUG --> [REQ_ID=53df43e1a8b4] [REQUEST][END]

[1 occurrence(s)]
DEBUG --> [REQ_ID=affdc2bd7ff6] [REQUEST][START] GET /index.php/Premium-Features/Due-Diligence-Database

[1 occurrence(s)]
DEBUG --> [REQ_ID=affdc2bd7ff6] [REQUEST][END]

[1 occurrence(s)]
DEBUG --> [REQ_ID=10477f93f5e5] [REQUEST][START] GET /index.php/Premium_Features/Brokerage-Integrations

[1 occurrence(s)]
DEBUG --> [REQ_ID=10477f93f5e5] [REQUEST][END]

[1 occurrence(s)]
DEBUG --> [REQ_ID=2d25329f1b2d] [REQUEST][START] GET /index.php/How-It-Works/MyMI-Wallets

[1 occurrence(s)]
DEBUG --> [REQ_ID=2d25329f1b2d] [FILTER_BEFORE] /index.php/How-It-Works/MyMI-Wallets

[1 occurrence(s)]
DEBUG --> [REQ_ID=2d25329f1b2d] [ROUTE] Controller=\App\Modules\Blog\Controllers\HowItWorksController Method=show

[1 occurrence(s)]
DEBUG --> [REQ_ID=2d25329f1b2d] [LIFECYCLE][START] GET https://www.mymiwallet.com/index.php/How-It-Works/MyMI-Wallets

[1 occurrence(s)]
DEBUG --> [CSRF] token name=csrf_test_name hash=d3d97bbbde2b447fbd6cd65abc758e26

[1 occurrence(s)]
DEBUG --> [REQ_ID=8f52066908e3] [INIT] App\Modules\Blog\Controllers\HowItWorksController::GET

[1 occurrence(s)]
DEBUG --> [REQ_ID=8f52066908e3] [METHOD_ENTRY] show

[1 occurrence(s)]
DEBUG --> [REQ_ID=a917e5cdd420] [REQUEST][START] GET /index.php/How-It-Works/Purchase-MyMI-Gold

[1 occurrence(s)]
DEBUG --> [REQ_ID=a917e5cdd420] [FILTER_BEFORE] /index.php/How-It-Works/Purchase-MyMI-Gold

[1 occurrence(s)]
DEBUG --> [REQ_ID=a917e5cdd420] [ROUTE] Controller=\App\Modules\Blog\Controllers\HowItWorksController Method=PurchaseMyMIGold

[1 occurrence(s)]
DEBUG --> [REQ_ID=a917e5cdd420] [LIFECYCLE][START] GET https://www.mymiwallet.com/index.php/How-It-Works/Purchase-MyMI-Gold

[1 occurrence(s)]
DEBUG --> [CSRF] token name=csrf_test_name hash=3c6746e12163fbfedd730276b74723f0

[1 occurrence(s)]
DEBUG --> [REQ_ID=9803135c1322] [INIT] App\Modules\Blog\Controllers\HowItWorksController::GET

[1 occurrence(s)]
DEBUG --> [REQ_ID=9803135c1322] [METHOD_ENTRY] PurchaseMyMIGold

[1 occurrence(s)]
DEBUG --> [MetaService] slug=how-it-works/purchase-mymi-gold pageName= cacheHit= path=DB

[1 occurrence(s)]
DEBUG --> [REQ_ID=a917e5cdd420] [FILTER_AFTER]

[1 occurrence(s)]
DEBUG --> [REQ_ID=a917e5cdd420] [LIFECYCLE][END] status=200 duration_ms=933.89 memory_delta=4194304

[1 occurrence(s)]
DEBUG --> [REQ_ID=a917e5cdd420] [REQUEST][END]

[1 occurrence(s)]
DEBUG --> [REQ_ID=c741abc3deea] [REQUEST][START] GET /index.php/Features/Advanced-Investment-Portfoio-Manager

[1 occurrence(s)]
DEBUG --> [REQ_ID=c741abc3deea] [REQUEST][END]

[1 occurrence(s)]
DEBUG --> [REQ_ID=7129b7e256d9] [REQUEST][START] GET /index.php/How-It-Works/Determining-Your-Financial-Goals

[1 occurrence(s)]
DEBUG --> [REQ_ID=7129b7e256d9] [FILTER_BEFORE] /index.php/How-It-Works/Determining-Your-Financial-Goals

[1 occurrence(s)]
DEBUG --> [REQ_ID=7129b7e256d9] [ROUTE] Controller=\App\Modules\Blog\Controllers\HowItWorksController Method=show

[1 occurrence(s)]
DEBUG --> [REQ_ID=7129b7e256d9] [LIFECYCLE][START] GET https://www.mymiwallet.com/index.php/How-It-Works/Determining-Your-Financial-Goals

[1 occurrence(s)]
DEBUG --> [CSRF] token name=csrf_test_name hash=1df699f55b99752c0a028f5038026bb7

[1 occurrence(s)]
DEBUG --> [REQ_ID=9d90fc88f005] [INIT] App\Modules\Blog\Controllers\HowItWorksController::GET

[1 occurrence(s)]
DEBUG --> [REQ_ID=9d90fc88f005] [METHOD_ENTRY] show

[1 occurrence(s)]
DEBUG --> [REQ_ID=50f1e6a56b4b] [REQUEST][START] HEAD /

[1 occurrence(s)]
DEBUG --> [REQ_ID=08e016dac4e5] [REQUEST][START] HEAD /

[1 occurrence(s)]
DEBUG --> [REQ_ID=0357b3aca3b7] [REQUEST][START] GET /index.php/API/Management/Run-CRON-Tasks

[1 occurrence(s)]
DEBUG --> [REQ_ID=0357b3aca3b7] [FILTER_BEFORE] /index.php/API/Management/Run-CRON-Tasks

[1 occurrence(s)]
DEBUG --> [REQ_ID=0357b3aca3b7] [ROUTE] Controller=\App\Modules\Management\Controllers\ManagementAPIController Method=Run_CRON_Tasks

[1 occurrence(s)]
DEBUG --> [REQ_ID=0357b3aca3b7] [LIFECYCLE][START] GET https://www.mymiwallet.com/index.php/API/Management/Run-CRON-Tasks

[1 occurrence(s)]
DEBUG --> [REQ_ID=0357b3aca3b7] [REQUEST][END]

[1 occurrence(s)]
DEBUG --> [REQ_ID=23d6b9785011] [REQUEST][START] HEAD /

[1 occurrence(s)]
DEBUG --> [REQ_ID=9e42d4fd9b5d] [REQUEST][START] HEAD /

[1 occurrence(s)]
DEBUG --> [REQ_ID=254fc4d32bc0] [REQUEST][START] GET /index.php

[1 occurrence(s)]
DEBUG --> [REQ_ID=254fc4d32bc0] [REQUEST][END]

[1 occurrence(s)]
DEBUG --> [REQ_ID=ec07c02e0acc] [REQUEST][START] HEAD /

[1 occurrence(s)]
DEBUG --> [REQ_ID=7a78c15a5991] [REQUEST][START] GET /index.php/API/Alerts/fetchEmailAlerts

[1 occurrence(s)]
DEBUG --> [REQ_ID=7a78c15a5991] [FILTER_BEFORE] /index.php/API/Alerts/fetchEmailAlerts

[1 occurrence(s)]
DEBUG --> [REQ_ID=7a78c15a5991] [ROUTE] Controller=\App\Modules\APIs\Controllers\AlertsAPIController Method=fetchEmailAlerts

[1 occurrence(s)]
DEBUG --> [REQ_ID=7a78c15a5991] [LIFECYCLE][START] GET https://www.mymiwallet.com/index.php/API/Alerts/fetchEmailAlerts

[1 occurrence(s)]
DEBUG --> [REQ_ID=7a78c15a5991] [REQUEST][END]

[1 occurrence(s)]
DEBUG --> [REQ_ID=756154ebe092] [REQUEST][START] HEAD /

[1 occurrence(s)]
DEBUG --> [REQ_ID=490165489981] [REQUEST][START] HEAD /

[1 occurrence(s)]
DEBUG --> [REQ_ID=cde524a4de85] [REQUEST][START] HEAD /

[1 occurrence(s)]
DEBUG --> [REQ_ID=7a89421a80b2] [REQUEST][START] HEAD /

[1 occurrence(s)]
DEBUG --> [REQ_ID=039e1c730546] [REQUEST][START] HEAD /

[1 occurrence(s)]
DEBUG --> [REQ_ID=5bfd7e06e08b] [REQUEST][START] GET /

[1 occurrence(s)]
DEBUG --> [REQ_ID=5bfd7e06e08b] [FILTER_BEFORE] /

[1 occurrence(s)]
DEBUG --> [REQ_ID=5bfd7e06e08b] [ROUTE] Controller=\App\Controllers\Home Method=index

[1 occurrence(s)]
DEBUG --> [REQ_ID=5bfd7e06e08b] [LIFECYCLE][START] GET https://www.mymiwallet.com/index.php/

[1 occurrence(s)]
DEBUG --> [CSRF] token name=csrf_test_name hash=444885fcc57e4d650ebf256a296dbd0f

[1 occurrence(s)]
DEBUG --> [REQ_ID=846383232602] [INIT] App\Controllers\Home::GET

[1 occurrence(s)]
DEBUG --> [REQ_ID=846383232602] [VIEW_RENDER] themes/public/home

[1 occurrence(s)]
DEBUG --> [REQ_ID=5bfd7e06e08b] [FILTER_AFTER]

[1 occurrence(s)]
DEBUG --> [REQ_ID=5bfd7e06e08b] [LIFECYCLE][END] status=200 duration_ms=896.34 memory_delta=4194304

[1 occurrence(s)]
DEBUG --> [REQ_ID=5bfd7e06e08b] [REQUEST][END]

[1 occurrence(s)]
DEBUG --> [REQ_ID=4dc6e0640286] [REQUEST][START] HEAD /

[1 occurrence(s)]
DEBUG --> [REQ_ID=cc65be53e7ba] [REQUEST][START] HEAD /

[1 occurrence(s)]
DEBUG --> [REQ_ID=944eb55e1e5e] [REQUEST][START] HEAD /

[1 occurrence(s)]
DEBUG --> [REQ_ID=1bd13e7581b8] [REQUEST][START] HEAD /

[1 occurrence(s)]
DEBUG --> [REQ_ID=10d6ede53a9b] [REQUEST][START] GET /index.php/How-It-Works/Automated-Financial-Insights

[1 occurrence(s)]
DEBUG --> [REQ_ID=10d6ede53a9b] [REQUEST][END]

[1 occurrence(s)]
DEBUG --> [REQ_ID=cd2eab0cdfa9] [REQUEST][START] GET /index.php/API/Management/Run-CRON-Tasks

[1 occurrence(s)]
DEBUG --> [REQ_ID=cd2eab0cdfa9] [FILTER_BEFORE] /index.php/API/Management/Run-CRON-Tasks

[1 occurrence(s)]
DEBUG --> [REQ_ID=cd2eab0cdfa9] [ROUTE] Controller=\App\Modules\Management\Controllers\ManagementAPIController Method=Run_CRON_Tasks

[1 occurrence(s)]
DEBUG --> [REQ_ID=cd2eab0cdfa9] [LIFECYCLE][START] GET https://www.mymiwallet.com/index.php/API/Management/Run-CRON-Tasks

[1 occurrence(s)]
DEBUG --> [REQ_ID=cd2eab0cdfa9] [REQUEST][END]

[1 occurrence(s)]
DEBUG --> [REQ_ID=da78f3975322] [REQUEST][START] HEAD /

[1 occurrence(s)]
DEBUG --> [REQ_ID=6a5c14c2c71c] [REQUEST][START] HEAD /

[1 occurrence(s)]
DEBUG --> [REQ_ID=aafd793eacad] [REQUEST][START] HEAD /

[1 occurrence(s)]
DEBUG --> [REQ_ID=5ae17064cf44] [REQUEST][START] GET /index.php/API/Alerts/fetchEmailAlerts

[1 occurrence(s)]
DEBUG --> [REQ_ID=5ae17064cf44] [FILTER_BEFORE] /index.php/API/Alerts/fetchEmailAlerts

[1 occurrence(s)]
DEBUG --> [REQ_ID=5ae17064cf44] [ROUTE] Controller=\App\Modules\APIs\Controllers\AlertsAPIController Method=fetchEmailAlerts

[1 occurrence(s)]
DEBUG --> [REQ_ID=5ae17064cf44] [LIFECYCLE][START] GET https://www.mymiwallet.com/index.php/API/Alerts/fetchEmailAlerts

[1 occurrence(s)]
DEBUG --> [REQ_ID=5ae17064cf44] [REQUEST][END]

[1 occurrence(s)]
DEBUG --> [REQ_ID=7544e1a6e7fd] [REQUEST][START] HEAD /

[1 occurrence(s)]
DEBUG --> [REQ_ID=bc0f7b8cf23d] [REQUEST][START] HEAD /

[1 occurrence(s)]
DEBUG --> [REQ_ID=28a719970ae6] [REQUEST][START] HEAD /

[1 occurrence(s)]
DEBUG --> [REQ_ID=0248a4ec9216] [REQUEST][START] HEAD /

[1 occurrence(s)]
DEBUG --> [REQ_ID=3b94bef09960] [REQUEST][START] HEAD /

[1 occurrence(s)]
DEBUG --> [REQ_ID=6c6ef631974c] [REQUEST][START] HEAD /

[1 occurrence(s)]
DEBUG --> [REQ_ID=645fd313b9d3] [REQUEST][START] HEAD /

[1 occurrence(s)]
DEBUG --> [REQ_ID=e4c4234c2b48] [REQUEST][START] HEAD /

[1 occurrence(s)]
DEBUG --> [REQ_ID=d4f00d677ce9] [REQUEST][START] GET /

[1 occurrence(s)]
DEBUG --> [REQ_ID=d4f00d677ce9] [FILTER_BEFORE] /

[1 occurrence(s)]
DEBUG --> [REQ_ID=d4f00d677ce9] [ROUTE] Controller=\App\Controllers\Home Method=index

[1 occurrence(s)]
DEBUG --> [REQ_ID=d4f00d677ce9] [LIFECYCLE][START] GET https://www.mymiwallet.com/index.php/

[1 occurrence(s)]
DEBUG --> [CSRF] token name=csrf_test_name hash=661bd32e5afba5ae5faeb0eb9b4190a3

[1 occurrence(s)]
DEBUG --> [REQ_ID=3161535d9783] [INIT] App\Controllers\Home::GET

[1 occurrence(s)]
DEBUG --> [REQ_ID=3161535d9783] [VIEW_RENDER] themes/public/home

[1 occurrence(s)]
DEBUG --> [REQ_ID=d4f00d677ce9] [FILTER_AFTER]

[1 occurrence(s)]
DEBUG --> [REQ_ID=d4f00d677ce9] [LIFECYCLE][END] status=200 duration_ms=927.30 memory_delta=4194304

[1 occurrence(s)]
DEBUG --> [REQ_ID=d4f00d677ce9] [REQUEST][END]

[1 occurrence(s)]
DEBUG --> [REQ_ID=588a2d84ded2] [REQUEST][START] HEAD /

[1 occurrence(s)]
DEBUG --> [REQ_ID=a3975cd63836] [REQUEST][START] GET /index.php/API/Management/Run-CRON-Tasks

[1 occurrence(s)]
DEBUG --> [REQ_ID=a3975cd63836] [FILTER_BEFORE] /index.php/API/Management/Run-CRON-Tasks

[1 occurrence(s)]
DEBUG --> [REQ_ID=a3975cd63836] [ROUTE] Controller=\App\Modules\Management\Controllers\ManagementAPIController Method=Run_CRON_Tasks

[1 occurrence(s)]
DEBUG --> [REQ_ID=a3975cd63836] [LIFECYCLE][START] GET https://www.mymiwallet.com/index.php/API/Management/Run-CRON-Tasks

[1 occurrence(s)]
DEBUG --> [REQ_ID=a3975cd63836] [REQUEST][END]


---------------------------
LEVEL: INFO
---------------------------

[1 occurrence(s)]
INFO --> [REQ_ID=bff172204946] [PERF] Execution time=0.047123

[1 occurrence(s)]
INFO --> [REQ_ID=b070893094ba] [PERF] Execution time=0.047777

[1 occurrence(s)]
INFO --> [REQ_ID=a0256ec2080f] [MEMORY][controller-start] 6291456

[1 occurrence(s)]
INFO --> [REQ_ID=a0256ec2080f] [MEMORY][commonData:start] 6291456

[1 occurrence(s)]
INFO --> [REQ_ID=a0256ec2080f] [MEMORY][commonData:start] 10485760

[10 occurrence(s)]
INFO --> themesMemory usage: 10485760

[1 occurrence(s)]
INFO --> [REQ_ID=a0256ec2080f] [PERF] Execution time=1.213931

[1 occurrence(s)]
INFO --> [REQ_ID=e38ef2b35963] [PERF] Execution time=1.256707

[1 occurrence(s)]
INFO --> [REQ_ID=5f5959c300d4] [PERF] Execution time=0.013989

[1 occurrence(s)]
INFO --> [REQ_ID=ebada3b87dfe] [MEMORY][controller-start] 6291456

[1 occurrence(s)]
INFO --> [REQ_ID=ebada3b87dfe] [MEMORY][commonData:start] 6291456

[1 occurrence(s)]
INFO --> [REQ_ID=ebada3b87dfe] [MEMORY][commonData:start] 10485760

[1 occurrence(s)]
INFO --> [REQ_ID=ebada3b87dfe] [PERF] Execution time=0.599698

[1 occurrence(s)]
INFO --> [REQ_ID=ff220e4f59e6] [PERF] Execution time=0.641434

[1 occurrence(s)]
INFO --> [REQ_ID=37cccf55b872] [MEMORY][controller-start] 6291456

[1 occurrence(s)]
INFO --> [REQ_ID=37cccf55b872] [MEMORY][commonData:start] 6291456

[1 occurrence(s)]
INFO --> [REQ_ID=37cccf55b872] [MEMORY][commonData:start] 8388608

[12 occurrence(s)]
INFO --> themesMemory usage: 8388608

[1 occurrence(s)]
INFO --> [REQ_ID=37cccf55b872] [PERF] Execution time=0.797852

[1 occurrence(s)]
INFO --> [REQ_ID=72ba2663185d] [PERF] Execution time=0.806832

[1 occurrence(s)]
INFO --> [REQ_ID=1cb123c4152f] [MEMORY][controller-start] 6291456

[1 occurrence(s)]
INFO --> [REQ_ID=1cb123c4152f] [MEMORY][commonData:start] 6291456

[1 occurrence(s)]
INFO --> [REQ_ID=1cb123c4152f] [MEMORY][commonData:start] 10485760

[1 occurrence(s)]
INFO --> [REQ_ID=1cb123c4152f] [PERF] Execution time=0.748941

[1 occurrence(s)]
INFO --> [REQ_ID=f74814363a84] [PERF] Execution time=0.798123

[1 occurrence(s)]
INFO --> [REQ_ID=e7b241fab414] [MEMORY][controller-start] 6291456

[1 occurrence(s)]
INFO --> [REQ_ID=e7b241fab414] [MEMORY][commonData:start] 6291456

[1 occurrence(s)]
INFO --> [REQ_ID=e7b241fab414] [MEMORY][commonData:start] 8388608

[1 occurrence(s)]
INFO --> [REQ_ID=e7b241fab414] [PERF] Execution time=0.530791

[1 occurrence(s)]
INFO --> [REQ_ID=08ca852980b4] [PERF] Execution time=0.539581

[1 occurrence(s)]
INFO --> [REQ_ID=2638007232ac] [MEMORY][controller-start] 6291456

[1 occurrence(s)]
INFO --> [REQ_ID=2638007232ac] [MEMORY][commonData:start] 6291456

[1 occurrence(s)]
INFO --> [REQ_ID=2638007232ac] [MEMORY][commonData:start] 8388608

[1 occurrence(s)]
INFO --> [REQ_ID=2638007232ac] [PERF] Execution time=0.575821

[1 occurrence(s)]
INFO --> [REQ_ID=2e7e189dc9c0] [PERF] Execution time=0.590026

[1 occurrence(s)]
INFO --> [REQ_ID=079df5ab0354] [MEMORY][controller-start] 6291456

[1 occurrence(s)]
INFO --> [REQ_ID=079df5ab0354] [PERF] Execution time=0.037146

[1 occurrence(s)]
INFO --> [REQ_ID=3062ab734b3a] [PERF] Execution time=0.051856

[1 occurrence(s)]
INFO --> [REQ_ID=74c64b00e8ba] [PERF] Execution time=0.013568

[1 occurrence(s)]
INFO --> [REQ_ID=04e355f9351a] [MEMORY][controller-start] 4194304

[1 occurrence(s)]
INFO --> [REQ_ID=04e355f9351a] [PERF] Execution time=0.084818

[1 occurrence(s)]
INFO --> [REQ_ID=b931cc2edff6] [PERF] Execution time=0.093431

[1 occurrence(s)]
INFO --> CSRF token verified.

[1 occurrence(s)]
INFO --> [REQ_ID=e06df8ebc0c0] [MEMORY][controller-start] 4194304

[1 occurrence(s)]
INFO --> AuthController L93: Auth:attemptLogin started.

[1 occurrence(s)]
INFO --> AuthController L104: Auth:attemptLogin rules: {"login":"required","password":"required"}

[1 occurrence(s)]
INFO --> AuthController L132: Auth:attemptLogin Login Variables: login: required, remember: false, ip: 76.234.126.68, ua: Mozilla/5.0 (Windows NT 10.0; Win64; x64) AppleWebKit/537.36 (KHTML, like Gecko) Chrome/146.0.0.0 Safari/537.36

[1 occurrence(s)]
INFO --> [AUTH] Login success

[1 occurrence(s)]
INFO --> [REQ_ID=e06df8ebc0c0] [PERF] Execution time=0.134530

[1 occurrence(s)]
INFO --> [REQ_ID=33b13871350d] [PERF] Execution time=0.145089

[1 occurrence(s)]
INFO --> [REQ_ID=b337b110a33c] [MEMORY][controller-start] 4194304

[1 occurrence(s)]
INFO --> [REQ_ID=b337b110a33c] [MEMORY][commonData:start] 6291456

[2 occurrence(s)]
INFO --> DashboardController L72 - $checkingSummary: 8784.01

[2 occurrence(s)]
INFO --> getSolanaData: invalid address param

[1 occurrence(s)]
INFO --> [REQ_ID=b337b110a33c] [PERF] Execution time=1.189074

[1 occurrence(s)]
INFO --> [REQ_ID=9acecac71518] [PERF] Execution time=1.212429

[1 occurrence(s)]
INFO --> [REQ_ID=6c68e5addcfe] [MEMORY][controller-start] 6291456

[1 occurrence(s)]
INFO --> [REQ_ID=6c68e5addcfe] [MEMORY][commonData:start] 6291456

[1 occurrence(s)]
INFO --> [REQ_ID=6c68e5addcfe] [MEMORY][commonData:start] 10485760

[1 occurrence(s)]
INFO --> [REQ_ID=6c68e5addcfe] [PERF] Execution time=0.646156

[1 occurrence(s)]
INFO --> [REQ_ID=8366408500c9] [PERF] Execution time=0.725205

[1 occurrence(s)]
INFO --> [REQ_ID=5b3d347303e0] [MEMORY][controller-start] 6291456

[1 occurrence(s)]
INFO --> [REQ_ID=5b3d347303e0] [MEMORY][commonData:start] 6291456

[1 occurrence(s)]
INFO --> [REQ_ID=5b3d347303e0] [MEMORY][commonData:start] 8388608

[1 occurrence(s)]
INFO --> [REQ_ID=5b3d347303e0] [PERF] Execution time=0.578960

[1 occurrence(s)]
INFO --> [REQ_ID=4511e7a4f36d] [PERF] Execution time=1.020659

[1 occurrence(s)]
INFO --> [REQ_ID=aaf4392738f3] [MEMORY][controller-start] 6291456

[1 occurrence(s)]
INFO --> [REQ_ID=aaf4392738f3] [MEMORY][commonData:start] 6291456

[1 occurrence(s)]
INFO --> [REQ_ID=aaf4392738f3] [MEMORY][commonData:start] 10485760

[1 occurrence(s)]
INFO --> [REQ_ID=aaf4392738f3] [PERF] Execution time=0.712919

[1 occurrence(s)]
INFO --> [REQ_ID=46eaf7b0b525] [PERF] Execution time=1.435775

[1 occurrence(s)]
INFO --> [REQ_ID=5681ce516668] [MEMORY][controller-start] 6291456

[1 occurrence(s)]
INFO --> [REQ_ID=5681ce516668] [MEMORY][commonData:start] 6291456

[1 occurrence(s)]
INFO --> [REQ_ID=5681ce516668] [MEMORY][commonData:start] 10485760

[1 occurrence(s)]
INFO --> [REQ_ID=5681ce516668] [PERF] Execution time=0.656044

[1 occurrence(s)]
INFO --> [REQ_ID=4cc19bdb0cff] [PERF] Execution time=2.107925

[1 occurrence(s)]
INFO --> [REQ_ID=e03319ab307a] [MEMORY][controller-start] 4194304

[1 occurrence(s)]
INFO --> [REQ_ID=e03319ab307a] [MEMORY][commonData:start] 4194304

[1 occurrence(s)]
INFO --> [REQ_ID=e03319ab307a] [MEMORY][commonData:start] 8388608

[1 occurrence(s)]
INFO --> [REQ_ID=e03319ab307a] [PERF] Execution time=0.916929

[1 occurrence(s)]
INFO --> [REQ_ID=ebce4d7ea060] [PERF] Execution time=0.926419

[1 occurrence(s)]
INFO --> [REQ_ID=694ebde430f0] [PERF] Execution time=0.044141

[1 occurrence(s)]
INFO --> [REQ_ID=000d04a4fe2d] [PERF] Execution time=0.050360

[1 occurrence(s)]
INFO --> [REQ_ID=c616dced375a] [PERF] Execution time=0.054374

[1 occurrence(s)]
INFO --> [REQ_ID=9f8dff3a795d] [PERF] Execution time=0.037922

[1 occurrence(s)]
INFO --> [REQ_ID=8c5a6e9d5bd7] [PERF] Execution time=0.051441

[1 occurrence(s)]
INFO --> [REQ_ID=074cd6e0ca4f] [MEMORY][controller-start] 4194304

[1 occurrence(s)]
INFO --> [REQ_ID=074cd6e0ca4f] [MEMORY][commonData:start] 6291456

[1 occurrence(s)]
INFO --> [REQ_ID=074cd6e0ca4f] [PERF] Execution time=0.956520

[1 occurrence(s)]
INFO --> [REQ_ID=795b4f2d6a65] [PERF] Execution time=1.007024

[1 occurrence(s)]
INFO --> [REQ_ID=2bbf69da4aa7] [PERF] Execution time=0.045345

[1 occurrence(s)]
INFO --> [REQ_ID=6f6a03a7998a] [PERF] Execution time=0.063483

[1 occurrence(s)]
INFO --> [REQ_ID=270ca5c0c931] [PERF] Execution time=0.046860

[1 occurrence(s)]
INFO --> [REQ_ID=007aa1efa540] [MEMORY][controller-start] 6291456

[1 occurrence(s)]
INFO --> [REQ_ID=007aa1efa540] [MEMORY][commonData:start] 6291456

[1 occurrence(s)]
INFO --> [REQ_ID=007aa1efa540] [MEMORY][commonData:start] 10485760

[1 occurrence(s)]
INFO --> [REQ_ID=007aa1efa540] [PERF] Execution time=0.996232

[1 occurrence(s)]
INFO --> [REQ_ID=8e2781e9098a] [PERF] Execution time=1.039141

[1 occurrence(s)]
INFO --> [REQ_ID=be9413660a0d] [PERF] Execution time=0.038082

[1 occurrence(s)]
INFO --> [REQ_ID=710d04f71b21] [PERF] Execution time=0.053525

[1 occurrence(s)]
INFO --> [REQ_ID=3cb572a0b0bb] [PERF] Execution time=0.045552

[1 occurrence(s)]
INFO --> [REQ_ID=19c4b1e1d149] [MEMORY][controller-start] 4194304

[1 occurrence(s)]
INFO --> [REQ_ID=19c4b1e1d149] [MEMORY][commonData:start] 6291456

[1 occurrence(s)]
INFO --> [REQ_ID=19c4b1e1d149] [MEMORY][commonData:start] 8388608

[1 occurrence(s)]
INFO --> [REQ_ID=19c4b1e1d149] [PERF] Execution time=1.465849

[1 occurrence(s)]
INFO --> [REQ_ID=2f3486614c75] [PERF] Execution time=1.477800

[1 occurrence(s)]
INFO --> [REQ_ID=d8ecd6012c60] [MEMORY][controller-start] 6291456

[1 occurrence(s)]
INFO --> [REQ_ID=d8ecd6012c60] [MEMORY][commonData:start] 6291456

[1 occurrence(s)]
INFO --> [REQ_ID=d8ecd6012c60] [MEMORY][commonData:start] 10485760

[1 occurrence(s)]
INFO --> [REQ_ID=d8ecd6012c60] [PERF] Execution time=1.258792

[1 occurrence(s)]
INFO --> [REQ_ID=dc027809327d] [PERF] Execution time=1.299913

[1 occurrence(s)]
INFO --> [REQ_ID=270d1fb3e09b] [PERF] Execution time=0.043630

[1 occurrence(s)]
INFO --> [REQ_ID=19025c08dbe0] [MEMORY][controller-start] 6291456

[1 occurrence(s)]
INFO --> [REQ_ID=19025c08dbe0] [MEMORY][commonData:start] 6291456

[1 occurrence(s)]
INFO --> [REQ_ID=19025c08dbe0] [MEMORY][commonData:start] 10485760

[1 occurrence(s)]
INFO --> [REQ_ID=19025c08dbe0] [PERF] Execution time=1.045160

[1 occurrence(s)]
INFO --> [REQ_ID=fcaec4dc9d06] [PERF] Execution time=1.085938

[1 occurrence(s)]
INFO --> [REQ_ID=c771dc8413f5] [MEMORY][controller-start] 6291456

[1 occurrence(s)]
INFO --> [ACTIVATION] Activation link hit

[1 occurrence(s)]
INFO --> [REQ_ID=c771dc8413f5] [PERF] Execution time=0.073675

[1 occurrence(s)]
INFO --> [REQ_ID=9963b634b7d8] [PERF] Execution time=0.090747

[1 occurrence(s)]
INFO --> [REQ_ID=5f7c913683d9] [PERF] Execution time=0.018534

[1 occurrence(s)]
INFO --> [REQ_ID=3de16a6bc377] [MEMORY][controller-start] 4194304

[2 occurrence(s)]
INFO --> [REQ_ID=3de16a6bc377] [MEMORY][commonData:start] 4194304

[1 occurrence(s)]
INFO --> themesMemory usage: 4194304

[1 occurrence(s)]
INFO --> [REQ_ID=3de16a6bc377] [PERF] Execution time=0.157931

[1 occurrence(s)]
INFO --> [REQ_ID=22f702a0afa2] [PERF] Execution time=0.169295

[1 occurrence(s)]
INFO --> [REQ_ID=bc97c1ee92b1] [PERF] Execution time=0.011945

[1 occurrence(s)]
INFO --> REDIRECTED ROUTE at https://www.mymiwallet.com/Knowledgebase/Tutorials

[1 occurrence(s)]
INFO --> [REQ_ID=609fa2f1425f] [PERF] Execution time=0.012448

[1 occurrence(s)]
INFO --> [REQ_ID=e45bf7690eac] [MEMORY][controller-start] 4194304

[1 occurrence(s)]
INFO --> [REQ_ID=e45bf7690eac] [MEMORY][commonData:start] 4194304

[1 occurrence(s)]
INFO --> [REQ_ID=e45bf7690eac] [MEMORY][commonData:start] 8388608

[1 occurrence(s)]
INFO --> [REQ_ID=e45bf7690eac] [PERF] Execution time=0.921539

[1 occurrence(s)]
INFO --> [REQ_ID=c83c7c020967] [PERF] Execution time=0.932163

[1 occurrence(s)]
INFO --> [REQ_ID=b6576d76dd09] [MEMORY][controller-start] 6291456

[1 occurrence(s)]
INFO --> [REQ_ID=b6576d76dd09] [PERF] Execution time=0.092736

[1 occurrence(s)]
INFO --> [REQ_ID=1882195fcfc8] [MEMORY][controller-start] 4194304

[1 occurrence(s)]
INFO --> [REQ_ID=1882195fcfc8] [MEMORY][commonData:start] 4194304

[1 occurrence(s)]
INFO --> [REQ_ID=1882195fcfc8] [MEMORY][commonData:start] 8388608

[1 occurrence(s)]
INFO --> [REQ_ID=1882195fcfc8] [PERF] Execution time=0.837602

[1 occurrence(s)]
INFO --> [REQ_ID=0cc9f63c8797] [PERF] Execution time=0.848748

[1 occurrence(s)]
INFO --> REDIRECTED ROUTE at https://www.mymiwallet.com/Wallets/Manager

[1 occurrence(s)]
INFO --> [REQ_ID=6de671496aa9] [PERF] Execution time=0.009819

[1 occurrence(s)]
INFO --> [REQ_ID=3ff1ab4d33c4] [PERF] Execution time=0.012991

[3 occurrence(s)]
INFO --> REDIRECTED ROUTE at https://www.mymiwallet.com/Features/Brokerage-Integrations

[1 occurrence(s)]
INFO --> [REQ_ID=767b109f1748] [PERF] Execution time=0.010221

[1 occurrence(s)]
INFO --> REDIRECTED ROUTE at https://www.mymiwallet.com/Investments/Trade-Tracker

[1 occurrence(s)]
INFO --> [REQ_ID=53df43e1a8b4] [PERF] Execution time=0.010554

[1 occurrence(s)]
INFO --> [REQ_ID=affdc2bd7ff6] [PERF] Execution time=0.009805

[1 occurrence(s)]
INFO --> [REQ_ID=10477f93f5e5] [PERF] Execution time=0.008972

[1 occurrence(s)]
INFO --> [REQ_ID=8f52066908e3] [MEMORY][controller-start] 4194304

[1 occurrence(s)]
INFO --> [REQ_ID=8f52066908e3] [PERF] Execution time=0.165695

[1 occurrence(s)]
INFO --> [REQ_ID=9803135c1322] [MEMORY][controller-start] 4194304

[1 occurrence(s)]
INFO --> [REQ_ID=9803135c1322] [MEMORY][commonData:start] 4194304

[1 occurrence(s)]
INFO --> [REQ_ID=9803135c1322] [PERF] Execution time=0.933039

[1 occurrence(s)]
INFO --> [REQ_ID=a917e5cdd420] [PERF] Execution time=0.944963

[1 occurrence(s)]
INFO --> REDIRECTED ROUTE at https://www.mymiwallet.com/Features/Advanced-Investment-Portfolio-Manager

[1 occurrence(s)]
INFO --> [REQ_ID=c741abc3deea] [PERF] Execution time=0.009972

[1 occurrence(s)]
INFO --> [REQ_ID=9d90fc88f005] [MEMORY][controller-start] 4194304

[1 occurrence(s)]
INFO --> [REQ_ID=9d90fc88f005] [PERF] Execution time=0.048084

[1 occurrence(s)]
INFO --> [REQ_ID=0357b3aca3b7] [PERF] Execution time=0.035825

[1 occurrence(s)]
INFO --> [REQ_ID=254fc4d32bc0] [PERF] Execution time=0.018940

[1 occurrence(s)]
INFO --> [REQ_ID=7a78c15a5991] [PERF] Execution time=0.047737

[1 occurrence(s)]
INFO --> [REQ_ID=846383232602] [MEMORY][controller-start] 4194304

[1 occurrence(s)]
INFO --> [REQ_ID=846383232602] [MEMORY][commonData:start] 6291456

[1 occurrence(s)]
INFO --> [REQ_ID=846383232602] [MEMORY][commonData:start] 8388608

[1 occurrence(s)]
INFO --> [REQ_ID=846383232602] [PERF] Execution time=0.894445

[1 occurrence(s)]
INFO --> [REQ_ID=5bfd7e06e08b] [PERF] Execution time=0.915972

[1 occurrence(s)]
INFO --> [REQ_ID=10d6ede53a9b] [PERF] Execution time=0.041408

[1 occurrence(s)]
INFO --> [REQ_ID=cd2eab0cdfa9] [PERF] Execution time=0.064833

[1 occurrence(s)]
INFO --> [REQ_ID=5ae17064cf44] [PERF] Execution time=0.044546

[1 occurrence(s)]
INFO --> [REQ_ID=3161535d9783] [MEMORY][controller-start] 6291456

[1 occurrence(s)]
INFO --> [REQ_ID=3161535d9783] [MEMORY][commonData:start] 6291456

[1 occurrence(s)]
INFO --> [REQ_ID=3161535d9783] [MEMORY][commonData:start] 10485760

[1 occurrence(s)]
INFO --> [REQ_ID=3161535d9783] [PERF] Execution time=0.925449

[1 occurrence(s)]
INFO --> [REQ_ID=d4f00d677ce9] [PERF] Execution time=0.982009

[1 occurrence(s)]
INFO --> [SPARK_START] App\Commands\AIOps\Run

[4 occurrence(s)]
INFO --> [SPARK_MEMORY] 18874368

[1 occurrence(s)]
INFO --> [spark:aiops:run] Intent

[1 occurrence(s)]
INFO --> [spark:ops:work] Started

[1 occurrence(s)]
INFO --> [SPARK_START] App\Commands\Ops\Work

[1 occurrence(s)]
INFO --> [spark:ops:work] Intent

[1 occurrence(s)]
INFO --> [REQ_ID=a3975cd63836] [PERF] Execution time=0.109237

[1 occurrence(s)]
INFO --> [spark:ops:work] Completed

[1 occurrence(s)]
INFO --> [SPARK_COMPLETE] App\Commands\Ops\Work duration=0.056768

[1 occurrence(s)]
INFO --> [AIOPS][SPARK][GOVERNANCE][spark:logs:summarize] Started

[1 occurrence(s)]
INFO --> [SPARK_START] App\Commands\Logs\Summarize

[1 occurrence(s)]
INFO --> [spark:logs:summarize] Intent


---------------------------
LEVEL: WARNING
---------------------------

[84 occurrence(s)]
WARNING --> [404] URI=https://www.mymiwallet.com/index.php/

[84 occurrence(s)]
WARNING --> 404 route miss: https://www.mymiwallet.com/index.php/ | referrer: http://67.205.42.220

[1 occurrence(s)]
WARNING --> [ACTIVATION] Activation failed: missing token

[5 occurrence(s)]
WARNING --> MyMIWallets initialized without numeric user context.

[1 occurrence(s)]
WARNING --> [404] URI=https://www.mymiwallet.com/index.php/How-It-Works

[1 occurrence(s)]
WARNING --> 404 route miss: https://www.mymiwallet.com/index.php/How-It-Works | referrer: none

[1 occurrence(s)]
WARNING --> [404] URI=https://www.mymiwallet.com/index.php/How-It-Works/MyMI-Wallets

[1 occurrence(s)]
WARNING --> 404 route miss: https://www.mymiwallet.com/index.php/How-It-Works/MyMI-Wallets | referrer: none


---------------------------
LEVEL: ERROR
---------------------------

[2 occurrence(s)]
ERROR --> DashboardController::index failed to load executive summary: Call to undefined method CodeIgniter\Cache\Handlers\FileHandler::set()

[2 occurrence(s)]
ERROR --> Unknown column 'score_total' in 'where clause'

[1 occurrence(s)]
ERROR --> HowItWorksController failure: overview

[2 occurrence(s)]
ERROR --> [ERROR_PAGE] event=error_404 status=404 message=Page not found.

[1 occurrence(s)]
ERROR --> HowItWorksController failure: mymi-wallets

[1 occurrence(s)]
ERROR --> HowItWorksController failure: Call to undefined method App\Modules\Blog\Controllers\HowItWorksController::respondWithRendered()


---------------------------
LEVEL: CRITICAL
---------------------------

[86 occurrence(s)]
CRITICAL --> CodeIgniter\Exceptions\PageNotFoundException: Page Not Found

[86 occurrence(s)]
CRITICAL --> [EXCEPTION] Page Not Found File=/home/mymiteam/mymiwallet/site/current/vendor/codeigniter4/framework/system/CodeIgniter.php Line=1001


===============================================
   HERE'S THE NEW STUFF
   (No previous timestamp recorded – nothing treated as new)
===============================================

---- CONFIG LINT ----
✅ Services::cache
✅ Services::responsecache
✅ Services::session
✅ Services::email
✅ Services::logger
✅ Services::validation
✅ Services::renderer
