===============================================
   MyMI Wallet — Log Summary for 2026-03-24
   Auto-generated by logs:summarize command
   Grouped by (LEVEL + message)
===============================================

Last processed up to: <none> (first run for this date)

---------------------------
LEVEL: DEBUG
---------------------------

[1 occurrence(s)]
DEBUG --> [REQ_ID=9a9ea3d0d597] [REQUEST][START] GET /index.php/API/Management/Run-CRON-Tasks

[114 occurrence(s)]
DEBUG --> Session: Class initialized using 'CodeIgniter\Session\Handlers\FileHandler' driver.

[1 occurrence(s)]
DEBUG --> [REQ_ID=9a9ea3d0d597] [FILTER_BEFORE] /index.php/API/Management/Run-CRON-Tasks

[1 occurrence(s)]
DEBUG --> [REQ_ID=9a9ea3d0d597] [ROUTE] Controller=\App\Modules\Management\Controllers\ManagementAPIController Method=Run_CRON_Tasks

[1 occurrence(s)]
DEBUG --> [REQ_ID=9a9ea3d0d597] [LIFECYCLE][START] GET https://www.mymiwallet.com/index.php/API/Management/Run-CRON-Tasks

[1 occurrence(s)]
DEBUG --> [REQ_ID=9a9ea3d0d597] [REQUEST][END]

[1 occurrence(s)]
DEBUG --> [REQ_ID=f4b746fa348e] [REQUEST][START] HEAD /

[1 occurrence(s)]
DEBUG --> [REQ_ID=da73f8893d89] [REQUEST][START] HEAD /

[1 occurrence(s)]
DEBUG --> [REQ_ID=64fb0a8e6cc5] [REQUEST][START] HEAD /

[1 occurrence(s)]
DEBUG --> [REQ_ID=bb737a04a24b] [REQUEST][START] GET /index.php/API/Alerts/fetchEmailAlerts

[1 occurrence(s)]
DEBUG --> [REQ_ID=bb737a04a24b] [FILTER_BEFORE] /index.php/API/Alerts/fetchEmailAlerts

[1 occurrence(s)]
DEBUG --> [REQ_ID=bb737a04a24b] [ROUTE] Controller=\App\Modules\APIs\Controllers\AlertsAPIController Method=fetchEmailAlerts

[1 occurrence(s)]
DEBUG --> [REQ_ID=bb737a04a24b] [LIFECYCLE][START] GET https://www.mymiwallet.com/index.php/API/Alerts/fetchEmailAlerts

[1 occurrence(s)]
DEBUG --> [REQ_ID=bb737a04a24b] [REQUEST][END]

[1 occurrence(s)]
DEBUG --> [REQ_ID=707e1d52d58b] [REQUEST][START] HEAD /

[1 occurrence(s)]
DEBUG --> [REQ_ID=523d87a94290] [REQUEST][START] HEAD /

[1 occurrence(s)]
DEBUG --> [REQ_ID=125e3892595a] [REQUEST][START] HEAD /

[1 occurrence(s)]
DEBUG --> [REQ_ID=65df65b08ea7] [REQUEST][START] HEAD /

[1 occurrence(s)]
DEBUG --> [REQ_ID=34f91484bd8a] [REQUEST][START] HEAD /

[1 occurrence(s)]
DEBUG --> [REQ_ID=1dde7269340f] [REQUEST][START] HEAD /

[1 occurrence(s)]
DEBUG --> [REQ_ID=fdebc717f697] [REQUEST][START] GET /index.php/Blog/Personal-Budgeting/The-Importance-of-Personal-Financial-Budgeting

[1 occurrence(s)]
DEBUG --> [REQ_ID=fdebc717f697] [REQUEST][END]

[1 occurrence(s)]
DEBUG --> [REQ_ID=fe25d08fe7f3] [REQUEST][START] HEAD /

[1 occurrence(s)]
DEBUG --> [REQ_ID=b88f218d2831] [REQUEST][START] HEAD /

[1 occurrence(s)]
DEBUG --> [REQ_ID=8d7d7886d070] [REQUEST][START] GET /

[1 occurrence(s)]
DEBUG --> [REQ_ID=8d7d7886d070] [FILTER_BEFORE] /

[1 occurrence(s)]
DEBUG --> [REQ_ID=8d7d7886d070] [ROUTE] Controller=\App\Controllers\Home Method=index

[1 occurrence(s)]
DEBUG --> [REQ_ID=8d7d7886d070] [LIFECYCLE][START] GET https://www.mymiwallet.com/index.php/

[1 occurrence(s)]
DEBUG --> [CSRF] token name=csrf_test_name hash=9931b88d600fd114ea70656d9f6360f9

[1 occurrence(s)]
DEBUG --> [REQ_ID=bb6763340695] [INIT] App\Controllers\Home::GET

[10 occurrence(s)]
DEBUG --> MyMIUser L52 - initialized (first log).

[8 occurrence(s)]
DEBUG --> [MetaService] slug= pageName= cacheHit= path=FALLBACK

[1 occurrence(s)]
DEBUG --> [REQ_ID=bb6763340695] [VIEW_RENDER] themes/public/home

[4 occurrence(s)]
DEBUG --> [MetaService] slug= pageName=Home cacheHit= path=DB

[1 occurrence(s)]
DEBUG --> [REQ_ID=8d7d7886d070] [FILTER_AFTER]

[1 occurrence(s)]
DEBUG --> [REQ_ID=8d7d7886d070] [LIFECYCLE][END] status=200 duration_ms=641.73 memory_delta=4194304

[1 occurrence(s)]
DEBUG --> [REQ_ID=8d7d7886d070] [REQUEST][END]

[1 occurrence(s)]
DEBUG --> [REQ_ID=c2b59165c08d] [REQUEST][START] HEAD /

[1 occurrence(s)]
DEBUG --> [REQ_ID=c6c7c3bd411f] [REQUEST][START] GET /index.php/API/Management/Run-CRON-Tasks

[1 occurrence(s)]
DEBUG --> [REQ_ID=c6c7c3bd411f] [FILTER_BEFORE] /index.php/API/Management/Run-CRON-Tasks

[1 occurrence(s)]
DEBUG --> [REQ_ID=c6c7c3bd411f] [ROUTE] Controller=\App\Modules\Management\Controllers\ManagementAPIController Method=Run_CRON_Tasks

[1 occurrence(s)]
DEBUG --> [REQ_ID=c6c7c3bd411f] [LIFECYCLE][START] GET https://www.mymiwallet.com/index.php/API/Management/Run-CRON-Tasks

[1 occurrence(s)]
DEBUG --> [REQ_ID=c6c7c3bd411f] [REQUEST][END]

[1 occurrence(s)]
DEBUG --> [REQ_ID=3734adb81e80] [REQUEST][START] HEAD /

[1 occurrence(s)]
DEBUG --> [REQ_ID=54625353a891] [REQUEST][START] HEAD /

[1 occurrence(s)]
DEBUG --> [REQ_ID=c557f7a63653] [REQUEST][START] GET /

[1 occurrence(s)]
DEBUG --> [REQ_ID=c557f7a63653] [REQUEST][END]

[1 occurrence(s)]
DEBUG --> [REQ_ID=756829a427ae] [REQUEST][START] HEAD /

[1 occurrence(s)]
DEBUG --> [REQ_ID=983fc8b11025] [REQUEST][START] GET /index.php/API/Alerts/fetchEmailAlerts

[1 occurrence(s)]
DEBUG --> [REQ_ID=983fc8b11025] [FILTER_BEFORE] /index.php/API/Alerts/fetchEmailAlerts

[1 occurrence(s)]
DEBUG --> [REQ_ID=983fc8b11025] [ROUTE] Controller=\App\Modules\APIs\Controllers\AlertsAPIController Method=fetchEmailAlerts

[1 occurrence(s)]
DEBUG --> [REQ_ID=983fc8b11025] [LIFECYCLE][START] GET https://www.mymiwallet.com/index.php/API/Alerts/fetchEmailAlerts

[1 occurrence(s)]
DEBUG --> [REQ_ID=983fc8b11025] [REQUEST][END]

[1 occurrence(s)]
DEBUG --> [REQ_ID=9ab14f908c7e] [REQUEST][START] HEAD /

[1 occurrence(s)]
DEBUG --> [REQ_ID=f358ed1aa2c5] [REQUEST][START] HEAD /

[1 occurrence(s)]
DEBUG --> [REQ_ID=831d79b8dbba] [REQUEST][START] GET /index.php/login

[1 occurrence(s)]
DEBUG --> [REQ_ID=831d79b8dbba] [REQUEST][END]

[1 occurrence(s)]
DEBUG --> [REQ_ID=519e9ed3a968] [REQUEST][START] HEAD /

[1 occurrence(s)]
DEBUG --> [REQ_ID=feac791ceb2e] [REQUEST][START] HEAD /

[1 occurrence(s)]
DEBUG --> [REQ_ID=6094ec5aad85] [REQUEST][START] HEAD /

[1 occurrence(s)]
DEBUG --> [REQ_ID=8ff61f796fe5] [REQUEST][START] HEAD /

[1 occurrence(s)]
DEBUG --> [REQ_ID=a9c4df5df9c0] [REQUEST][START] HEAD /

[1 occurrence(s)]
DEBUG --> [REQ_ID=4c7a3e7c46c3] [REQUEST][START] HEAD /

[1 occurrence(s)]
DEBUG --> [REQ_ID=94272452c22b] [REQUEST][START] HEAD /

[1 occurrence(s)]
DEBUG --> [REQ_ID=109686794aa6] [REQUEST][START] GET /index.php/API/Management/Run-CRON-Tasks

[1 occurrence(s)]
DEBUG --> [REQ_ID=109686794aa6] [FILTER_BEFORE] /index.php/API/Management/Run-CRON-Tasks

[1 occurrence(s)]
DEBUG --> [REQ_ID=109686794aa6] [ROUTE] Controller=\App\Modules\Management\Controllers\ManagementAPIController Method=Run_CRON_Tasks

[1 occurrence(s)]
DEBUG --> [REQ_ID=109686794aa6] [LIFECYCLE][START] GET https://www.mymiwallet.com/index.php/API/Management/Run-CRON-Tasks

[1 occurrence(s)]
DEBUG --> [REQ_ID=109686794aa6] [REQUEST][END]

[1 occurrence(s)]
DEBUG --> [REQ_ID=449308537f8c] [REQUEST][START] GET /

[1 occurrence(s)]
DEBUG --> [REQ_ID=449308537f8c] [FILTER_BEFORE] /

[1 occurrence(s)]
DEBUG --> [REQ_ID=449308537f8c] [ROUTE] Controller=\App\Controllers\Home Method=index

[1 occurrence(s)]
DEBUG --> [REQ_ID=449308537f8c] [LIFECYCLE][START] GET https://www.mymiwallet.com/index.php/

[1 occurrence(s)]
DEBUG --> [CSRF] token name=csrf_test_name hash=a993ca0462400dd25b11bb82b692a4c6

[1 occurrence(s)]
DEBUG --> [REQ_ID=f756048d0e7d] [INIT] App\Controllers\Home::GET

[1 occurrence(s)]
DEBUG --> [REQ_ID=f756048d0e7d] [VIEW_RENDER] themes/public/home

[1 occurrence(s)]
DEBUG --> [REQ_ID=449308537f8c] [FILTER_AFTER]

[1 occurrence(s)]
DEBUG --> [REQ_ID=449308537f8c] [LIFECYCLE][END] status=200 duration_ms=652.74 memory_delta=4194304

[1 occurrence(s)]
DEBUG --> [REQ_ID=449308537f8c] [REQUEST][END]

[1 occurrence(s)]
DEBUG --> [REQ_ID=b0cf476ee3de] [REQUEST][START] HEAD /

[1 occurrence(s)]
DEBUG --> [REQ_ID=ad0a127799b8] [REQUEST][START] HEAD /

[1 occurrence(s)]
DEBUG --> [REQ_ID=b754d8098349] [REQUEST][START] GET /

[1 occurrence(s)]
DEBUG --> [REQ_ID=b754d8098349] [REQUEST][END]

[1 occurrence(s)]
DEBUG --> [REQ_ID=d4bd39e87089] [REQUEST][START] GET /index.php/Knowledgebase

[1 occurrence(s)]
DEBUG --> [REQ_ID=e33968a6897c] [REQUEST][START] HEAD /

[1 occurrence(s)]
DEBUG --> [REQ_ID=052eacb15496] [REQUEST][START] GET /

[1 occurrence(s)]
DEBUG --> [REQ_ID=052eacb15496] [REQUEST][END]

[1 occurrence(s)]
DEBUG --> [REQ_ID=a63fa373d197] [REQUEST][START] GET /index.php/API/Alerts/fetchEmailAlerts

[1 occurrence(s)]
DEBUG --> [REQ_ID=a63fa373d197] [FILTER_BEFORE] /index.php/API/Alerts/fetchEmailAlerts

[1 occurrence(s)]
DEBUG --> [REQ_ID=a63fa373d197] [ROUTE] Controller=\App\Modules\APIs\Controllers\AlertsAPIController Method=fetchEmailAlerts

[1 occurrence(s)]
DEBUG --> [REQ_ID=a63fa373d197] [LIFECYCLE][START] GET https://www.mymiwallet.com/index.php/API/Alerts/fetchEmailAlerts

[1 occurrence(s)]
DEBUG --> [REQ_ID=a63fa373d197] [REQUEST][END]

[1 occurrence(s)]
DEBUG --> [REQ_ID=b615c884d55c] [REQUEST][START] HEAD /

[1 occurrence(s)]
DEBUG --> [REQ_ID=c21b5785c176] [REQUEST][START] GET /

[1 occurrence(s)]
DEBUG --> [REQ_ID=c21b5785c176] [FILTER_BEFORE] /

[1 occurrence(s)]
DEBUG --> [REQ_ID=c21b5785c176] [ROUTE] Controller=\App\Controllers\Home Method=index

[1 occurrence(s)]
DEBUG --> [REQ_ID=c21b5785c176] [LIFECYCLE][START] GET https://www.mymiwallet.com/index.php/

[1 occurrence(s)]
DEBUG --> [CSRF] token name=csrf_test_name hash=db8da3481011a6b17389f9df6130ca88

[1 occurrence(s)]
DEBUG --> [REQ_ID=fc4d6ebabe0b] [INIT] App\Controllers\Home::GET

[1 occurrence(s)]
DEBUG --> [REQ_ID=fc4d6ebabe0b] [VIEW_RENDER] themes/public/home

[6 occurrence(s)]
DEBUG --> [MetaService] slug= pageName=Home cacheHit=1 path=CACHE

[1 occurrence(s)]
DEBUG --> [REQ_ID=c21b5785c176] [FILTER_AFTER]

[1 occurrence(s)]
DEBUG --> [REQ_ID=c21b5785c176] [LIFECYCLE][END] status=200 duration_ms=850.18 memory_delta=4194304

[1 occurrence(s)]
DEBUG --> [REQ_ID=c21b5785c176] [REQUEST][END]

[1 occurrence(s)]
DEBUG --> [REQ_ID=5e48d48cfec0] [REQUEST][START] GET /

[1 occurrence(s)]
DEBUG --> [REQ_ID=5e48d48cfec0] [REQUEST][END]

[1 occurrence(s)]
DEBUG --> [REQ_ID=e0516e54eaec] [REQUEST][START] HEAD /

[1 occurrence(s)]
DEBUG --> [REQ_ID=8432cb361dec] [REQUEST][START] HEAD /

[1 occurrence(s)]
DEBUG --> [REQ_ID=53dc295a7171] [REQUEST][START] HEAD /

[1 occurrence(s)]
DEBUG --> [REQ_ID=3aca80e1e1a1] [REQUEST][START] HEAD /

[1 occurrence(s)]
DEBUG --> [REQ_ID=e07bb69ec5e0] [REQUEST][START] HEAD /

[1 occurrence(s)]
DEBUG --> [REQ_ID=abcb5ca84d66] [REQUEST][START] HEAD /

[1 occurrence(s)]
DEBUG --> [REQ_ID=9309dea0176e] [REQUEST][START] HEAD /

[1 occurrence(s)]
DEBUG --> [REQ_ID=cf7b10b8d03e] [REQUEST][START] GET /index.php/Blog

[1 occurrence(s)]
DEBUG --> [REQ_ID=cf7b10b8d03e] [REQUEST][END]

[1 occurrence(s)]
DEBUG --> [REQ_ID=6b557e60422c] [REQUEST][START] HEAD /

[1 occurrence(s)]
DEBUG --> [REQ_ID=60d6d2ad8ce4] [REQUEST][START] GET /

[1 occurrence(s)]
DEBUG --> [REQ_ID=60d6d2ad8ce4] [FILTER_BEFORE] /

[1 occurrence(s)]
DEBUG --> [REQ_ID=60d6d2ad8ce4] [ROUTE] Controller=\App\Controllers\Home Method=index

[1 occurrence(s)]
DEBUG --> [REQ_ID=60d6d2ad8ce4] [LIFECYCLE][START] GET https://www.mymiwallet.com/index.php/

[1 occurrence(s)]
DEBUG --> [CSRF] token name=csrf_test_name hash=93af4a0166859c209e6c91663a1055a5

[1 occurrence(s)]
DEBUG --> [REQ_ID=cddbe3fb5fc6] [INIT] App\Controllers\Home::GET

[1 occurrence(s)]
DEBUG --> [REQ_ID=cddbe3fb5fc6] [VIEW_RENDER] themes/public/home

[1 occurrence(s)]
DEBUG --> [REQ_ID=60d6d2ad8ce4] [FILTER_AFTER]

[1 occurrence(s)]
DEBUG --> [REQ_ID=60d6d2ad8ce4] [LIFECYCLE][END] status=200 duration_ms=601.30 memory_delta=4194304

[1 occurrence(s)]
DEBUG --> [REQ_ID=60d6d2ad8ce4] [REQUEST][END]

[1 occurrence(s)]
DEBUG --> [REQ_ID=e4bf10a08284] [REQUEST][START] GET /index.php/API/Management/Run-CRON-Tasks

[1 occurrence(s)]
DEBUG --> [REQ_ID=e4bf10a08284] [FILTER_BEFORE] /index.php/API/Management/Run-CRON-Tasks

[1 occurrence(s)]
DEBUG --> [REQ_ID=e4bf10a08284] [ROUTE] Controller=\App\Modules\Management\Controllers\ManagementAPIController Method=Run_CRON_Tasks

[1 occurrence(s)]
DEBUG --> [REQ_ID=e4bf10a08284] [LIFECYCLE][START] GET https://www.mymiwallet.com/index.php/API/Management/Run-CRON-Tasks

[1 occurrence(s)]
DEBUG --> [REQ_ID=e4bf10a08284] [REQUEST][END]

[1 occurrence(s)]
DEBUG --> [REQ_ID=44fc68b107cc] [REQUEST][START] HEAD /

[1 occurrence(s)]
DEBUG --> [REQ_ID=5d4a60530801] [REQUEST][START] HEAD /

[1 occurrence(s)]
DEBUG --> [REQ_ID=d824b975655e] [REQUEST][START] HEAD /

[1 occurrence(s)]
DEBUG --> [REQ_ID=33af7d5ada46] [REQUEST][START] GET /index.php/API/Alerts/fetchEmailAlerts

[1 occurrence(s)]
DEBUG --> [REQ_ID=33af7d5ada46] [FILTER_BEFORE] /index.php/API/Alerts/fetchEmailAlerts

[1 occurrence(s)]
DEBUG --> [REQ_ID=33af7d5ada46] [ROUTE] Controller=\App\Modules\APIs\Controllers\AlertsAPIController Method=fetchEmailAlerts

[1 occurrence(s)]
DEBUG --> [REQ_ID=33af7d5ada46] [LIFECYCLE][START] GET https://www.mymiwallet.com/index.php/API/Alerts/fetchEmailAlerts

[1 occurrence(s)]
DEBUG --> [REQ_ID=33af7d5ada46] [REQUEST][END]

[1 occurrence(s)]
DEBUG --> [REQ_ID=24444b3a89fe] [REQUEST][START] HEAD /

[1 occurrence(s)]
DEBUG --> [REQ_ID=336c0a335162] [REQUEST][START] GET /index.php/Management/Users

[1 occurrence(s)]
DEBUG --> [REQ_ID=336c0a335162] [REQUEST][END]

[1 occurrence(s)]
DEBUG --> [REQ_ID=3ddb0d4313df] [REQUEST][START] HEAD /

[1 occurrence(s)]
DEBUG --> [REQ_ID=5d0f81983499] [REQUEST][START] HEAD /

[1 occurrence(s)]
DEBUG --> [REQ_ID=e27510e892c8] [REQUEST][START] HEAD /

[1 occurrence(s)]
DEBUG --> [REQ_ID=cbc643232c59] [REQUEST][START] HEAD /

[1 occurrence(s)]
DEBUG --> [REQ_ID=e5e73049875c] [REQUEST][START] HEAD /

[1 occurrence(s)]
DEBUG --> [REQ_ID=0d1add4a1ffe] [REQUEST][START] HEAD /

[1 occurrence(s)]
DEBUG --> [REQ_ID=5e5dfe5eae21] [REQUEST][START] HEAD /

[1 occurrence(s)]
DEBUG --> [REQ_ID=d7f78e25988a] [REQUEST][START] HEAD /

[1 occurrence(s)]
DEBUG --> [REQ_ID=4bdcc49694b5] [REQUEST][START] GET /index.php/How-It-Works/earnings

[1 occurrence(s)]
DEBUG --> [REQ_ID=4bdcc49694b5] [REQUEST][END]

[1 occurrence(s)]
DEBUG --> [REQ_ID=dbcc75e03ea2] [REQUEST][START] GET /index.php/API/Management/Run-CRON-Tasks

[1 occurrence(s)]
DEBUG --> [REQ_ID=dbcc75e03ea2] [FILTER_BEFORE] /index.php/API/Management/Run-CRON-Tasks

[1 occurrence(s)]
DEBUG --> [REQ_ID=dbcc75e03ea2] [ROUTE] Controller=\App\Modules\Management\Controllers\ManagementAPIController Method=Run_CRON_Tasks

[1 occurrence(s)]
DEBUG --> [REQ_ID=dbcc75e03ea2] [LIFECYCLE][START] GET https://www.mymiwallet.com/index.php/API/Management/Run-CRON-Tasks

[1 occurrence(s)]
DEBUG --> [REQ_ID=dbcc75e03ea2] [REQUEST][END]

[1 occurrence(s)]
DEBUG --> [REQ_ID=870a011960c6] [REQUEST][START] HEAD /

[1 occurrence(s)]
DEBUG --> [REQ_ID=87825967abb4] [REQUEST][START] HEAD /

[1 occurrence(s)]
DEBUG --> [REQ_ID=cef3ebbf3eef] [REQUEST][START] GET /

[1 occurrence(s)]
DEBUG --> [REQ_ID=cef3ebbf3eef] [FILTER_BEFORE] /

[1 occurrence(s)]
DEBUG --> [REQ_ID=cef3ebbf3eef] [ROUTE] Controller=\App\Controllers\Home Method=index

[1 occurrence(s)]
DEBUG --> [REQ_ID=cef3ebbf3eef] [LIFECYCLE][START] GET https://www.mymiwallet.com/index.php/

[1 occurrence(s)]
DEBUG --> [CSRF] token name=csrf_test_name hash=bde24bb74d20ff7d7e28bfcff56171e1

[1 occurrence(s)]
DEBUG --> [REQ_ID=ccf75273377b] [INIT] App\Controllers\Home::GET

[1 occurrence(s)]
DEBUG --> [REQ_ID=ccf75273377b] [VIEW_RENDER] themes/public/home

[1 occurrence(s)]
DEBUG --> [REQ_ID=cef3ebbf3eef] [FILTER_AFTER]

[1 occurrence(s)]
DEBUG --> [REQ_ID=cef3ebbf3eef] [LIFECYCLE][END] status=200 duration_ms=644.10 memory_delta=4194304

[1 occurrence(s)]
DEBUG --> [REQ_ID=cef3ebbf3eef] [REQUEST][END]

[1 occurrence(s)]
DEBUG --> [REQ_ID=2596a502ff84] [REQUEST][START] GET /index.php/Knowledgebase/Getting-Started

[1 occurrence(s)]
DEBUG --> [REQ_ID=4630f19cf19d] [REQUEST][START] HEAD /

[1 occurrence(s)]
DEBUG --> [REQ_ID=b93cd686441c] [REQUEST][START] GET /index.php/API/Alerts/fetchEmailAlerts

[1 occurrence(s)]
DEBUG --> [REQ_ID=b93cd686441c] [FILTER_BEFORE] /index.php/API/Alerts/fetchEmailAlerts

[1 occurrence(s)]
DEBUG --> [REQ_ID=b93cd686441c] [ROUTE] Controller=\App\Modules\APIs\Controllers\AlertsAPIController Method=fetchEmailAlerts

[1 occurrence(s)]
DEBUG --> [REQ_ID=b93cd686441c] [LIFECYCLE][START] GET https://www.mymiwallet.com/index.php/API/Alerts/fetchEmailAlerts

[1 occurrence(s)]
DEBUG --> [REQ_ID=b93cd686441c] [REQUEST][END]

[1 occurrence(s)]
DEBUG --> [REQ_ID=0f2673894210] [REQUEST][START] HEAD /

[1 occurrence(s)]
DEBUG --> [REQ_ID=029db9936b72] [REQUEST][START] HEAD /

[1 occurrence(s)]
DEBUG --> [REQ_ID=8b211f4fafbc] [REQUEST][START] GET /

[1 occurrence(s)]
DEBUG --> [REQ_ID=8b211f4fafbc] [FILTER_BEFORE] /

[1 occurrence(s)]
DEBUG --> [REQ_ID=8b211f4fafbc] [ROUTE] Controller=\App\Controllers\Home Method=index

[1 occurrence(s)]
DEBUG --> [REQ_ID=8b211f4fafbc] [LIFECYCLE][START] GET https://www.mymiwallet.com/index.php/

[1 occurrence(s)]
DEBUG --> [CSRF] token name=csrf_test_name hash=a9d59fc8c7e1cfda6733cf4b03b2ac84

[1 occurrence(s)]
DEBUG --> [REQ_ID=b429e094f07c] [INIT] App\Controllers\Home::GET

[2 occurrence(s)]
DEBUG --> [MetaService] slug= pageName= cacheHit=1 path=CACHE

[1 occurrence(s)]
DEBUG --> [REQ_ID=b429e094f07c] [VIEW_RENDER] themes/public/home

[1 occurrence(s)]
DEBUG --> [REQ_ID=8b211f4fafbc] [FILTER_AFTER]

[1 occurrence(s)]
DEBUG --> [REQ_ID=8b211f4fafbc] [LIFECYCLE][END] status=200 duration_ms=622.61 memory_delta=4194304

[1 occurrence(s)]
DEBUG --> [REQ_ID=8b211f4fafbc] [REQUEST][END]

[1 occurrence(s)]
DEBUG --> [REQ_ID=e50d6533f5cf] [REQUEST][START] HEAD /

[1 occurrence(s)]
DEBUG --> [REQ_ID=e5795828c77f] [REQUEST][START] HEAD /

[1 occurrence(s)]
DEBUG --> [REQ_ID=05644c95fac9] [REQUEST][START] HEAD /

[1 occurrence(s)]
DEBUG --> [REQ_ID=f0072953e167] [REQUEST][START] HEAD /

[1 occurrence(s)]
DEBUG --> [REQ_ID=61c1512af5a7] [REQUEST][START] HEAD /

[1 occurrence(s)]
DEBUG --> [REQ_ID=a101de7e287e] [REQUEST][START] HEAD /

[1 occurrence(s)]
DEBUG --> [REQ_ID=0943e5771c2b] [REQUEST][START] HEAD /

[1 occurrence(s)]
DEBUG --> [REQ_ID=6f4e084313db] [REQUEST][START] GET /

[1 occurrence(s)]
DEBUG --> [REQ_ID=6f4e084313db] [FILTER_BEFORE] /

[1 occurrence(s)]
DEBUG --> [REQ_ID=6f4e084313db] [ROUTE] Controller=\App\Controllers\Home Method=index

[1 occurrence(s)]
DEBUG --> [REQ_ID=6f4e084313db] [LIFECYCLE][START] GET https://www.mymiwallet.com/index.php/

[1 occurrence(s)]
DEBUG --> [CSRF] token name=csrf_test_name hash=41e9ff962089dcf1f858ed26d617afc9

[1 occurrence(s)]
DEBUG --> [REQ_ID=f4a6219b2933] [INIT] App\Controllers\Home::GET

[1 occurrence(s)]
DEBUG --> [REQ_ID=f4a6219b2933] [VIEW_RENDER] themes/public/home

[1 occurrence(s)]
DEBUG --> [REQ_ID=6f4e084313db] [FILTER_AFTER]

[1 occurrence(s)]
DEBUG --> [REQ_ID=6f4e084313db] [LIFECYCLE][END] status=200 duration_ms=836.33 memory_delta=4194304

[1 occurrence(s)]
DEBUG --> [REQ_ID=6f4e084313db] [REQUEST][END]

[1 occurrence(s)]
DEBUG --> [REQ_ID=c062ffdb17b3] [REQUEST][START] GET /index.php/API/Management/Run-CRON-Tasks

[1 occurrence(s)]
DEBUG --> [REQ_ID=c062ffdb17b3] [FILTER_BEFORE] /index.php/API/Management/Run-CRON-Tasks

[1 occurrence(s)]
DEBUG --> [REQ_ID=c062ffdb17b3] [ROUTE] Controller=\App\Modules\Management\Controllers\ManagementAPIController Method=Run_CRON_Tasks

[1 occurrence(s)]
DEBUG --> [REQ_ID=c062ffdb17b3] [LIFECYCLE][START] GET https://www.mymiwallet.com/index.php/API/Management/Run-CRON-Tasks

[1 occurrence(s)]
DEBUG --> [REQ_ID=c062ffdb17b3] [REQUEST][END]

[1 occurrence(s)]
DEBUG --> [REQ_ID=bda625becac0] [REQUEST][START] HEAD /

[1 occurrence(s)]
DEBUG --> [REQ_ID=32dad2bb7655] [REQUEST][START] HEAD /

[1 occurrence(s)]
DEBUG --> [REQ_ID=e3addc3ab297] [REQUEST][START] GET /index.php/register

[1 occurrence(s)]
DEBUG --> [REQ_ID=e3addc3ab297] [REQUEST][END]

[1 occurrence(s)]
DEBUG --> [REQ_ID=d130f8c8352f] [REQUEST][START] HEAD /

[1 occurrence(s)]
DEBUG --> [REQ_ID=1c6ee6ced0af] [REQUEST][START] GET /index.php/API/Alerts/fetchEmailAlerts

[1 occurrence(s)]
DEBUG --> [REQ_ID=1c6ee6ced0af] [FILTER_BEFORE] /index.php/API/Alerts/fetchEmailAlerts

[1 occurrence(s)]
DEBUG --> [REQ_ID=1c6ee6ced0af] [ROUTE] Controller=\App\Modules\APIs\Controllers\AlertsAPIController Method=fetchEmailAlerts

[1 occurrence(s)]
DEBUG --> [REQ_ID=1c6ee6ced0af] [LIFECYCLE][START] GET https://www.mymiwallet.com/index.php/API/Alerts/fetchEmailAlerts

[1 occurrence(s)]
DEBUG --> [REQ_ID=1c6ee6ced0af] [REQUEST][END]

[1 occurrence(s)]
DEBUG --> [REQ_ID=c84d554fd3e5] [REQUEST][START] HEAD /

[1 occurrence(s)]
DEBUG --> [REQ_ID=bf96c5caea3d] [REQUEST][START] HEAD /

[1 occurrence(s)]
DEBUG --> [REQ_ID=9518140d24fd] [REQUEST][START] GET /index.php/

[1 occurrence(s)]
DEBUG --> [REQ_ID=9518140d24fd] [REQUEST][END]

[1 occurrence(s)]
DEBUG --> [REQ_ID=3b07e3280055] [REQUEST][START] HEAD /

[1 occurrence(s)]
DEBUG --> [REQ_ID=58f033456648] [REQUEST][START] HEAD /

[1 occurrence(s)]
DEBUG --> [REQ_ID=f62b1ccacbe6] [REQUEST][START] HEAD /

[1 occurrence(s)]
DEBUG --> [REQ_ID=841bcf40fc54] [REQUEST][START] HEAD /

[1 occurrence(s)]
DEBUG --> [REQ_ID=60fc4b4c5fd9] [REQUEST][START] HEAD /

[1 occurrence(s)]
DEBUG --> [REQ_ID=4b351f20c351] [REQUEST][START] HEAD /

[1 occurrence(s)]
DEBUG --> [REQ_ID=47d62fc51c9e] [REQUEST][START] GET /

[1 occurrence(s)]
DEBUG --> [REQ_ID=47d62fc51c9e] [FILTER_BEFORE] /

[1 occurrence(s)]
DEBUG --> [REQ_ID=47d62fc51c9e] [ROUTE] Controller=\App\Controllers\Home Method=index

[1 occurrence(s)]
DEBUG --> [REQ_ID=47d62fc51c9e] [LIFECYCLE][START] GET https://www.mymiwallet.com/index.php/

[1 occurrence(s)]
DEBUG --> [CSRF] token name=csrf_test_name hash=b211de122d7ad302caafecc0be943219

[1 occurrence(s)]
DEBUG --> [REQ_ID=5f8e2ff73992] [INIT] App\Controllers\Home::GET

[1 occurrence(s)]
DEBUG --> [REQ_ID=5f8e2ff73992] [VIEW_RENDER] themes/public/home

[1 occurrence(s)]
DEBUG --> [REQ_ID=47d62fc51c9e] [FILTER_AFTER]

[1 occurrence(s)]
DEBUG --> [REQ_ID=47d62fc51c9e] [LIFECYCLE][END] status=200 duration_ms=648.55 memory_delta=4194304

[1 occurrence(s)]
DEBUG --> [REQ_ID=47d62fc51c9e] [REQUEST][END]

[1 occurrence(s)]
DEBUG --> [REQ_ID=48dde1302f5d] [REQUEST][START] GET /index.php/API/Management/Run-CRON-Tasks

[1 occurrence(s)]
DEBUG --> [REQ_ID=48dde1302f5d] [FILTER_BEFORE] /index.php/API/Management/Run-CRON-Tasks

[1 occurrence(s)]
DEBUG --> [REQ_ID=48dde1302f5d] [ROUTE] Controller=\App\Modules\Management\Controllers\ManagementAPIController Method=Run_CRON_Tasks

[1 occurrence(s)]
DEBUG --> [REQ_ID=48dde1302f5d] [LIFECYCLE][START] GET https://www.mymiwallet.com/index.php/API/Management/Run-CRON-Tasks

[1 occurrence(s)]
DEBUG --> [REQ_ID=48dde1302f5d] [REQUEST][END]

[1 occurrence(s)]
DEBUG --> [REQ_ID=b8d67b18834f] [REQUEST][START] HEAD /

[1 occurrence(s)]
DEBUG --> [REQ_ID=f6780c057b33] [REQUEST][START] GET /

[1 occurrence(s)]
DEBUG --> [REQ_ID=f6780c057b33] [FILTER_BEFORE] /

[1 occurrence(s)]
DEBUG --> [REQ_ID=f6780c057b33] [ROUTE] Controller=\App\Controllers\Home Method=index

[1 occurrence(s)]
DEBUG --> [REQ_ID=f6780c057b33] [LIFECYCLE][START] GET https://www.mymiwallet.com/index.php/

[1 occurrence(s)]
DEBUG --> [CSRF] token name=csrf_test_name hash=d2f3924852e1c6a7c53acb6925ae77d1

[1 occurrence(s)]
DEBUG --> [REQ_ID=16d3a3fb92b7] [INIT] App\Controllers\Home::GET

[1 occurrence(s)]
DEBUG --> [REQ_ID=16d3a3fb92b7] [VIEW_RENDER] themes/public/home

[1 occurrence(s)]
DEBUG --> [REQ_ID=f6780c057b33] [FILTER_AFTER]

[1 occurrence(s)]
DEBUG --> [REQ_ID=f6780c057b33] [LIFECYCLE][END] status=200 duration_ms=725.91 memory_delta=4194304

[1 occurrence(s)]
DEBUG --> [REQ_ID=f6780c057b33] [REQUEST][END]

[1 occurrence(s)]
DEBUG --> [REQ_ID=f33119629f37] [REQUEST][START] GET /index.php/API/Alerts/fetchEmailAlerts

[1 occurrence(s)]
DEBUG --> [REQ_ID=f33119629f37] [FILTER_BEFORE] /index.php/API/Alerts/fetchEmailAlerts

[1 occurrence(s)]
DEBUG --> [REQ_ID=f33119629f37] [ROUTE] Controller=\App\Modules\APIs\Controllers\AlertsAPIController Method=fetchEmailAlerts

[1 occurrence(s)]
DEBUG --> [REQ_ID=f33119629f37] [LIFECYCLE][START] GET https://www.mymiwallet.com/index.php/API/Alerts/fetchEmailAlerts

[1 occurrence(s)]
DEBUG --> [REQ_ID=f33119629f37] [REQUEST][END]

[1 occurrence(s)]
DEBUG --> [REQ_ID=184c44faf3d9] [REQUEST][START] HEAD /

[1 occurrence(s)]
DEBUG --> [REQ_ID=7693c147a61c] [REQUEST][START] HEAD /

[1 occurrence(s)]
DEBUG --> [REQ_ID=39cc555e02d9] [REQUEST][START] GET /

[1 occurrence(s)]
DEBUG --> [REQ_ID=39cc555e02d9] [FILTER_BEFORE] /

[1 occurrence(s)]
DEBUG --> [REQ_ID=39cc555e02d9] [ROUTE] Controller=\App\Controllers\Home Method=index

[1 occurrence(s)]
DEBUG --> [REQ_ID=39cc555e02d9] [LIFECYCLE][START] GET https://www.mymiwallet.com/index.php/

[1 occurrence(s)]
DEBUG --> [CSRF] token name=csrf_test_name hash=ac5b2e848eacb56ff07941a43d982c12

[1 occurrence(s)]
DEBUG --> [REQ_ID=4bd72b4505e1] [INIT] App\Controllers\Home::GET

[1 occurrence(s)]
DEBUG --> [REQ_ID=4bd72b4505e1] [VIEW_RENDER] themes/public/home

[1 occurrence(s)]
DEBUG --> [REQ_ID=39cc555e02d9] [FILTER_AFTER]

[1 occurrence(s)]
DEBUG --> [REQ_ID=39cc555e02d9] [LIFECYCLE][END] status=200 duration_ms=776.60 memory_delta=4194304

[1 occurrence(s)]
DEBUG --> [REQ_ID=39cc555e02d9] [REQUEST][END]

[1 occurrence(s)]
DEBUG --> [REQ_ID=5bbbc1a89d75] [REQUEST][START] HEAD /

[1 occurrence(s)]
DEBUG --> [REQ_ID=0842893a0398] [REQUEST][START] HEAD /

[1 occurrence(s)]
DEBUG --> [REQ_ID=89c149e98a29] [REQUEST][START] GET /index.php/API/Management/Run-CRON-Tasks

[1 occurrence(s)]
DEBUG --> [REQ_ID=89c149e98a29] [FILTER_BEFORE] /index.php/API/Management/Run-CRON-Tasks

[1 occurrence(s)]
DEBUG --> [REQ_ID=89c149e98a29] [ROUTE] Controller=\App\Modules\Management\Controllers\ManagementAPIController Method=Run_CRON_Tasks

[1 occurrence(s)]
DEBUG --> [REQ_ID=89c149e98a29] [LIFECYCLE][START] GET https://www.mymiwallet.com/index.php/API/Management/Run-CRON-Tasks

[1 occurrence(s)]
DEBUG --> [REQ_ID=89c149e98a29] [REQUEST][END]


---------------------------
LEVEL: INFO
---------------------------

[1 occurrence(s)]
INFO --> [REQ_ID=9a9ea3d0d597] [PERF] Execution time=0.015133

[1 occurrence(s)]
INFO --> [REQ_ID=bb737a04a24b] [PERF] Execution time=0.046494

[1 occurrence(s)]
INFO --> [REQ_ID=fdebc717f697] [PERF] Execution time=0.041403

[1 occurrence(s)]
INFO --> [REQ_ID=bb6763340695] [MEMORY][controller-start] 4194304

[1 occurrence(s)]
INFO --> [REQ_ID=bb6763340695] [MEMORY][commonData:start] 6291456

[1 occurrence(s)]
INFO --> [REQ_ID=bb6763340695] [MEMORY][commonData:start] 8388608

[6 occurrence(s)]
INFO --> themesMemory usage: 8388608

[1 occurrence(s)]
INFO --> [REQ_ID=bb6763340695] [PERF] Execution time=0.639949

[1 occurrence(s)]
INFO --> [REQ_ID=8d7d7886d070] [PERF] Execution time=0.662286

[1 occurrence(s)]
INFO --> [REQ_ID=c6c7c3bd411f] [PERF] Execution time=0.042448

[1 occurrence(s)]
INFO --> [REQ_ID=c557f7a63653] [PERF] Execution time=0.038244

[1 occurrence(s)]
INFO --> [REQ_ID=983fc8b11025] [PERF] Execution time=0.047742

[1 occurrence(s)]
INFO --> [REQ_ID=831d79b8dbba] [PERF] Execution time=0.039856

[1 occurrence(s)]
INFO --> [REQ_ID=109686794aa6] [PERF] Execution time=0.051141

[1 occurrence(s)]
INFO --> [REQ_ID=f756048d0e7d] [MEMORY][controller-start] 4194304

[1 occurrence(s)]
INFO --> [REQ_ID=f756048d0e7d] [MEMORY][commonData:start] 6291456

[1 occurrence(s)]
INFO --> [REQ_ID=f756048d0e7d] [MEMORY][commonData:start] 8388608

[1 occurrence(s)]
INFO --> [REQ_ID=f756048d0e7d] [PERF] Execution time=0.651221

[1 occurrence(s)]
INFO --> [REQ_ID=449308537f8c] [PERF] Execution time=0.666727

[1 occurrence(s)]
INFO --> [REQ_ID=b754d8098349] [PERF] Execution time=0.018115

[1 occurrence(s)]
INFO --> [REQ_ID=052eacb15496] [PERF] Execution time=0.014487

[1 occurrence(s)]
INFO --> [REQ_ID=a63fa373d197] [PERF] Execution time=0.048869

[1 occurrence(s)]
INFO --> [REQ_ID=fc4d6ebabe0b] [MEMORY][controller-start] 4194304

[1 occurrence(s)]
INFO --> [REQ_ID=fc4d6ebabe0b] [MEMORY][commonData:start] 6291456

[1 occurrence(s)]
INFO --> [REQ_ID=fc4d6ebabe0b] [MEMORY][commonData:start] 8388608

[1 occurrence(s)]
INFO --> [REQ_ID=fc4d6ebabe0b] [PERF] Execution time=0.848852

[1 occurrence(s)]
INFO --> [REQ_ID=c21b5785c176] [PERF] Execution time=0.861250

[1 occurrence(s)]
INFO --> [REQ_ID=5e48d48cfec0] [PERF] Execution time=0.009213

[1 occurrence(s)]
INFO --> [REQ_ID=cf7b10b8d03e] [PERF] Execution time=0.020914

[1 occurrence(s)]
INFO --> [REQ_ID=cddbe3fb5fc6] [MEMORY][controller-start] 4194304

[1 occurrence(s)]
INFO --> [REQ_ID=cddbe3fb5fc6] [MEMORY][commonData:start] 6291456

[1 occurrence(s)]
INFO --> [REQ_ID=cddbe3fb5fc6] [MEMORY][commonData:start] 8388608

[1 occurrence(s)]
INFO --> [REQ_ID=cddbe3fb5fc6] [PERF] Execution time=0.598323

[1 occurrence(s)]
INFO --> [REQ_ID=60d6d2ad8ce4] [PERF] Execution time=0.625469

[1 occurrence(s)]
INFO --> [REQ_ID=e4bf10a08284] [PERF] Execution time=0.035768

[1 occurrence(s)]
INFO --> [REQ_ID=33af7d5ada46] [PERF] Execution time=0.047831

[1 occurrence(s)]
INFO --> [REQ_ID=336c0a335162] [PERF] Execution time=0.052565

[1 occurrence(s)]
INFO --> [REQ_ID=4bdcc49694b5] [PERF] Execution time=0.040426

[1 occurrence(s)]
INFO --> [REQ_ID=dbcc75e03ea2] [PERF] Execution time=0.049286

[1 occurrence(s)]
INFO --> [REQ_ID=ccf75273377b] [MEMORY][controller-start] 6291456

[1 occurrence(s)]
INFO --> [REQ_ID=ccf75273377b] [MEMORY][commonData:start] 6291456

[1 occurrence(s)]
INFO --> [REQ_ID=ccf75273377b] [MEMORY][commonData:start] 10485760

[4 occurrence(s)]
INFO --> themesMemory usage: 10485760

[1 occurrence(s)]
INFO --> [REQ_ID=ccf75273377b] [PERF] Execution time=0.641456

[1 occurrence(s)]
INFO --> [REQ_ID=cef3ebbf3eef] [PERF] Execution time=0.696239

[1 occurrence(s)]
INFO --> [REQ_ID=b93cd686441c] [PERF] Execution time=0.051222

[1 occurrence(s)]
INFO --> [REQ_ID=b429e094f07c] [MEMORY][controller-start] 6291456

[1 occurrence(s)]
INFO --> [REQ_ID=b429e094f07c] [MEMORY][commonData:start] 6291456

[1 occurrence(s)]
INFO --> [REQ_ID=b429e094f07c] [MEMORY][commonData:start] 10485760

[1 occurrence(s)]
INFO --> [REQ_ID=b429e094f07c] [PERF] Execution time=0.620402

[1 occurrence(s)]
INFO --> [REQ_ID=8b211f4fafbc] [PERF] Execution time=0.661314

[1 occurrence(s)]
INFO --> [REQ_ID=f4a6219b2933] [MEMORY][controller-start] 4194304

[1 occurrence(s)]
INFO --> [REQ_ID=f4a6219b2933] [MEMORY][commonData:start] 4194304

[1 occurrence(s)]
INFO --> [REQ_ID=f4a6219b2933] [MEMORY][commonData:start] 8388608

[1 occurrence(s)]
INFO --> [REQ_ID=f4a6219b2933] [PERF] Execution time=0.834343

[1 occurrence(s)]
INFO --> [REQ_ID=6f4e084313db] [PERF] Execution time=0.855216

[1 occurrence(s)]
INFO --> [REQ_ID=c062ffdb17b3] [PERF] Execution time=0.047605

[1 occurrence(s)]
INFO --> [REQ_ID=e3addc3ab297] [PERF] Execution time=0.040995

[1 occurrence(s)]
INFO --> [REQ_ID=1c6ee6ced0af] [PERF] Execution time=0.054970

[1 occurrence(s)]
INFO --> [REQ_ID=9518140d24fd] [PERF] Execution time=0.037310

[1 occurrence(s)]
INFO --> [REQ_ID=5f8e2ff73992] [MEMORY][controller-start] 6291456

[1 occurrence(s)]
INFO --> [REQ_ID=5f8e2ff73992] [MEMORY][commonData:start] 6291456

[1 occurrence(s)]
INFO --> [REQ_ID=5f8e2ff73992] [MEMORY][commonData:start] 10485760

[1 occurrence(s)]
INFO --> [REQ_ID=5f8e2ff73992] [PERF] Execution time=0.646814

[1 occurrence(s)]
INFO --> [REQ_ID=47d62fc51c9e] [PERF] Execution time=0.687856

[1 occurrence(s)]
INFO --> [REQ_ID=48dde1302f5d] [PERF] Execution time=0.027798

[1 occurrence(s)]
INFO --> [REQ_ID=16d3a3fb92b7] [MEMORY][controller-start] 4194304

[1 occurrence(s)]
INFO --> [REQ_ID=16d3a3fb92b7] [MEMORY][commonData:start] 6291456

[1 occurrence(s)]
INFO --> [REQ_ID=16d3a3fb92b7] [MEMORY][commonData:start] 8388608

[1 occurrence(s)]
INFO --> [REQ_ID=16d3a3fb92b7] [PERF] Execution time=0.723965

[1 occurrence(s)]
INFO --> [REQ_ID=f6780c057b33] [PERF] Execution time=0.744369

[1 occurrence(s)]
INFO --> [REQ_ID=f33119629f37] [PERF] Execution time=0.045862

[1 occurrence(s)]
INFO --> [REQ_ID=4bd72b4505e1] [MEMORY][controller-start] 6291456

[1 occurrence(s)]
INFO --> [REQ_ID=4bd72b4505e1] [MEMORY][commonData:start] 6291456

[1 occurrence(s)]
INFO --> [REQ_ID=4bd72b4505e1] [MEMORY][commonData:start] 10485760

[1 occurrence(s)]
INFO --> [REQ_ID=4bd72b4505e1] [PERF] Execution time=0.774754

[1 occurrence(s)]
INFO --> [REQ_ID=39cc555e02d9] [PERF] Execution time=0.814402

[1 occurrence(s)]
INFO --> [spark:ops:work] Started

[1 occurrence(s)]
INFO --> [SPARK_START] App\Commands\Ops\Work

[4 occurrence(s)]
INFO --> [SPARK_MEMORY] 18874368

[1 occurrence(s)]
INFO --> [spark:ops:work] Intent

[1 occurrence(s)]
INFO --> [REQ_ID=89c149e98a29] [PERF] Execution time=0.049239

[1 occurrence(s)]
INFO --> [SPARK_START] App\Commands\AIOps\Run

[1 occurrence(s)]
INFO --> [spark:aiops:run] Intent

[1 occurrence(s)]
INFO --> [spark:ops:work] Completed

[1 occurrence(s)]
INFO --> [SPARK_COMPLETE] App\Commands\Ops\Work duration=0.213889

[1 occurrence(s)]
INFO --> [AIOPS][SPARK][GOVERNANCE][spark:logs:summarize] Started

[1 occurrence(s)]
INFO --> [SPARK_START] App\Commands\Logs\Summarize

[1 occurrence(s)]
INFO --> [spark:logs:summarize] Intent


---------------------------
LEVEL: WARNING
---------------------------

[76 occurrence(s)]
WARNING --> [404] URI=https://www.mymiwallet.com/index.php/

[76 occurrence(s)]
WARNING --> 404 route miss: https://www.mymiwallet.com/index.php/ | referrer: http://67.205.42.220


---------------------------
LEVEL: ERROR
---------------------------

[2 occurrence(s)]
ERROR --> [ERROR_PAGE] event=error_500 status=500 message=Internal server error.


---------------------------
LEVEL: CRITICAL
---------------------------

[76 occurrence(s)]
CRITICAL --> CodeIgniter\Exceptions\PageNotFoundException: Page Not Found

[76 occurrence(s)]
CRITICAL --> [EXCEPTION] Page Not Found File=/home/mymiteam/mymiwallet/site/current/vendor/codeigniter4/framework/system/CodeIgniter.php Line=1001

[2 occurrence(s)]
CRITICAL --> ErrorException: Access level to App\Modules\User\Controllers\KnowledgebaseController::respondWithRendered() must be protected (as in class App\Controllers\BaseController) or weaker

[2 occurrence(s)]
CRITICAL --> [EXCEPTION] Access level to App\Modules\User\Controllers\KnowledgebaseController::respondWithRendered() must be protected (as in class App\Controllers\BaseController) or weaker File=/home/mymiteam/mymiwallet/site/current/app/Modules/User/Controllers/KnowledgebaseController.php Line=535


===============================================
   HERE'S THE NEW STUFF
   (No previous timestamp recorded – nothing treated as new)
===============================================

---- CONFIG LINT ----
✅ Services::cache
✅ Services::responsecache
✅ Services::session
✅ Services::email
✅ Services::logger
✅ Services::validation
✅ Services::renderer
