===============================================
   MyMI Wallet — Log Summary for 2026-01-31
   Auto-generated by logs:summarize command
   Grouped by (LEVEL + message)
===============================================

Last processed up to: <none> (first run for this date)

---------------------------
LEVEL: CRITICAL
---------------------------

[3 occurrence(s)]
CRITICAL --> ErrorException: Type of App\Commands\Ops\CommandsAutofix::$defaultDryRun must not be defined (as in class App\Commands\SafeBaseCommand)

[2 occurrence(s)]
CRITICAL --> ErrorException: Type of App\Commands\OpsWork::$aiOpsRunnable must not be defined (as in class App\Commands\SafeBaseCommand)

[46 occurrence(s)]
CRITICAL --> TypeError: Cannot assign null to property Config\App::$enableKint of type bool


===============================================
   HERE'S THE NEW STUFF
   (No previous timestamp recorded – nothing treated as new)
===============================================

---- CONFIG LINT ----
✅ Services::cache
✅ Services::responsecache
✅ Services::session
✅ Services::email
✅ Services::logger
✅ Services::validation
✅ Services::renderer
