===============================================
   MyMI Wallet — Log Summary for 2026-02-12
   Auto-generated by logs:summarize command
   Grouped by (LEVEL + message)
===============================================

Last processed up to: <none> (first run for this date)

---------------------------
LEVEL: ERROR
---------------------------

[1 occurrence(s)]
ERROR --> LOG_HEALTHCHECK file probe marker=f8d1d93edeba


===============================================
   HERE'S THE NEW STUFF
   (No previous timestamp recorded – nothing treated as new)
===============================================

---- CONFIG LINT ----
✅ Services::cache
✅ Services::responsecache
✅ Services::session
✅ Services::email
✅ Services::logger
✅ Services::validation
✅ Services::renderer
