===============================================
   MyMI Wallet — Log Summary for 2026-02-08
   Auto-generated by logs:summarize command
   Grouped by (LEVEL + message)
===============================================

Last processed up to: 2026-02-08 16:54:26

---------------------------
LEVEL: CRITICAL
---------------------------

[5 occurrence(s)]
CRITICAL --> ErrorException: Type of App\Modules\User\Controllers\BudgetController::$walletService must be ?App\Services\WalletService (as in class App\Controllers\UserController)

[1 occurrence(s)]
CRITICAL --> ErrorException: Type of App\Modules\User\Controllers\InvestmentsController::$walletService must be ?App\Services\WalletService (as in class App\Controllers\UserController)

[14 occurrence(s)]
CRITICAL --> CodeIgniter\Exceptions\PageNotFoundException: Page Not Found

[1 occurrence(s)]
CRITICAL --> ErrorException: Type of App\Modules\User\Controllers\ReferralController::$walletService must be ?App\Services\WalletService (as in class App\Controllers\UserController)

[1 occurrence(s)]
CRITICAL --> ErrorException: Type of App\Modules\User\Controllers\WalletsController::$walletService must be ?App\Services\WalletService (as in class App\Controllers\UserController)

[3 occurrence(s)]
CRITICAL --> ErrorException: Type of App\Modules\Exchange\Controllers\ExchangeController::$walletService must be ?App\Services\WalletService (as in class App\Controllers\UserController)

[1 occurrence(s)]
CRITICAL --> ErrorException: Type of App\Modules\Management\Controllers\ManagementController::$walletService must be ?App\Services\WalletService (as in class App\Controllers\UserController)

[19 occurrence(s)]
CRITICAL --> Error: Call to a member function getUserWallets() on null

[1 occurrence(s)]
CRITICAL --> Error: Call to undefined method App\Modules\Management\Controllers\AlertsController::getMyMIAlerts()

[1 occurrence(s)]
CRITICAL --> Error: Call to a member function close() on null

[1 occurrence(s)]
CRITICAL --> [Caused by] Error: Call to a member function getUserWallets() on null

[1 occurrence(s)]
CRITICAL --> Error: Call to a member function getAlertInfo() on null

[2 occurrence(s)]
CRITICAL --> Error: Call to a member function getUserSolana() on null

[4 occurrence(s)]
CRITICAL --> ErrorException: Cannot declare class App\Config\SocialPlatforms, because the name is already in use

[2 occurrence(s)]
CRITICAL --> Error: Call to a member function getFirstRow() on bool

[7 occurrence(s)]
CRITICAL --> ErrorException: Allowed memory size of 805306368 bytes exhausted (tried to allocate 12288 bytes)

[2 occurrence(s)]
CRITICAL --> Error: Call to a member function getAssets() on null

[22 occurrence(s)]
CRITICAL --> TypeError: trim(): Argument #1 ($string) must be of type string, null given

[6 occurrence(s)]
CRITICAL --> Error: Call to a member function getOption() on null

[2 occurrence(s)]
CRITICAL --> TypeError: CodeIgniter\CLI\CLI::write(): Argument #1 ($text) must be of type string, array given, called in /home/mymiteam/mymiwallet/site/current/app/Commands/Support/SubsCommandTrait.php on line 60


===============================================
   HERE'S THE NEW STUFF
   (Entries logged AFTER 2026-02-08 16:54:26)
===============================================

---------------------------
LEVEL: CRITICAL (NEW)
---------------------------

[3 NEW occurrence(s)]
CRITICAL --> TypeError: trim(): Argument #1 ($string) must be of type string, null given


---- CONFIG LINT ----
✅ Services::cache
✅ Services::responsecache
✅ Services::session
✅ Services::email
✅ Services::logger
✅ Services::validation
✅ Services::renderer
