===============================================
   MyMI Wallet — Log Summary for 2026-02-02
   Auto-generated by logs:summarize command
   Grouped by (LEVEL + message)
===============================================

Last processed up to: 2026-02-02 13:04:54

---------------------------
LEVEL: CRITICAL
---------------------------

[1 occurrence(s)]
CRITICAL --> CodeIgniter\Database\Exceptions\DatabaseException: Unknown column 'user_id' in 'field list'

[1 occurrence(s)]
CRITICAL --> [Caused by] CodeIgniter\Database\Exceptions\DatabaseException: Unknown column 'user_id' in 'field list'

[1 occurrence(s)]
CRITICAL --> [Caused by] mysqli_sql_exception: Unknown column 'user_id' in 'field list'

[1 occurrence(s)]
CRITICAL --> CodeIgniter\Database\Exceptions\DatabaseException: Unknown column 'recorded_at' in 'where clause'

[1 occurrence(s)]
CRITICAL --> [Caused by] CodeIgniter\Database\Exceptions\DatabaseException: Unknown column 'recorded_at' in 'where clause'

[1 occurrence(s)]
CRITICAL --> [Caused by] mysqli_sql_exception: Unknown column 'recorded_at' in 'where clause'

[4 occurrence(s)]
CRITICAL --> CodeIgniter\Database\Exceptions\DatabaseException: Unknown column 'type' in 'field list'

[4 occurrence(s)]
CRITICAL --> [Caused by] CodeIgniter\Database\Exceptions\DatabaseException: Unknown column 'type' in 'field list'

[4 occurrence(s)]
CRITICAL --> [Caused by] mysqli_sql_exception: Unknown column 'type' in 'field list'

[2 occurrence(s)]
CRITICAL --> Error: Class "CodeIgniter\CLI\Command" not found

[1 occurrence(s)]
CRITICAL --> TypeError: str_starts_with(): Argument #1 ($haystack) must be of type string, null given

[17 occurrence(s)]
CRITICAL --> Error: Call to undefined method Closure::__set_state()

[1 occurrence(s)]
CRITICAL --> Error: Class "App\Commands\AiOps\Command" not found

[1 occurrence(s)]
CRITICAL --> CodeIgniter\Exceptions\PageNotFoundException: Page Not Found


===============================================
   HERE'S THE NEW STUFF
   (Entries logged AFTER 2026-02-02 13:04:54)
===============================================

---------------------------
LEVEL: CRITICAL (NEW)
---------------------------

[1 NEW occurrence(s)]
CRITICAL --> Error: Class "App\Commands\AiOps\Command" not found

[1 NEW occurrence(s)]
CRITICAL --> CodeIgniter\Exceptions\PageNotFoundException: Page Not Found


---- CONFIG LINT ----
✅ Services::cache
✅ Services::responsecache
✅ Services::session
✅ Services::email
✅ Services::logger
✅ Services::validation
✅ Services::renderer
