===============================================
   MyMI Wallet — Log Summary for 2026-03-28
   Auto-generated by logs:summarize command
   Grouped by (LEVEL + message)
===============================================

Last processed up to: <none> (first run for this date)

---------------------------
LEVEL: DEBUG
---------------------------

[1 occurrence(s)]
DEBUG --> [REQ_ID=e0313934a0ae] [REQUEST][START] GET /index.php/API/Management/Run-CRON-Tasks

[138 occurrence(s)]
DEBUG --> Session: Class initialized using 'CodeIgniter\Session\Handlers\FileHandler' driver.

[1 occurrence(s)]
DEBUG --> [REQ_ID=e0313934a0ae] [FILTER_BEFORE] /index.php/API/Management/Run-CRON-Tasks

[1 occurrence(s)]
DEBUG --> [REQ_ID=e0313934a0ae] [ROUTE] Controller=\App\Modules\Management\Controllers\ManagementAPIController Method=Run_CRON_Tasks

[1 occurrence(s)]
DEBUG --> [REQ_ID=e0313934a0ae] [LIFECYCLE][START] GET https://www.mymiwallet.com/index.php/API/Management/Run-CRON-Tasks

[1 occurrence(s)]
DEBUG --> [REQ_ID=e0313934a0ae] [REQUEST][END]

[1 occurrence(s)]
DEBUG --> [REQ_ID=3bdf3f448407] [REQUEST][START] HEAD /

[1 occurrence(s)]
DEBUG --> [REQ_ID=f88da6b1fb31] [REQUEST][START] HEAD /

[1 occurrence(s)]
DEBUG --> [REQ_ID=eeb9f9cb8678] [REQUEST][START] HEAD /

[1 occurrence(s)]
DEBUG --> [REQ_ID=e7df0ef86ed5] [REQUEST][START] GET /index.php/API/Alerts/fetchEmailAlerts

[1 occurrence(s)]
DEBUG --> [REQ_ID=e7df0ef86ed5] [FILTER_BEFORE] /index.php/API/Alerts/fetchEmailAlerts

[1 occurrence(s)]
DEBUG --> [REQ_ID=e7df0ef86ed5] [ROUTE] Controller=\App\Modules\APIs\Controllers\AlertsAPIController Method=fetchEmailAlerts

[1 occurrence(s)]
DEBUG --> [REQ_ID=e7df0ef86ed5] [LIFECYCLE][START] GET https://www.mymiwallet.com/index.php/API/Alerts/fetchEmailAlerts

[1 occurrence(s)]
DEBUG --> [REQ_ID=e7df0ef86ed5] [REQUEST][END]

[1 occurrence(s)]
DEBUG --> [REQ_ID=d933ca8e6aa2] [REQUEST][START] HEAD /

[1 occurrence(s)]
DEBUG --> [REQ_ID=265e2123a163] [REQUEST][START] HEAD /

[1 occurrence(s)]
DEBUG --> [REQ_ID=f9993a836d57] [REQUEST][START] HEAD /

[1 occurrence(s)]
DEBUG --> [REQ_ID=d2be6fcf0739] [REQUEST][START] HEAD /

[1 occurrence(s)]
DEBUG --> [REQ_ID=67b5b96ad10e] [REQUEST][START] HEAD /

[1 occurrence(s)]
DEBUG --> [REQ_ID=6d87e3c7dadb] [REQUEST][START] GET /

[1 occurrence(s)]
DEBUG --> [REQ_ID=6d87e3c7dadb] [REQUEST][END]

[1 occurrence(s)]
DEBUG --> [REQ_ID=2826f0cf6bde] [REQUEST][START] GET /

[1 occurrence(s)]
DEBUG --> [REQ_ID=2826f0cf6bde] [REQUEST][END]

[1 occurrence(s)]
DEBUG --> [REQ_ID=123a35a42b76] [REQUEST][START] HEAD /

[1 occurrence(s)]
DEBUG --> [REQ_ID=8f978f0abf83] [REQUEST][START] HEAD /

[1 occurrence(s)]
DEBUG --> [REQ_ID=faab3afe3710] [REQUEST][START] HEAD /

[1 occurrence(s)]
DEBUG --> [REQ_ID=df807f3dfaaf] [REQUEST][START] HEAD /

[1 occurrence(s)]
DEBUG --> [REQ_ID=d00cb7ef6418] [REQUEST][START] GET /index.php/API/Management/Run-CRON-Tasks

[1 occurrence(s)]
DEBUG --> [REQ_ID=d00cb7ef6418] [FILTER_BEFORE] /index.php/API/Management/Run-CRON-Tasks

[1 occurrence(s)]
DEBUG --> [REQ_ID=d00cb7ef6418] [ROUTE] Controller=\App\Modules\Management\Controllers\ManagementAPIController Method=Run_CRON_Tasks

[1 occurrence(s)]
DEBUG --> [REQ_ID=d00cb7ef6418] [LIFECYCLE][START] GET https://www.mymiwallet.com/index.php/API/Management/Run-CRON-Tasks

[1 occurrence(s)]
DEBUG --> [REQ_ID=d00cb7ef6418] [REQUEST][END]

[1 occurrence(s)]
DEBUG --> [REQ_ID=77f353fca60d] [REQUEST][START] HEAD /

[1 occurrence(s)]
DEBUG --> [REQ_ID=f9548319a779] [REQUEST][START] HEAD /

[1 occurrence(s)]
DEBUG --> [REQ_ID=16f4d0b2ae30] [REQUEST][START] HEAD /

[1 occurrence(s)]
DEBUG --> [REQ_ID=17435a85c38f] [REQUEST][START] GET /

[1 occurrence(s)]
DEBUG --> [REQ_ID=17435a85c38f] [REQUEST][END]

[1 occurrence(s)]
DEBUG --> [REQ_ID=aa2d194e9a01] [REQUEST][START] GET /index.php/API/Alerts/fetchEmailAlerts

[1 occurrence(s)]
DEBUG --> [REQ_ID=aa2d194e9a01] [FILTER_BEFORE] /index.php/API/Alerts/fetchEmailAlerts

[1 occurrence(s)]
DEBUG --> [REQ_ID=aa2d194e9a01] [ROUTE] Controller=\App\Modules\APIs\Controllers\AlertsAPIController Method=fetchEmailAlerts

[1 occurrence(s)]
DEBUG --> [REQ_ID=aa2d194e9a01] [LIFECYCLE][START] GET https://www.mymiwallet.com/index.php/API/Alerts/fetchEmailAlerts

[1 occurrence(s)]
DEBUG --> [REQ_ID=aa2d194e9a01] [REQUEST][END]

[1 occurrence(s)]
DEBUG --> [REQ_ID=ae548671a417] [REQUEST][START] HEAD /

[1 occurrence(s)]
DEBUG --> [REQ_ID=06cb2d12aa51] [REQUEST][START] GET /

[1 occurrence(s)]
DEBUG --> [REQ_ID=06cb2d12aa51] [REQUEST][END]

[1 occurrence(s)]
DEBUG --> [REQ_ID=d7e0126d5374] [REQUEST][START] HEAD /

[1 occurrence(s)]
DEBUG --> [REQ_ID=f042f2f30ab9] [REQUEST][START] HEAD /

[1 occurrence(s)]
DEBUG --> [REQ_ID=67092f0add28] [REQUEST][START] HEAD /

[1 occurrence(s)]
DEBUG --> [REQ_ID=8a6dcf76c133] [REQUEST][START] GET /

[1 occurrence(s)]
DEBUG --> [REQ_ID=8a6dcf76c133] [REQUEST][END]

[1 occurrence(s)]
DEBUG --> [REQ_ID=ac336faf1279] [REQUEST][START] HEAD /

[1 occurrence(s)]
DEBUG --> [REQ_ID=fe31c8963f22] [REQUEST][START] HEAD /

[1 occurrence(s)]
DEBUG --> [REQ_ID=10ab0a6d4e8b] [REQUEST][START] HEAD /

[1 occurrence(s)]
DEBUG --> [REQ_ID=ae3aa581f1b4] [REQUEST][START] GET /

[1 occurrence(s)]
DEBUG --> [REQ_ID=ae3aa581f1b4] [FILTER_BEFORE] /

[1 occurrence(s)]
DEBUG --> [REQ_ID=ae3aa581f1b4] [ROUTE] Controller=\App\Controllers\Home Method=index

[1 occurrence(s)]
DEBUG --> [REQ_ID=ae3aa581f1b4] [LIFECYCLE][START] GET https://www.mymiwallet.com/index.php/

[1 occurrence(s)]
DEBUG --> [CSRF] token name=csrf_test_name hash=cc5987dce669e5dd16c805f6b58515ce

[1 occurrence(s)]
DEBUG --> [REQ_ID=110d3cf368d1] [INIT] App\Controllers\Home::GET

[25 occurrence(s)]
DEBUG --> MyMIUser L52 - initialized (first log).

[6 occurrence(s)]
DEBUG --> [MetaService] slug= pageName= cacheHit= path=FALLBACK

[1 occurrence(s)]
DEBUG --> [REQ_ID=110d3cf368d1] [VIEW_RENDER] themes/public/home

[3 occurrence(s)]
DEBUG --> [MetaService] slug= pageName=Home cacheHit= path=DB

[1 occurrence(s)]
DEBUG --> [REQ_ID=ae3aa581f1b4] [FILTER_AFTER]

[1 occurrence(s)]
DEBUG --> [REQ_ID=ae3aa581f1b4] [LIFECYCLE][END] status=200 duration_ms=625.32 memory_delta=4194304

[1 occurrence(s)]
DEBUG --> [REQ_ID=ae3aa581f1b4] [REQUEST][END]

[1 occurrence(s)]
DEBUG --> [REQ_ID=7e540c838d0b] [REQUEST][START] HEAD /

[1 occurrence(s)]
DEBUG --> [REQ_ID=c8a8bec6ef8a] [REQUEST][START] GET /

[1 occurrence(s)]
DEBUG --> [REQ_ID=c8a8bec6ef8a] [FILTER_BEFORE] /

[1 occurrence(s)]
DEBUG --> [REQ_ID=c8a8bec6ef8a] [ROUTE] Controller=\App\Controllers\Home Method=index

[1 occurrence(s)]
DEBUG --> [REQ_ID=c8a8bec6ef8a] [LIFECYCLE][START] GET https://www.mymiwallet.com/index.php/

[1 occurrence(s)]
DEBUG --> [CSRF] token name=csrf_test_name hash=b6f8933dec16be118ecbcdc79af832d6

[1 occurrence(s)]
DEBUG --> [REQ_ID=228f45d10ffd] [INIT] App\Controllers\Home::GET

[5 occurrence(s)]
DEBUG --> [MetaService] slug= pageName= cacheHit=1 path=CACHE

[1 occurrence(s)]
DEBUG --> [REQ_ID=228f45d10ffd] [VIEW_RENDER] themes/public/home

[8 occurrence(s)]
DEBUG --> [MetaService] slug= pageName=Home cacheHit=1 path=CACHE

[1 occurrence(s)]
DEBUG --> [REQ_ID=c8a8bec6ef8a] [FILTER_AFTER]

[1 occurrence(s)]
DEBUG --> [REQ_ID=c8a8bec6ef8a] [LIFECYCLE][END] status=200 duration_ms=483.21 memory_delta=4194304

[1 occurrence(s)]
DEBUG --> [REQ_ID=c8a8bec6ef8a] [REQUEST][END]

[1 occurrence(s)]
DEBUG --> [REQ_ID=789f6641a50c] [REQUEST][START] HEAD /

[1 occurrence(s)]
DEBUG --> [REQ_ID=975df66dd869] [REQUEST][START] GET /index.php/API/Management/Run-CRON-Tasks

[1 occurrence(s)]
DEBUG --> [REQ_ID=975df66dd869] [FILTER_BEFORE] /index.php/API/Management/Run-CRON-Tasks

[1 occurrence(s)]
DEBUG --> [REQ_ID=975df66dd869] [ROUTE] Controller=\App\Modules\Management\Controllers\ManagementAPIController Method=Run_CRON_Tasks

[1 occurrence(s)]
DEBUG --> [REQ_ID=975df66dd869] [LIFECYCLE][START] GET https://www.mymiwallet.com/index.php/API/Management/Run-CRON-Tasks

[1 occurrence(s)]
DEBUG --> [REQ_ID=975df66dd869] [REQUEST][END]

[1 occurrence(s)]
DEBUG --> [REQ_ID=a98e0ac8456b] [REQUEST][START] HEAD /

[1 occurrence(s)]
DEBUG --> [REQ_ID=97975f4f8097] [REQUEST][START] HEAD /

[1 occurrence(s)]
DEBUG --> [REQ_ID=463d278c995d] [REQUEST][START] GET /

[1 occurrence(s)]
DEBUG --> [REQ_ID=463d278c995d] [FILTER_BEFORE] /

[1 occurrence(s)]
DEBUG --> [REQ_ID=463d278c995d] [ROUTE] Controller=\App\Controllers\Home Method=index

[1 occurrence(s)]
DEBUG --> [REQ_ID=463d278c995d] [LIFECYCLE][START] GET https://www.mymiwallet.com/index.php/

[1 occurrence(s)]
DEBUG --> [CSRF] token name=csrf_test_name hash=957ca550513d843a965fb108f83cb0ac

[1 occurrence(s)]
DEBUG --> [REQ_ID=f333aa07e95b] [INIT] App\Controllers\Home::GET

[1 occurrence(s)]
DEBUG --> [REQ_ID=f333aa07e95b] [VIEW_RENDER] themes/public/home

[1 occurrence(s)]
DEBUG --> [REQ_ID=463d278c995d] [FILTER_AFTER]

[1 occurrence(s)]
DEBUG --> [REQ_ID=463d278c995d] [LIFECYCLE][END] status=200 duration_ms=599.56 memory_delta=4194304

[1 occurrence(s)]
DEBUG --> [REQ_ID=463d278c995d] [REQUEST][END]

[1 occurrence(s)]
DEBUG --> [REQ_ID=7c19a615c446] [REQUEST][START] HEAD /

[1 occurrence(s)]
DEBUG --> [REQ_ID=249520faf455] [REQUEST][START] GET /index.php/API/Alerts/fetchEmailAlerts

[1 occurrence(s)]
DEBUG --> [REQ_ID=249520faf455] [FILTER_BEFORE] /index.php/API/Alerts/fetchEmailAlerts

[1 occurrence(s)]
DEBUG --> [REQ_ID=249520faf455] [ROUTE] Controller=\App\Modules\APIs\Controllers\AlertsAPIController Method=fetchEmailAlerts

[1 occurrence(s)]
DEBUG --> [REQ_ID=249520faf455] [LIFECYCLE][START] GET https://www.mymiwallet.com/index.php/API/Alerts/fetchEmailAlerts

[1 occurrence(s)]
DEBUG --> [REQ_ID=249520faf455] [REQUEST][END]

[1 occurrence(s)]
DEBUG --> [REQ_ID=6f4d72c1ded5] [REQUEST][START] HEAD /

[1 occurrence(s)]
DEBUG --> [REQ_ID=25463004afc6] [REQUEST][START] HEAD /

[1 occurrence(s)]
DEBUG --> [REQ_ID=e60547103a8e] [REQUEST][START] GET /

[1 occurrence(s)]
DEBUG --> [REQ_ID=e60547103a8e] [FILTER_BEFORE] /

[1 occurrence(s)]
DEBUG --> [REQ_ID=e60547103a8e] [ROUTE] Controller=\App\Controllers\Home Method=index

[1 occurrence(s)]
DEBUG --> [REQ_ID=e60547103a8e] [LIFECYCLE][START] GET https://www.mymiwallet.com/index.php/

[2 occurrence(s)]
DEBUG --> [CSRF] token name=csrf_test_name hash=a17232f6d199e238b29c2936e3a6af99

[1 occurrence(s)]
DEBUG --> [REQ_ID=45b0f8781b1c] [INIT] App\Controllers\Home::GET

[1 occurrence(s)]
DEBUG --> [REQ_ID=45b0f8781b1c] [VIEW_RENDER] themes/public/home

[1 occurrence(s)]
DEBUG --> [REQ_ID=e60547103a8e] [FILTER_AFTER]

[1 occurrence(s)]
DEBUG --> [REQ_ID=e60547103a8e] [LIFECYCLE][END] status=200 duration_ms=652.60 memory_delta=4194304

[1 occurrence(s)]
DEBUG --> [REQ_ID=e60547103a8e] [REQUEST][END]

[1 occurrence(s)]
DEBUG --> [REQ_ID=d8b59b7b7c86] [REQUEST][START] GET /

[1 occurrence(s)]
DEBUG --> [REQ_ID=d8b59b7b7c86] [FILTER_BEFORE] /

[1 occurrence(s)]
DEBUG --> [REQ_ID=d8b59b7b7c86] [ROUTE] Controller=\App\Controllers\Home Method=index

[1 occurrence(s)]
DEBUG --> [REQ_ID=d8b59b7b7c86] [LIFECYCLE][START] GET https://www.mymiwallet.com/index.php/

[1 occurrence(s)]
DEBUG --> [REQ_ID=be8c166fe14f] [INIT] App\Controllers\Home::GET

[1 occurrence(s)]
DEBUG --> [REQ_ID=be8c166fe14f] [VIEW_RENDER] themes/public/home

[1 occurrence(s)]
DEBUG --> [REQ_ID=d8b59b7b7c86] [FILTER_AFTER]

[1 occurrence(s)]
DEBUG --> [REQ_ID=d8b59b7b7c86] [LIFECYCLE][END] status=200 duration_ms=562.88 memory_delta=4194304

[1 occurrence(s)]
DEBUG --> [REQ_ID=d8b59b7b7c86] [REQUEST][END]

[1 occurrence(s)]
DEBUG --> [REQ_ID=2cd929b3722e] [REQUEST][START] HEAD /

[1 occurrence(s)]
DEBUG --> [REQ_ID=93c4d936537c] [REQUEST][START] HEAD /

[1 occurrence(s)]
DEBUG --> [REQ_ID=7bd7b600bb08] [REQUEST][START] HEAD /

[1 occurrence(s)]
DEBUG --> [REQ_ID=a29dbed2d7ef] [REQUEST][START] HEAD /

[1 occurrence(s)]
DEBUG --> [REQ_ID=205f3d73a9e9] [REQUEST][START] HEAD /

[1 occurrence(s)]
DEBUG --> [REQ_ID=5815fbd06eef] [REQUEST][START] HEAD /

[1 occurrence(s)]
DEBUG --> [REQ_ID=76089a14ebfb] [REQUEST][START] HEAD /

[1 occurrence(s)]
DEBUG --> [REQ_ID=874fb7801b4b] [REQUEST][START] GET /index.php/API/Management/Run-CRON-Tasks

[1 occurrence(s)]
DEBUG --> [REQ_ID=874fb7801b4b] [FILTER_BEFORE] /index.php/API/Management/Run-CRON-Tasks

[1 occurrence(s)]
DEBUG --> [REQ_ID=874fb7801b4b] [ROUTE] Controller=\App\Modules\Management\Controllers\ManagementAPIController Method=Run_CRON_Tasks

[1 occurrence(s)]
DEBUG --> [REQ_ID=874fb7801b4b] [LIFECYCLE][START] GET https://www.mymiwallet.com/index.php/API/Management/Run-CRON-Tasks

[1 occurrence(s)]
DEBUG --> [REQ_ID=874fb7801b4b] [REQUEST][END]

[1 occurrence(s)]
DEBUG --> [REQ_ID=6c3249b744d2] [REQUEST][START] HEAD /

[1 occurrence(s)]
DEBUG --> [REQ_ID=66daa4890217] [REQUEST][START] HEAD /

[1 occurrence(s)]
DEBUG --> [REQ_ID=31cd8f72fe53] [REQUEST][START] HEAD /

[1 occurrence(s)]
DEBUG --> [REQ_ID=711ea2929283] [REQUEST][START] GET /index.php/API/Alerts/fetchEmailAlerts

[1 occurrence(s)]
DEBUG --> [REQ_ID=711ea2929283] [FILTER_BEFORE] /index.php/API/Alerts/fetchEmailAlerts

[1 occurrence(s)]
DEBUG --> [REQ_ID=711ea2929283] [ROUTE] Controller=\App\Modules\APIs\Controllers\AlertsAPIController Method=fetchEmailAlerts

[1 occurrence(s)]
DEBUG --> [REQ_ID=711ea2929283] [LIFECYCLE][START] GET https://www.mymiwallet.com/index.php/API/Alerts/fetchEmailAlerts

[1 occurrence(s)]
DEBUG --> [REQ_ID=711ea2929283] [REQUEST][END]

[1 occurrence(s)]
DEBUG --> [REQ_ID=18832402bd2a] [REQUEST][START] HEAD /

[1 occurrence(s)]
DEBUG --> [REQ_ID=a4680051fdda] [REQUEST][START] HEAD /

[1 occurrence(s)]
DEBUG --> [REQ_ID=e6a5bf6353e5] [REQUEST][START] HEAD /

[1 occurrence(s)]
DEBUG --> [REQ_ID=98ce577c82f8] [REQUEST][START] HEAD /

[1 occurrence(s)]
DEBUG --> [REQ_ID=0001cc5244ca] [REQUEST][START] POST /index.php/login

[1 occurrence(s)]
DEBUG --> [REQ_ID=0001cc5244ca] [FILTER_BEFORE] /index.php/login

[1 occurrence(s)]
DEBUG --> [REQ_ID=0001cc5244ca] [ROUTE] Controller=\App\Controllers\AuthController Method=attemptLogin

[1 occurrence(s)]
DEBUG --> [REQ_ID=0001cc5244ca] [LIFECYCLE][START] POST https://www.mymiwallet.com/index.php/login

[1 occurrence(s)]
DEBUG --> [CSRF] token name=csrf_test_name hash=7b52b70d3757e470330eb456de71271d

[1 occurrence(s)]
DEBUG --> [REQ_ID=0001cc5244ca] [REQUEST][END]

[1 occurrence(s)]
DEBUG --> [REQ_ID=327aaa0d10ab] [REQUEST][START] GET /index.php/login

[1 occurrence(s)]
DEBUG --> [REQ_ID=327aaa0d10ab] [FILTER_BEFORE] /index.php/login

[1 occurrence(s)]
DEBUG --> [REQ_ID=327aaa0d10ab] [ROUTE] Controller=\App\Controllers\AuthController Method=login

[1 occurrence(s)]
DEBUG --> [REQ_ID=327aaa0d10ab] [LIFECYCLE][START] GET https://www.mymiwallet.com/index.php/login

[14 occurrence(s)]
DEBUG --> [CSRF] token name=csrf_test_name hash=deb8ca3af669e0aed51c9b9184b2130d

[1 occurrence(s)]
DEBUG --> [REQ_ID=b8a93fc5a76a] [INIT] App\Controllers\AuthController::GET

[1 occurrence(s)]
DEBUG --> [REQ_ID=327aaa0d10ab] [FILTER_AFTER]

[1 occurrence(s)]
DEBUG --> [REQ_ID=327aaa0d10ab] [LIFECYCLE][END] status=200 duration_ms=121.71 memory_delta=0

[1 occurrence(s)]
DEBUG --> [REQ_ID=327aaa0d10ab] [REQUEST][END]

[1 occurrence(s)]
DEBUG --> [REQ_ID=054be394f8fd] [REQUEST][START] POST /index.php/login

[1 occurrence(s)]
DEBUG --> [REQ_ID=054be394f8fd] [FILTER_BEFORE] /index.php/login

[1 occurrence(s)]
DEBUG --> [REQ_ID=054be394f8fd] [ROUTE] Controller=\App\Controllers\AuthController Method=attemptLogin

[1 occurrence(s)]
DEBUG --> [REQ_ID=054be394f8fd] [LIFECYCLE][START] POST https://www.mymiwallet.com/index.php/login

[1 occurrence(s)]
DEBUG --> [REQ_ID=054be394f8fd] [REQUEST][END]

[1 occurrence(s)]
DEBUG --> [REQ_ID=605d3a04d72d] [REQUEST][START] GET /index.php/login

[1 occurrence(s)]
DEBUG --> [REQ_ID=605d3a04d72d] [FILTER_BEFORE] /index.php/login

[1 occurrence(s)]
DEBUG --> [REQ_ID=605d3a04d72d] [ROUTE] Controller=\App\Controllers\AuthController Method=login

[1 occurrence(s)]
DEBUG --> [REQ_ID=605d3a04d72d] [LIFECYCLE][START] GET https://www.mymiwallet.com/index.php/login

[1 occurrence(s)]
DEBUG --> [REQ_ID=d87ef34d0904] [INIT] App\Controllers\AuthController::GET

[1 occurrence(s)]
DEBUG --> [REQ_ID=605d3a04d72d] [FILTER_AFTER]

[1 occurrence(s)]
DEBUG --> [REQ_ID=605d3a04d72d] [LIFECYCLE][END] status=200 duration_ms=19.43 memory_delta=0

[1 occurrence(s)]
DEBUG --> [REQ_ID=605d3a04d72d] [REQUEST][END]

[1 occurrence(s)]
DEBUG --> [REQ_ID=a6be3f4110cb] [REQUEST][START] GET /index.php/login

[1 occurrence(s)]
DEBUG --> [REQ_ID=a6be3f4110cb] [FILTER_BEFORE] /index.php/login

[1 occurrence(s)]
DEBUG --> [REQ_ID=a6be3f4110cb] [ROUTE] Controller=\App\Controllers\AuthController Method=login

[1 occurrence(s)]
DEBUG --> [REQ_ID=a6be3f4110cb] [LIFECYCLE][START] GET https://www.mymiwallet.com/index.php/login

[1 occurrence(s)]
DEBUG --> [REQ_ID=17a338c5db5d] [INIT] App\Controllers\AuthController::GET

[1 occurrence(s)]
DEBUG --> [REQ_ID=a6be3f4110cb] [FILTER_AFTER]

[1 occurrence(s)]
DEBUG --> [REQ_ID=a6be3f4110cb] [LIFECYCLE][END] status=200 duration_ms=25.19 memory_delta=0

[1 occurrence(s)]
DEBUG --> [REQ_ID=a6be3f4110cb] [REQUEST][END]

[1 occurrence(s)]
DEBUG --> [REQ_ID=50a80aa7e4ea] [REQUEST][START] POST /index.php/login

[1 occurrence(s)]
DEBUG --> [REQ_ID=50a80aa7e4ea] [FILTER_BEFORE] /index.php/login

[1 occurrence(s)]
DEBUG --> [REQ_ID=50a80aa7e4ea] [ROUTE] Controller=\App\Controllers\AuthController Method=attemptLogin

[1 occurrence(s)]
DEBUG --> [REQ_ID=50a80aa7e4ea] [LIFECYCLE][START] POST https://www.mymiwallet.com/index.php/login

[1 occurrence(s)]
DEBUG --> [REQ_ID=562c2791c419] [INIT] App\Controllers\AuthController::POST

[1 occurrence(s)]
DEBUG --> Auth attemptLogin() called with login identifier: tburks2392, remember: false

[1 occurrence(s)]
DEBUG --> Auth attemptLogin() called. redirect_url in session: none

[1 occurrence(s)]
DEBUG --> Auth credentials normalised for attempt using key "username"

[1 occurrence(s)]
DEBUG --> Auth attempt succeeded for identifier tburks2392. logged_in(): yes, user_id(): 2

[1 occurrence(s)]
DEBUG --> Auth attempt succeeded. logged_in(): yes, user_id(): 2

[1 occurrence(s)]
DEBUG --> Auth attemptLogin() - session user_id set to: 2

[1 occurrence(s)]
DEBUG --> Auth redirect destination: https://www.mymiwallet.com/index.php/Dashboard

[1 occurrence(s)]
DEBUG --> [REQ_ID=50a80aa7e4ea] [FILTER_AFTER]

[1 occurrence(s)]
DEBUG --> [REQ_ID=50a80aa7e4ea] [LIFECYCLE][END] status=303 duration_ms=122.14 memory_delta=0

[1 occurrence(s)]
DEBUG --> [REQ_ID=50a80aa7e4ea] [REQUEST][END]

[1 occurrence(s)]
DEBUG --> [REQ_ID=b56fc6e0fc03] [REQUEST][START] GET /index.php/Dashboard

[1 occurrence(s)]
DEBUG --> [REQ_ID=b56fc6e0fc03] [FILTER_BEFORE] /index.php/Dashboard

[1 occurrence(s)]
DEBUG --> [REQ_ID=b56fc6e0fc03] [ROUTE] Controller=\App\Modules\User\Controllers\DashboardController Method=index

[1 occurrence(s)]
DEBUG --> [REQ_ID=b56fc6e0fc03] [LIFECYCLE][START] GET https://www.mymiwallet.com/index.php/Dashboard

[1 occurrence(s)]
DEBUG --> [REQ_ID=48f488b7cd4c] [INIT] App\Modules\User\Controllers\DashboardController::GET

[1 occurrence(s)]
DEBUG --> [REQ_ID=48f488b7cd4c] [METHOD_ENTRY] index

[22 occurrence(s)]
DEBUG --> [SERVICE] App\Services\BudgetService ::setUserId

[6 occurrence(s)]
DEBUG --> MyMIMarketing: Pscrape library not installed; Google search scraping will use fallback.

[1 occurrence(s)]
DEBUG --> [DASHBOARD] Enter

[2 occurrence(s)]
DEBUG --> [SERVICE] App\Services\BudgetService ::getUserBudget

[2 occurrence(s)]
DEBUG --> [MODEL_WHERE] App\Models\BudgetModel KEY={"created_by":2,"deleted":0}

[9 occurrence(s)]
DEBUG --> [MODEL_WHERE] App\Models\BudgetModel KEY="created_by"

[9 occurrence(s)]
DEBUG --> [MODEL_WHERE] App\Models\BudgetModel KEY="account_type"

[8 occurrence(s)]
DEBUG --> [MODEL_WHERE] App\Models\BudgetModel KEY="designated_date >="

[8 occurrence(s)]
DEBUG --> [MODEL_WHERE] App\Models\BudgetModel KEY="designated_date <="

[7 occurrence(s)]
DEBUG --> [MODEL_WHERE] App\Models\BudgetModel KEY="year"

[6 occurrence(s)]
DEBUG --> [MODEL_WHERE] App\Models\BudgetModel KEY="month <="

[6 occurrence(s)]
DEBUG --> [MODEL_WHERE] App\Models\BudgetModel KEY="day <="

[3 occurrence(s)]
DEBUG --> [MODEL_WHERE] App\Models\BudgetModel KEY={"created_by":2,"account_type":"Income","month":"03","year":"2026"}

[26 occurrence(s)]
DEBUG --> [MODEL_FIRST] App\Models\BudgetModel

[3 occurrence(s)]
DEBUG --> [MODEL_WHERE] App\Models\BudgetModel KEY={"created_by":2,"account_type":"Income","month":"02","year":"2026"}

[3 occurrence(s)]
DEBUG --> [MODEL_WHERE] App\Models\BudgetModel KEY={"created_by":2,"account_type":"Expense","month":"03","year":"2026"}

[3 occurrence(s)]
DEBUG --> [MODEL_WHERE] App\Models\BudgetModel KEY={"created_by":2,"account_type":"Expense","month":"02","year":"2026"}

[6 occurrence(s)]
DEBUG --> [MODEL_WHERE] App\Models\BudgetModel KEY={"status":1,"created_by":2,"deleted":0}

[4 occurrence(s)]
DEBUG --> [MODEL_WHERE] App\Models\BudgetModel KEY={"status":1,"paid":0,"created_by":2,"deleted":0}

[1 occurrence(s)]
DEBUG --> Skipping placeholder symbol for row 46402

[1 occurrence(s)]
DEBUG --> [CACHE_MISS] mymiwallet_development_squeeze_high-risk_global_global_1f86633dd

[1 occurrence(s)]
DEBUG --> MyMIInvestments::getSqueezeHighRiskCount failed: Unknown column 'score_total' in 'where clause'

[1 occurrence(s)]
DEBUG --> 📰 Daily dashboard news window 2026-03-28 00:00:00 -> 2026-03-28 23:59:59 returned 0 rows

[1 occurrence(s)]
DEBUG --> [SETUP] Status computed

[1 occurrence(s)]
DEBUG --> [REQ_ID=48f488b7cd4c] [VIEW_RENDER] User/Dashboard/index

[1 occurrence(s)]
DEBUG --> [MODEL_WHERE] App\Models\BudgetModel KEY={"created_by":2,"account_type":"Income","status":1,"month":"03","year":"2026"}

[1 occurrence(s)]
DEBUG --> [MODEL_WHERE] App\Models\BudgetModel KEY={"created_by":2,"account_type":"Expense","status":1,"month":"03","year":"2026"}

[1 occurrence(s)]
DEBUG --> [MODEL_WHERE] App\Models\BudgetModel KEY={"created_by":2,"account_type":"Investment","month":"03","year":"2026","status":1}

[1 occurrence(s)]
DEBUG --> [MODEL_WHERE] App\Models\BudgetModel KEY={"created_by":2,"account_type":"Income","status":1,"month":"02"}

[1 occurrence(s)]
DEBUG --> [MODEL_WHERE] App\Models\BudgetModel KEY={"created_by":2,"account_type":"Expense","status":1,"month":"02"}

[1 occurrence(s)]
DEBUG --> [MODEL_WHERE] App\Models\BudgetModel KEY={"created_by":2,"account_type":"Investment","month":"02","year":"2026","status":1}

[1 occurrence(s)]
DEBUG --> [MODEL_WHERE] App\Models\BudgetModel KEY={"created_by":2,"account_type":"Income","status":1,"month":"04"}

[1 occurrence(s)]
DEBUG --> [MODEL_WHERE] App\Models\BudgetModel KEY={"created_by":2,"account_type":"Expense","status":1,"month":"04"}

[1 occurrence(s)]
DEBUG --> [MODEL_WHERE] App\Models\BudgetModel KEY={"created_by":2,"account_type":"Investment","month":"04","year":"2026","status":1}

[1 occurrence(s)]
DEBUG --> [MODEL_WHERE] App\Models\BudgetModel KEY={"created_by":2,"account_type":"Income","status":1,"year":"2026"}

[3 occurrence(s)]
DEBUG --> [MODEL_WHERE] App\Models\BudgetModel KEY="status"

[1 occurrence(s)]
DEBUG --> [MODEL_WHERE] App\Models\BudgetModel KEY={"created_by":2,"account_type":"Investment","status":1}

[1 occurrence(s)]
DEBUG --> [REQ_ID=b56fc6e0fc03] [FILTER_AFTER]

[1 occurrence(s)]
DEBUG --> [REQ_ID=b56fc6e0fc03] [LIFECYCLE][END] status=200 duration_ms=733.78 memory_delta=4194304

[1 occurrence(s)]
DEBUG --> [REQ_ID=b56fc6e0fc03] [REQUEST][END]

[1 occurrence(s)]
DEBUG --> [REQ_ID=715fddc50577] [REQUEST][START] GET /index.php/API/Investments/getForecastHighlights

[1 occurrence(s)]
DEBUG --> [REQ_ID=715fddc50577] [FILTER_BEFORE] /index.php/API/Investments/getForecastHighlights

[1 occurrence(s)]
DEBUG --> [REQ_ID=715fddc50577] [ROUTE] Controller=\App\Modules\APIs\Controllers\InvestmentsAPIController Method=getForecastHighlights

[1 occurrence(s)]
DEBUG --> [REQ_ID=715fddc50577] [LIFECYCLE][START] GET https://www.mymiwallet.com/index.php/API/Investments/getForecastHighlights

[1 occurrence(s)]
DEBUG --> [REQ_ID=ec44db01996d] [INIT] App\Modules\APIs\Controllers\InvestmentsAPIController::GET

[1 occurrence(s)]
DEBUG --> [REQ_ID=644a57f0e081] [REQUEST][START] GET /index.php/API/Investments/getForecastAccuracySummary?window=7d

[1 occurrence(s)]
DEBUG --> [REQ_ID=e4383dcf405e] [REQUEST][START] GET /index.php/API/Investments/getConfidenceHeatmap?timeframe=all&window=6h

[1 occurrence(s)]
DEBUG --> [REQ_ID=e6ad143c0c5c] [REQUEST][START] GET /index.php/API/Investments/getConfidenceHeatmap?timeframe=5m&window=60

[1 occurrence(s)]
DEBUG --> [REQ_ID=715fddc50577] [FILTER_AFTER]

[1 occurrence(s)]
DEBUG --> [REQ_ID=715fddc50577] [LIFECYCLE][END] status=200 duration_ms=288.15 memory_delta=0

[1 occurrence(s)]
DEBUG --> [REQ_ID=715fddc50577] [REQUEST][END]

[1 occurrence(s)]
DEBUG --> [REQ_ID=27ef5adc2687] [REQUEST][START] GET /index.php/ops/health

[1 occurrence(s)]
DEBUG --> [REQ_ID=644a57f0e081] [FILTER_BEFORE] /index.php/API/Investments/getForecastAccuracySummary?window=7d

[1 occurrence(s)]
DEBUG --> [REQ_ID=644a57f0e081] [ROUTE] Controller=\App\Modules\APIs\Controllers\InvestmentsAPIController Method=getForecastAccuracySummary

[1 occurrence(s)]
DEBUG --> [REQ_ID=644a57f0e081] [LIFECYCLE][START] GET https://www.mymiwallet.com/index.php/API/Investments/getForecastAccuracySummary?window=7d

[1 occurrence(s)]
DEBUG --> [REQ_ID=ef61dbc76dfc] [INIT] App\Modules\APIs\Controllers\InvestmentsAPIController::GET

[1 occurrence(s)]
DEBUG --> [REQ_ID=644a57f0e081] [FILTER_AFTER]

[1 occurrence(s)]
DEBUG --> [REQ_ID=644a57f0e081] [LIFECYCLE][END] status=302 duration_ms=131.15 memory_delta=2097152

[1 occurrence(s)]
DEBUG --> [REQ_ID=644a57f0e081] [REQUEST][END]

[1 occurrence(s)]
DEBUG --> [REQ_ID=e4383dcf405e] [FILTER_BEFORE] /index.php/API/Investments/getConfidenceHeatmap?timeframe=all&window=6h

[1 occurrence(s)]
DEBUG --> [REQ_ID=e4383dcf405e] [ROUTE] Controller=\App\Modules\APIs\Controllers\InvestmentsAPIController Method=getConfidenceHeatmap

[1 occurrence(s)]
DEBUG --> [REQ_ID=e4383dcf405e] [LIFECYCLE][START] GET https://www.mymiwallet.com/index.php/API/Investments/getConfidenceHeatmap?timeframe=all&window=6h

[1 occurrence(s)]
DEBUG --> [REQ_ID=3ed89dadd6c0] [INIT] App\Modules\APIs\Controllers\InvestmentsAPIController::GET

[1 occurrence(s)]
DEBUG --> [REQ_ID=be8352752599] [REQUEST][START] GET /index.php/Memberships

[1 occurrence(s)]
DEBUG --> [REQ_ID=14882d3a5a38] [REQUEST][START] GET /index.php/API/Investments/getForecastHighlights

[1 occurrence(s)]
DEBUG --> [REQ_ID=e4383dcf405e] [FILTER_AFTER]

[1 occurrence(s)]
DEBUG --> [REQ_ID=e4383dcf405e] [LIFECYCLE][END] status=302 duration_ms=132.19 memory_delta=2097152

[1 occurrence(s)]
DEBUG --> [REQ_ID=e4383dcf405e] [REQUEST][END]

[1 occurrence(s)]
DEBUG --> [REQ_ID=e6ad143c0c5c] [FILTER_BEFORE] /index.php/API/Investments/getConfidenceHeatmap?timeframe=5m&window=60

[1 occurrence(s)]
DEBUG --> [REQ_ID=e6ad143c0c5c] [ROUTE] Controller=\App\Modules\APIs\Controllers\InvestmentsAPIController Method=getConfidenceHeatmap

[1 occurrence(s)]
DEBUG --> [REQ_ID=e6ad143c0c5c] [LIFECYCLE][START] GET https://www.mymiwallet.com/index.php/API/Investments/getConfidenceHeatmap?timeframe=5m&window=60

[1 occurrence(s)]
DEBUG --> [REQ_ID=c7bf0a025277] [INIT] App\Modules\APIs\Controllers\InvestmentsAPIController::GET

[1 occurrence(s)]
DEBUG --> [REQ_ID=e6ad143c0c5c] [FILTER_AFTER]

[1 occurrence(s)]
DEBUG --> [REQ_ID=e6ad143c0c5c] [LIFECYCLE][END] status=302 duration_ms=134.87 memory_delta=2097152

[1 occurrence(s)]
DEBUG --> [REQ_ID=e6ad143c0c5c] [REQUEST][END]

[1 occurrence(s)]
DEBUG --> [REQ_ID=27ef5adc2687] [FILTER_BEFORE] /index.php/ops/health

[1 occurrence(s)]
DEBUG --> [REQ_ID=27ef5adc2687] [ROUTE] Controller=\App\Controllers\OpsHealthController Method=index

[1 occurrence(s)]
DEBUG --> [REQ_ID=27ef5adc2687] [LIFECYCLE][START] GET https://www.mymiwallet.com/index.php/ops/health

[1 occurrence(s)]
DEBUG --> [REQ_ID=08b9ea2395c8] [INIT] App\Controllers\OpsHealthController::GET

[1 occurrence(s)]
DEBUG --> [REQ_ID=08b9ea2395c8] [METHOD_ENTRY] index

[1 occurrence(s)]
DEBUG --> [REQ_ID=27ef5adc2687] [FILTER_AFTER]

[1 occurrence(s)]
DEBUG --> [REQ_ID=27ef5adc2687] [LIFECYCLE][END] status=404 duration_ms=86.51 memory_delta=0

[1 occurrence(s)]
DEBUG --> [REQ_ID=27ef5adc2687] [REQUEST][END]

[1 occurrence(s)]
DEBUG --> [REQ_ID=be8352752599] [FILTER_BEFORE] /index.php/Memberships

[1 occurrence(s)]
DEBUG --> [REQ_ID=be8352752599] [ROUTE] Controller=\App\Controllers\Home Method=memberships

[1 occurrence(s)]
DEBUG --> [REQ_ID=be8352752599] [LIFECYCLE][START] GET https://www.mymiwallet.com/index.php/Memberships

[1 occurrence(s)]
DEBUG --> [REQ_ID=e86a50b8018a] [INIT] App\Controllers\Home::GET

[1 occurrence(s)]
DEBUG --> [MetaService] slug=memberships pageName= cacheHit= path=DB

[1 occurrence(s)]
DEBUG --> [REQ_ID=e86a50b8018a] [VIEW_RENDER] themes/public/memberships

[1 occurrence(s)]
DEBUG --> [MetaService] slug=memberships pageName=Memberships cacheHit= path=DB

[1 occurrence(s)]
DEBUG --> [REQ_ID=be8352752599] [FILTER_AFTER]

[1 occurrence(s)]
DEBUG --> [REQ_ID=be8352752599] [LIFECYCLE][END] status=200 duration_ms=589.54 memory_delta=4194304

[1 occurrence(s)]
DEBUG --> [REQ_ID=be8352752599] [REQUEST][END]

[1 occurrence(s)]
DEBUG --> [REQ_ID=14882d3a5a38] [FILTER_BEFORE] /index.php/API/Investments/getForecastHighlights

[1 occurrence(s)]
DEBUG --> [REQ_ID=14882d3a5a38] [ROUTE] Controller=\App\Modules\APIs\Controllers\InvestmentsAPIController Method=getForecastHighlights

[1 occurrence(s)]
DEBUG --> [REQ_ID=14882d3a5a38] [LIFECYCLE][START] GET https://www.mymiwallet.com/index.php/API/Investments/getForecastHighlights

[1 occurrence(s)]
DEBUG --> [REQ_ID=b00082020de0] [INIT] App\Modules\APIs\Controllers\InvestmentsAPIController::GET

[1 occurrence(s)]
DEBUG --> [REQ_ID=14882d3a5a38] [FILTER_AFTER]

[1 occurrence(s)]
DEBUG --> [REQ_ID=14882d3a5a38] [LIFECYCLE][END] status=200 duration_ms=17.73 memory_delta=0

[1 occurrence(s)]
DEBUG --> [REQ_ID=14882d3a5a38] [REQUEST][END]

[1 occurrence(s)]
DEBUG --> [REQ_ID=48cb793fbf2a] [REQUEST][START] GET /index.php/Memberships

[1 occurrence(s)]
DEBUG --> [REQ_ID=48cb793fbf2a] [FILTER_BEFORE] /index.php/Memberships

[1 occurrence(s)]
DEBUG --> [REQ_ID=48cb793fbf2a] [ROUTE] Controller=\App\Controllers\Home Method=memberships

[1 occurrence(s)]
DEBUG --> [REQ_ID=48cb793fbf2a] [LIFECYCLE][START] GET https://www.mymiwallet.com/index.php/Memberships

[1 occurrence(s)]
DEBUG --> [REQ_ID=e4b2242bdf8b] [INIT] App\Controllers\Home::GET

[2 occurrence(s)]
DEBUG --> [MetaService] slug=memberships pageName= cacheHit=1 path=CACHE

[1 occurrence(s)]
DEBUG --> [REQ_ID=e4b2242bdf8b] [VIEW_RENDER] themes/public/memberships

[2 occurrence(s)]
DEBUG --> [MetaService] slug=memberships pageName=Memberships cacheHit=1 path=CACHE

[1 occurrence(s)]
DEBUG --> [REQ_ID=48cb793fbf2a] [FILTER_AFTER]

[1 occurrence(s)]
DEBUG --> [REQ_ID=48cb793fbf2a] [LIFECYCLE][END] status=200 duration_ms=538.00 memory_delta=4194304

[1 occurrence(s)]
DEBUG --> [REQ_ID=48cb793fbf2a] [REQUEST][END]

[1 occurrence(s)]
DEBUG --> [REQ_ID=e200841b2d81] [REQUEST][START] GET /index.php/Memberships

[1 occurrence(s)]
DEBUG --> [REQ_ID=e200841b2d81] [FILTER_BEFORE] /index.php/Memberships

[1 occurrence(s)]
DEBUG --> [REQ_ID=e200841b2d81] [ROUTE] Controller=\App\Controllers\Home Method=memberships

[1 occurrence(s)]
DEBUG --> [REQ_ID=e200841b2d81] [LIFECYCLE][START] GET https://www.mymiwallet.com/index.php/Memberships

[1 occurrence(s)]
DEBUG --> [REQ_ID=44e6e74a2481] [INIT] App\Controllers\Home::GET

[1 occurrence(s)]
DEBUG --> [REQ_ID=44e6e74a2481] [VIEW_RENDER] themes/public/memberships

[1 occurrence(s)]
DEBUG --> [REQ_ID=e200841b2d81] [FILTER_AFTER]

[1 occurrence(s)]
DEBUG --> [REQ_ID=e200841b2d81] [LIFECYCLE][END] status=200 duration_ms=544.64 memory_delta=2097152

[1 occurrence(s)]
DEBUG --> [REQ_ID=e200841b2d81] [REQUEST][END]

[1 occurrence(s)]
DEBUG --> [REQ_ID=8db9c43e2378] [REQUEST][START] GET /index.php/Projects

[1 occurrence(s)]
DEBUG --> [REQ_ID=8db9c43e2378] [FILTER_BEFORE] /index.php/Projects

[1 occurrence(s)]
DEBUG --> [REQ_ID=8db9c43e2378] [ROUTE] Controller=\App\Modules\User\Controllers\ProjectsController Method=index

[1 occurrence(s)]
DEBUG --> [REQ_ID=8db9c43e2378] [LIFECYCLE][START] GET https://www.mymiwallet.com/index.php/Projects

[1 occurrence(s)]
DEBUG --> [REQ_ID=12708be52cf1] [INIT] App\Modules\User\Controllers\ProjectsController::GET

[1 occurrence(s)]
DEBUG --> [REQ_ID=12708be52cf1] [METHOD_ENTRY] index

[1 occurrence(s)]
DEBUG --> [REQ_ID=12708be52cf1] [VIEW_RENDER] App\Modules\User\Views\Projects\view

[1 occurrence(s)]
DEBUG --> [REQ_ID=8db9c43e2378] [FILTER_AFTER]

[1 occurrence(s)]
DEBUG --> [REQ_ID=8db9c43e2378] [LIFECYCLE][END] status=200 duration_ms=133.85 memory_delta=0

[1 occurrence(s)]
DEBUG --> [REQ_ID=8db9c43e2378] [REQUEST][END]

[1 occurrence(s)]
DEBUG --> [REQ_ID=318a8113561e] [REQUEST][START] HEAD /

[1 occurrence(s)]
DEBUG --> [REQ_ID=8a623c864c6e] [REQUEST][START] GET /index.php/Projects/Fund

[1 occurrence(s)]
DEBUG --> [REQ_ID=8a623c864c6e] [FILTER_BEFORE] /index.php/Projects/Fund

[1 occurrence(s)]
DEBUG --> [REQ_ID=8a623c864c6e] [ROUTE] Controller=\App\Modules\User\Controllers\ProjectsController Method=fund

[1 occurrence(s)]
DEBUG --> [REQ_ID=8a623c864c6e] [LIFECYCLE][START] GET https://www.mymiwallet.com/index.php/Projects/Fund

[1 occurrence(s)]
DEBUG --> [REQ_ID=caad47de62d6] [INIT] App\Modules\User\Controllers\ProjectsController::GET

[1 occurrence(s)]
DEBUG --> [REQ_ID=caad47de62d6] [METHOD_ENTRY] fund

[1 occurrence(s)]
DEBUG --> [REQ_ID=73c07fe4ac0c] [REQUEST][START] GET /index.php/Projects/fund

[1 occurrence(s)]
DEBUG --> [REQ_ID=f0d254cd2ed0] [REQUEST][START] GET /index.php/Projects/Fund

[1 occurrence(s)]
DEBUG --> [REQ_ID=f0d254cd2ed0] [FILTER_BEFORE] /index.php/Projects/Fund

[1 occurrence(s)]
DEBUG --> [REQ_ID=f0d254cd2ed0] [ROUTE] Controller=\App\Modules\User\Controllers\ProjectsController Method=fund

[1 occurrence(s)]
DEBUG --> [REQ_ID=f0d254cd2ed0] [LIFECYCLE][START] GET https://www.mymiwallet.com/index.php/Projects/Fund

[1 occurrence(s)]
DEBUG --> [REQ_ID=87056689b44d] [INIT] App\Modules\User\Controllers\ProjectsController::GET

[1 occurrence(s)]
DEBUG --> [REQ_ID=87056689b44d] [METHOD_ENTRY] fund

[1 occurrence(s)]
DEBUG --> [REQ_ID=de87c0975919] [REQUEST][START] GET /index.php/Projects

[1 occurrence(s)]
DEBUG --> [REQ_ID=de87c0975919] [FILTER_BEFORE] /index.php/Projects

[1 occurrence(s)]
DEBUG --> [REQ_ID=de87c0975919] [ROUTE] Controller=\App\Modules\User\Controllers\ProjectsController Method=index

[1 occurrence(s)]
DEBUG --> [REQ_ID=de87c0975919] [LIFECYCLE][START] GET https://www.mymiwallet.com/index.php/Projects

[1 occurrence(s)]
DEBUG --> [REQ_ID=0357e3cc3998] [INIT] App\Modules\User\Controllers\ProjectsController::GET

[1 occurrence(s)]
DEBUG --> [REQ_ID=0357e3cc3998] [METHOD_ENTRY] index

[1 occurrence(s)]
DEBUG --> [REQ_ID=0357e3cc3998] [VIEW_RENDER] App\Modules\User\Views\Projects\view

[1 occurrence(s)]
DEBUG --> [REQ_ID=de87c0975919] [FILTER_AFTER]

[1 occurrence(s)]
DEBUG --> [REQ_ID=de87c0975919] [LIFECYCLE][END] status=200 duration_ms=293.33 memory_delta=0

[1 occurrence(s)]
DEBUG --> [REQ_ID=de87c0975919] [REQUEST][END]

[1 occurrence(s)]
DEBUG --> [REQ_ID=9c3b362501c1] [REQUEST][START] HEAD /

[1 occurrence(s)]
DEBUG --> [REQ_ID=38c295bc1bf3] [REQUEST][START] HEAD /

[1 occurrence(s)]
DEBUG --> [REQ_ID=c6a7394a1035] [REQUEST][START] GET /

[1 occurrence(s)]
DEBUG --> [REQ_ID=c6a7394a1035] [REQUEST][END]

[1 occurrence(s)]
DEBUG --> [REQ_ID=612c5f024c42] [REQUEST][START] HEAD /

[1 occurrence(s)]
DEBUG --> [REQ_ID=b530c218e07c] [REQUEST][START] HEAD /

[1 occurrence(s)]
DEBUG --> [REQ_ID=3da1278af08a] [REQUEST][START] GET /index.php/API/Management/Run-CRON-Tasks

[1 occurrence(s)]
DEBUG --> [REQ_ID=3da1278af08a] [FILTER_BEFORE] /index.php/API/Management/Run-CRON-Tasks

[1 occurrence(s)]
DEBUG --> [REQ_ID=3da1278af08a] [ROUTE] Controller=\App\Modules\Management\Controllers\ManagementAPIController Method=Run_CRON_Tasks

[1 occurrence(s)]
DEBUG --> [REQ_ID=3da1278af08a] [LIFECYCLE][START] GET https://www.mymiwallet.com/index.php/API/Management/Run-CRON-Tasks

[1 occurrence(s)]
DEBUG --> [REQ_ID=3da1278af08a] [REQUEST][END]

[1 occurrence(s)]
DEBUG --> [REQ_ID=e19a53ca406f] [REQUEST][START] HEAD /

[1 occurrence(s)]
DEBUG --> [REQ_ID=4279a0feb973] [REQUEST][START] HEAD /

[1 occurrence(s)]
DEBUG --> [REQ_ID=856f29ce5969] [REQUEST][START] HEAD /

[1 occurrence(s)]
DEBUG --> [REQ_ID=fee007a12925] [REQUEST][START] GET /index.php/API/Alerts/fetchEmailAlerts

[1 occurrence(s)]
DEBUG --> [REQ_ID=fee007a12925] [FILTER_BEFORE] /index.php/API/Alerts/fetchEmailAlerts

[1 occurrence(s)]
DEBUG --> [REQ_ID=fee007a12925] [ROUTE] Controller=\App\Modules\APIs\Controllers\AlertsAPIController Method=fetchEmailAlerts

[1 occurrence(s)]
DEBUG --> [REQ_ID=fee007a12925] [LIFECYCLE][START] GET https://www.mymiwallet.com/index.php/API/Alerts/fetchEmailAlerts

[1 occurrence(s)]
DEBUG --> [REQ_ID=fee007a12925] [REQUEST][END]

[1 occurrence(s)]
DEBUG --> [REQ_ID=e84d3d23f60f] [REQUEST][START] HEAD /

[1 occurrence(s)]
DEBUG --> [REQ_ID=76052ff64134] [REQUEST][START] HEAD /

[1 occurrence(s)]
DEBUG --> [REQ_ID=48c09f9c5d84] [REQUEST][START] HEAD /

[1 occurrence(s)]
DEBUG --> [REQ_ID=83a7f732085e] [REQUEST][START] HEAD /

[1 occurrence(s)]
DEBUG --> [REQ_ID=37fdc5f816be] [REQUEST][START] HEAD /

[1 occurrence(s)]
DEBUG --> [REQ_ID=83c0cdadaf5a] [REQUEST][START] HEAD /

[1 occurrence(s)]
DEBUG --> [REQ_ID=321e5c63fe41] [REQUEST][START] HEAD /

[1 occurrence(s)]
DEBUG --> [REQ_ID=4f572056c023] [REQUEST][START] HEAD /

[1 occurrence(s)]
DEBUG --> [REQ_ID=6db21589f658] [REQUEST][START] HEAD /

[1 occurrence(s)]
DEBUG --> [REQ_ID=b7cc35aeaed8] [REQUEST][START] GET /index.php/API/Management/Run-CRON-Tasks

[1 occurrence(s)]
DEBUG --> [REQ_ID=b7cc35aeaed8] [FILTER_BEFORE] /index.php/API/Management/Run-CRON-Tasks

[1 occurrence(s)]
DEBUG --> [REQ_ID=b7cc35aeaed8] [ROUTE] Controller=\App\Modules\Management\Controllers\ManagementAPIController Method=Run_CRON_Tasks

[1 occurrence(s)]
DEBUG --> [REQ_ID=b7cc35aeaed8] [LIFECYCLE][START] GET https://www.mymiwallet.com/index.php/API/Management/Run-CRON-Tasks

[1 occurrence(s)]
DEBUG --> [REQ_ID=b7cc35aeaed8] [REQUEST][END]

[1 occurrence(s)]
DEBUG --> [REQ_ID=6c89583be636] [REQUEST][START] HEAD /

[1 occurrence(s)]
DEBUG --> [REQ_ID=5acb7dc5009e] [REQUEST][START] GET /

[1 occurrence(s)]
DEBUG --> [REQ_ID=5acb7dc5009e] [FILTER_BEFORE] /

[1 occurrence(s)]
DEBUG --> [REQ_ID=5acb7dc5009e] [ROUTE] Controller=\App\Controllers\Home Method=index

[1 occurrence(s)]
DEBUG --> [REQ_ID=5acb7dc5009e] [LIFECYCLE][START] GET https://www.mymiwallet.com/index.php/

[1 occurrence(s)]
DEBUG --> [CSRF] token name=csrf_test_name hash=41f70c57d6c9c218a9a84e9d124feb72

[1 occurrence(s)]
DEBUG --> [REQ_ID=642d098b1b72] [INIT] App\Controllers\Home::GET

[1 occurrence(s)]
DEBUG --> [REQ_ID=642d098b1b72] [VIEW_RENDER] themes/public/home

[1 occurrence(s)]
DEBUG --> [REQ_ID=5acb7dc5009e] [FILTER_AFTER]

[1 occurrence(s)]
DEBUG --> [REQ_ID=5acb7dc5009e] [LIFECYCLE][END] status=200 duration_ms=712.43 memory_delta=4194304

[1 occurrence(s)]
DEBUG --> [REQ_ID=5acb7dc5009e] [REQUEST][END]

[1 occurrence(s)]
DEBUG --> [REQ_ID=994c3f0ada4a] [REQUEST][START] GET /

[1 occurrence(s)]
DEBUG --> [REQ_ID=994c3f0ada4a] [FILTER_BEFORE] /

[1 occurrence(s)]
DEBUG --> [REQ_ID=994c3f0ada4a] [ROUTE] Controller=\App\Controllers\Home Method=index

[1 occurrence(s)]
DEBUG --> [REQ_ID=994c3f0ada4a] [LIFECYCLE][START] GET https://www.mymiwallet.com/index.php/

[1 occurrence(s)]
DEBUG --> [CSRF] token name=csrf_test_name hash=70f09f5ae6c3363c78b28e79240a02b8

[1 occurrence(s)]
DEBUG --> [REQ_ID=5f295f5aac12] [INIT] App\Controllers\Home::GET

[1 occurrence(s)]
DEBUG --> [REQ_ID=5f295f5aac12] [VIEW_RENDER] themes/public/home

[1 occurrence(s)]
DEBUG --> [REQ_ID=994c3f0ada4a] [FILTER_AFTER]

[1 occurrence(s)]
DEBUG --> [REQ_ID=994c3f0ada4a] [LIFECYCLE][END] status=200 duration_ms=533.71 memory_delta=2097152

[1 occurrence(s)]
DEBUG --> [REQ_ID=994c3f0ada4a] [REQUEST][END]

[1 occurrence(s)]
DEBUG --> [REQ_ID=28f1e2c6b461] [REQUEST][START] HEAD /

[1 occurrence(s)]
DEBUG --> [REQ_ID=8af8a1b48d8e] [REQUEST][START] HEAD /

[1 occurrence(s)]
DEBUG --> [REQ_ID=437b5358537b] [REQUEST][START] GET /index.php/API/Alerts/fetchEmailAlerts

[1 occurrence(s)]
DEBUG --> [REQ_ID=437b5358537b] [FILTER_BEFORE] /index.php/API/Alerts/fetchEmailAlerts

[1 occurrence(s)]
DEBUG --> [REQ_ID=437b5358537b] [ROUTE] Controller=\App\Modules\APIs\Controllers\AlertsAPIController Method=fetchEmailAlerts

[1 occurrence(s)]
DEBUG --> [REQ_ID=437b5358537b] [LIFECYCLE][START] GET https://www.mymiwallet.com/index.php/API/Alerts/fetchEmailAlerts

[1 occurrence(s)]
DEBUG --> [REQ_ID=437b5358537b] [REQUEST][END]

[1 occurrence(s)]
DEBUG --> [REQ_ID=95905c95e2d3] [REQUEST][START] HEAD /

[1 occurrence(s)]
DEBUG --> [REQ_ID=7314fa3c48c7] [REQUEST][START] HEAD /

[1 occurrence(s)]
DEBUG --> [REQ_ID=0c56327a6725] [REQUEST][START] HEAD /

[1 occurrence(s)]
DEBUG --> [REQ_ID=1d116c65758b] [REQUEST][START] HEAD /

[1 occurrence(s)]
DEBUG --> [REQ_ID=18d3d93008b3] [REQUEST][START] HEAD /

[1 occurrence(s)]
DEBUG --> [REQ_ID=aebed0dd83c3] [REQUEST][START] HEAD /

[1 occurrence(s)]
DEBUG --> [REQ_ID=b4812111fbc8] [REQUEST][START] GET /

[1 occurrence(s)]
DEBUG --> [REQ_ID=b4812111fbc8] [FILTER_BEFORE] /

[1 occurrence(s)]
DEBUG --> [REQ_ID=b4812111fbc8] [ROUTE] Controller=\App\Controllers\Home Method=index

[1 occurrence(s)]
DEBUG --> [REQ_ID=b4812111fbc8] [LIFECYCLE][START] GET https://www.mymiwallet.com/index.php/

[1 occurrence(s)]
DEBUG --> [CSRF] token name=csrf_test_name hash=810df6e05a84adc014b55f2ce7c47d17

[1 occurrence(s)]
DEBUG --> [REQ_ID=cb7b70cae8e7] [INIT] App\Controllers\Home::GET

[1 occurrence(s)]
DEBUG --> [REQ_ID=cb7b70cae8e7] [VIEW_RENDER] themes/public/home

[1 occurrence(s)]
DEBUG --> [REQ_ID=b4812111fbc8] [FILTER_AFTER]

[1 occurrence(s)]
DEBUG --> [REQ_ID=b4812111fbc8] [LIFECYCLE][END] status=200 duration_ms=656.66 memory_delta=4194304

[1 occurrence(s)]
DEBUG --> [REQ_ID=b4812111fbc8] [REQUEST][END]

[1 occurrence(s)]
DEBUG --> [REQ_ID=9eaf0f01c4bf] [REQUEST][START] HEAD /

[1 occurrence(s)]
DEBUG --> [REQ_ID=d37dbc902024] [REQUEST][START] HEAD /

[1 occurrence(s)]
DEBUG --> [REQ_ID=ed1bcc6da287] [REQUEST][START] GET /

[1 occurrence(s)]
DEBUG --> [REQ_ID=ed1bcc6da287] [FILTER_BEFORE] /

[1 occurrence(s)]
DEBUG --> [REQ_ID=ed1bcc6da287] [ROUTE] Controller=\App\Controllers\Home Method=index

[1 occurrence(s)]
DEBUG --> [REQ_ID=ed1bcc6da287] [LIFECYCLE][START] GET https://www.mymiwallet.com/index.php/

[2 occurrence(s)]
DEBUG --> [CSRF] token name=csrf_test_name hash=27704434f7f63400dc4f30a83c3d9a98

[1 occurrence(s)]
DEBUG --> [REQ_ID=9011fb4a8d68] [INIT] App\Controllers\Home::GET

[1 occurrence(s)]
DEBUG --> [REQ_ID=9011fb4a8d68] [VIEW_RENDER] themes/public/home

[1 occurrence(s)]
DEBUG --> [REQ_ID=ed1bcc6da287] [FILTER_AFTER]

[1 occurrence(s)]
DEBUG --> [REQ_ID=ed1bcc6da287] [LIFECYCLE][END] status=200 duration_ms=647.82 memory_delta=4194304

[1 occurrence(s)]
DEBUG --> [REQ_ID=ed1bcc6da287] [REQUEST][END]

[1 occurrence(s)]
DEBUG --> [REQ_ID=afc07d757546] [REQUEST][START] GET /

[1 occurrence(s)]
DEBUG --> [REQ_ID=afc07d757546] [FILTER_BEFORE] /

[1 occurrence(s)]
DEBUG --> [REQ_ID=afc07d757546] [ROUTE] Controller=\App\Controllers\Home Method=index

[1 occurrence(s)]
DEBUG --> [REQ_ID=afc07d757546] [LIFECYCLE][START] GET https://www.mymiwallet.com/index.php/

[1 occurrence(s)]
DEBUG --> [REQ_ID=6ec7e8d24c58] [INIT] App\Controllers\Home::GET

[1 occurrence(s)]
DEBUG --> [REQ_ID=6ec7e8d24c58] [VIEW_RENDER] themes/public/home

[1 occurrence(s)]
DEBUG --> [REQ_ID=afc07d757546] [FILTER_AFTER]

[1 occurrence(s)]
DEBUG --> [REQ_ID=afc07d757546] [LIFECYCLE][END] status=200 duration_ms=503.52 memory_delta=4194304

[1 occurrence(s)]
DEBUG --> [REQ_ID=afc07d757546] [REQUEST][END]

[1 occurrence(s)]
DEBUG --> [REQ_ID=b9cf0ed60a4a] [REQUEST][START] HEAD /

[1 occurrence(s)]
DEBUG --> [REQ_ID=a18b1182e9bc] [REQUEST][START] GET /index.php/API/Management/Run-CRON-Tasks

[1 occurrence(s)]
DEBUG --> [REQ_ID=a18b1182e9bc] [FILTER_BEFORE] /index.php/API/Management/Run-CRON-Tasks

[1 occurrence(s)]
DEBUG --> [REQ_ID=a18b1182e9bc] [ROUTE] Controller=\App\Modules\Management\Controllers\ManagementAPIController Method=Run_CRON_Tasks

[1 occurrence(s)]
DEBUG --> [REQ_ID=a18b1182e9bc] [LIFECYCLE][START] GET https://www.mymiwallet.com/index.php/API/Management/Run-CRON-Tasks

[1 occurrence(s)]
DEBUG --> [REQ_ID=a18b1182e9bc] [REQUEST][END]

[1 occurrence(s)]
DEBUG --> [REQ_ID=56285e481f23] [REQUEST][START] HEAD /

[1 occurrence(s)]
DEBUG --> [REQ_ID=4138f1844cd8] [REQUEST][START] HEAD /

[1 occurrence(s)]
DEBUG --> [REQ_ID=7738f18e36e2] [REQUEST][START] HEAD /

[1 occurrence(s)]
DEBUG --> [REQ_ID=06047834187d] [REQUEST][START] GET /index.php/API/Alerts/fetchEmailAlerts

[1 occurrence(s)]
DEBUG --> [REQ_ID=06047834187d] [FILTER_BEFORE] /index.php/API/Alerts/fetchEmailAlerts

[1 occurrence(s)]
DEBUG --> [REQ_ID=06047834187d] [ROUTE] Controller=\App\Modules\APIs\Controllers\AlertsAPIController Method=fetchEmailAlerts

[1 occurrence(s)]
DEBUG --> [REQ_ID=06047834187d] [LIFECYCLE][START] GET https://www.mymiwallet.com/index.php/API/Alerts/fetchEmailAlerts

[1 occurrence(s)]
DEBUG --> [REQ_ID=06047834187d] [REQUEST][END]

[1 occurrence(s)]
DEBUG --> [REQ_ID=098aa8c68dd1] [REQUEST][START] HEAD /

[1 occurrence(s)]
DEBUG --> [REQ_ID=1f2a8d2a60af] [REQUEST][START] HEAD /

[1 occurrence(s)]
DEBUG --> [REQ_ID=af8117cde5f2] [REQUEST][START] HEAD /

[1 occurrence(s)]
DEBUG --> [REQ_ID=8f02596d1cec] [REQUEST][START] HEAD /

[1 occurrence(s)]
DEBUG --> [REQ_ID=22889ba561ee] [REQUEST][START] GET /

[1 occurrence(s)]
DEBUG --> [REQ_ID=22889ba561ee] [FILTER_BEFORE] /

[1 occurrence(s)]
DEBUG --> [REQ_ID=22889ba561ee] [ROUTE] Controller=\App\Controllers\Home Method=index

[1 occurrence(s)]
DEBUG --> [REQ_ID=22889ba561ee] [LIFECYCLE][START] GET https://www.mymiwallet.com/index.php/

[1 occurrence(s)]
DEBUG --> [CSRF] token name=csrf_test_name hash=467fcc474ba335f76e737a89a353afcd

[1 occurrence(s)]
DEBUG --> [REQ_ID=5cd4abda8ca1] [INIT] App\Controllers\Home::GET

[1 occurrence(s)]
DEBUG --> [REQ_ID=5cd4abda8ca1] [VIEW_RENDER] themes/public/home

[1 occurrence(s)]
DEBUG --> [REQ_ID=22889ba561ee] [FILTER_AFTER]

[1 occurrence(s)]
DEBUG --> [REQ_ID=22889ba561ee] [LIFECYCLE][END] status=200 duration_ms=858.55 memory_delta=4194304

[1 occurrence(s)]
DEBUG --> [REQ_ID=22889ba561ee] [REQUEST][END]

[1 occurrence(s)]
DEBUG --> [REQ_ID=38fe02552fe2] [REQUEST][START] HEAD /

[1 occurrence(s)]
DEBUG --> [REQ_ID=d21ac71dc967] [REQUEST][START] HEAD /

[1 occurrence(s)]
DEBUG --> [REQ_ID=1a43fdd72cbb] [REQUEST][START] HEAD /

[1 occurrence(s)]
DEBUG --> [REQ_ID=dd496be998f4] [REQUEST][START] HEAD /

[1 occurrence(s)]
DEBUG --> [REQ_ID=50c80e0cbb4d] [REQUEST][START] GET /index.php/Management/Marketing/Content/Listing

[1 occurrence(s)]
DEBUG --> [REQ_ID=50c80e0cbb4d] [REQUEST][END]

[1 occurrence(s)]
DEBUG --> [REQ_ID=77b107bf81a0] [REQUEST][START] HEAD /

[1 occurrence(s)]
DEBUG --> [REQ_ID=322b3d86f903] [REQUEST][START] GET /index.php/API/Management/Run-CRON-Tasks

[1 occurrence(s)]
DEBUG --> [REQ_ID=322b3d86f903] [FILTER_BEFORE] /index.php/API/Management/Run-CRON-Tasks

[1 occurrence(s)]
DEBUG --> [REQ_ID=322b3d86f903] [ROUTE] Controller=\App\Modules\Management\Controllers\ManagementAPIController Method=Run_CRON_Tasks

[1 occurrence(s)]
DEBUG --> [REQ_ID=322b3d86f903] [LIFECYCLE][START] GET https://www.mymiwallet.com/index.php/API/Management/Run-CRON-Tasks

[1 occurrence(s)]
DEBUG --> [REQ_ID=322b3d86f903] [REQUEST][END]


---------------------------
LEVEL: INFO
---------------------------

[1 occurrence(s)]
INFO --> [REQ_ID=e0313934a0ae] [PERF] Execution time=0.047923

[1 occurrence(s)]
INFO --> [REQ_ID=e7df0ef86ed5] [PERF] Execution time=0.048638

[1 occurrence(s)]
INFO --> [REQ_ID=6d87e3c7dadb] [PERF] Execution time=0.018125

[1 occurrence(s)]
INFO --> [REQ_ID=2826f0cf6bde] [PERF] Execution time=0.008933

[1 occurrence(s)]
INFO --> [REQ_ID=d00cb7ef6418] [PERF] Execution time=0.052007

[1 occurrence(s)]
INFO --> [REQ_ID=17435a85c38f] [PERF] Execution time=0.039221

[1 occurrence(s)]
INFO --> [REQ_ID=aa2d194e9a01] [PERF] Execution time=0.046152

[1 occurrence(s)]
INFO --> [REQ_ID=06cb2d12aa51] [PERF] Execution time=0.038685

[1 occurrence(s)]
INFO --> [REQ_ID=8a6dcf76c133] [PERF] Execution time=0.017595

[1 occurrence(s)]
INFO --> [REQ_ID=110d3cf368d1] [MEMORY][controller-start] 6291456

[1 occurrence(s)]
INFO --> [REQ_ID=110d3cf368d1] [MEMORY][commonData:start] 6291456

[1 occurrence(s)]
INFO --> [REQ_ID=110d3cf368d1] [MEMORY][commonData:start] 10485760

[4 occurrence(s)]
INFO --> themesMemory usage: 10485760

[1 occurrence(s)]
INFO --> [REQ_ID=110d3cf368d1] [PERF] Execution time=0.623434

[1 occurrence(s)]
INFO --> [REQ_ID=ae3aa581f1b4] [PERF] Execution time=0.667603

[1 occurrence(s)]
INFO --> [REQ_ID=228f45d10ffd] [MEMORY][controller-start] 4194304

[1 occurrence(s)]
INFO --> [REQ_ID=228f45d10ffd] [MEMORY][commonData:start] 4194304

[1 occurrence(s)]
INFO --> [REQ_ID=228f45d10ffd] [MEMORY][commonData:start] 8388608

[11 occurrence(s)]
INFO --> themesMemory usage: 8388608

[1 occurrence(s)]
INFO --> [REQ_ID=228f45d10ffd] [PERF] Execution time=0.482942

[1 occurrence(s)]
INFO --> [REQ_ID=c8a8bec6ef8a] [PERF] Execution time=0.492662

[1 occurrence(s)]
INFO --> [REQ_ID=975df66dd869] [PERF] Execution time=0.047074

[1 occurrence(s)]
INFO --> [REQ_ID=f333aa07e95b] [MEMORY][controller-start] 4194304

[1 occurrence(s)]
INFO --> [REQ_ID=f333aa07e95b] [MEMORY][commonData:start] 6291456

[1 occurrence(s)]
INFO --> [REQ_ID=f333aa07e95b] [MEMORY][commonData:start] 8388608

[1 occurrence(s)]
INFO --> [REQ_ID=f333aa07e95b] [PERF] Execution time=0.597472

[1 occurrence(s)]
INFO --> [REQ_ID=463d278c995d] [PERF] Execution time=0.618236

[1 occurrence(s)]
INFO --> [REQ_ID=249520faf455] [PERF] Execution time=0.045503

[1 occurrence(s)]
INFO --> [REQ_ID=45b0f8781b1c] [MEMORY][controller-start] 6291456

[1 occurrence(s)]
INFO --> [REQ_ID=45b0f8781b1c] [MEMORY][commonData:start] 6291456

[1 occurrence(s)]
INFO --> [REQ_ID=45b0f8781b1c] [MEMORY][commonData:start] 10485760

[1 occurrence(s)]
INFO --> [REQ_ID=45b0f8781b1c] [PERF] Execution time=0.650674

[1 occurrence(s)]
INFO --> [REQ_ID=e60547103a8e] [PERF] Execution time=0.691228

[1 occurrence(s)]
INFO --> [REQ_ID=be8c166fe14f] [MEMORY][controller-start] 4194304

[1 occurrence(s)]
INFO --> [REQ_ID=be8c166fe14f] [MEMORY][commonData:start] 4194304

[1 occurrence(s)]
INFO --> [REQ_ID=be8c166fe14f] [MEMORY][commonData:start] 8388608

[1 occurrence(s)]
INFO --> [REQ_ID=be8c166fe14f] [PERF] Execution time=0.562706

[1 occurrence(s)]
INFO --> [REQ_ID=d8b59b7b7c86] [PERF] Execution time=0.572352

[1 occurrence(s)]
INFO --> [REQ_ID=874fb7801b4b] [PERF] Execution time=0.047212

[1 occurrence(s)]
INFO --> [REQ_ID=711ea2929283] [PERF] Execution time=0.045592

[1 occurrence(s)]
INFO --> [REQ_ID=0001cc5244ca] [PERF] Execution time=0.043501

[1 occurrence(s)]
INFO --> [REQ_ID=b8a93fc5a76a] [MEMORY][controller-start] 4194304

[1 occurrence(s)]
INFO --> [REQ_ID=b8a93fc5a76a] [PERF] Execution time=0.121598

[1 occurrence(s)]
INFO --> [REQ_ID=327aaa0d10ab] [PERF] Execution time=0.130797

[1 occurrence(s)]
INFO --> [REQ_ID=054be394f8fd] [PERF] Execution time=0.008998

[1 occurrence(s)]
INFO --> [REQ_ID=d87ef34d0904] [MEMORY][controller-start] 4194304

[1 occurrence(s)]
INFO --> [REQ_ID=d87ef34d0904] [PERF] Execution time=0.019402

[1 occurrence(s)]
INFO --> [REQ_ID=605d3a04d72d] [PERF] Execution time=0.029660

[1 occurrence(s)]
INFO --> [REQ_ID=17a338c5db5d] [MEMORY][controller-start] 4194304

[1 occurrence(s)]
INFO --> [REQ_ID=17a338c5db5d] [PERF] Execution time=0.025075

[1 occurrence(s)]
INFO --> [REQ_ID=a6be3f4110cb] [PERF] Execution time=0.034341

[1 occurrence(s)]
INFO --> CSRF token verified.

[1 occurrence(s)]
INFO --> [REQ_ID=562c2791c419] [MEMORY][controller-start] 4194304

[1 occurrence(s)]
INFO --> AuthController L93: Auth:attemptLogin started.

[1 occurrence(s)]
INFO --> AuthController L104: Auth:attemptLogin rules: {"login":"required","password":"required"}

[1 occurrence(s)]
INFO --> AuthController L132: Auth:attemptLogin Login Variables: login: required, remember: false, ip: 76.234.126.68, ua: Mozilla/5.0 (Windows NT 10.0; Win64; x64) AppleWebKit/537.36 (KHTML, like Gecko) Chrome/146.0.0.0 Safari/537.36

[1 occurrence(s)]
INFO --> [AUTH] Login success

[1 occurrence(s)]
INFO --> [REQ_ID=562c2791c419] [PERF] Execution time=0.121976

[1 occurrence(s)]
INFO --> [REQ_ID=50a80aa7e4ea] [PERF] Execution time=0.131563

[1 occurrence(s)]
INFO --> [REQ_ID=48f488b7cd4c] [MEMORY][controller-start] 4194304

[1 occurrence(s)]
INFO --> [REQ_ID=48f488b7cd4c] [MEMORY][commonData:start] 6291456

[1 occurrence(s)]
INFO --> DashboardController L72 - $checkingSummary: 8784.01

[1 occurrence(s)]
INFO --> getSolanaData: invalid address param

[1 occurrence(s)]
INFO --> [REQ_ID=48f488b7cd4c] [PERF] Execution time=0.727909

[1 occurrence(s)]
INFO --> [REQ_ID=b56fc6e0fc03] [PERF] Execution time=0.750668

[1 occurrence(s)]
INFO --> [REQ_ID=ec44db01996d] [MEMORY][controller-start] 6291456

[1 occurrence(s)]
INFO --> [REQ_ID=ec44db01996d] [PERF] Execution time=0.288101

[1 occurrence(s)]
INFO --> [REQ_ID=715fddc50577] [PERF] Execution time=0.301199

[1 occurrence(s)]
INFO --> [REQ_ID=ef61dbc76dfc] [MEMORY][controller-start] 6291456

[1 occurrence(s)]
INFO --> Premium entitlement resolved: user_id=2 route=/index.php/API/Investments/getForecastAccuracySummary feature=investments.analytics tier=free status=free allowed=no reason=Feature requires tier1 or higher. Current tier: free (free).

[1 occurrence(s)]
INFO --> [REQ_ID=ef61dbc76dfc] [PERF] Execution time=0.130436

[1 occurrence(s)]
INFO --> [REQ_ID=644a57f0e081] [PERF] Execution time=0.291266

[1 occurrence(s)]
INFO --> [REQ_ID=3ed89dadd6c0] [MEMORY][controller-start] 6291456

[2 occurrence(s)]
INFO --> Premium entitlement resolved: user_id=2 route=/index.php/API/Investments/getConfidenceHeatmap feature=investments.analytics tier=free status=free allowed=no reason=Feature requires tier1 or higher. Current tier: free (free).

[1 occurrence(s)]
INFO --> [REQ_ID=3ed89dadd6c0] [PERF] Execution time=0.131418

[1 occurrence(s)]
INFO --> [REQ_ID=e4383dcf405e] [PERF] Execution time=0.438165

[1 occurrence(s)]
INFO --> [REQ_ID=c7bf0a025277] [MEMORY][controller-start] 6291456

[1 occurrence(s)]
INFO --> [REQ_ID=c7bf0a025277] [PERF] Execution time=0.134125

[1 occurrence(s)]
INFO --> [REQ_ID=e6ad143c0c5c] [PERF] Execution time=0.582317

[1 occurrence(s)]
INFO --> [REQ_ID=08b9ea2395c8] [MEMORY][controller-start] 6291456

[1 occurrence(s)]
INFO --> [REQ_ID=08b9ea2395c8] [PERF] Execution time=0.059941

[1 occurrence(s)]
INFO --> [REQ_ID=27ef5adc2687] [PERF] Execution time=0.614331

[1 occurrence(s)]
INFO --> [REQ_ID=e86a50b8018a] [MEMORY][controller-start] 4194304

[1 occurrence(s)]
INFO --> [REQ_ID=e86a50b8018a] [MEMORY][commonData:start] 4194304

[1 occurrence(s)]
INFO --> [REQ_ID=e86a50b8018a] [MEMORY][commonData:start] 8388608

[1 occurrence(s)]
INFO --> [REQ_ID=e86a50b8018a] [PERF] Execution time=0.589206

[1 occurrence(s)]
INFO --> [REQ_ID=be8352752599] [PERF] Execution time=0.983873

[1 occurrence(s)]
INFO --> [REQ_ID=b00082020de0] [MEMORY][controller-start] 6291456

[1 occurrence(s)]
INFO --> [REQ_ID=b00082020de0] [PERF] Execution time=0.017679

[1 occurrence(s)]
INFO --> [REQ_ID=14882d3a5a38] [PERF] Execution time=1.010060

[1 occurrence(s)]
INFO --> [REQ_ID=e4b2242bdf8b] [MEMORY][controller-start] 4194304

[1 occurrence(s)]
INFO --> [REQ_ID=e4b2242bdf8b] [MEMORY][commonData:start] 4194304

[1 occurrence(s)]
INFO --> [REQ_ID=e4b2242bdf8b] [MEMORY][commonData:start] 8388608

[1 occurrence(s)]
INFO --> [REQ_ID=e4b2242bdf8b] [PERF] Execution time=0.536625

[1 occurrence(s)]
INFO --> [REQ_ID=48cb793fbf2a] [PERF] Execution time=0.547766

[1 occurrence(s)]
INFO --> [REQ_ID=44e6e74a2481] [MEMORY][controller-start] 6291456

[1 occurrence(s)]
INFO --> [REQ_ID=44e6e74a2481] [MEMORY][commonData:start] 6291456

[1 occurrence(s)]
INFO --> [REQ_ID=44e6e74a2481] [MEMORY][commonData:start] 8388608

[1 occurrence(s)]
INFO --> [REQ_ID=44e6e74a2481] [PERF] Execution time=0.544585

[1 occurrence(s)]
INFO --> [REQ_ID=e200841b2d81] [PERF] Execution time=0.553972

[1 occurrence(s)]
INFO --> [REQ_ID=12708be52cf1] [MEMORY][controller-start] 6291456

[1 occurrence(s)]
INFO --> [REQ_ID=12708be52cf1] [MEMORY][commonData:start] 6291456

[1 occurrence(s)]
INFO --> themesMemory usage: 6291456

[1 occurrence(s)]
INFO --> [REQ_ID=12708be52cf1] [PERF] Execution time=0.062194

[1 occurrence(s)]
INFO --> [REQ_ID=8db9c43e2378] [PERF] Execution time=0.146419

[1 occurrence(s)]
INFO --> [REQ_ID=caad47de62d6] [MEMORY][controller-start] 4194304

[1 occurrence(s)]
INFO --> [REQ_ID=caad47de62d6] [PERF] Execution time=0.039890

[1 occurrence(s)]
INFO --> [REQ_ID=87056689b44d] [MEMORY][controller-start] 4194304

[1 occurrence(s)]
INFO --> [REQ_ID=87056689b44d] [PERF] Execution time=0.017077

[1 occurrence(s)]
INFO --> [REQ_ID=0357e3cc3998] [MEMORY][controller-start] 4194304

[1 occurrence(s)]
INFO --> [REQ_ID=0357e3cc3998] [MEMORY][commonData:start] 4194304

[1 occurrence(s)]
INFO --> themesMemory usage: 4194304

[1 occurrence(s)]
INFO --> [REQ_ID=0357e3cc3998] [PERF] Execution time=0.042286

[1 occurrence(s)]
INFO --> [REQ_ID=de87c0975919] [PERF] Execution time=0.302662

[1 occurrence(s)]
INFO --> [REQ_ID=c6a7394a1035] [PERF] Execution time=0.040064

[1 occurrence(s)]
INFO --> [REQ_ID=3da1278af08a] [PERF] Execution time=0.118064

[1 occurrence(s)]
INFO --> [REQ_ID=fee007a12925] [PERF] Execution time=0.046940

[1 occurrence(s)]
INFO --> [REQ_ID=b7cc35aeaed8] [PERF] Execution time=0.049284

[1 occurrence(s)]
INFO --> [REQ_ID=642d098b1b72] [MEMORY][controller-start] 4194304

[1 occurrence(s)]
INFO --> [REQ_ID=642d098b1b72] [MEMORY][commonData:start] 6291456

[1 occurrence(s)]
INFO --> [REQ_ID=642d098b1b72] [MEMORY][commonData:start] 8388608

[1 occurrence(s)]
INFO --> [REQ_ID=642d098b1b72] [PERF] Execution time=0.710495

[1 occurrence(s)]
INFO --> [REQ_ID=5acb7dc5009e] [PERF] Execution time=0.730937

[1 occurrence(s)]
INFO --> [REQ_ID=5f295f5aac12] [MEMORY][controller-start] 6291456

[1 occurrence(s)]
INFO --> [REQ_ID=5f295f5aac12] [MEMORY][commonData:start] 6291456

[1 occurrence(s)]
INFO --> [REQ_ID=5f295f5aac12] [MEMORY][commonData:start] 8388608

[1 occurrence(s)]
INFO --> [REQ_ID=5f295f5aac12] [PERF] Execution time=0.533395

[1 occurrence(s)]
INFO --> [REQ_ID=994c3f0ada4a] [PERF] Execution time=0.543382

[1 occurrence(s)]
INFO --> [REQ_ID=437b5358537b] [PERF] Execution time=0.045441

[1 occurrence(s)]
INFO --> [REQ_ID=cb7b70cae8e7] [MEMORY][controller-start] 6291456

[1 occurrence(s)]
INFO --> [REQ_ID=cb7b70cae8e7] [MEMORY][commonData:start] 6291456

[1 occurrence(s)]
INFO --> [REQ_ID=cb7b70cae8e7] [MEMORY][commonData:start] 10485760

[1 occurrence(s)]
INFO --> [REQ_ID=cb7b70cae8e7] [PERF] Execution time=0.654633

[1 occurrence(s)]
INFO --> [REQ_ID=b4812111fbc8] [PERF] Execution time=0.695777

[1 occurrence(s)]
INFO --> [REQ_ID=9011fb4a8d68] [MEMORY][controller-start] 4194304

[1 occurrence(s)]
INFO --> [REQ_ID=9011fb4a8d68] [MEMORY][commonData:start] 6291456

[1 occurrence(s)]
INFO --> [REQ_ID=9011fb4a8d68] [MEMORY][commonData:start] 8388608

[1 occurrence(s)]
INFO --> [REQ_ID=9011fb4a8d68] [PERF] Execution time=0.645816

[1 occurrence(s)]
INFO --> [REQ_ID=ed1bcc6da287] [PERF] Execution time=0.667701

[1 occurrence(s)]
INFO --> [REQ_ID=6ec7e8d24c58] [MEMORY][controller-start] 4194304

[1 occurrence(s)]
INFO --> [REQ_ID=6ec7e8d24c58] [MEMORY][commonData:start] 4194304

[1 occurrence(s)]
INFO --> [REQ_ID=6ec7e8d24c58] [MEMORY][commonData:start] 8388608

[1 occurrence(s)]
INFO --> [REQ_ID=6ec7e8d24c58] [PERF] Execution time=0.503310

[1 occurrence(s)]
INFO --> [REQ_ID=afc07d757546] [PERF] Execution time=0.512867

[1 occurrence(s)]
INFO --> [REQ_ID=a18b1182e9bc] [PERF] Execution time=0.050913

[1 occurrence(s)]
INFO --> [REQ_ID=06047834187d] [PERF] Execution time=0.048916

[1 occurrence(s)]
INFO --> [REQ_ID=5cd4abda8ca1] [MEMORY][controller-start] 6291456

[1 occurrence(s)]
INFO --> [REQ_ID=5cd4abda8ca1] [MEMORY][commonData:start] 6291456

[1 occurrence(s)]
INFO --> [REQ_ID=5cd4abda8ca1] [MEMORY][commonData:start] 10485760

[1 occurrence(s)]
INFO --> [REQ_ID=5cd4abda8ca1] [PERF] Execution time=0.856543

[1 occurrence(s)]
INFO --> [REQ_ID=22889ba561ee] [PERF] Execution time=0.900155

[1 occurrence(s)]
INFO --> [REQ_ID=50c80e0cbb4d] [PERF] Execution time=0.047531

[1 occurrence(s)]
INFO --> [spark:ops:work] Started

[1 occurrence(s)]
INFO --> [SPARK_START] App\Commands\Ops\Work

[3 occurrence(s)]
INFO --> [SPARK_MEMORY] 18874368

[1 occurrence(s)]
INFO --> [spark:ops:work] Intent

[1 occurrence(s)]
INFO --> [spark:ops:work] Completed

[1 occurrence(s)]
INFO --> [SPARK_COMPLETE] App\Commands\Ops\Work duration=0.111735

[1 occurrence(s)]
INFO --> [SPARK_MEMORY] 20971520

[1 occurrence(s)]
INFO --> [SPARK_START] App\Commands\AIOps\Run

[1 occurrence(s)]
INFO --> [spark:aiops:run] Intent

[1 occurrence(s)]
INFO --> [REQ_ID=322b3d86f903] [PERF] Execution time=0.098730

[1 occurrence(s)]
INFO --> [AIOPS][SPARK][GOVERNANCE][spark:logs:summarize] Started

[1 occurrence(s)]
INFO --> [SPARK_START] App\Commands\Logs\Summarize

[1 occurrence(s)]
INFO --> [spark:logs:summarize] Intent


---------------------------
LEVEL: WARNING
---------------------------

[84 occurrence(s)]
WARNING --> [404] URI=https://www.mymiwallet.com/index.php/

[84 occurrence(s)]
WARNING --> 404 route miss: https://www.mymiwallet.com/index.php/ | referrer: http://67.205.42.220

[1 occurrence(s)]
WARNING --> Premium access denied: feature=investments.analytics route=/index.php/API/Investments/getForecastAccuracySummary user_id=2 tier=free status=free

[2 occurrence(s)]
WARNING --> Premium access denied: feature=investments.analytics route=/index.php/API/Investments/getConfidenceHeatmap user_id=2 tier=free status=free

[2 occurrence(s)]
WARNING --> [DEPRECATED] number_format(): Passing null to parameter #1 ($num) of type float is deprecated in APPPATH/Modules/User/Views/Projects/view.php on line 52.

[2 occurrence(s)]
WARNING --> [DEPRECATED] number_format(): Passing null to parameter #1 ($num) of type float is deprecated in APPPATH/Modules/User/Views/Projects/view.php on line 53.

[1 occurrence(s)]
WARNING --> [404] URI=https://www.mymiwallet.com/index.php/Projects/fund

[1 occurrence(s)]
WARNING --> 404 route miss: https://www.mymiwallet.com/index.php/Projects/fund | referrer: none


---------------------------
LEVEL: ERROR
---------------------------

[1 occurrence(s)]
ERROR --> DashboardController::index failed to load executive summary: Call to undefined method CodeIgniter\Cache\Handlers\FileHandler::set()

[1 occurrence(s)]
ERROR --> Unknown column 'score_total' in 'where clause'

[1 occurrence(s)]
ERROR --> [ERROR_PAGE] event=error_404 status=404 message=Page not found.


---------------------------
LEVEL: CRITICAL
---------------------------

[85 occurrence(s)]
CRITICAL --> CodeIgniter\Exceptions\PageNotFoundException: Page Not Found

[85 occurrence(s)]
CRITICAL --> [EXCEPTION] Page Not Found File=/home/mymiteam/mymiwallet/site/current/vendor/codeigniter4/framework/system/CodeIgniter.php Line=1001


===============================================
   HERE'S THE NEW STUFF
   (No previous timestamp recorded – nothing treated as new)
===============================================

---- CONFIG LINT ----
✅ Services::cache
✅ Services::responsecache
✅ Services::session
✅ Services::email
✅ Services::logger
✅ Services::validation
✅ Services::renderer
