===============================================
   MyMI Wallet — Log Summary for 2026-03-27
   Auto-generated by logs:summarize command
   Grouped by (LEVEL + message)
===============================================

Last processed up to: <none> (first run for this date)

---------------------------
LEVEL: DEBUG
---------------------------

[1 occurrence(s)]
DEBUG --> [REQ_ID=7196e6a98e04] [REQUEST][START] GET /index.php/API/Management/Run-CRON-Tasks

[131 occurrence(s)]
DEBUG --> Session: Class initialized using 'CodeIgniter\Session\Handlers\FileHandler' driver.

[1 occurrence(s)]
DEBUG --> [REQ_ID=7196e6a98e04] [FILTER_BEFORE] /index.php/API/Management/Run-CRON-Tasks

[1 occurrence(s)]
DEBUG --> [REQ_ID=7196e6a98e04] [ROUTE] Controller=\App\Modules\Management\Controllers\ManagementAPIController Method=Run_CRON_Tasks

[1 occurrence(s)]
DEBUG --> [REQ_ID=7196e6a98e04] [LIFECYCLE][START] GET https://www.mymiwallet.com/index.php/API/Management/Run-CRON-Tasks

[1 occurrence(s)]
DEBUG --> [REQ_ID=7196e6a98e04] [REQUEST][END]

[1 occurrence(s)]
DEBUG --> [REQ_ID=307dc669d02f] [REQUEST][START] HEAD /

[1 occurrence(s)]
DEBUG --> [REQ_ID=cc72cfb4a572] [REQUEST][START] HEAD /

[1 occurrence(s)]
DEBUG --> [REQ_ID=114a69037292] [REQUEST][START] HEAD /

[1 occurrence(s)]
DEBUG --> [REQ_ID=70d0344045a0] [REQUEST][START] GET /index.php/API/Alerts/fetchEmailAlerts

[1 occurrence(s)]
DEBUG --> [REQ_ID=70d0344045a0] [FILTER_BEFORE] /index.php/API/Alerts/fetchEmailAlerts

[1 occurrence(s)]
DEBUG --> [REQ_ID=70d0344045a0] [ROUTE] Controller=\App\Modules\APIs\Controllers\AlertsAPIController Method=fetchEmailAlerts

[1 occurrence(s)]
DEBUG --> [REQ_ID=70d0344045a0] [LIFECYCLE][START] GET https://www.mymiwallet.com/index.php/API/Alerts/fetchEmailAlerts

[1 occurrence(s)]
DEBUG --> [REQ_ID=70d0344045a0] [REQUEST][END]

[1 occurrence(s)]
DEBUG --> [REQ_ID=5ec75a37dbdc] [REQUEST][START] HEAD /

[1 occurrence(s)]
DEBUG --> [REQ_ID=ead291137f8c] [REQUEST][START] HEAD /

[1 occurrence(s)]
DEBUG --> [REQ_ID=d0789965f4de] [REQUEST][START] GET /index.php/How-It-Works/Investment-Portfolio-Management

[1 occurrence(s)]
DEBUG --> [REQ_ID=d0789965f4de] [REQUEST][END]

[1 occurrence(s)]
DEBUG --> [REQ_ID=1bf7f3479168] [REQUEST][START] HEAD /

[1 occurrence(s)]
DEBUG --> [REQ_ID=5ae67b4dc218] [REQUEST][START] GET /

[1 occurrence(s)]
DEBUG --> [REQ_ID=5ae67b4dc218] [FILTER_BEFORE] /

[1 occurrence(s)]
DEBUG --> [REQ_ID=5ae67b4dc218] [ROUTE] Controller=\App\Controllers\Home Method=index

[1 occurrence(s)]
DEBUG --> [REQ_ID=5ae67b4dc218] [LIFECYCLE][START] GET https://www.mymiwallet.com/index.php/

[2 occurrence(s)]
DEBUG --> [CSRF] token name=csrf_test_name hash=dc694bdea393d126e9249cc39d1dcfb6

[1 occurrence(s)]
DEBUG --> [REQ_ID=a0d0941f1a50] [INIT] App\Controllers\Home::GET

[20 occurrence(s)]
DEBUG --> MyMIUser L52 - initialized (first log).

[8 occurrence(s)]
DEBUG --> [MetaService] slug= pageName= cacheHit= path=FALLBACK

[1 occurrence(s)]
DEBUG --> [REQ_ID=a0d0941f1a50] [VIEW_RENDER] themes/public/home

[4 occurrence(s)]
DEBUG --> [MetaService] slug= pageName=Home cacheHit= path=DB

[1 occurrence(s)]
DEBUG --> [REQ_ID=5ae67b4dc218] [FILTER_AFTER]

[1 occurrence(s)]
DEBUG --> [REQ_ID=5ae67b4dc218] [LIFECYCLE][END] status=200 duration_ms=655.07 memory_delta=4194304

[1 occurrence(s)]
DEBUG --> [REQ_ID=5ae67b4dc218] [REQUEST][END]

[1 occurrence(s)]
DEBUG --> [REQ_ID=36f5e8225379] [REQUEST][START] GET /

[1 occurrence(s)]
DEBUG --> [REQ_ID=36f5e8225379] [FILTER_BEFORE] /

[1 occurrence(s)]
DEBUG --> [REQ_ID=36f5e8225379] [ROUTE] Controller=\App\Controllers\Home Method=index

[1 occurrence(s)]
DEBUG --> [REQ_ID=36f5e8225379] [LIFECYCLE][START] GET https://www.mymiwallet.com/index.php/

[1 occurrence(s)]
DEBUG --> [REQ_ID=db6c3a21c025] [INIT] App\Controllers\Home::GET

[7 occurrence(s)]
DEBUG --> [MetaService] slug= pageName= cacheHit=1 path=CACHE

[1 occurrence(s)]
DEBUG --> [REQ_ID=db6c3a21c025] [VIEW_RENDER] themes/public/home

[11 occurrence(s)]
DEBUG --> [MetaService] slug= pageName=Home cacheHit=1 path=CACHE

[1 occurrence(s)]
DEBUG --> [REQ_ID=36f5e8225379] [FILTER_AFTER]

[1 occurrence(s)]
DEBUG --> [REQ_ID=36f5e8225379] [LIFECYCLE][END] status=200 duration_ms=565.97 memory_delta=2097152

[1 occurrence(s)]
DEBUG --> [REQ_ID=36f5e8225379] [REQUEST][END]

[1 occurrence(s)]
DEBUG --> [REQ_ID=82cede8a537b] [REQUEST][START] HEAD /

[1 occurrence(s)]
DEBUG --> [REQ_ID=add39c5cee4e] [REQUEST][START] HEAD /

[1 occurrence(s)]
DEBUG --> [REQ_ID=4109af13ed1a] [REQUEST][START] HEAD /

[1 occurrence(s)]
DEBUG --> [REQ_ID=cace4c213339] [REQUEST][START] GET /index.php/Knowledgebase

[1 occurrence(s)]
DEBUG --> [REQ_ID=4bd9c829ab23] [REQUEST][START] HEAD /

[1 occurrence(s)]
DEBUG --> [REQ_ID=9058d71f1239] [REQUEST][START] GET /

[1 occurrence(s)]
DEBUG --> [REQ_ID=9058d71f1239] [FILTER_BEFORE] /

[1 occurrence(s)]
DEBUG --> [REQ_ID=9058d71f1239] [ROUTE] Controller=\App\Controllers\Home Method=index

[1 occurrence(s)]
DEBUG --> [REQ_ID=9058d71f1239] [LIFECYCLE][START] GET https://www.mymiwallet.com/index.php/

[2 occurrence(s)]
DEBUG --> [CSRF] token name=csrf_test_name hash=17f25ba8aaf69cea125011428b8e9a5a

[1 occurrence(s)]
DEBUG --> [REQ_ID=5ec36151b9c7] [INIT] App\Controllers\Home::GET

[1 occurrence(s)]
DEBUG --> [REQ_ID=5ec36151b9c7] [VIEW_RENDER] themes/public/home

[1 occurrence(s)]
DEBUG --> [REQ_ID=9058d71f1239] [FILTER_AFTER]

[1 occurrence(s)]
DEBUG --> [REQ_ID=9058d71f1239] [LIFECYCLE][END] status=200 duration_ms=545.74 memory_delta=4194304

[1 occurrence(s)]
DEBUG --> [REQ_ID=9058d71f1239] [REQUEST][END]

[1 occurrence(s)]
DEBUG --> [REQ_ID=746688bd2c3b] [REQUEST][START] GET /index.php/How-It-Works/Investment-Dashboard

[1 occurrence(s)]
DEBUG --> [REQ_ID=746688bd2c3b] [FILTER_BEFORE] /index.php/How-It-Works/Investment-Dashboard

[1 occurrence(s)]
DEBUG --> [REQ_ID=746688bd2c3b] [ROUTE] Controller=\App\Modules\Blog\Controllers\HowItWorksController Method=show

[1 occurrence(s)]
DEBUG --> [REQ_ID=746688bd2c3b] [LIFECYCLE][START] GET https://www.mymiwallet.com/index.php/How-It-Works/Investment-Dashboard

[1 occurrence(s)]
DEBUG --> [REQ_ID=c2b087850fca] [INIT] App\Modules\Blog\Controllers\HowItWorksController::GET

[1 occurrence(s)]
DEBUG --> [REQ_ID=c2b087850fca] [METHOD_ENTRY] show

[5 occurrence(s)]
DEBUG --> [SERVICE] App\Services\BudgetService ::setUserId

[15 occurrence(s)]
DEBUG --> MyMICoin: guest context detected; skipping user-specific preload.

[1 occurrence(s)]
DEBUG --> [REQ_ID=746688bd2c3b] [FILTER_AFTER]

[1 occurrence(s)]
DEBUG --> [REQ_ID=746688bd2c3b] [LIFECYCLE][END] status=200 duration_ms=497.03 memory_delta=2097152

[1 occurrence(s)]
DEBUG --> [REQ_ID=746688bd2c3b] [REQUEST][END]

[1 occurrence(s)]
DEBUG --> [REQ_ID=babb2d84b74f] [REQUEST][START] HEAD /

[1 occurrence(s)]
DEBUG --> [REQ_ID=3ec54be45ed6] [REQUEST][START] GET /

[1 occurrence(s)]
DEBUG --> [REQ_ID=3ec54be45ed6] [FILTER_BEFORE] /

[1 occurrence(s)]
DEBUG --> [REQ_ID=3ec54be45ed6] [ROUTE] Controller=\App\Controllers\Home Method=index

[1 occurrence(s)]
DEBUG --> [REQ_ID=3ec54be45ed6] [LIFECYCLE][START] GET https://www.mymiwallet.com/index.php/

[1 occurrence(s)]
DEBUG --> [CSRF] token name=csrf_test_name hash=04b27f5358fbe8edd20f68497dad94b6

[1 occurrence(s)]
DEBUG --> [REQ_ID=a97c302d0568] [INIT] App\Controllers\Home::GET

[1 occurrence(s)]
DEBUG --> [REQ_ID=a97c302d0568] [VIEW_RENDER] themes/public/home

[1 occurrence(s)]
DEBUG --> [REQ_ID=3ec54be45ed6] [FILTER_AFTER]

[1 occurrence(s)]
DEBUG --> [REQ_ID=3ec54be45ed6] [LIFECYCLE][END] status=200 duration_ms=655.41 memory_delta=4194304

[1 occurrence(s)]
DEBUG --> [REQ_ID=3ec54be45ed6] [REQUEST][END]

[1 occurrence(s)]
DEBUG --> [REQ_ID=72e27faa94aa] [REQUEST][START] HEAD /

[1 occurrence(s)]
DEBUG --> [REQ_ID=599e7714a804] [REQUEST][START] GET /index.php/API/Management/Run-CRON-Tasks

[1 occurrence(s)]
DEBUG --> [REQ_ID=599e7714a804] [FILTER_BEFORE] /index.php/API/Management/Run-CRON-Tasks

[1 occurrence(s)]
DEBUG --> [REQ_ID=599e7714a804] [ROUTE] Controller=\App\Modules\Management\Controllers\ManagementAPIController Method=Run_CRON_Tasks

[1 occurrence(s)]
DEBUG --> [REQ_ID=599e7714a804] [LIFECYCLE][START] GET https://www.mymiwallet.com/index.php/API/Management/Run-CRON-Tasks

[1 occurrence(s)]
DEBUG --> [REQ_ID=599e7714a804] [REQUEST][END]

[1 occurrence(s)]
DEBUG --> [REQ_ID=d657c8298f0c] [REQUEST][START] HEAD /

[1 occurrence(s)]
DEBUG --> [REQ_ID=4cb8a5719e03] [REQUEST][START] HEAD /

[1 occurrence(s)]
DEBUG --> [REQ_ID=cb0bb9858944] [REQUEST][START] GET /

[1 occurrence(s)]
DEBUG --> [REQ_ID=cb0bb9858944] [REQUEST][END]

[1 occurrence(s)]
DEBUG --> [REQ_ID=995c789e367e] [REQUEST][START] HEAD /

[1 occurrence(s)]
DEBUG --> [REQ_ID=24ec9d4b8370] [REQUEST][START] GET /index.php/API/Alerts/fetchEmailAlerts

[1 occurrence(s)]
DEBUG --> [REQ_ID=24ec9d4b8370] [FILTER_BEFORE] /index.php/API/Alerts/fetchEmailAlerts

[1 occurrence(s)]
DEBUG --> [REQ_ID=24ec9d4b8370] [ROUTE] Controller=\App\Modules\APIs\Controllers\AlertsAPIController Method=fetchEmailAlerts

[1 occurrence(s)]
DEBUG --> [REQ_ID=24ec9d4b8370] [LIFECYCLE][START] GET https://www.mymiwallet.com/index.php/API/Alerts/fetchEmailAlerts

[1 occurrence(s)]
DEBUG --> [REQ_ID=24ec9d4b8370] [REQUEST][END]

[1 occurrence(s)]
DEBUG --> [REQ_ID=fff9a9e64c46] [REQUEST][START] HEAD /

[1 occurrence(s)]
DEBUG --> [REQ_ID=f951bb008c90] [REQUEST][START] GET /

[1 occurrence(s)]
DEBUG --> [REQ_ID=f951bb008c90] [REQUEST][END]

[1 occurrence(s)]
DEBUG --> [REQ_ID=79a578649d82] [REQUEST][START] HEAD /

[1 occurrence(s)]
DEBUG --> [REQ_ID=cbff0f510d2f] [REQUEST][START] HEAD /

[1 occurrence(s)]
DEBUG --> [REQ_ID=c8639619cc33] [REQUEST][START] HEAD /

[1 occurrence(s)]
DEBUG --> [REQ_ID=54f8c31363a0] [REQUEST][START] HEAD /

[1 occurrence(s)]
DEBUG --> [REQ_ID=ff6120c77c29] [REQUEST][START] GET /index.php/How-It-Works/Personal-Budgeting

[1 occurrence(s)]
DEBUG --> [REQ_ID=ff6120c77c29] [REQUEST][END]

[1 occurrence(s)]
DEBUG --> [REQ_ID=e873cef7971b] [REQUEST][START] HEAD /

[1 occurrence(s)]
DEBUG --> [REQ_ID=60badeed9183] [REQUEST][START] HEAD /

[1 occurrence(s)]
DEBUG --> [REQ_ID=5d3dac2ed5d5] [REQUEST][START] HEAD /

[1 occurrence(s)]
DEBUG --> [REQ_ID=d61c83957282] [REQUEST][START] HEAD /

[1 occurrence(s)]
DEBUG --> [REQ_ID=57572ab8c230] [REQUEST][START] GET /index.php/API/Management/Run-CRON-Tasks

[1 occurrence(s)]
DEBUG --> [REQ_ID=57572ab8c230] [FILTER_BEFORE] /index.php/API/Management/Run-CRON-Tasks

[1 occurrence(s)]
DEBUG --> [REQ_ID=57572ab8c230] [ROUTE] Controller=\App\Modules\Management\Controllers\ManagementAPIController Method=Run_CRON_Tasks

[1 occurrence(s)]
DEBUG --> [REQ_ID=57572ab8c230] [LIFECYCLE][START] GET https://www.mymiwallet.com/index.php/API/Management/Run-CRON-Tasks

[1 occurrence(s)]
DEBUG --> [REQ_ID=57572ab8c230] [REQUEST][END]

[1 occurrence(s)]
DEBUG --> [REQ_ID=724ea8282d64] [REQUEST][START] HEAD /

[1 occurrence(s)]
DEBUG --> [REQ_ID=3ceb7b0fce50] [REQUEST][START] HEAD /

[1 occurrence(s)]
DEBUG --> [REQ_ID=47623755ef67] [REQUEST][START] GET /

[1 occurrence(s)]
DEBUG --> [REQ_ID=47623755ef67] [REQUEST][END]

[1 occurrence(s)]
DEBUG --> [REQ_ID=b9dd93258fd1] [REQUEST][START] HEAD /

[1 occurrence(s)]
DEBUG --> [REQ_ID=b863a2b8b73a] [REQUEST][START] GET /index.php/API/Alerts/fetchEmailAlerts

[1 occurrence(s)]
DEBUG --> [REQ_ID=b863a2b8b73a] [FILTER_BEFORE] /index.php/API/Alerts/fetchEmailAlerts

[1 occurrence(s)]
DEBUG --> [REQ_ID=b863a2b8b73a] [ROUTE] Controller=\App\Modules\APIs\Controllers\AlertsAPIController Method=fetchEmailAlerts

[1 occurrence(s)]
DEBUG --> [REQ_ID=b863a2b8b73a] [LIFECYCLE][START] GET https://www.mymiwallet.com/index.php/API/Alerts/fetchEmailAlerts

[1 occurrence(s)]
DEBUG --> [REQ_ID=b863a2b8b73a] [REQUEST][END]

[1 occurrence(s)]
DEBUG --> [REQ_ID=3a96a54cfb35] [REQUEST][START] HEAD /

[1 occurrence(s)]
DEBUG --> [REQ_ID=cafddb1f0c2d] [REQUEST][START] HEAD /

[1 occurrence(s)]
DEBUG --> [REQ_ID=7783d6dd3663] [REQUEST][START] HEAD /

[1 occurrence(s)]
DEBUG --> [REQ_ID=a22520021b12] [REQUEST][START] GET /

[1 occurrence(s)]
DEBUG --> [REQ_ID=a22520021b12] [FILTER_BEFORE] /

[1 occurrence(s)]
DEBUG --> [REQ_ID=a22520021b12] [ROUTE] Controller=\App\Controllers\Home Method=index

[1 occurrence(s)]
DEBUG --> [REQ_ID=a22520021b12] [LIFECYCLE][START] GET https://www.mymiwallet.com/index.php/

[1 occurrence(s)]
DEBUG --> [CSRF] token name=csrf_test_name hash=4a20ed2586eb0cfa92f32fb1f28fd47f

[1 occurrence(s)]
DEBUG --> [REQ_ID=e957e7d814f8] [INIT] App\Controllers\Home::GET

[1 occurrence(s)]
DEBUG --> [REQ_ID=e957e7d814f8] [VIEW_RENDER] themes/public/home

[1 occurrence(s)]
DEBUG --> [REQ_ID=a22520021b12] [FILTER_AFTER]

[1 occurrence(s)]
DEBUG --> [REQ_ID=a22520021b12] [LIFECYCLE][END] status=200 duration_ms=746.39 memory_delta=4194304

[1 occurrence(s)]
DEBUG --> [REQ_ID=a22520021b12] [REQUEST][END]

[1 occurrence(s)]
DEBUG --> [REQ_ID=56fc4667c6ae] [REQUEST][START] HEAD /

[1 occurrence(s)]
DEBUG --> [REQ_ID=4634194492ce] [REQUEST][START] HEAD /

[1 occurrence(s)]
DEBUG --> [REQ_ID=ff739c212c0a] [REQUEST][START] HEAD /

[1 occurrence(s)]
DEBUG --> [REQ_ID=63805b1db9c0] [REQUEST][START] HEAD /

[1 occurrence(s)]
DEBUG --> [REQ_ID=d56498778a59] [REQUEST][START] HEAD /

[1 occurrence(s)]
DEBUG --> [REQ_ID=d3e302ebfe35] [REQUEST][START] GET /

[1 occurrence(s)]
DEBUG --> [REQ_ID=d3e302ebfe35] [FILTER_BEFORE] /

[1 occurrence(s)]
DEBUG --> [REQ_ID=d3e302ebfe35] [ROUTE] Controller=\App\Controllers\Home Method=index

[1 occurrence(s)]
DEBUG --> [REQ_ID=d3e302ebfe35] [LIFECYCLE][START] GET https://www.mymiwallet.com/index.php/

[1 occurrence(s)]
DEBUG --> [CSRF] token name=csrf_test_name hash=132ebcc846c86c9242225c3cc9399744

[1 occurrence(s)]
DEBUG --> [REQ_ID=f6b3493cc8fd] [INIT] App\Controllers\Home::GET

[1 occurrence(s)]
DEBUG --> [REQ_ID=f6b3493cc8fd] [VIEW_RENDER] themes/public/home

[1 occurrence(s)]
DEBUG --> [REQ_ID=d3e302ebfe35] [FILTER_AFTER]

[1 occurrence(s)]
DEBUG --> [REQ_ID=d3e302ebfe35] [LIFECYCLE][END] status=200 duration_ms=746.09 memory_delta=4194304

[1 occurrence(s)]
DEBUG --> [REQ_ID=d3e302ebfe35] [REQUEST][END]

[1 occurrence(s)]
DEBUG --> [REQ_ID=b04c12eedc60] [REQUEST][START] HEAD /

[1 occurrence(s)]
DEBUG --> [REQ_ID=dcd1d30a7f9a] [REQUEST][START] GET /index.php/API/Management/Run-CRON-Tasks

[1 occurrence(s)]
DEBUG --> [REQ_ID=dcd1d30a7f9a] [FILTER_BEFORE] /index.php/API/Management/Run-CRON-Tasks

[1 occurrence(s)]
DEBUG --> [REQ_ID=dcd1d30a7f9a] [ROUTE] Controller=\App\Modules\Management\Controllers\ManagementAPIController Method=Run_CRON_Tasks

[1 occurrence(s)]
DEBUG --> [REQ_ID=dcd1d30a7f9a] [LIFECYCLE][START] GET https://www.mymiwallet.com/index.php/API/Management/Run-CRON-Tasks

[1 occurrence(s)]
DEBUG --> [REQ_ID=dcd1d30a7f9a] [REQUEST][END]

[1 occurrence(s)]
DEBUG --> [REQ_ID=2937e710eff1] [REQUEST][START] HEAD /

[1 occurrence(s)]
DEBUG --> [REQ_ID=9e5cdaf28c89] [REQUEST][START] HEAD /

[1 occurrence(s)]
DEBUG --> [REQ_ID=11a2a67633c9] [REQUEST][START] HEAD /

[1 occurrence(s)]
DEBUG --> [REQ_ID=6d66ee2d60e1] [REQUEST][START] GET /index.php/API/Alerts/fetchEmailAlerts

[1 occurrence(s)]
DEBUG --> [REQ_ID=6d66ee2d60e1] [FILTER_BEFORE] /index.php/API/Alerts/fetchEmailAlerts

[1 occurrence(s)]
DEBUG --> [REQ_ID=6d66ee2d60e1] [ROUTE] Controller=\App\Modules\APIs\Controllers\AlertsAPIController Method=fetchEmailAlerts

[1 occurrence(s)]
DEBUG --> [REQ_ID=6d66ee2d60e1] [LIFECYCLE][START] GET https://www.mymiwallet.com/index.php/API/Alerts/fetchEmailAlerts

[1 occurrence(s)]
DEBUG --> [REQ_ID=6d66ee2d60e1] [REQUEST][END]

[1 occurrence(s)]
DEBUG --> [REQ_ID=d91099fa846c] [REQUEST][START] HEAD /

[1 occurrence(s)]
DEBUG --> [REQ_ID=f9e2c067cb1d] [REQUEST][START] HEAD /

[1 occurrence(s)]
DEBUG --> [REQ_ID=a72695c4fcaf] [REQUEST][START] HEAD /

[1 occurrence(s)]
DEBUG --> [REQ_ID=999629d8ce2b] [REQUEST][START] HEAD /

[1 occurrence(s)]
DEBUG --> [REQ_ID=d1efc6e7e0fc] [REQUEST][START] GET /

[1 occurrence(s)]
DEBUG --> [REQ_ID=d1efc6e7e0fc] [REQUEST][END]

[1 occurrence(s)]
DEBUG --> [REQ_ID=f4142acb26d4] [REQUEST][START] HEAD /

[1 occurrence(s)]
DEBUG --> [REQ_ID=b72953ec6c54] [REQUEST][START] GET /

[1 occurrence(s)]
DEBUG --> [REQ_ID=b72953ec6c54] [FILTER_BEFORE] /

[1 occurrence(s)]
DEBUG --> [REQ_ID=b72953ec6c54] [ROUTE] Controller=\App\Controllers\Home Method=index

[1 occurrence(s)]
DEBUG --> [REQ_ID=b72953ec6c54] [LIFECYCLE][START] GET https://www.mymiwallet.com/index.php/

[2 occurrence(s)]
DEBUG --> [CSRF] token name=csrf_test_name hash=534a26346c9f2bc4b1b08d65e8b93865

[1 occurrence(s)]
DEBUG --> [REQ_ID=17d2cc22e9a5] [INIT] App\Controllers\Home::GET

[1 occurrence(s)]
DEBUG --> [REQ_ID=17d2cc22e9a5] [VIEW_RENDER] themes/public/home

[1 occurrence(s)]
DEBUG --> [REQ_ID=b72953ec6c54] [FILTER_AFTER]

[1 occurrence(s)]
DEBUG --> [REQ_ID=b72953ec6c54] [LIFECYCLE][END] status=200 duration_ms=730.63 memory_delta=4194304

[1 occurrence(s)]
DEBUG --> [REQ_ID=b72953ec6c54] [REQUEST][END]

[1 occurrence(s)]
DEBUG --> [REQ_ID=255a2c0a63c8] [REQUEST][START] GET /index.php/How-It-Works/Investment-Dashboard

[1 occurrence(s)]
DEBUG --> [REQ_ID=255a2c0a63c8] [FILTER_BEFORE] /index.php/How-It-Works/Investment-Dashboard

[1 occurrence(s)]
DEBUG --> [REQ_ID=255a2c0a63c8] [ROUTE] Controller=\App\Modules\Blog\Controllers\HowItWorksController Method=show

[1 occurrence(s)]
DEBUG --> [REQ_ID=255a2c0a63c8] [LIFECYCLE][START] GET https://www.mymiwallet.com/index.php/How-It-Works/Investment-Dashboard

[1 occurrence(s)]
DEBUG --> [REQ_ID=a759c78d67b5] [INIT] App\Modules\Blog\Controllers\HowItWorksController::GET

[1 occurrence(s)]
DEBUG --> [REQ_ID=a759c78d67b5] [METHOD_ENTRY] show

[1 occurrence(s)]
DEBUG --> [REQ_ID=255a2c0a63c8] [FILTER_AFTER]

[1 occurrence(s)]
DEBUG --> [REQ_ID=255a2c0a63c8] [LIFECYCLE][END] status=200 duration_ms=538.12 memory_delta=2097152

[1 occurrence(s)]
DEBUG --> [REQ_ID=255a2c0a63c8] [REQUEST][END]

[1 occurrence(s)]
DEBUG --> [REQ_ID=61a67d1239c0] [REQUEST][START] GET /index.php

[1 occurrence(s)]
DEBUG --> [REQ_ID=61a67d1239c0] [FILTER_BEFORE] /index.php

[1 occurrence(s)]
DEBUG --> [REQ_ID=61a67d1239c0] [ROUTE] Controller=\App\Controllers\Home Method=index

[1 occurrence(s)]
DEBUG --> [REQ_ID=61a67d1239c0] [LIFECYCLE][START] GET https://www.mymiwallet.com/index.php/

[1 occurrence(s)]
DEBUG --> [CSRF] token name=csrf_test_name hash=655435af91cb3f1e9de655cc55b4158d

[1 occurrence(s)]
DEBUG --> [REQ_ID=c2fbc8ec49a8] [INIT] App\Controllers\Home::GET

[1 occurrence(s)]
DEBUG --> [REQ_ID=c2fbc8ec49a8] [VIEW_RENDER] themes/public/home

[1 occurrence(s)]
DEBUG --> [REQ_ID=61a67d1239c0] [FILTER_AFTER]

[1 occurrence(s)]
DEBUG --> [REQ_ID=61a67d1239c0] [LIFECYCLE][END] status=200 duration_ms=600.20 memory_delta=2097152

[1 occurrence(s)]
DEBUG --> [REQ_ID=61a67d1239c0] [REQUEST][END]

[1 occurrence(s)]
DEBUG --> [REQ_ID=937d524aa29b] [REQUEST][START] GET /index.php/

[1 occurrence(s)]
DEBUG --> [REQ_ID=937d524aa29b] [FILTER_BEFORE] /index.php/

[1 occurrence(s)]
DEBUG --> [REQ_ID=937d524aa29b] [ROUTE] Controller=\App\Controllers\Home Method=index

[1 occurrence(s)]
DEBUG --> [REQ_ID=937d524aa29b] [LIFECYCLE][START] GET https://www.mymiwallet.com/index.php/

[1 occurrence(s)]
DEBUG --> [CSRF] token name=csrf_test_name hash=51bf8b564f27ba405b47a5dd3011464c

[1 occurrence(s)]
DEBUG --> [REQ_ID=1fe593a07c44] [INIT] App\Controllers\Home::GET

[1 occurrence(s)]
DEBUG --> [REQ_ID=1fe593a07c44] [VIEW_RENDER] themes/public/home

[1 occurrence(s)]
DEBUG --> [REQ_ID=937d524aa29b] [FILTER_AFTER]

[1 occurrence(s)]
DEBUG --> [REQ_ID=937d524aa29b] [LIFECYCLE][END] status=200 duration_ms=604.16 memory_delta=2097152

[1 occurrence(s)]
DEBUG --> [REQ_ID=937d524aa29b] [REQUEST][END]

[1 occurrence(s)]
DEBUG --> [REQ_ID=8b2dd82cc25a] [REQUEST][START] GET /index.php/Customer-Support

[1 occurrence(s)]
DEBUG --> [REQ_ID=8b2dd82cc25a] [FILTER_BEFORE] /index.php/Customer-Support

[1 occurrence(s)]
DEBUG --> [REQ_ID=8b2dd82cc25a] [ROUTE] Controller=\App\Controllers\App\Modules\Support\Controllers\SupportController Method=index

[1 occurrence(s)]
DEBUG --> [REQ_ID=8b2dd82cc25a] [LIFECYCLE][START] GET https://www.mymiwallet.com/index.php/Customer-Support

[1 occurrence(s)]
DEBUG --> [CSRF] token name=csrf_test_name hash=7561cfefb0030365a86cbaeccd26fa78

[1 occurrence(s)]
DEBUG --> [REQ_ID=8b2dd82cc25a] [REQUEST][END]

[1 occurrence(s)]
DEBUG --> [REQ_ID=eb96b5e099f9] [REQUEST][START] GET /index.php/How-It-Works/MyMI-Wallets

[1 occurrence(s)]
DEBUG --> [REQ_ID=eb96b5e099f9] [FILTER_BEFORE] /index.php/How-It-Works/MyMI-Wallets

[1 occurrence(s)]
DEBUG --> [REQ_ID=eb96b5e099f9] [ROUTE] Controller=\App\Modules\Blog\Controllers\HowItWorksController Method=show

[1 occurrence(s)]
DEBUG --> [REQ_ID=eb96b5e099f9] [LIFECYCLE][START] GET https://www.mymiwallet.com/index.php/How-It-Works/MyMI-Wallets

[1 occurrence(s)]
DEBUG --> [CSRF] token name=csrf_test_name hash=7b4c8e58a902f2425f739d9610f18515

[1 occurrence(s)]
DEBUG --> [REQ_ID=2359b09216fc] [INIT] App\Modules\Blog\Controllers\HowItWorksController::GET

[1 occurrence(s)]
DEBUG --> [REQ_ID=2359b09216fc] [METHOD_ENTRY] show

[1 occurrence(s)]
DEBUG --> [REQ_ID=4fb847a6d407] [REQUEST][START] HEAD /

[1 occurrence(s)]
DEBUG --> [REQ_ID=d0a0eb77843e] [REQUEST][START] GET /

[1 occurrence(s)]
DEBUG --> [REQ_ID=d0a0eb77843e] [FILTER_BEFORE] /

[1 occurrence(s)]
DEBUG --> [REQ_ID=d0a0eb77843e] [ROUTE] Controller=\App\Controllers\Home Method=index

[1 occurrence(s)]
DEBUG --> [REQ_ID=d0a0eb77843e] [LIFECYCLE][START] GET https://www.mymiwallet.com/index.php/

[2 occurrence(s)]
DEBUG --> [CSRF] token name=csrf_test_name hash=52dc85f62db7a9e464ea0ce34deb03b9

[1 occurrence(s)]
DEBUG --> [REQ_ID=42a70e802962] [INIT] App\Controllers\Home::GET

[1 occurrence(s)]
DEBUG --> [REQ_ID=42a70e802962] [VIEW_RENDER] themes/public/home

[1 occurrence(s)]
DEBUG --> [REQ_ID=d0a0eb77843e] [FILTER_AFTER]

[1 occurrence(s)]
DEBUG --> [REQ_ID=d0a0eb77843e] [LIFECYCLE][END] status=200 duration_ms=551.75 memory_delta=4194304

[1 occurrence(s)]
DEBUG --> [REQ_ID=d0a0eb77843e] [REQUEST][END]

[1 occurrence(s)]
DEBUG --> [REQ_ID=51a1e5091b7e] [REQUEST][START] GET /index.php/How-It-Works/Investment-Dashboard

[1 occurrence(s)]
DEBUG --> [REQ_ID=51a1e5091b7e] [FILTER_BEFORE] /index.php/How-It-Works/Investment-Dashboard

[1 occurrence(s)]
DEBUG --> [REQ_ID=51a1e5091b7e] [ROUTE] Controller=\App\Modules\Blog\Controllers\HowItWorksController Method=show

[1 occurrence(s)]
DEBUG --> [REQ_ID=51a1e5091b7e] [LIFECYCLE][START] GET https://www.mymiwallet.com/index.php/How-It-Works/Investment-Dashboard

[1 occurrence(s)]
DEBUG --> [REQ_ID=164a768ee40d] [INIT] App\Modules\Blog\Controllers\HowItWorksController::GET

[1 occurrence(s)]
DEBUG --> [REQ_ID=164a768ee40d] [METHOD_ENTRY] show

[1 occurrence(s)]
DEBUG --> [REQ_ID=51a1e5091b7e] [FILTER_AFTER]

[1 occurrence(s)]
DEBUG --> [REQ_ID=51a1e5091b7e] [LIFECYCLE][END] status=200 duration_ms=542.23 memory_delta=2097152

[1 occurrence(s)]
DEBUG --> [REQ_ID=51a1e5091b7e] [REQUEST][END]

[1 occurrence(s)]
DEBUG --> [REQ_ID=97ffeb2b2127] [REQUEST][START] HEAD /

[1 occurrence(s)]
DEBUG --> [REQ_ID=e220eee5b34a] [REQUEST][START] HEAD /

[1 occurrence(s)]
DEBUG --> [REQ_ID=c8a26d418026] [REQUEST][START] HEAD /

[1 occurrence(s)]
DEBUG --> [REQ_ID=236886f0fc14] [REQUEST][START] GET /index.php/API/Management/Run-CRON-Tasks

[1 occurrence(s)]
DEBUG --> [REQ_ID=236886f0fc14] [FILTER_BEFORE] /index.php/API/Management/Run-CRON-Tasks

[1 occurrence(s)]
DEBUG --> [REQ_ID=236886f0fc14] [ROUTE] Controller=\App\Modules\Management\Controllers\ManagementAPIController Method=Run_CRON_Tasks

[1 occurrence(s)]
DEBUG --> [REQ_ID=236886f0fc14] [LIFECYCLE][START] GET https://www.mymiwallet.com/index.php/API/Management/Run-CRON-Tasks

[1 occurrence(s)]
DEBUG --> [REQ_ID=236886f0fc14] [REQUEST][END]

[1 occurrence(s)]
DEBUG --> [REQ_ID=c6a580ba51dd] [REQUEST][START] HEAD /

[1 occurrence(s)]
DEBUG --> [REQ_ID=9eb543c6d43c] [REQUEST][START] GET /index.php

[1 occurrence(s)]
DEBUG --> [REQ_ID=4190f3d81545] [REQUEST][START] GET /index.php/How-It-Works/Registering-An-Account

[1 occurrence(s)]
DEBUG --> [REQ_ID=9eb543c6d43c] [FILTER_BEFORE] /index.php

[1 occurrence(s)]
DEBUG --> [REQ_ID=9eb543c6d43c] [ROUTE] Controller=\App\Controllers\Home Method=index

[1 occurrence(s)]
DEBUG --> [REQ_ID=9eb543c6d43c] [LIFECYCLE][START] GET https://www.mymiwallet.com/index.php/

[1 occurrence(s)]
DEBUG --> [CSRF] token name=csrf_test_name hash=f12b0e4547838390fe4e1597e7aa1aa6

[1 occurrence(s)]
DEBUG --> [REQ_ID=b576d027a121] [INIT] App\Controllers\Home::GET

[1 occurrence(s)]
DEBUG --> [REQ_ID=4190f3d81545] [FILTER_BEFORE] /index.php/How-It-Works/Registering-An-Account

[1 occurrence(s)]
DEBUG --> [REQ_ID=4190f3d81545] [ROUTE] Controller=\App\Modules\Blog\Controllers\HowItWorksController Method=show

[1 occurrence(s)]
DEBUG --> [REQ_ID=4190f3d81545] [LIFECYCLE][START] GET https://www.mymiwallet.com/index.php/How-It-Works/Registering-An-Account

[1 occurrence(s)]
DEBUG --> [CSRF] token name=csrf_test_name hash=627b8c40e68da279906e5044f88442c4

[1 occurrence(s)]
DEBUG --> [REQ_ID=f7c1184e2e73] [INIT] App\Modules\Blog\Controllers\HowItWorksController::GET

[1 occurrence(s)]
DEBUG --> [REQ_ID=f7c1184e2e73] [METHOD_ENTRY] show

[1 occurrence(s)]
DEBUG --> [REQ_ID=b576d027a121] [VIEW_RENDER] themes/public/home

[1 occurrence(s)]
DEBUG --> [REQ_ID=9eb543c6d43c] [FILTER_AFTER]

[1 occurrence(s)]
DEBUG --> [REQ_ID=9eb543c6d43c] [LIFECYCLE][END] status=200 duration_ms=643.19 memory_delta=4194304

[1 occurrence(s)]
DEBUG --> [REQ_ID=9eb543c6d43c] [REQUEST][END]

[1 occurrence(s)]
DEBUG --> [REQ_ID=4190f3d81545] [FILTER_AFTER]

[1 occurrence(s)]
DEBUG --> [REQ_ID=4190f3d81545] [LIFECYCLE][END] status=200 duration_ms=721.22 memory_delta=4194304

[1 occurrence(s)]
DEBUG --> [REQ_ID=4190f3d81545] [REQUEST][END]

[1 occurrence(s)]
DEBUG --> [REQ_ID=18fbd8a488d0] [REQUEST][START] HEAD /

[1 occurrence(s)]
DEBUG --> [REQ_ID=c6df840516ce] [REQUEST][START] HEAD /

[1 occurrence(s)]
DEBUG --> [REQ_ID=48cf7cce10f7] [REQUEST][START] GET /

[1 occurrence(s)]
DEBUG --> [REQ_ID=48cf7cce10f7] [FILTER_BEFORE] /

[1 occurrence(s)]
DEBUG --> [REQ_ID=48cf7cce10f7] [ROUTE] Controller=\App\Controllers\Home Method=index

[1 occurrence(s)]
DEBUG --> [REQ_ID=48cf7cce10f7] [LIFECYCLE][START] GET https://www.mymiwallet.com/index.php/

[1 occurrence(s)]
DEBUG --> [CSRF] token name=csrf_test_name hash=38bb0f7951ee691b28b33ba2edbaa1fd

[1 occurrence(s)]
DEBUG --> [REQ_ID=3df51f775b62] [INIT] App\Controllers\Home::GET

[1 occurrence(s)]
DEBUG --> [REQ_ID=3df51f775b62] [VIEW_RENDER] themes/public/home

[1 occurrence(s)]
DEBUG --> [REQ_ID=48cf7cce10f7] [FILTER_AFTER]

[1 occurrence(s)]
DEBUG --> [REQ_ID=48cf7cce10f7] [LIFECYCLE][END] status=200 duration_ms=744.75 memory_delta=4194304

[1 occurrence(s)]
DEBUG --> [REQ_ID=48cf7cce10f7] [REQUEST][END]

[1 occurrence(s)]
DEBUG --> [REQ_ID=92353fc275d0] [REQUEST][START] GET /index.php/API/Alerts/fetchEmailAlerts

[1 occurrence(s)]
DEBUG --> [REQ_ID=92353fc275d0] [FILTER_BEFORE] /index.php/API/Alerts/fetchEmailAlerts

[1 occurrence(s)]
DEBUG --> [REQ_ID=92353fc275d0] [ROUTE] Controller=\App\Modules\APIs\Controllers\AlertsAPIController Method=fetchEmailAlerts

[1 occurrence(s)]
DEBUG --> [REQ_ID=92353fc275d0] [LIFECYCLE][START] GET https://www.mymiwallet.com/index.php/API/Alerts/fetchEmailAlerts

[1 occurrence(s)]
DEBUG --> [REQ_ID=92353fc275d0] [REQUEST][END]

[1 occurrence(s)]
DEBUG --> [REQ_ID=4687663b8057] [REQUEST][START] GET /

[1 occurrence(s)]
DEBUG --> [REQ_ID=4687663b8057] [FILTER_BEFORE] /

[1 occurrence(s)]
DEBUG --> [REQ_ID=4687663b8057] [ROUTE] Controller=\App\Controllers\Home Method=index

[1 occurrence(s)]
DEBUG --> [REQ_ID=4687663b8057] [LIFECYCLE][START] GET https://www.mymiwallet.com/index.php/

[1 occurrence(s)]
DEBUG --> [CSRF] token name=csrf_test_name hash=a003238ea2ffbce85946b6422eb96fbb

[1 occurrence(s)]
DEBUG --> [REQ_ID=e05710d67cb9] [INIT] App\Controllers\Home::GET

[1 occurrence(s)]
DEBUG --> [REQ_ID=e05710d67cb9] [VIEW_RENDER] themes/public/home

[1 occurrence(s)]
DEBUG --> [REQ_ID=4687663b8057] [FILTER_AFTER]

[1 occurrence(s)]
DEBUG --> [REQ_ID=4687663b8057] [LIFECYCLE][END] status=200 duration_ms=558.78 memory_delta=4194304

[1 occurrence(s)]
DEBUG --> [REQ_ID=4687663b8057] [REQUEST][END]

[1 occurrence(s)]
DEBUG --> [REQ_ID=2270440f17fa] [REQUEST][START] HEAD /

[1 occurrence(s)]
DEBUG --> [REQ_ID=f186d712d7b7] [REQUEST][START] HEAD /

[1 occurrence(s)]
DEBUG --> [REQ_ID=2502edb62417] [REQUEST][START] HEAD /

[1 occurrence(s)]
DEBUG --> [REQ_ID=6b45feb5179e] [REQUEST][START] HEAD /

[1 occurrence(s)]
DEBUG --> [REQ_ID=873bcf8e6bfd] [REQUEST][START] HEAD /

[1 occurrence(s)]
DEBUG --> [REQ_ID=db2b92ba74ef] [REQUEST][START] HEAD /

[1 occurrence(s)]
DEBUG --> [REQ_ID=d44c0d562a66] [REQUEST][START] HEAD /

[1 occurrence(s)]
DEBUG --> [REQ_ID=780167774ef9] [REQUEST][START] HEAD /

[1 occurrence(s)]
DEBUG --> [REQ_ID=d354c959a211] [REQUEST][START] HEAD /

[1 occurrence(s)]
DEBUG --> [REQ_ID=24d1b4174a03] [REQUEST][START] GET /index.php/API/Management/Run-CRON-Tasks

[1 occurrence(s)]
DEBUG --> [REQ_ID=24d1b4174a03] [FILTER_BEFORE] /index.php/API/Management/Run-CRON-Tasks

[1 occurrence(s)]
DEBUG --> [REQ_ID=24d1b4174a03] [ROUTE] Controller=\App\Modules\Management\Controllers\ManagementAPIController Method=Run_CRON_Tasks

[1 occurrence(s)]
DEBUG --> [REQ_ID=24d1b4174a03] [LIFECYCLE][START] GET https://www.mymiwallet.com/index.php/API/Management/Run-CRON-Tasks

[1 occurrence(s)]
DEBUG --> [REQ_ID=24d1b4174a03] [REQUEST][END]

[1 occurrence(s)]
DEBUG --> [REQ_ID=e5e2ba1f2d87] [REQUEST][START] HEAD /

[1 occurrence(s)]
DEBUG --> [REQ_ID=37a7a8914c56] [REQUEST][START] HEAD /

[1 occurrence(s)]
DEBUG --> [REQ_ID=d5a2c06f2a43] [REQUEST][START] GET /index.php/Blog/IRS/IRS-Expanded-Home-Energy-Tax-Credits

[1 occurrence(s)]
DEBUG --> [REQ_ID=d5a2c06f2a43] [REQUEST][END]

[1 occurrence(s)]
DEBUG --> [REQ_ID=8a1e3a9f0e65] [REQUEST][START] HEAD /

[1 occurrence(s)]
DEBUG --> [REQ_ID=c650fafa23c7] [REQUEST][START] GET /index.php/API/Alerts/fetchEmailAlerts

[1 occurrence(s)]
DEBUG --> [REQ_ID=c650fafa23c7] [FILTER_BEFORE] /index.php/API/Alerts/fetchEmailAlerts

[1 occurrence(s)]
DEBUG --> [REQ_ID=c650fafa23c7] [ROUTE] Controller=\App\Modules\APIs\Controllers\AlertsAPIController Method=fetchEmailAlerts

[1 occurrence(s)]
DEBUG --> [REQ_ID=c650fafa23c7] [LIFECYCLE][START] GET https://www.mymiwallet.com/index.php/API/Alerts/fetchEmailAlerts

[1 occurrence(s)]
DEBUG --> [REQ_ID=c650fafa23c7] [REQUEST][END]

[1 occurrence(s)]
DEBUG --> [REQ_ID=64af75d10cdd] [REQUEST][START] HEAD /

[1 occurrence(s)]
DEBUG --> [REQ_ID=677d16cbd6cf] [REQUEST][START] HEAD /

[1 occurrence(s)]
DEBUG --> [REQ_ID=93d83e89cf58] [REQUEST][START] HEAD /

[1 occurrence(s)]
DEBUG --> [REQ_ID=a0838a84bf86] [REQUEST][START] HEAD /

[1 occurrence(s)]
DEBUG --> [REQ_ID=0740ae78d014] [REQUEST][START] GET /index.php/How-It-Works/MyMI-Gold

[1 occurrence(s)]
DEBUG --> [REQ_ID=0740ae78d014] [REQUEST][END]

[1 occurrence(s)]
DEBUG --> [REQ_ID=6f3a463e5c8e] [REQUEST][START] HEAD /

[1 occurrence(s)]
DEBUG --> [REQ_ID=0dd0aa2a3f45] [REQUEST][START] HEAD /

[1 occurrence(s)]
DEBUG --> [REQ_ID=176eb1d08f13] [REQUEST][START] GET /index.php/Account/Connected-Accounts

[1 occurrence(s)]
DEBUG --> [REQ_ID=176eb1d08f13] [REQUEST][END]

[1 occurrence(s)]
DEBUG --> [REQ_ID=4fcb1ec6466c] [REQUEST][START] GET /

[1 occurrence(s)]
DEBUG --> [REQ_ID=4fcb1ec6466c] [FILTER_BEFORE] /

[1 occurrence(s)]
DEBUG --> [REQ_ID=4fcb1ec6466c] [ROUTE] Controller=\App\Controllers\Home Method=index

[1 occurrence(s)]
DEBUG --> [REQ_ID=4fcb1ec6466c] [LIFECYCLE][START] GET https://www.mymiwallet.com/index.php/

[1 occurrence(s)]
DEBUG --> [CSRF] token name=csrf_test_name hash=eb681b0ee4d334ecd9320f8e6837a765

[1 occurrence(s)]
DEBUG --> [REQ_ID=4b56a6d10419] [INIT] App\Controllers\Home::GET

[1 occurrence(s)]
DEBUG --> [REQ_ID=4b56a6d10419] [VIEW_RENDER] themes/public/home

[1 occurrence(s)]
DEBUG --> [REQ_ID=4fcb1ec6466c] [FILTER_AFTER]

[1 occurrence(s)]
DEBUG --> [REQ_ID=4fcb1ec6466c] [LIFECYCLE][END] status=200 duration_ms=596.93 memory_delta=4194304

[1 occurrence(s)]
DEBUG --> [REQ_ID=4fcb1ec6466c] [REQUEST][END]

[1 occurrence(s)]
DEBUG --> [REQ_ID=dbef759f0e45] [REQUEST][START] HEAD /

[1 occurrence(s)]
DEBUG --> [REQ_ID=3d872f78630f] [REQUEST][START] HEAD /

[1 occurrence(s)]
DEBUG --> [REQ_ID=57c43487004c] [REQUEST][START] HEAD /

[1 occurrence(s)]
DEBUG --> [REQ_ID=5219335925c7] [REQUEST][START] GET /index.php/API/Management/Run-CRON-Tasks

[1 occurrence(s)]
DEBUG --> [REQ_ID=5219335925c7] [FILTER_BEFORE] /index.php/API/Management/Run-CRON-Tasks

[1 occurrence(s)]
DEBUG --> [REQ_ID=5219335925c7] [ROUTE] Controller=\App\Modules\Management\Controllers\ManagementAPIController Method=Run_CRON_Tasks

[1 occurrence(s)]
DEBUG --> [REQ_ID=5219335925c7] [LIFECYCLE][START] GET https://www.mymiwallet.com/index.php/API/Management/Run-CRON-Tasks

[1 occurrence(s)]
DEBUG --> [REQ_ID=5219335925c7] [REQUEST][END]

[1 occurrence(s)]
DEBUG --> [REQ_ID=89ca7527bb55] [REQUEST][START] HEAD /

[1 occurrence(s)]
DEBUG --> [REQ_ID=210e5df52f06] [REQUEST][START] GET /index.php/Blog

[1 occurrence(s)]
DEBUG --> [REQ_ID=210e5df52f06] [REQUEST][END]

[1 occurrence(s)]
DEBUG --> [REQ_ID=93d4bde8d94f] [REQUEST][START] HEAD /

[1 occurrence(s)]
DEBUG --> [REQ_ID=1f9ba5b65f04] [REQUEST][START] HEAD /

[1 occurrence(s)]
DEBUG --> [REQ_ID=5e9dddd54b54] [REQUEST][START] GET /

[1 occurrence(s)]
DEBUG --> [REQ_ID=5e9dddd54b54] [FILTER_BEFORE] /

[1 occurrence(s)]
DEBUG --> [REQ_ID=5e9dddd54b54] [ROUTE] Controller=\App\Controllers\Home Method=index

[1 occurrence(s)]
DEBUG --> [REQ_ID=5e9dddd54b54] [LIFECYCLE][START] GET https://www.mymiwallet.com/index.php/

[1 occurrence(s)]
DEBUG --> [CSRF] token name=csrf_test_name hash=1c68d9b708498ec33bb95453372c3fd0

[1 occurrence(s)]
DEBUG --> [REQ_ID=1169e57947b7] [INIT] App\Controllers\Home::GET

[1 occurrence(s)]
DEBUG --> [REQ_ID=1169e57947b7] [VIEW_RENDER] themes/public/home

[1 occurrence(s)]
DEBUG --> [REQ_ID=5e9dddd54b54] [FILTER_AFTER]

[1 occurrence(s)]
DEBUG --> [REQ_ID=5e9dddd54b54] [LIFECYCLE][END] status=200 duration_ms=598.74 memory_delta=4194304

[1 occurrence(s)]
DEBUG --> [REQ_ID=5e9dddd54b54] [REQUEST][END]

[1 occurrence(s)]
DEBUG --> [REQ_ID=0c12a92c9f38] [REQUEST][START] GET /index.php/API/Alerts/fetchEmailAlerts

[1 occurrence(s)]
DEBUG --> [REQ_ID=0c12a92c9f38] [FILTER_BEFORE] /index.php/API/Alerts/fetchEmailAlerts

[1 occurrence(s)]
DEBUG --> [REQ_ID=0c12a92c9f38] [ROUTE] Controller=\App\Modules\APIs\Controllers\AlertsAPIController Method=fetchEmailAlerts

[1 occurrence(s)]
DEBUG --> [REQ_ID=0c12a92c9f38] [LIFECYCLE][START] GET https://www.mymiwallet.com/index.php/API/Alerts/fetchEmailAlerts

[1 occurrence(s)]
DEBUG --> [REQ_ID=0c12a92c9f38] [REQUEST][END]

[1 occurrence(s)]
DEBUG --> [REQ_ID=7f5d28f891b8] [REQUEST][START] HEAD /

[1 occurrence(s)]
DEBUG --> [REQ_ID=3ba85d8308ac] [REQUEST][START] HEAD /

[1 occurrence(s)]
DEBUG --> [REQ_ID=ce5262d64630] [REQUEST][START] HEAD /

[1 occurrence(s)]
DEBUG --> [REQ_ID=c1433548c869] [REQUEST][START] HEAD /

[1 occurrence(s)]
DEBUG --> [REQ_ID=df38874734d7] [REQUEST][START] HEAD /

[1 occurrence(s)]
DEBUG --> [REQ_ID=90566fad87be] [REQUEST][START] HEAD /

[1 occurrence(s)]
DEBUG --> [REQ_ID=1eecf310d63e] [REQUEST][START] HEAD /

[1 occurrence(s)]
DEBUG --> [REQ_ID=6e10475c2262] [REQUEST][START] HEAD /

[1 occurrence(s)]
DEBUG --> [REQ_ID=1641d75e4b23] [REQUEST][START] HEAD /

[1 occurrence(s)]
DEBUG --> [REQ_ID=e8557c4b302b] [REQUEST][START] GET /index.php/API/Management/Run-CRON-Tasks

[1 occurrence(s)]
DEBUG --> [REQ_ID=e8557c4b302b] [FILTER_BEFORE] /index.php/API/Management/Run-CRON-Tasks

[1 occurrence(s)]
DEBUG --> [REQ_ID=e8557c4b302b] [ROUTE] Controller=\App\Modules\Management\Controllers\ManagementAPIController Method=Run_CRON_Tasks

[1 occurrence(s)]
DEBUG --> [REQ_ID=e8557c4b302b] [LIFECYCLE][START] GET https://www.mymiwallet.com/index.php/API/Management/Run-CRON-Tasks

[1 occurrence(s)]
DEBUG --> [REQ_ID=e8557c4b302b] [REQUEST][END]


---------------------------
LEVEL: INFO
---------------------------

[1 occurrence(s)]
INFO --> [REQ_ID=7196e6a98e04] [PERF] Execution time=0.049432

[1 occurrence(s)]
INFO --> [REQ_ID=70d0344045a0] [PERF] Execution time=0.046722

[1 occurrence(s)]
INFO --> [REQ_ID=d0789965f4de] [PERF] Execution time=0.042947

[1 occurrence(s)]
INFO --> [REQ_ID=a0d0941f1a50] [MEMORY][controller-start] 6291456

[1 occurrence(s)]
INFO --> [REQ_ID=a0d0941f1a50] [MEMORY][commonData:start] 6291456

[1 occurrence(s)]
INFO --> [REQ_ID=a0d0941f1a50] [MEMORY][commonData:start] 10485760

[10 occurrence(s)]
INFO --> themesMemory usage: 10485760

[1 occurrence(s)]
INFO --> [REQ_ID=a0d0941f1a50] [PERF] Execution time=0.653316

[1 occurrence(s)]
INFO --> [REQ_ID=5ae67b4dc218] [PERF] Execution time=0.694508

[1 occurrence(s)]
INFO --> [REQ_ID=db6c3a21c025] [MEMORY][controller-start] 6291456

[1 occurrence(s)]
INFO --> [REQ_ID=db6c3a21c025] [MEMORY][commonData:start] 6291456

[1 occurrence(s)]
INFO --> [REQ_ID=db6c3a21c025] [MEMORY][commonData:start] 8388608

[5 occurrence(s)]
INFO --> themesMemory usage: 8388608

[1 occurrence(s)]
INFO --> [REQ_ID=db6c3a21c025] [PERF] Execution time=0.565736

[1 occurrence(s)]
INFO --> [REQ_ID=36f5e8225379] [PERF] Execution time=0.575902

[1 occurrence(s)]
INFO --> [REQ_ID=5ec36151b9c7] [MEMORY][controller-start] 6291456

[1 occurrence(s)]
INFO --> [REQ_ID=5ec36151b9c7] [MEMORY][commonData:start] 6291456

[1 occurrence(s)]
INFO --> [REQ_ID=5ec36151b9c7] [MEMORY][commonData:start] 10485760

[1 occurrence(s)]
INFO --> [REQ_ID=5ec36151b9c7] [PERF] Execution time=0.543701

[1 occurrence(s)]
INFO --> [REQ_ID=9058d71f1239] [PERF] Execution time=0.585292

[1 occurrence(s)]
INFO --> [REQ_ID=c2b087850fca] [MEMORY][controller-start] 6291456

[1 occurrence(s)]
INFO --> [REQ_ID=c2b087850fca] [MEMORY][commonData:start] 6291456

[1 occurrence(s)]
INFO --> [REQ_ID=c2b087850fca] [PERF] Execution time=0.496871

[1 occurrence(s)]
INFO --> [REQ_ID=746688bd2c3b] [PERF] Execution time=0.512517

[1 occurrence(s)]
INFO --> [REQ_ID=a97c302d0568] [MEMORY][controller-start] 4194304

[1 occurrence(s)]
INFO --> [REQ_ID=a97c302d0568] [MEMORY][commonData:start] 4194304

[1 occurrence(s)]
INFO --> [REQ_ID=a97c302d0568] [MEMORY][commonData:start] 8388608

[1 occurrence(s)]
INFO --> [REQ_ID=a97c302d0568] [PERF] Execution time=0.654607

[1 occurrence(s)]
INFO --> [REQ_ID=3ec54be45ed6] [PERF] Execution time=0.669809

[1 occurrence(s)]
INFO --> [REQ_ID=599e7714a804] [PERF] Execution time=0.068504

[1 occurrence(s)]
INFO --> [REQ_ID=cb0bb9858944] [PERF] Execution time=0.048281

[1 occurrence(s)]
INFO --> [REQ_ID=24ec9d4b8370] [PERF] Execution time=0.047644

[1 occurrence(s)]
INFO --> [REQ_ID=f951bb008c90] [PERF] Execution time=0.055132

[1 occurrence(s)]
INFO --> [REQ_ID=ff6120c77c29] [PERF] Execution time=0.022759

[1 occurrence(s)]
INFO --> [REQ_ID=57572ab8c230] [PERF] Execution time=0.050759

[1 occurrence(s)]
INFO --> [REQ_ID=47623755ef67] [PERF] Execution time=0.038320

[1 occurrence(s)]
INFO --> [REQ_ID=b863a2b8b73a] [PERF] Execution time=0.096502

[1 occurrence(s)]
INFO --> [REQ_ID=e957e7d814f8] [MEMORY][controller-start] 6291456

[1 occurrence(s)]
INFO --> [REQ_ID=e957e7d814f8] [MEMORY][commonData:start] 6291456

[1 occurrence(s)]
INFO --> [REQ_ID=e957e7d814f8] [MEMORY][commonData:start] 10485760

[1 occurrence(s)]
INFO --> [REQ_ID=e957e7d814f8] [PERF] Execution time=0.742867

[1 occurrence(s)]
INFO --> [REQ_ID=a22520021b12] [PERF] Execution time=0.792876

[1 occurrence(s)]
INFO --> [REQ_ID=f6b3493cc8fd] [MEMORY][controller-start] 6291456

[1 occurrence(s)]
INFO --> [REQ_ID=f6b3493cc8fd] [MEMORY][commonData:start] 6291456

[1 occurrence(s)]
INFO --> [REQ_ID=f6b3493cc8fd] [MEMORY][commonData:start] 10485760

[1 occurrence(s)]
INFO --> [REQ_ID=f6b3493cc8fd] [PERF] Execution time=0.744108

[1 occurrence(s)]
INFO --> [REQ_ID=d3e302ebfe35] [PERF] Execution time=0.785236

[1 occurrence(s)]
INFO --> [REQ_ID=dcd1d30a7f9a] [PERF] Execution time=0.049464

[1 occurrence(s)]
INFO --> [REQ_ID=6d66ee2d60e1] [PERF] Execution time=0.048925

[1 occurrence(s)]
INFO --> [REQ_ID=d1efc6e7e0fc] [PERF] Execution time=0.038452

[1 occurrence(s)]
INFO --> [REQ_ID=17d2cc22e9a5] [MEMORY][controller-start] 6291456

[1 occurrence(s)]
INFO --> [REQ_ID=17d2cc22e9a5] [MEMORY][commonData:start] 6291456

[1 occurrence(s)]
INFO --> [REQ_ID=17d2cc22e9a5] [MEMORY][commonData:start] 10485760

[1 occurrence(s)]
INFO --> [REQ_ID=17d2cc22e9a5] [PERF] Execution time=0.728691

[1 occurrence(s)]
INFO --> [REQ_ID=b72953ec6c54] [PERF] Execution time=0.770311

[1 occurrence(s)]
INFO --> [REQ_ID=a759c78d67b5] [MEMORY][controller-start] 6291456

[1 occurrence(s)]
INFO --> [REQ_ID=a759c78d67b5] [MEMORY][commonData:start] 6291456

[1 occurrence(s)]
INFO --> [REQ_ID=a759c78d67b5] [PERF] Execution time=0.537938

[1 occurrence(s)]
INFO --> [REQ_ID=255a2c0a63c8] [PERF] Execution time=0.552450

[1 occurrence(s)]
INFO --> [REQ_ID=c2fbc8ec49a8] [MEMORY][controller-start] 6291456

[1 occurrence(s)]
INFO --> [REQ_ID=c2fbc8ec49a8] [MEMORY][commonData:start] 6291456

[1 occurrence(s)]
INFO --> [REQ_ID=c2fbc8ec49a8] [MEMORY][commonData:start] 8388608

[1 occurrence(s)]
INFO --> [REQ_ID=c2fbc8ec49a8] [PERF] Execution time=0.599880

[1 occurrence(s)]
INFO --> [REQ_ID=61a67d1239c0] [PERF] Execution time=0.609845

[1 occurrence(s)]
INFO --> [REQ_ID=1fe593a07c44] [MEMORY][controller-start] 6291456

[1 occurrence(s)]
INFO --> [REQ_ID=1fe593a07c44] [MEMORY][commonData:start] 6291456

[1 occurrence(s)]
INFO --> [REQ_ID=1fe593a07c44] [MEMORY][commonData:start] 8388608

[1 occurrence(s)]
INFO --> [REQ_ID=1fe593a07c44] [PERF] Execution time=0.603918

[1 occurrence(s)]
INFO --> [REQ_ID=937d524aa29b] [PERF] Execution time=0.613366

[1 occurrence(s)]
INFO --> [REQ_ID=8b2dd82cc25a] [PERF] Execution time=0.011023

[1 occurrence(s)]
INFO --> [REQ_ID=2359b09216fc] [MEMORY][controller-start] 6291456

[1 occurrence(s)]
INFO --> [REQ_ID=2359b09216fc] [PERF] Execution time=0.261469

[1 occurrence(s)]
INFO --> [REQ_ID=42a70e802962] [MEMORY][controller-start] 6291456

[1 occurrence(s)]
INFO --> [REQ_ID=42a70e802962] [MEMORY][commonData:start] 6291456

[1 occurrence(s)]
INFO --> [REQ_ID=42a70e802962] [MEMORY][commonData:start] 10485760

[1 occurrence(s)]
INFO --> [REQ_ID=42a70e802962] [PERF] Execution time=0.549529

[1 occurrence(s)]
INFO --> [REQ_ID=d0a0eb77843e] [PERF] Execution time=0.593356

[1 occurrence(s)]
INFO --> [REQ_ID=164a768ee40d] [MEMORY][controller-start] 6291456

[1 occurrence(s)]
INFO --> [REQ_ID=164a768ee40d] [MEMORY][commonData:start] 6291456

[1 occurrence(s)]
INFO --> [REQ_ID=164a768ee40d] [PERF] Execution time=0.542120

[1 occurrence(s)]
INFO --> [REQ_ID=51a1e5091b7e] [PERF] Execution time=0.561390

[1 occurrence(s)]
INFO --> [REQ_ID=236886f0fc14] [PERF] Execution time=0.049661

[1 occurrence(s)]
INFO --> [REQ_ID=b576d027a121] [MEMORY][controller-start] 6291456

[1 occurrence(s)]
INFO --> [REQ_ID=f7c1184e2e73] [MEMORY][controller-start] 6291456

[1 occurrence(s)]
INFO --> [REQ_ID=b576d027a121] [MEMORY][commonData:start] 6291456

[1 occurrence(s)]
INFO --> [REQ_ID=f7c1184e2e73] [MEMORY][commonData:start] 6291456

[1 occurrence(s)]
INFO --> [REQ_ID=b576d027a121] [MEMORY][commonData:start] 10485760

[1 occurrence(s)]
INFO --> [REQ_ID=b576d027a121] [PERF] Execution time=0.640388

[1 occurrence(s)]
INFO --> [REQ_ID=9eb543c6d43c] [PERF] Execution time=0.697152

[1 occurrence(s)]
INFO --> [REQ_ID=f7c1184e2e73] [PERF] Execution time=0.718853

[1 occurrence(s)]
INFO --> [REQ_ID=4190f3d81545] [PERF] Execution time=0.781726

[1 occurrence(s)]
INFO --> [REQ_ID=3df51f775b62] [MEMORY][controller-start] 6291456

[1 occurrence(s)]
INFO --> [REQ_ID=3df51f775b62] [MEMORY][commonData:start] 6291456

[1 occurrence(s)]
INFO --> [REQ_ID=3df51f775b62] [MEMORY][commonData:start] 10485760

[1 occurrence(s)]
INFO --> [REQ_ID=3df51f775b62] [PERF] Execution time=0.742777

[1 occurrence(s)]
INFO --> [REQ_ID=48cf7cce10f7] [PERF] Execution time=0.782889

[1 occurrence(s)]
INFO --> [REQ_ID=92353fc275d0] [PERF] Execution time=0.052262

[1 occurrence(s)]
INFO --> [REQ_ID=e05710d67cb9] [MEMORY][controller-start] 4194304

[1 occurrence(s)]
INFO --> [REQ_ID=e05710d67cb9] [MEMORY][commonData:start] 6291456

[1 occurrence(s)]
INFO --> [REQ_ID=e05710d67cb9] [MEMORY][commonData:start] 8388608

[1 occurrence(s)]
INFO --> [REQ_ID=e05710d67cb9] [PERF] Execution time=0.557434

[1 occurrence(s)]
INFO --> [REQ_ID=4687663b8057] [PERF] Execution time=0.569248

[1 occurrence(s)]
INFO --> [REQ_ID=24d1b4174a03] [PERF] Execution time=0.045875

[1 occurrence(s)]
INFO --> [REQ_ID=d5a2c06f2a43] [PERF] Execution time=0.041326

[1 occurrence(s)]
INFO --> [REQ_ID=c650fafa23c7] [PERF] Execution time=0.067827

[1 occurrence(s)]
INFO --> [REQ_ID=0740ae78d014] [PERF] Execution time=0.040349

[1 occurrence(s)]
INFO --> [REQ_ID=176eb1d08f13] [PERF] Execution time=0.022144

[1 occurrence(s)]
INFO --> [REQ_ID=4b56a6d10419] [MEMORY][controller-start] 6291456

[1 occurrence(s)]
INFO --> [REQ_ID=4b56a6d10419] [MEMORY][commonData:start] 6291456

[1 occurrence(s)]
INFO --> [REQ_ID=4b56a6d10419] [MEMORY][commonData:start] 10485760

[1 occurrence(s)]
INFO --> [REQ_ID=4b56a6d10419] [PERF] Execution time=0.595045

[1 occurrence(s)]
INFO --> [REQ_ID=4fcb1ec6466c] [PERF] Execution time=0.635225

[1 occurrence(s)]
INFO --> [REQ_ID=5219335925c7] [PERF] Execution time=0.045630

[1 occurrence(s)]
INFO --> [REQ_ID=210e5df52f06] [PERF] Execution time=0.041320

[1 occurrence(s)]
INFO --> [REQ_ID=1169e57947b7] [MEMORY][controller-start] 6291456

[1 occurrence(s)]
INFO --> [REQ_ID=1169e57947b7] [MEMORY][commonData:start] 6291456

[1 occurrence(s)]
INFO --> [REQ_ID=1169e57947b7] [MEMORY][commonData:start] 10485760

[1 occurrence(s)]
INFO --> [REQ_ID=1169e57947b7] [PERF] Execution time=0.596782

[1 occurrence(s)]
INFO --> [REQ_ID=5e9dddd54b54] [PERF] Execution time=0.638003

[1 occurrence(s)]
INFO --> [REQ_ID=0c12a92c9f38] [PERF] Execution time=0.017252

[1 occurrence(s)]
INFO --> [SPARK_START] App\Commands\AIOps\Run

[3 occurrence(s)]
INFO --> [SPARK_MEMORY] 18874368

[1 occurrence(s)]
INFO --> [spark:aiops:run] Intent

[1 occurrence(s)]
INFO --> [spark:ops:work] Started

[1 occurrence(s)]
INFO --> [SPARK_START] App\Commands\Ops\Work

[1 occurrence(s)]
INFO --> [spark:ops:work] Intent

[1 occurrence(s)]
INFO --> [spark:ops:work] Completed

[1 occurrence(s)]
INFO --> [SPARK_COMPLETE] App\Commands\Ops\Work duration=0.070028

[1 occurrence(s)]
INFO --> [SPARK_MEMORY] 20971520

[1 occurrence(s)]
INFO --> [REQ_ID=e8557c4b302b] [PERF] Execution time=0.107233

[1 occurrence(s)]
INFO --> [AIOPS][SPARK][GOVERNANCE][spark:logs:summarize] Started

[1 occurrence(s)]
INFO --> [SPARK_START] App\Commands\Logs\Summarize

[1 occurrence(s)]
INFO --> [spark:logs:summarize] Intent


---------------------------
LEVEL: WARNING
---------------------------

[84 occurrence(s)]
WARNING --> [404] URI=https://www.mymiwallet.com/index.php/

[84 occurrence(s)]
WARNING --> 404 route miss: https://www.mymiwallet.com/index.php/ | referrer: http://67.205.42.220

[5 occurrence(s)]
WARNING --> MyMIWallets initialized without numeric user context.

[1 occurrence(s)]
WARNING --> [404] URI=https://www.mymiwallet.com/index.php/How-It-Works/MyMI-Wallets

[1 occurrence(s)]
WARNING --> 404 route miss: https://www.mymiwallet.com/index.php/How-It-Works/MyMI-Wallets | referrer: none


---------------------------
LEVEL: ERROR
---------------------------

[1 occurrence(s)]
ERROR --> HowItWorksController failure: mymi-wallets

[1 occurrence(s)]
ERROR --> [ERROR_PAGE] event=error_404 status=404 message=Page not found.


---------------------------
LEVEL: CRITICAL
---------------------------

[85 occurrence(s)]
CRITICAL --> CodeIgniter\Exceptions\PageNotFoundException: Page Not Found

[85 occurrence(s)]
CRITICAL --> [EXCEPTION] Page Not Found File=/home/mymiteam/mymiwallet/site/current/vendor/codeigniter4/framework/system/CodeIgniter.php Line=1001

[1 occurrence(s)]
CRITICAL --> ErrorException: Access level to App\Modules\User\Controllers\KnowledgebaseController::respondWithRendered() must be protected (as in class App\Controllers\BaseController) or weaker

[1 occurrence(s)]
CRITICAL --> [EXCEPTION] Access level to App\Modules\User\Controllers\KnowledgebaseController::respondWithRendered() must be protected (as in class App\Controllers\BaseController) or weaker File=/home/mymiteam/mymiwallet/site/current/app/Modules/User/Controllers/KnowledgebaseController.php Line=535


===============================================
   HERE'S THE NEW STUFF
   (No previous timestamp recorded – nothing treated as new)
===============================================

---- CONFIG LINT ----
✅ Services::cache
✅ Services::responsecache
✅ Services::session
✅ Services::email
✅ Services::logger
✅ Services::validation
✅ Services::renderer
