===============================================
   MyMI Wallet — Log Summary for 2026-04-06
   Auto-generated by logs:summarize command
   Grouped by (LEVEL + message)
===============================================

Last processed up to: <none> (first run for this date)

---------------------------
LEVEL: DEBUG
---------------------------

[1 occurrence(s)]
DEBUG --> [REQ_ID=ee0e0a53012b] [REQUEST][START] GET /index.php/API/Management/Run-CRON-Tasks

[102 occurrence(s)]
DEBUG --> Session: Class initialized using 'CodeIgniter\Session\Handlers\FileHandler' driver.

[1 occurrence(s)]
DEBUG --> [REQ_ID=ee0e0a53012b] [FILTER_BEFORE] /index.php/API/Management/Run-CRON-Tasks

[1 occurrence(s)]
DEBUG --> [REQ_ID=ee0e0a53012b] [ROUTE] Controller=\App\Modules\APIs\Controllers\ManagementAPIController Method=Run_CRON_Tasks

[1 occurrence(s)]
DEBUG --> [REQ_ID=ee0e0a53012b] [LIFECYCLE][START] GET https://www.mymiwallet.com/index.php/API/Management/Run-CRON-Tasks

[1 occurrence(s)]
DEBUG --> [REQ_ID=ee0e0a53012b] [REQUEST][END]

[1 occurrence(s)]
DEBUG --> [REQ_ID=eac172850708] [REQUEST][START] GET /index.php/API/Alerts/fetchEmailAlerts

[1 occurrence(s)]
DEBUG --> [REQ_ID=eac172850708] [FILTER_BEFORE] /index.php/API/Alerts/fetchEmailAlerts

[1 occurrence(s)]
DEBUG --> [REQ_ID=eac172850708] [ROUTE] Controller=\App\Modules\APIs\Controllers\AlertsAPIController Method=fetchEmailAlerts

[1 occurrence(s)]
DEBUG --> [REQ_ID=eac172850708] [LIFECYCLE][START] GET https://www.mymiwallet.com/index.php/API/Alerts/fetchEmailAlerts

[1 occurrence(s)]
DEBUG --> [REQ_ID=eac172850708] [REQUEST][END]

[1 occurrence(s)]
DEBUG --> [REQ_ID=8c9716aba53a] [REQUEST][START] GET /

[1 occurrence(s)]
DEBUG --> [REQ_ID=8c9716aba53a] [FILTER_BEFORE] /

[1 occurrence(s)]
DEBUG --> [REQ_ID=8c9716aba53a] [ROUTE] Controller=\App\Controllers\Home Method=index

[1 occurrence(s)]
DEBUG --> [REQ_ID=8c9716aba53a] [LIFECYCLE][START] GET https://www.mymiwallet.com/index.php/

[1 occurrence(s)]
DEBUG --> [CSRF] token name=csrf_test_name hash=82889f7b643a3e27b8dbfbfef3eef57a

[1 occurrence(s)]
DEBUG --> [REQ_ID=2d4229863349] [INIT] App\Controllers\Home::GET

[59 occurrence(s)]
DEBUG --> [TRACE]

[37 occurrence(s)]
DEBUG --> MyMIUser L52 - initialized (first log).

[10 occurrence(s)]
DEBUG --> [MetaService] slug= pageName= cacheHit= path=FALLBACK

[1 occurrence(s)]
DEBUG --> [REQ_ID=2d4229863349] [VIEW_RENDER] themes/public/home

[5 occurrence(s)]
DEBUG --> [MetaService] slug= pageName=Home cacheHit= path=DB

[1 occurrence(s)]
DEBUG --> [REQ_ID=8c9716aba53a] [FILTER_AFTER]

[1 occurrence(s)]
DEBUG --> [REQ_ID=8c9716aba53a] [LIFECYCLE][END] status=200 duration_ms=674.03 memory_delta=6291456

[1 occurrence(s)]
DEBUG --> [REQ_ID=8c9716aba53a] [REQUEST][END]

[1 occurrence(s)]
DEBUG --> [REQ_ID=1d179baca4c8] [REQUEST][START] GET /index.php/Knowledgebase/MyMI-Partnerships

[1 occurrence(s)]
DEBUG --> [REQ_ID=1d179baca4c8] [FILTER_BEFORE] /index.php/Knowledgebase/MyMI-Partnerships

[1 occurrence(s)]
DEBUG --> [REQ_ID=1d179baca4c8] [ROUTE] Controller=\App\Modules\User\Controllers\KnowledgebaseController Method=partnerships

[1 occurrence(s)]
DEBUG --> [REQ_ID=1d179baca4c8] [LIFECYCLE][START] GET https://www.mymiwallet.com/index.php/Knowledgebase/MyMI-Partnerships

[1 occurrence(s)]
DEBUG --> [CSRF] token name=csrf_test_name hash=28d8e4e9ec77015dbda68fb15df88c76

[1 occurrence(s)]
DEBUG --> [REQ_ID=1d179baca4c8] [REQUEST][END]

[1 occurrence(s)]
DEBUG --> [REQ_ID=ee1064ba6747] [REQUEST][START] GET /index.php/login

[1 occurrence(s)]
DEBUG --> [REQ_ID=ee1064ba6747] [FILTER_BEFORE] /index.php/login

[1 occurrence(s)]
DEBUG --> [REQ_ID=ee1064ba6747] [ROUTE] Controller=\App\Controllers\AuthController Method=login

[1 occurrence(s)]
DEBUG --> [REQ_ID=ee1064ba6747] [LIFECYCLE][START] GET https://www.mymiwallet.com/index.php/login

[1 occurrence(s)]
DEBUG --> [CSRF] token name=csrf_test_name hash=66a2452958aabcb17f79ebe9b21d6288

[1 occurrence(s)]
DEBUG --> [REQ_ID=8fa6100666ef] [INIT] App\Controllers\AuthController::GET

[1 occurrence(s)]
DEBUG --> [REQ_ID=ee1064ba6747] [FILTER_AFTER]

[1 occurrence(s)]
DEBUG --> [REQ_ID=ee1064ba6747] [LIFECYCLE][END] status=200 duration_ms=65.19 memory_delta=0

[1 occurrence(s)]
DEBUG --> [REQ_ID=ee1064ba6747] [REQUEST][END]

[1 occurrence(s)]
DEBUG --> [REQ_ID=3bdd239fe29d] [REQUEST][START] GET /index.php/Management/Exchange

[1 occurrence(s)]
DEBUG --> [REQ_ID=3bdd239fe29d] [FILTER_BEFORE] /index.php/Management/Exchange

[1 occurrence(s)]
DEBUG --> [REQ_ID=3bdd239fe29d] [ROUTE] Controller=\App\Modules\Management\Controllers\ExchangeAdminController Method=index

[1 occurrence(s)]
DEBUG --> [REQ_ID=3bdd239fe29d] [LIFECYCLE][START] GET https://www.mymiwallet.com/index.php/Management/Exchange

[1 occurrence(s)]
DEBUG --> [CSRF] token name=csrf_test_name hash=6b31642c9791873d991e8453e1447e4e

[1 occurrence(s)]
DEBUG --> [REQ_ID=3bdd239fe29d] [REQUEST][END]

[1 occurrence(s)]
DEBUG --> [REQ_ID=3bc6ac3b92a4] [REQUEST][START] GET /index.php/login

[1 occurrence(s)]
DEBUG --> [REQ_ID=3bc6ac3b92a4] [FILTER_BEFORE] /index.php/login

[1 occurrence(s)]
DEBUG --> [REQ_ID=3bc6ac3b92a4] [ROUTE] Controller=\App\Controllers\AuthController Method=login

[1 occurrence(s)]
DEBUG --> [REQ_ID=3bc6ac3b92a4] [LIFECYCLE][START] GET https://www.mymiwallet.com/index.php/login

[1 occurrence(s)]
DEBUG --> [CSRF] token name=csrf_test_name hash=a0d4a79336c95e8148a71404e6b0109b

[1 occurrence(s)]
DEBUG --> [REQ_ID=2fd93bc76071] [INIT] App\Controllers\AuthController::GET

[1 occurrence(s)]
DEBUG --> [REQ_ID=3bc6ac3b92a4] [FILTER_AFTER]

[1 occurrence(s)]
DEBUG --> [REQ_ID=3bc6ac3b92a4] [LIFECYCLE][END] status=200 duration_ms=59.92 memory_delta=0

[1 occurrence(s)]
DEBUG --> [REQ_ID=3bc6ac3b92a4] [REQUEST][END]

[1 occurrence(s)]
DEBUG --> [REQ_ID=194a7df37ca6] [REQUEST][START] GET /

[1 occurrence(s)]
DEBUG --> [REQ_ID=194a7df37ca6] [REQUEST][END]

[1 occurrence(s)]
DEBUG --> [REQ_ID=e68af7d29ea7] [REQUEST][START] GET /index.php/API/Management/Run-CRON-Tasks

[1 occurrence(s)]
DEBUG --> [REQ_ID=e68af7d29ea7] [FILTER_BEFORE] /index.php/API/Management/Run-CRON-Tasks

[1 occurrence(s)]
DEBUG --> [REQ_ID=e68af7d29ea7] [ROUTE] Controller=\App\Modules\APIs\Controllers\ManagementAPIController Method=Run_CRON_Tasks

[1 occurrence(s)]
DEBUG --> [REQ_ID=e68af7d29ea7] [LIFECYCLE][START] GET https://www.mymiwallet.com/index.php/API/Management/Run-CRON-Tasks

[1 occurrence(s)]
DEBUG --> [REQ_ID=e68af7d29ea7] [REQUEST][END]

[1 occurrence(s)]
DEBUG --> [REQ_ID=94fb105eab9f] [REQUEST][START] GET /

[1 occurrence(s)]
DEBUG --> [REQ_ID=94fb105eab9f] [REQUEST][END]

[1 occurrence(s)]
DEBUG --> [REQ_ID=525fb82a77ef] [REQUEST][START] GET /

[1 occurrence(s)]
DEBUG --> [REQ_ID=525fb82a77ef] [FILTER_BEFORE] /

[1 occurrence(s)]
DEBUG --> [REQ_ID=525fb82a77ef] [ROUTE] Controller=\App\Controllers\Home Method=index

[1 occurrence(s)]
DEBUG --> [REQ_ID=525fb82a77ef] [LIFECYCLE][START] GET https://www.mymiwallet.com/index.php/

[1 occurrence(s)]
DEBUG --> [CSRF] token name=csrf_test_name hash=905935b923ccc3443009280a7b838a4e

[1 occurrence(s)]
DEBUG --> [REQ_ID=fbe8bf92b360] [INIT] App\Controllers\Home::GET

[1 occurrence(s)]
DEBUG --> [REQ_ID=fbe8bf92b360] [VIEW_RENDER] themes/public/home

[16 occurrence(s)]
DEBUG --> [MetaService] slug= pageName=Home cacheHit=1 path=CACHE

[1 occurrence(s)]
DEBUG --> [REQ_ID=525fb82a77ef] [FILTER_AFTER]

[1 occurrence(s)]
DEBUG --> [REQ_ID=525fb82a77ef] [LIFECYCLE][END] status=200 duration_ms=933.58 memory_delta=6291456

[1 occurrence(s)]
DEBUG --> [REQ_ID=525fb82a77ef] [REQUEST][END]

[1 occurrence(s)]
DEBUG --> [REQ_ID=42ba4378abcd] [REQUEST][START] GET /index.php/API/Alerts/fetchEmailAlerts

[1 occurrence(s)]
DEBUG --> [REQ_ID=42ba4378abcd] [FILTER_BEFORE] /index.php/API/Alerts/fetchEmailAlerts

[1 occurrence(s)]
DEBUG --> [REQ_ID=42ba4378abcd] [ROUTE] Controller=\App\Modules\APIs\Controllers\AlertsAPIController Method=fetchEmailAlerts

[1 occurrence(s)]
DEBUG --> [REQ_ID=42ba4378abcd] [LIFECYCLE][START] GET https://www.mymiwallet.com/index.php/API/Alerts/fetchEmailAlerts

[1 occurrence(s)]
DEBUG --> [REQ_ID=42ba4378abcd] [REQUEST][END]

[1 occurrence(s)]
DEBUG --> [REQ_ID=a03abee4cfad] [REQUEST][START] GET /

[1 occurrence(s)]
DEBUG --> [REQ_ID=a03abee4cfad] [FILTER_BEFORE] /

[1 occurrence(s)]
DEBUG --> [REQ_ID=a03abee4cfad] [ROUTE] Controller=\App\Controllers\Home Method=index

[1 occurrence(s)]
DEBUG --> [REQ_ID=a03abee4cfad] [LIFECYCLE][START] GET https://www.mymiwallet.com/index.php/

[1 occurrence(s)]
DEBUG --> [CSRF] token name=csrf_test_name hash=a7e247e844ed61cd6d6a7abcce44553c

[1 occurrence(s)]
DEBUG --> [REQ_ID=6aed0a170087] [INIT] App\Controllers\Home::GET

[11 occurrence(s)]
DEBUG --> [MetaService] slug= pageName= cacheHit=1 path=CACHE

[1 occurrence(s)]
DEBUG --> [REQ_ID=6aed0a170087] [VIEW_RENDER] themes/public/home

[1 occurrence(s)]
DEBUG --> [REQ_ID=a03abee4cfad] [FILTER_AFTER]

[1 occurrence(s)]
DEBUG --> [REQ_ID=a03abee4cfad] [LIFECYCLE][END] status=200 duration_ms=745.92 memory_delta=6291456

[1 occurrence(s)]
DEBUG --> [REQ_ID=a03abee4cfad] [REQUEST][END]

[1 occurrence(s)]
DEBUG --> [REQ_ID=ac923f225eea] [REQUEST][START] GET /index.php/How-It-Works/MyMI-Wallets

[1 occurrence(s)]
DEBUG --> [REQ_ID=ac923f225eea] [REQUEST][END]

[1 occurrence(s)]
DEBUG --> [REQ_ID=3ca838d47efa] [REQUEST][START] GET /index.php/Knowledge-Base/Getting-Started

[1 occurrence(s)]
DEBUG --> [REQ_ID=3ca838d47efa] [REQUEST][END]

[1 occurrence(s)]
DEBUG --> [REQ_ID=5772b492d974] [REQUEST][START] GET /index.php/Knowledge-Base/Technical-Support

[1 occurrence(s)]
DEBUG --> [REQ_ID=5772b492d974] [REQUEST][END]

[1 occurrence(s)]
DEBUG --> [REQ_ID=de1400f6ebcf] [REQUEST][START] GET /

[1 occurrence(s)]
DEBUG --> [REQ_ID=de1400f6ebcf] [FILTER_BEFORE] /

[1 occurrence(s)]
DEBUG --> [REQ_ID=de1400f6ebcf] [ROUTE] Controller=\App\Controllers\Home Method=index

[1 occurrence(s)]
DEBUG --> [REQ_ID=de1400f6ebcf] [LIFECYCLE][START] GET https://www.mymiwallet.com/index.php/

[38 occurrence(s)]
DEBUG --> [CSRF] token name=csrf_test_name hash=b495b8805b7580b069523e58ad684635

[1 occurrence(s)]
DEBUG --> [REQ_ID=cb6be0aeeef6] [INIT] App\Controllers\Home::GET

[1 occurrence(s)]
DEBUG --> [REQ_ID=cb6be0aeeef6] [VIEW_RENDER] themes/public/home

[1 occurrence(s)]
DEBUG --> [REQ_ID=de1400f6ebcf] [FILTER_AFTER]

[1 occurrence(s)]
DEBUG --> [REQ_ID=de1400f6ebcf] [LIFECYCLE][END] status=200 duration_ms=865.51 memory_delta=6291456

[1 occurrence(s)]
DEBUG --> [REQ_ID=de1400f6ebcf] [REQUEST][END]

[1 occurrence(s)]
DEBUG --> [REQ_ID=17d456c15384] [REQUEST][START] POST /index.php/

[1 occurrence(s)]
DEBUG --> [REQ_ID=17d456c15384] [REQUEST][END]

[1 occurrence(s)]
DEBUG --> [REQ_ID=c833bcbdb8cd] [REQUEST][START] GET /index.php/Free/register

[1 occurrence(s)]
DEBUG --> [REQ_ID=c833bcbdb8cd] [FILTER_BEFORE] /index.php/Free/register

[1 occurrence(s)]
DEBUG --> [REQ_ID=c833bcbdb8cd] [ROUTE] Controller=\App\Controllers\AuthController Method=register

[1 occurrence(s)]
DEBUG --> [REQ_ID=c833bcbdb8cd] [LIFECYCLE][START] GET https://www.mymiwallet.com/index.php/Free/register

[1 occurrence(s)]
DEBUG --> [REQ_ID=a72a9dd849a7] [INIT] App\Controllers\AuthController::GET

[1 occurrence(s)]
DEBUG --> [REQ_ID=d0963359f2bc] [REQUEST][START] GET /index.php/How-It-Works/Registering-An-Account

[1 occurrence(s)]
DEBUG --> [REQ_ID=d0963359f2bc] [FILTER_BEFORE] /index.php/How-It-Works/Registering-An-Account

[1 occurrence(s)]
DEBUG --> [REQ_ID=d0963359f2bc] [ROUTE] Controller=\App\Modules\Blog\Controllers\HowItWorksController Method=show

[1 occurrence(s)]
DEBUG --> [REQ_ID=d0963359f2bc] [LIFECYCLE][START] GET https://www.mymiwallet.com/index.php/How-It-Works/Registering-An-Account

[1 occurrence(s)]
DEBUG --> [REQ_ID=3f9012241342] [INIT] App\Modules\Blog\Controllers\HowItWorksController::GET

[1 occurrence(s)]
DEBUG --> [REQ_ID=3f9012241342] [METHOD_ENTRY] show

[16 occurrence(s)]
DEBUG --> [SERVICE] App\Services\BudgetService ::setUserId

[16 occurrence(s)]
DEBUG --> MyMICoin initialized ONCE

[16 occurrence(s)]
DEBUG --> MyMICoin: guest context detected; skipping user-specific preload.

[16 occurrence(s)]
DEBUG --> MyMIWallets initialized without numeric user context.

[16 occurrence(s)]
DEBUG --> MyMIWallets skipped (no user context)

[1 occurrence(s)]
DEBUG --> [HOW_IT_WORKS] slug=registering-an-account

[1 occurrence(s)]
DEBUG --> [REQ_ID=d0963359f2bc] [FILTER_AFTER]

[1 occurrence(s)]
DEBUG --> [REQ_ID=d0963359f2bc] [LIFECYCLE][END] status=200 duration_ms=522.24 memory_delta=4194304

[1 occurrence(s)]
DEBUG --> [REQ_ID=d0963359f2bc] [REQUEST][END]

[1 occurrence(s)]
DEBUG --> [REQ_ID=2b6ff826cb9c] [REQUEST][START] GET /index.php/login

[1 occurrence(s)]
DEBUG --> [REQ_ID=2b6ff826cb9c] [FILTER_BEFORE] /index.php/login

[1 occurrence(s)]
DEBUG --> [REQ_ID=2b6ff826cb9c] [ROUTE] Controller=\App\Controllers\AuthController Method=login

[1 occurrence(s)]
DEBUG --> [REQ_ID=2b6ff826cb9c] [LIFECYCLE][START] GET https://www.mymiwallet.com/index.php/login

[1 occurrence(s)]
DEBUG --> [REQ_ID=ca1e15d89cb0] [INIT] App\Controllers\AuthController::GET

[1 occurrence(s)]
DEBUG --> [REQ_ID=2b6ff826cb9c] [FILTER_AFTER]

[1 occurrence(s)]
DEBUG --> [REQ_ID=2b6ff826cb9c] [LIFECYCLE][END] status=200 duration_ms=20.10 memory_delta=0

[1 occurrence(s)]
DEBUG --> [REQ_ID=2b6ff826cb9c] [REQUEST][END]

[1 occurrence(s)]
DEBUG --> [REQ_ID=de35502b2217] [REQUEST][START] POST /index.php/login

[1 occurrence(s)]
DEBUG --> [REQ_ID=de35502b2217] [FILTER_BEFORE] /index.php/login

[1 occurrence(s)]
DEBUG --> [REQ_ID=de35502b2217] [ROUTE] Controller=\App\Controllers\AuthController Method=attemptLogin

[1 occurrence(s)]
DEBUG --> [REQ_ID=de35502b2217] [LIFECYCLE][START] POST https://www.mymiwallet.com/index.php/login

[1 occurrence(s)]
DEBUG --> [REQ_ID=fca9e44018c0] [INIT] App\Controllers\AuthController::POST

[1 occurrence(s)]
DEBUG --> Auth attemptLogin() called with login identifier: beno.r.uy.i.r.18.0@gmail.com, remember: true

[1 occurrence(s)]
DEBUG --> Auth attemptLogin() called. redirect_url in session: https://www.mymiwallet.com/index.php/How-It-Works/Registering-An-Account

[1 occurrence(s)]
DEBUG --> Auth credentials normalised for attempt using key "email"

[1 occurrence(s)]
DEBUG --> Auth attempt failed for identifier beno.r.uy.i.r.18.0@gmail.com. Error: Unable to log you in. Please check your credentials.

[1 occurrence(s)]
DEBUG --> [REQ_ID=de35502b2217] [FILTER_AFTER]

[1 occurrence(s)]
DEBUG --> [REQ_ID=de35502b2217] [LIFECYCLE][END] status=303 duration_ms=144.79 memory_delta=0

[1 occurrence(s)]
DEBUG --> [REQ_ID=de35502b2217] [REQUEST][END]

[1 occurrence(s)]
DEBUG --> [REQ_ID=a1b545ac9d81] [REQUEST][START] GET /index.php/login

[1 occurrence(s)]
DEBUG --> [REQ_ID=a1b545ac9d81] [FILTER_BEFORE] /index.php/login

[1 occurrence(s)]
DEBUG --> [REQ_ID=a1b545ac9d81] [ROUTE] Controller=\App\Controllers\AuthController Method=login

[1 occurrence(s)]
DEBUG --> [REQ_ID=a1b545ac9d81] [LIFECYCLE][START] GET https://www.mymiwallet.com/index.php/login

[1 occurrence(s)]
DEBUG --> [REQ_ID=ba1738c3ed0f] [INIT] App\Controllers\AuthController::GET

[1 occurrence(s)]
DEBUG --> [REQ_ID=a1b545ac9d81] [FILTER_AFTER]

[1 occurrence(s)]
DEBUG --> [REQ_ID=a1b545ac9d81] [LIFECYCLE][END] status=200 duration_ms=14.51 memory_delta=0

[1 occurrence(s)]
DEBUG --> [REQ_ID=a1b545ac9d81] [REQUEST][END]

[1 occurrence(s)]
DEBUG --> [REQ_ID=310b721894b3] [REQUEST][START] GET /index.php/How-It-Works/Investor-Profile

[1 occurrence(s)]
DEBUG --> [REQ_ID=310b721894b3] [FILTER_BEFORE] /index.php/How-It-Works/Investor-Profile

[1 occurrence(s)]
DEBUG --> [REQ_ID=310b721894b3] [ROUTE] Controller=\App\Modules\Blog\Controllers\HowItWorksController Method=show

[1 occurrence(s)]
DEBUG --> [REQ_ID=310b721894b3] [LIFECYCLE][START] GET https://www.mymiwallet.com/index.php/How-It-Works/Investor-Profile

[1 occurrence(s)]
DEBUG --> [REQ_ID=3867d3c9e217] [INIT] App\Modules\Blog\Controllers\HowItWorksController::GET

[1 occurrence(s)]
DEBUG --> [REQ_ID=3867d3c9e217] [METHOD_ENTRY] show

[1 occurrence(s)]
DEBUG --> [HOW_IT_WORKS] slug=investor-profile

[1 occurrence(s)]
DEBUG --> [MetaService] slug=how-it-works/investor-profile pageName= cacheHit= path=DB

[1 occurrence(s)]
DEBUG --> [REQ_ID=310b721894b3] [FILTER_AFTER]

[1 occurrence(s)]
DEBUG --> [REQ_ID=310b721894b3] [LIFECYCLE][END] status=200 duration_ms=486.31 memory_delta=4194304

[1 occurrence(s)]
DEBUG --> [REQ_ID=310b721894b3] [REQUEST][END]

[1 occurrence(s)]
DEBUG --> [REQ_ID=2b4b66a2637e] [REQUEST][START] GET /index.php/register

[1 occurrence(s)]
DEBUG --> [REQ_ID=2b4b66a2637e] [FILTER_BEFORE] /index.php/register

[1 occurrence(s)]
DEBUG --> [REQ_ID=2b4b66a2637e] [ROUTE] Controller=\App\Controllers\AuthController Method=register

[1 occurrence(s)]
DEBUG --> [REQ_ID=2b4b66a2637e] [LIFECYCLE][START] GET https://www.mymiwallet.com/index.php/register

[1 occurrence(s)]
DEBUG --> [REQ_ID=decb15a036fe] [INIT] App\Controllers\AuthController::GET

[1 occurrence(s)]
DEBUG --> [REQ_ID=004132cfd048] [REQUEST][START] GET /index.php/forgot

[1 occurrence(s)]
DEBUG --> [REQ_ID=004132cfd048] [FILTER_BEFORE] /index.php/forgot

[1 occurrence(s)]
DEBUG --> [REQ_ID=004132cfd048] [ROUTE] Controller=\Myth\Auth\Controllers\AuthController Method=forgotPassword

[1 occurrence(s)]
DEBUG --> [REQ_ID=004132cfd048] [LIFECYCLE][START] GET https://www.mymiwallet.com/index.php/forgot

[1 occurrence(s)]
DEBUG --> [REQ_ID=004132cfd048] [FILTER_AFTER]

[1 occurrence(s)]
DEBUG --> [REQ_ID=004132cfd048] [LIFECYCLE][END] status=200 duration_ms=3.18 memory_delta=0

[1 occurrence(s)]
DEBUG --> [REQ_ID=004132cfd048] [REQUEST][END]

[1 occurrence(s)]
DEBUG --> [REQ_ID=96f10fafded3] [REQUEST][START] POST /index.php/forgot

[1 occurrence(s)]
DEBUG --> [REQ_ID=96f10fafded3] [FILTER_BEFORE] /index.php/forgot

[1 occurrence(s)]
DEBUG --> [REQ_ID=96f10fafded3] [ROUTE] Controller=\App\Controllers\AuthController Method=attemptForgot

[1 occurrence(s)]
DEBUG --> [REQ_ID=96f10fafded3] [LIFECYCLE][START] POST https://www.mymiwallet.com/index.php/forgot

[1 occurrence(s)]
DEBUG --> [REQ_ID=ad250d23d5c7] [INIT] App\Controllers\AuthController::POST

[1 occurrence(s)]
DEBUG --> [REQ_ID=96f10fafded3] [FILTER_AFTER]

[1 occurrence(s)]
DEBUG --> [REQ_ID=96f10fafded3] [LIFECYCLE][END] status=303 duration_ms=162.46 memory_delta=0

[1 occurrence(s)]
DEBUG --> [REQ_ID=96f10fafded3] [REQUEST][END]

[1 occurrence(s)]
DEBUG --> [REQ_ID=81788c9eb462] [REQUEST][START] GET /index.php/forgot

[1 occurrence(s)]
DEBUG --> [REQ_ID=81788c9eb462] [FILTER_BEFORE] /index.php/forgot

[1 occurrence(s)]
DEBUG --> [REQ_ID=81788c9eb462] [ROUTE] Controller=\Myth\Auth\Controllers\AuthController Method=forgotPassword

[1 occurrence(s)]
DEBUG --> [REQ_ID=81788c9eb462] [LIFECYCLE][START] GET https://www.mymiwallet.com/index.php/forgot

[1 occurrence(s)]
DEBUG --> [REQ_ID=81788c9eb462] [FILTER_AFTER]

[1 occurrence(s)]
DEBUG --> [REQ_ID=81788c9eb462] [LIFECYCLE][END] status=200 duration_ms=2.64 memory_delta=0

[1 occurrence(s)]
DEBUG --> [REQ_ID=81788c9eb462] [REQUEST][END]

[1 occurrence(s)]
DEBUG --> [REQ_ID=93477478d018] [REQUEST][START] GET /index.php/Support/Account

[1 occurrence(s)]
DEBUG --> [REQ_ID=93477478d018] [FILTER_BEFORE] /index.php/Support/Account

[1 occurrence(s)]
DEBUG --> [REQ_ID=93477478d018] [ROUTE] Controller=\App\Modules\Support\Controllers\AccountSupportController Method=index

[1 occurrence(s)]
DEBUG --> [REQ_ID=93477478d018] [LIFECYCLE][START] GET https://www.mymiwallet.com/index.php/Support/Account

[1 occurrence(s)]
DEBUG --> [REQ_ID=4cb5b18479ff] [INIT] App\Modules\Support\Controllers\AccountSupportController::GET

[1 occurrence(s)]
DEBUG --> [REQ_ID=4cb5b18479ff] [METHOD_ENTRY] index

[1 occurrence(s)]
DEBUG --> [REQ_ID=4cb5b18479ff] [VIEW_RENDER] SupportModule/Support/account_help

[1 occurrence(s)]
DEBUG --> [REQ_ID=93477478d018] [FILTER_AFTER]

[1 occurrence(s)]
DEBUG --> [REQ_ID=93477478d018] [LIFECYCLE][END] status=200 duration_ms=102.08 memory_delta=0

[1 occurrence(s)]
DEBUG --> [REQ_ID=93477478d018] [REQUEST][END]

[1 occurrence(s)]
DEBUG --> [REQ_ID=3c146471e00a] [REQUEST][START] GET /index.php/logout

[1 occurrence(s)]
DEBUG --> [REQ_ID=3c146471e00a] [FILTER_BEFORE] /index.php/logout

[1 occurrence(s)]
DEBUG --> [REQ_ID=3c146471e00a] [ROUTE] Controller=\App\Controllers\AuthController Method=logout

[1 occurrence(s)]
DEBUG --> [REQ_ID=3c146471e00a] [LIFECYCLE][START] GET https://www.mymiwallet.com/index.php/logout

[1 occurrence(s)]
DEBUG --> [REQ_ID=3c146471e00a] [REQUEST][END]

[1 occurrence(s)]
DEBUG --> [REQ_ID=24a64cbe5a1b] [REQUEST][START] GET /index.php/login

[1 occurrence(s)]
DEBUG --> [REQ_ID=24a64cbe5a1b] [FILTER_BEFORE] /index.php/login

[1 occurrence(s)]
DEBUG --> [REQ_ID=24a64cbe5a1b] [ROUTE] Controller=\App\Controllers\AuthController Method=login

[1 occurrence(s)]
DEBUG --> [REQ_ID=24a64cbe5a1b] [LIFECYCLE][START] GET https://www.mymiwallet.com/index.php/login

[1 occurrence(s)]
DEBUG --> [REQ_ID=9e666ca40896] [INIT] App\Controllers\AuthController::GET

[1 occurrence(s)]
DEBUG --> [REQ_ID=24a64cbe5a1b] [FILTER_AFTER]

[1 occurrence(s)]
DEBUG --> [REQ_ID=24a64cbe5a1b] [LIFECYCLE][END] status=200 duration_ms=17.27 memory_delta=0

[1 occurrence(s)]
DEBUG --> [REQ_ID=24a64cbe5a1b] [REQUEST][END]

[1 occurrence(s)]
DEBUG --> [REQ_ID=0308205e9b09] [REQUEST][START] GET /index.php/Account/Social-Media

[1 occurrence(s)]
DEBUG --> [REQ_ID=0308205e9b09] [FILTER_BEFORE] /index.php/Account/Social-Media

[1 occurrence(s)]
DEBUG --> [REQ_ID=0308205e9b09] [ROUTE] Controller=\App\Modules\User\Controllers\DashboardController Method=SocialMedia

[1 occurrence(s)]
DEBUG --> [REQ_ID=0308205e9b09] [LIFECYCLE][START] GET https://www.mymiwallet.com/index.php/Account/Social-Media

[1 occurrence(s)]
DEBUG --> [REQ_ID=0308205e9b09] [REQUEST][END]

[1 occurrence(s)]
DEBUG --> [REQ_ID=e78fcef8b0e0] [REQUEST][START] GET /index.php/login

[1 occurrence(s)]
DEBUG --> [REQ_ID=e78fcef8b0e0] [FILTER_BEFORE] /index.php/login

[1 occurrence(s)]
DEBUG --> [REQ_ID=e78fcef8b0e0] [ROUTE] Controller=\App\Controllers\AuthController Method=login

[1 occurrence(s)]
DEBUG --> [REQ_ID=e78fcef8b0e0] [LIFECYCLE][START] GET https://www.mymiwallet.com/index.php/login

[1 occurrence(s)]
DEBUG --> [REQ_ID=25d4e265d91d] [INIT] App\Controllers\AuthController::GET

[1 occurrence(s)]
DEBUG --> [REQ_ID=e78fcef8b0e0] [FILTER_AFTER]

[1 occurrence(s)]
DEBUG --> [REQ_ID=e78fcef8b0e0] [LIFECYCLE][END] status=200 duration_ms=15.46 memory_delta=0

[1 occurrence(s)]
DEBUG --> [REQ_ID=e78fcef8b0e0] [REQUEST][END]

[1 occurrence(s)]
DEBUG --> [REQ_ID=32b86ff73ca3] [REQUEST][START] GET /index.php/Account/Notifications

[1 occurrence(s)]
DEBUG --> [REQ_ID=32b86ff73ca3] [FILTER_BEFORE] /index.php/Account/Notifications

[1 occurrence(s)]
DEBUG --> [REQ_ID=32b86ff73ca3] [ROUTE] Controller=\App\Modules\User\Controllers\DashboardController Method=notifications

[1 occurrence(s)]
DEBUG --> [REQ_ID=32b86ff73ca3] [LIFECYCLE][START] GET https://www.mymiwallet.com/index.php/Account/Notifications

[1 occurrence(s)]
DEBUG --> [REQ_ID=32b86ff73ca3] [REQUEST][END]

[1 occurrence(s)]
DEBUG --> [REQ_ID=8676bc23a371] [REQUEST][START] GET /index.php/login

[1 occurrence(s)]
DEBUG --> [REQ_ID=8676bc23a371] [FILTER_BEFORE] /index.php/login

[1 occurrence(s)]
DEBUG --> [REQ_ID=8676bc23a371] [ROUTE] Controller=\App\Controllers\AuthController Method=login

[1 occurrence(s)]
DEBUG --> [REQ_ID=8676bc23a371] [LIFECYCLE][START] GET https://www.mymiwallet.com/index.php/login

[1 occurrence(s)]
DEBUG --> [REQ_ID=9744bc669bf6] [INIT] App\Controllers\AuthController::GET

[1 occurrence(s)]
DEBUG --> [REQ_ID=8676bc23a371] [FILTER_AFTER]

[1 occurrence(s)]
DEBUG --> [REQ_ID=8676bc23a371] [LIFECYCLE][END] status=200 duration_ms=100.61 memory_delta=0

[1 occurrence(s)]
DEBUG --> [REQ_ID=8676bc23a371] [REQUEST][END]

[1 occurrence(s)]
DEBUG --> [REQ_ID=6f22c1c58e05] [REQUEST][START] GET /index.php/Account/Billing

[1 occurrence(s)]
DEBUG --> [REQ_ID=6f22c1c58e05] [FILTER_BEFORE] /index.php/Account/Billing

[1 occurrence(s)]
DEBUG --> [REQ_ID=6f22c1c58e05] [ROUTE] Controller=\App\Modules\User\Controllers\DashboardController Method=billing

[1 occurrence(s)]
DEBUG --> [REQ_ID=6f22c1c58e05] [LIFECYCLE][START] GET https://www.mymiwallet.com/index.php/Account/Billing

[1 occurrence(s)]
DEBUG --> [REQ_ID=6f22c1c58e05] [REQUEST][END]

[1 occurrence(s)]
DEBUG --> [REQ_ID=e918f5501f81] [REQUEST][START] GET /index.php/login

[1 occurrence(s)]
DEBUG --> [REQ_ID=e918f5501f81] [FILTER_BEFORE] /index.php/login

[1 occurrence(s)]
DEBUG --> [REQ_ID=e918f5501f81] [ROUTE] Controller=\App\Controllers\AuthController Method=login

[1 occurrence(s)]
DEBUG --> [REQ_ID=e918f5501f81] [LIFECYCLE][START] GET https://www.mymiwallet.com/index.php/login

[1 occurrence(s)]
DEBUG --> [REQ_ID=1e9a22fa8f27] [INIT] App\Controllers\AuthController::GET

[1 occurrence(s)]
DEBUG --> [REQ_ID=e918f5501f81] [FILTER_AFTER]

[1 occurrence(s)]
DEBUG --> [REQ_ID=e918f5501f81] [LIFECYCLE][END] status=200 duration_ms=42.90 memory_delta=0

[1 occurrence(s)]
DEBUG --> [REQ_ID=e918f5501f81] [REQUEST][END]

[1 occurrence(s)]
DEBUG --> [REQ_ID=b99eae21644a] [REQUEST][START] GET /index.php/Profile/

[1 occurrence(s)]
DEBUG --> [REQ_ID=b99eae21644a] [FILTER_BEFORE] /index.php/Profile/

[1 occurrence(s)]
DEBUG --> [REQ_ID=b99eae21644a] [ROUTE] Controller=\App\Controllers\App\Modules\User\Controllers\DashboardController Method=profile

[1 occurrence(s)]
DEBUG --> [REQ_ID=b99eae21644a] [LIFECYCLE][START] GET https://www.mymiwallet.com/index.php/Profile/

[1 occurrence(s)]
DEBUG --> [REQ_ID=b99eae21644a] [REQUEST][END]

[1 occurrence(s)]
DEBUG --> [REQ_ID=5be4ca9b15ca] [REQUEST][START] GET /index.php/login

[1 occurrence(s)]
DEBUG --> [REQ_ID=5be4ca9b15ca] [FILTER_BEFORE] /index.php/login

[1 occurrence(s)]
DEBUG --> [REQ_ID=5be4ca9b15ca] [ROUTE] Controller=\App\Controllers\AuthController Method=login

[1 occurrence(s)]
DEBUG --> [REQ_ID=5be4ca9b15ca] [LIFECYCLE][START] GET https://www.mymiwallet.com/index.php/login

[1 occurrence(s)]
DEBUG --> [REQ_ID=9b96e5178a94] [INIT] App\Controllers\AuthController::GET

[1 occurrence(s)]
DEBUG --> [REQ_ID=5be4ca9b15ca] [FILTER_AFTER]

[1 occurrence(s)]
DEBUG --> [REQ_ID=5be4ca9b15ca] [LIFECYCLE][END] status=200 duration_ms=28.86 memory_delta=0

[1 occurrence(s)]
DEBUG --> [REQ_ID=5be4ca9b15ca] [REQUEST][END]

[1 occurrence(s)]
DEBUG --> [REQ_ID=72b00fe330af] [REQUEST][START] GET /index.php/Customer-Support

[1 occurrence(s)]
DEBUG --> [REQ_ID=72b00fe330af] [FILTER_BEFORE] /index.php/Customer-Support

[1 occurrence(s)]
DEBUG --> [REQ_ID=72b00fe330af] [ROUTE] Controller=\App\Controllers\App\Modules\Support\Controllers\SupportController Method=index

[1 occurrence(s)]
DEBUG --> [REQ_ID=72b00fe330af] [LIFECYCLE][START] GET https://www.mymiwallet.com/index.php/Customer-Support

[1 occurrence(s)]
DEBUG --> [REQ_ID=72b00fe330af] [REQUEST][END]

[1 occurrence(s)]
DEBUG --> [REQ_ID=5408ac89378a] [REQUEST][START] GET /index.php/login

[1 occurrence(s)]
DEBUG --> [REQ_ID=5408ac89378a] [FILTER_BEFORE] /index.php/login

[1 occurrence(s)]
DEBUG --> [REQ_ID=5408ac89378a] [ROUTE] Controller=\App\Controllers\AuthController Method=login

[1 occurrence(s)]
DEBUG --> [REQ_ID=5408ac89378a] [LIFECYCLE][START] GET https://www.mymiwallet.com/index.php/login

[1 occurrence(s)]
DEBUG --> [REQ_ID=d69d4a5d8cba] [INIT] App\Controllers\AuthController::GET

[1 occurrence(s)]
DEBUG --> [REQ_ID=5408ac89378a] [FILTER_AFTER]

[1 occurrence(s)]
DEBUG --> [REQ_ID=5408ac89378a] [LIFECYCLE][END] status=200 duration_ms=190.08 memory_delta=0

[1 occurrence(s)]
DEBUG --> [REQ_ID=5408ac89378a] [REQUEST][END]

[1 occurrence(s)]
DEBUG --> [REQ_ID=533f2c18ec29] [REQUEST][START] GET /index.php/Account

[1 occurrence(s)]
DEBUG --> [REQ_ID=533f2c18ec29] [FILTER_BEFORE] /index.php/Account

[1 occurrence(s)]
DEBUG --> [REQ_ID=533f2c18ec29] [ROUTE] Controller=\App\Modules\User\Controllers\DashboardController Method=account

[1 occurrence(s)]
DEBUG --> [REQ_ID=533f2c18ec29] [LIFECYCLE][START] GET https://www.mymiwallet.com/index.php/Account

[1 occurrence(s)]
DEBUG --> [REQ_ID=533f2c18ec29] [REQUEST][END]

[1 occurrence(s)]
DEBUG --> [REQ_ID=b2b9f2f8ede3] [REQUEST][START] GET /index.php/login

[1 occurrence(s)]
DEBUG --> [REQ_ID=b2b9f2f8ede3] [FILTER_BEFORE] /index.php/login

[1 occurrence(s)]
DEBUG --> [REQ_ID=b2b9f2f8ede3] [ROUTE] Controller=\App\Controllers\AuthController Method=login

[1 occurrence(s)]
DEBUG --> [REQ_ID=b2b9f2f8ede3] [LIFECYCLE][START] GET https://www.mymiwallet.com/index.php/login

[1 occurrence(s)]
DEBUG --> [REQ_ID=c78a424e28ef] [INIT] App\Controllers\AuthController::GET

[1 occurrence(s)]
DEBUG --> [REQ_ID=b2b9f2f8ede3] [FILTER_AFTER]

[1 occurrence(s)]
DEBUG --> [REQ_ID=b2b9f2f8ede3] [LIFECYCLE][END] status=200 duration_ms=22.52 memory_delta=0

[1 occurrence(s)]
DEBUG --> [REQ_ID=b2b9f2f8ede3] [REQUEST][END]

[1 occurrence(s)]
DEBUG --> [REQ_ID=badc74c66e46] [REQUEST][START] GET /index.php/Account/Activity

[1 occurrence(s)]
DEBUG --> [REQ_ID=badc74c66e46] [FILTER_BEFORE] /index.php/Account/Activity

[1 occurrence(s)]
DEBUG --> [REQ_ID=badc74c66e46] [ROUTE] Controller=\App\Modules\User\Controllers\DashboardController Method=activity

[1 occurrence(s)]
DEBUG --> [REQ_ID=badc74c66e46] [LIFECYCLE][START] GET https://www.mymiwallet.com/index.php/Account/Activity

[1 occurrence(s)]
DEBUG --> [REQ_ID=badc74c66e46] [REQUEST][END]

[1 occurrence(s)]
DEBUG --> [REQ_ID=7eb65cb5ee7c] [REQUEST][START] GET /index.php/login

[1 occurrence(s)]
DEBUG --> [REQ_ID=7eb65cb5ee7c] [FILTER_BEFORE] /index.php/login

[1 occurrence(s)]
DEBUG --> [REQ_ID=7eb65cb5ee7c] [ROUTE] Controller=\App\Controllers\AuthController Method=login

[1 occurrence(s)]
DEBUG --> [REQ_ID=7eb65cb5ee7c] [LIFECYCLE][START] GET https://www.mymiwallet.com/index.php/login

[1 occurrence(s)]
DEBUG --> [REQ_ID=dffe91453102] [INIT] App\Controllers\AuthController::GET

[1 occurrence(s)]
DEBUG --> [REQ_ID=7eb65cb5ee7c] [FILTER_AFTER]

[1 occurrence(s)]
DEBUG --> [REQ_ID=7eb65cb5ee7c] [LIFECYCLE][END] status=200 duration_ms=82.44 memory_delta=0

[1 occurrence(s)]
DEBUG --> [REQ_ID=7eb65cb5ee7c] [REQUEST][END]

[1 occurrence(s)]
DEBUG --> [REQ_ID=e110df505b23] [REQUEST][START] GET /index.php/Management/Users

[1 occurrence(s)]
DEBUG --> [REQ_ID=e110df505b23] [FILTER_BEFORE] /index.php/Management/Users

[1 occurrence(s)]
DEBUG --> [REQ_ID=e110df505b23] [ROUTE] Controller=\App\Modules\Management\Controllers\UsersController Method=index

[1 occurrence(s)]
DEBUG --> [REQ_ID=e110df505b23] [LIFECYCLE][START] GET https://www.mymiwallet.com/index.php/Management/Users

[1 occurrence(s)]
DEBUG --> [REQ_ID=e110df505b23] [REQUEST][END]

[1 occurrence(s)]
DEBUG --> [REQ_ID=09d4ff32aa5d] [REQUEST][START] GET /index.php/login

[1 occurrence(s)]
DEBUG --> [REQ_ID=09d4ff32aa5d] [FILTER_BEFORE] /index.php/login

[1 occurrence(s)]
DEBUG --> [REQ_ID=09d4ff32aa5d] [ROUTE] Controller=\App\Controllers\AuthController Method=login

[1 occurrence(s)]
DEBUG --> [REQ_ID=09d4ff32aa5d] [LIFECYCLE][START] GET https://www.mymiwallet.com/index.php/login

[1 occurrence(s)]
DEBUG --> [REQ_ID=963bddc0fe41] [INIT] App\Controllers\AuthController::GET

[1 occurrence(s)]
DEBUG --> [REQ_ID=09d4ff32aa5d] [FILTER_AFTER]

[1 occurrence(s)]
DEBUG --> [REQ_ID=09d4ff32aa5d] [LIFECYCLE][END] status=200 duration_ms=94.51 memory_delta=0

[1 occurrence(s)]
DEBUG --> [REQ_ID=09d4ff32aa5d] [REQUEST][END]

[1 occurrence(s)]
DEBUG --> [REQ_ID=84e6581d1676] [REQUEST][START] GET /index.php/Account/Connected-Accounts

[1 occurrence(s)]
DEBUG --> [REQ_ID=84e6581d1676] [FILTER_BEFORE] /index.php/Account/Connected-Accounts

[1 occurrence(s)]
DEBUG --> [REQ_ID=84e6581d1676] [ROUTE] Controller=\App\Modules\User\Controllers\DashboardController Method=connectedAccounts

[1 occurrence(s)]
DEBUG --> [REQ_ID=84e6581d1676] [LIFECYCLE][START] GET https://www.mymiwallet.com/index.php/Account/Connected-Accounts

[1 occurrence(s)]
DEBUG --> [REQ_ID=84e6581d1676] [REQUEST][END]

[1 occurrence(s)]
DEBUG --> [REQ_ID=da76799bb5a4] [REQUEST][START] GET /index.php/login

[1 occurrence(s)]
DEBUG --> [REQ_ID=da76799bb5a4] [FILTER_BEFORE] /index.php/login

[1 occurrence(s)]
DEBUG --> [REQ_ID=da76799bb5a4] [ROUTE] Controller=\App\Controllers\AuthController Method=login

[1 occurrence(s)]
DEBUG --> [REQ_ID=da76799bb5a4] [LIFECYCLE][START] GET https://www.mymiwallet.com/index.php/login

[1 occurrence(s)]
DEBUG --> [REQ_ID=16a2412ceb99] [INIT] App\Controllers\AuthController::GET

[1 occurrence(s)]
DEBUG --> [REQ_ID=da76799bb5a4] [FILTER_AFTER]

[1 occurrence(s)]
DEBUG --> [REQ_ID=da76799bb5a4] [LIFECYCLE][END] status=200 duration_ms=88.92 memory_delta=0

[1 occurrence(s)]
DEBUG --> [REQ_ID=da76799bb5a4] [REQUEST][END]

[1 occurrence(s)]
DEBUG --> [REQ_ID=aa04c4b5c6e5] [REQUEST][START] GET /index.php/Account/Security

[1 occurrence(s)]
DEBUG --> [REQ_ID=aa04c4b5c6e5] [FILTER_BEFORE] /index.php/Account/Security

[1 occurrence(s)]
DEBUG --> [REQ_ID=aa04c4b5c6e5] [ROUTE] Controller=\App\Modules\User\Controllers\DashboardController Method=Security

[1 occurrence(s)]
DEBUG --> [REQ_ID=aa04c4b5c6e5] [LIFECYCLE][START] GET https://www.mymiwallet.com/index.php/Account/Security

[1 occurrence(s)]
DEBUG --> [REQ_ID=aa04c4b5c6e5] [REQUEST][END]

[1 occurrence(s)]
DEBUG --> [REQ_ID=cc7f6d6b757e] [REQUEST][START] GET /index.php/login

[1 occurrence(s)]
DEBUG --> [REQ_ID=cc7f6d6b757e] [FILTER_BEFORE] /index.php/login

[1 occurrence(s)]
DEBUG --> [REQ_ID=cc7f6d6b757e] [ROUTE] Controller=\App\Controllers\AuthController Method=login

[1 occurrence(s)]
DEBUG --> [REQ_ID=cc7f6d6b757e] [LIFECYCLE][START] GET https://www.mymiwallet.com/index.php/login

[1 occurrence(s)]
DEBUG --> [REQ_ID=671929adc51e] [INIT] App\Controllers\AuthController::GET

[1 occurrence(s)]
DEBUG --> [REQ_ID=cc7f6d6b757e] [FILTER_AFTER]

[1 occurrence(s)]
DEBUG --> [REQ_ID=cc7f6d6b757e] [LIFECYCLE][END] status=200 duration_ms=211.36 memory_delta=0

[1 occurrence(s)]
DEBUG --> [REQ_ID=cc7f6d6b757e] [REQUEST][END]

[1 occurrence(s)]
DEBUG --> [REQ_ID=fea7d8cd239b] [REQUEST][START] GET /index.php/Investments/News

[1 occurrence(s)]
DEBUG --> [REQ_ID=fea7d8cd239b] [FILTER_BEFORE] /index.php/Investments/News

[1 occurrence(s)]
DEBUG --> [REQ_ID=fea7d8cd239b] [ROUTE] Controller=closure_route Method=index

[1 occurrence(s)]
DEBUG --> [REQ_ID=fea7d8cd239b] [LIFECYCLE][START] GET https://www.mymiwallet.com/index.php/Investments/News

[1 occurrence(s)]
DEBUG --> [REQ_ID=fea7d8cd239b] [REQUEST][END]

[1 occurrence(s)]
DEBUG --> [REQ_ID=5e1e8e8b50b9] [REQUEST][START] GET /index.php/login

[1 occurrence(s)]
DEBUG --> [REQ_ID=5e1e8e8b50b9] [FILTER_BEFORE] /index.php/login

[1 occurrence(s)]
DEBUG --> [REQ_ID=5e1e8e8b50b9] [ROUTE] Controller=\App\Controllers\AuthController Method=login

[1 occurrence(s)]
DEBUG --> [REQ_ID=5e1e8e8b50b9] [LIFECYCLE][START] GET https://www.mymiwallet.com/index.php/login

[1 occurrence(s)]
DEBUG --> [REQ_ID=b9dd6f372968] [INIT] App\Controllers\AuthController::GET

[1 occurrence(s)]
DEBUG --> [REQ_ID=5e1e8e8b50b9] [FILTER_AFTER]

[1 occurrence(s)]
DEBUG --> [REQ_ID=5e1e8e8b50b9] [LIFECYCLE][END] status=200 duration_ms=14.67 memory_delta=0

[1 occurrence(s)]
DEBUG --> [REQ_ID=5e1e8e8b50b9] [REQUEST][END]

[1 occurrence(s)]
DEBUG --> [REQ_ID=932ea12aeeab] [REQUEST][START] GET /index.php/Legal/Privacy-Policy

[1 occurrence(s)]
DEBUG --> [REQ_ID=932ea12aeeab] [FILTER_BEFORE] /index.php/Legal/Privacy-Policy

[1 occurrence(s)]
DEBUG --> [REQ_ID=932ea12aeeab] [ROUTE] Controller=\App\Controllers\Home Method=privacyPolicy

[1 occurrence(s)]
DEBUG --> [REQ_ID=932ea12aeeab] [LIFECYCLE][START] GET https://www.mymiwallet.com/index.php/Legal/Privacy-Policy

[1 occurrence(s)]
DEBUG --> [REQ_ID=932ea12aeeab] [REQUEST][END]

[1 occurrence(s)]
DEBUG --> [REQ_ID=d75b1c9f682b] [REQUEST][START] GET /index.php/login

[1 occurrence(s)]
DEBUG --> [REQ_ID=d75b1c9f682b] [FILTER_BEFORE] /index.php/login

[1 occurrence(s)]
DEBUG --> [REQ_ID=d75b1c9f682b] [ROUTE] Controller=\App\Controllers\AuthController Method=login

[1 occurrence(s)]
DEBUG --> [REQ_ID=d75b1c9f682b] [LIFECYCLE][START] GET https://www.mymiwallet.com/index.php/login

[1 occurrence(s)]
DEBUG --> [REQ_ID=ae246373b3ca] [INIT] App\Controllers\AuthController::GET

[1 occurrence(s)]
DEBUG --> [REQ_ID=d75b1c9f682b] [FILTER_AFTER]

[1 occurrence(s)]
DEBUG --> [REQ_ID=d75b1c9f682b] [LIFECYCLE][END] status=200 duration_ms=166.72 memory_delta=0

[1 occurrence(s)]
DEBUG --> [REQ_ID=d75b1c9f682b] [REQUEST][END]

[1 occurrence(s)]
DEBUG --> [REQ_ID=d6b9f04787b9] [REQUEST][START] GET /

[1 occurrence(s)]
DEBUG --> [REQ_ID=d6b9f04787b9] [REQUEST][END]

[1 occurrence(s)]
DEBUG --> [REQ_ID=2450524d32ad] [REQUEST][START] GET /index.php/API/Management/Run-CRON-Tasks

[1 occurrence(s)]
DEBUG --> [REQ_ID=2450524d32ad] [FILTER_BEFORE] /index.php/API/Management/Run-CRON-Tasks

[1 occurrence(s)]
DEBUG --> [REQ_ID=2450524d32ad] [ROUTE] Controller=\App\Modules\APIs\Controllers\ManagementAPIController Method=Run_CRON_Tasks

[1 occurrence(s)]
DEBUG --> [REQ_ID=2450524d32ad] [LIFECYCLE][START] GET https://www.mymiwallet.com/index.php/API/Management/Run-CRON-Tasks

[1 occurrence(s)]
DEBUG --> [REQ_ID=2450524d32ad] [REQUEST][END]

[1 occurrence(s)]
DEBUG --> [REQ_ID=2743372eb491] [REQUEST][START] GET /

[1 occurrence(s)]
DEBUG --> [REQ_ID=2743372eb491] [FILTER_BEFORE] /

[1 occurrence(s)]
DEBUG --> [REQ_ID=2743372eb491] [ROUTE] Controller=\App\Controllers\Home Method=index

[1 occurrence(s)]
DEBUG --> [REQ_ID=2743372eb491] [LIFECYCLE][START] GET https://www.mymiwallet.com/index.php/

[1 occurrence(s)]
DEBUG --> [CSRF] token name=csrf_test_name hash=14c2bbd0b34525185073c05d3fcaeeb8

[1 occurrence(s)]
DEBUG --> [REQ_ID=d0e3fefdef7d] [INIT] App\Controllers\Home::GET

[1 occurrence(s)]
DEBUG --> [REQ_ID=d0e3fefdef7d] [VIEW_RENDER] themes/public/home

[1 occurrence(s)]
DEBUG --> [REQ_ID=2743372eb491] [FILTER_AFTER]

[1 occurrence(s)]
DEBUG --> [REQ_ID=2743372eb491] [LIFECYCLE][END] status=200 duration_ms=692.59 memory_delta=6291456

[1 occurrence(s)]
DEBUG --> [REQ_ID=2743372eb491] [REQUEST][END]

[1 occurrence(s)]
DEBUG --> [REQ_ID=b36395a0a556] [REQUEST][START] GET /

[1 occurrence(s)]
DEBUG --> [REQ_ID=b36395a0a556] [FILTER_BEFORE] /

[1 occurrence(s)]
DEBUG --> [REQ_ID=b36395a0a556] [ROUTE] Controller=\App\Controllers\Home Method=index

[1 occurrence(s)]
DEBUG --> [REQ_ID=b36395a0a556] [LIFECYCLE][START] GET https://www.mymiwallet.com/index.php/

[1 occurrence(s)]
DEBUG --> [CSRF] token name=csrf_test_name hash=6ae957f6b6ed87676b470cdcbeba9829

[1 occurrence(s)]
DEBUG --> [REQ_ID=9ce144c62e03] [INIT] App\Controllers\Home::GET

[1 occurrence(s)]
DEBUG --> [REQ_ID=9ce144c62e03] [VIEW_RENDER] themes/public/home

[1 occurrence(s)]
DEBUG --> [REQ_ID=b36395a0a556] [FILTER_AFTER]

[1 occurrence(s)]
DEBUG --> [REQ_ID=b36395a0a556] [LIFECYCLE][END] status=200 duration_ms=568.00 memory_delta=2097152

[1 occurrence(s)]
DEBUG --> [REQ_ID=b36395a0a556] [REQUEST][END]

[1 occurrence(s)]
DEBUG --> [REQ_ID=30a8df3c1d0c] [REQUEST][START] GET /index.php/API/Alerts/fetchEmailAlerts

[1 occurrence(s)]
DEBUG --> [REQ_ID=30a8df3c1d0c] [FILTER_BEFORE] /index.php/API/Alerts/fetchEmailAlerts

[1 occurrence(s)]
DEBUG --> [REQ_ID=30a8df3c1d0c] [ROUTE] Controller=\App\Modules\APIs\Controllers\AlertsAPIController Method=fetchEmailAlerts

[1 occurrence(s)]
DEBUG --> [REQ_ID=30a8df3c1d0c] [LIFECYCLE][START] GET https://www.mymiwallet.com/index.php/API/Alerts/fetchEmailAlerts

[1 occurrence(s)]
DEBUG --> [REQ_ID=30a8df3c1d0c] [REQUEST][END]

[1 occurrence(s)]
DEBUG --> [REQ_ID=e2ca734df3b4] [REQUEST][START] GET /index.php/API/Management/Run-CRON-Tasks

[1 occurrence(s)]
DEBUG --> [REQ_ID=e2ca734df3b4] [FILTER_BEFORE] /index.php/API/Management/Run-CRON-Tasks

[1 occurrence(s)]
DEBUG --> [REQ_ID=e2ca734df3b4] [ROUTE] Controller=\App\Modules\APIs\Controllers\ManagementAPIController Method=Run_CRON_Tasks

[1 occurrence(s)]
DEBUG --> [REQ_ID=e2ca734df3b4] [LIFECYCLE][START] GET https://www.mymiwallet.com/index.php/API/Management/Run-CRON-Tasks

[1 occurrence(s)]
DEBUG --> [REQ_ID=e2ca734df3b4] [REQUEST][END]

[1 occurrence(s)]
DEBUG --> [REQ_ID=a06598defc7d] [REQUEST][START] GET /index.php/API/Alerts/fetchEmailAlerts

[1 occurrence(s)]
DEBUG --> [REQ_ID=a06598defc7d] [FILTER_BEFORE] /index.php/API/Alerts/fetchEmailAlerts

[1 occurrence(s)]
DEBUG --> [REQ_ID=a06598defc7d] [ROUTE] Controller=\App\Modules\APIs\Controllers\AlertsAPIController Method=fetchEmailAlerts

[1 occurrence(s)]
DEBUG --> [REQ_ID=a06598defc7d] [LIFECYCLE][START] GET https://www.mymiwallet.com/index.php/API/Alerts/fetchEmailAlerts

[1 occurrence(s)]
DEBUG --> [REQ_ID=a06598defc7d] [REQUEST][END]

[1 occurrence(s)]
DEBUG --> [REQ_ID=d543b307d824] [REQUEST][START] GET /

[1 occurrence(s)]
DEBUG --> [REQ_ID=d543b307d824] [FILTER_BEFORE] /

[1 occurrence(s)]
DEBUG --> [REQ_ID=d543b307d824] [ROUTE] Controller=\App\Controllers\Home Method=index

[1 occurrence(s)]
DEBUG --> [REQ_ID=d543b307d824] [LIFECYCLE][START] GET https://www.mymiwallet.com/index.php/

[1 occurrence(s)]
DEBUG --> [CSRF] token name=csrf_test_name hash=e4b9044b201543957393a0d4efe405ee

[1 occurrence(s)]
DEBUG --> [REQ_ID=7ec44cb06cb7] [INIT] App\Controllers\Home::GET

[1 occurrence(s)]
DEBUG --> [REQ_ID=7ec44cb06cb7] [VIEW_RENDER] themes/public/home

[1 occurrence(s)]
DEBUG --> [REQ_ID=d543b307d824] [FILTER_AFTER]

[1 occurrence(s)]
DEBUG --> [REQ_ID=d543b307d824] [LIFECYCLE][END] status=200 duration_ms=614.74 memory_delta=6291456

[1 occurrence(s)]
DEBUG --> [REQ_ID=d543b307d824] [REQUEST][END]

[1 occurrence(s)]
DEBUG --> [REQ_ID=c2a2f9a226cb] [REQUEST][START] GET /

[1 occurrence(s)]
DEBUG --> [REQ_ID=c2a2f9a226cb] [FILTER_BEFORE] /

[1 occurrence(s)]
DEBUG --> [REQ_ID=c2a2f9a226cb] [ROUTE] Controller=\App\Controllers\Home Method=index

[1 occurrence(s)]
DEBUG --> [REQ_ID=c2a2f9a226cb] [LIFECYCLE][START] GET https://www.mymiwallet.com/index.php/

[1 occurrence(s)]
DEBUG --> [CSRF] token name=csrf_test_name hash=be7a4b0198d0358f6f4c5c82a9fa0b05

[1 occurrence(s)]
DEBUG --> [REQ_ID=9088703018ca] [INIT] App\Controllers\Home::GET

[1 occurrence(s)]
DEBUG --> [REQ_ID=9088703018ca] [VIEW_RENDER] themes/public/home

[1 occurrence(s)]
DEBUG --> [REQ_ID=c2a2f9a226cb] [FILTER_AFTER]

[1 occurrence(s)]
DEBUG --> [REQ_ID=c2a2f9a226cb] [LIFECYCLE][END] status=200 duration_ms=582.89 memory_delta=6291456

[1 occurrence(s)]
DEBUG --> [REQ_ID=c2a2f9a226cb] [REQUEST][END]

[1 occurrence(s)]
DEBUG --> [REQ_ID=23af7ba9b53d] [REQUEST][START] GET /

[1 occurrence(s)]
DEBUG --> [REQ_ID=23af7ba9b53d] [FILTER_BEFORE] /

[1 occurrence(s)]
DEBUG --> [REQ_ID=23af7ba9b53d] [ROUTE] Controller=\App\Controllers\Home Method=index

[1 occurrence(s)]
DEBUG --> [REQ_ID=23af7ba9b53d] [LIFECYCLE][START] GET https://www.mymiwallet.com/index.php/

[1 occurrence(s)]
DEBUG --> [CSRF] token name=csrf_test_name hash=c61957bc8b971553ee75fc3ca398d6ad

[1 occurrence(s)]
DEBUG --> [REQ_ID=07cf6df113ea] [INIT] App\Controllers\Home::GET

[1 occurrence(s)]
DEBUG --> [REQ_ID=07cf6df113ea] [VIEW_RENDER] themes/public/home

[1 occurrence(s)]
DEBUG --> [REQ_ID=23af7ba9b53d] [FILTER_AFTER]

[1 occurrence(s)]
DEBUG --> [REQ_ID=23af7ba9b53d] [LIFECYCLE][END] status=200 duration_ms=660.38 memory_delta=6291456

[1 occurrence(s)]
DEBUG --> [REQ_ID=23af7ba9b53d] [REQUEST][END]

[1 occurrence(s)]
DEBUG --> [REQ_ID=84c6384693a1] [REQUEST][START] GET /index.php/API/Management/Run-CRON-Tasks

[1 occurrence(s)]
DEBUG --> [REQ_ID=84c6384693a1] [FILTER_BEFORE] /index.php/API/Management/Run-CRON-Tasks

[1 occurrence(s)]
DEBUG --> [REQ_ID=84c6384693a1] [ROUTE] Controller=\App\Modules\APIs\Controllers\ManagementAPIController Method=Run_CRON_Tasks

[1 occurrence(s)]
DEBUG --> [REQ_ID=84c6384693a1] [LIFECYCLE][START] GET https://www.mymiwallet.com/index.php/API/Management/Run-CRON-Tasks

[1 occurrence(s)]
DEBUG --> [REQ_ID=84c6384693a1] [REQUEST][END]

[1 occurrence(s)]
DEBUG --> [REQ_ID=d977d4a7bd94] [REQUEST][START] GET /

[1 occurrence(s)]
DEBUG --> [REQ_ID=d977d4a7bd94] [FILTER_BEFORE] /

[1 occurrence(s)]
DEBUG --> [REQ_ID=d977d4a7bd94] [ROUTE] Controller=\App\Controllers\Home Method=index

[1 occurrence(s)]
DEBUG --> [REQ_ID=d977d4a7bd94] [LIFECYCLE][START] GET https://www.mymiwallet.com/index.php/

[1 occurrence(s)]
DEBUG --> [CSRF] token name=csrf_test_name hash=8558a190abc24d19084c7e2ad5f9c57c

[1 occurrence(s)]
DEBUG --> [REQ_ID=3d167ccd0f37] [INIT] App\Controllers\Home::GET

[1 occurrence(s)]
DEBUG --> [REQ_ID=3d167ccd0f37] [VIEW_RENDER] themes/public/home

[1 occurrence(s)]
DEBUG --> [REQ_ID=d977d4a7bd94] [FILTER_AFTER]

[1 occurrence(s)]
DEBUG --> [REQ_ID=d977d4a7bd94] [LIFECYCLE][END] status=200 duration_ms=731.34 memory_delta=6291456

[1 occurrence(s)]
DEBUG --> [REQ_ID=d977d4a7bd94] [REQUEST][END]

[1 occurrence(s)]
DEBUG --> [REQ_ID=e725a67a1ed6] [REQUEST][START] GET /index.php/API/Alerts/fetchEmailAlerts

[1 occurrence(s)]
DEBUG --> [REQ_ID=e725a67a1ed6] [FILTER_BEFORE] /index.php/API/Alerts/fetchEmailAlerts

[1 occurrence(s)]
DEBUG --> [REQ_ID=e725a67a1ed6] [ROUTE] Controller=\App\Modules\APIs\Controllers\AlertsAPIController Method=fetchEmailAlerts

[1 occurrence(s)]
DEBUG --> [REQ_ID=e725a67a1ed6] [LIFECYCLE][START] GET https://www.mymiwallet.com/index.php/API/Alerts/fetchEmailAlerts

[1 occurrence(s)]
DEBUG --> [REQ_ID=e725a67a1ed6] [REQUEST][END]

[1 occurrence(s)]
DEBUG --> [REQ_ID=4001aea6ea8d] [REQUEST][START] GET /

[1 occurrence(s)]
DEBUG --> [REQ_ID=4001aea6ea8d] [FILTER_BEFORE] /

[1 occurrence(s)]
DEBUG --> [REQ_ID=4001aea6ea8d] [ROUTE] Controller=\App\Controllers\Home Method=index

[1 occurrence(s)]
DEBUG --> [REQ_ID=4001aea6ea8d] [LIFECYCLE][START] GET https://www.mymiwallet.com/index.php/

[1 occurrence(s)]
DEBUG --> [CSRF] token name=csrf_test_name hash=d98e53419a9ab27c2a7256bcabe12587

[1 occurrence(s)]
DEBUG --> [REQ_ID=6e8720a1eeb8] [INIT] App\Controllers\Home::GET

[1 occurrence(s)]
DEBUG --> [REQ_ID=6e8720a1eeb8] [VIEW_RENDER] themes/public/home

[1 occurrence(s)]
DEBUG --> [REQ_ID=4001aea6ea8d] [FILTER_AFTER]

[1 occurrence(s)]
DEBUG --> [REQ_ID=4001aea6ea8d] [LIFECYCLE][END] status=200 duration_ms=592.18 memory_delta=6291456

[1 occurrence(s)]
DEBUG --> [REQ_ID=4001aea6ea8d] [REQUEST][END]

[1 occurrence(s)]
DEBUG --> [REQ_ID=949c23323a26] [REQUEST][START] POST /

[1 occurrence(s)]
DEBUG --> [REQ_ID=949c23323a26] [REQUEST][END]

[1 occurrence(s)]
DEBUG --> [REQ_ID=98c88f9891bc] [REQUEST][START] GET /

[1 occurrence(s)]
DEBUG --> [REQ_ID=98c88f9891bc] [FILTER_BEFORE] /

[1 occurrence(s)]
DEBUG --> [REQ_ID=98c88f9891bc] [ROUTE] Controller=\App\Controllers\Home Method=index

[1 occurrence(s)]
DEBUG --> [REQ_ID=98c88f9891bc] [LIFECYCLE][START] GET https://www.mymiwallet.com/index.php/

[1 occurrence(s)]
DEBUG --> [CSRF] token name=csrf_test_name hash=7b224cc29ec9aef52a99d68e3dcbd098

[1 occurrence(s)]
DEBUG --> [REQ_ID=c79822e63c87] [INIT] App\Controllers\Home::GET

[1 occurrence(s)]
DEBUG --> [REQ_ID=c79822e63c87] [VIEW_RENDER] themes/public/home

[1 occurrence(s)]
DEBUG --> [REQ_ID=98c88f9891bc] [FILTER_AFTER]

[1 occurrence(s)]
DEBUG --> [REQ_ID=98c88f9891bc] [LIFECYCLE][END] status=200 duration_ms=696.32 memory_delta=4194304

[1 occurrence(s)]
DEBUG --> [REQ_ID=98c88f9891bc] [REQUEST][END]

[1 occurrence(s)]
DEBUG --> [REQ_ID=3858704a896f] [REQUEST][START] GET /index.php/Blog/News-And-Updates/The-Roadmap-To-The-Future-Of-Finance

[1 occurrence(s)]
DEBUG --> [REQ_ID=3858704a896f] [FILTER_BEFORE] /index.php/Blog/News-And-Updates/The-Roadmap-To-The-Future-Of-Finance

[1 occurrence(s)]
DEBUG --> [REQ_ID=3858704a896f] [ROUTE] Controller=\App\Modules\Blog\Controllers\NewsAndUpdates Method=TheRoadmapToTheFutureOfFinance

[1 occurrence(s)]
DEBUG --> [REQ_ID=3858704a896f] [LIFECYCLE][START] GET https://www.mymiwallet.com/index.php/Blog/News-And-Updates/The-Roadmap-To-The-Future-Of-Finance

[1 occurrence(s)]
DEBUG --> [CSRF] token name=csrf_test_name hash=90bd80a7806456068ffb1b38916bf9d7

[1 occurrence(s)]
DEBUG --> [REQ_ID=d0ab32fa09ff] [INIT] App\Modules\Blog\Controllers\NewsAndUpdates::GET

[1 occurrence(s)]
DEBUG --> [REQ_ID=d0ab32fa09ff] [METHOD_ENTRY] TheRoadmapToTheFutureOfFinance

[1 occurrence(s)]
DEBUG --> [REQ_ID=428036ef45b4] [REQUEST][START] GET /

[1 occurrence(s)]
DEBUG --> [REQ_ID=428036ef45b4] [FILTER_BEFORE] /

[1 occurrence(s)]
DEBUG --> [REQ_ID=428036ef45b4] [ROUTE] Controller=\App\Controllers\Home Method=index

[1 occurrence(s)]
DEBUG --> [REQ_ID=428036ef45b4] [LIFECYCLE][START] GET https://www.mymiwallet.com/index.php/

[2 occurrence(s)]
DEBUG --> [CSRF] token name=csrf_test_name hash=3ede4ea538f25eecd56b4b6bc76ae2b5

[1 occurrence(s)]
DEBUG --> [REQ_ID=5fbe482656f0] [INIT] App\Controllers\Home::GET

[1 occurrence(s)]
DEBUG --> [REQ_ID=5fbe482656f0] [VIEW_RENDER] themes/public/home

[1 occurrence(s)]
DEBUG --> [REQ_ID=428036ef45b4] [FILTER_AFTER]

[1 occurrence(s)]
DEBUG --> [REQ_ID=428036ef45b4] [LIFECYCLE][END] status=200 duration_ms=705.47 memory_delta=4194304

[1 occurrence(s)]
DEBUG --> [REQ_ID=428036ef45b4] [REQUEST][END]

[1 occurrence(s)]
DEBUG --> [REQ_ID=b4285d17d0b9] [REQUEST][START] GET /index.php/Blog/News-And-Updates/The-Roadmap-To-The-Future-Of-Finance

[1 occurrence(s)]
DEBUG --> [REQ_ID=b4285d17d0b9] [FILTER_BEFORE] /index.php/Blog/News-And-Updates/The-Roadmap-To-The-Future-Of-Finance

[1 occurrence(s)]
DEBUG --> [REQ_ID=b4285d17d0b9] [ROUTE] Controller=\App\Modules\Blog\Controllers\NewsAndUpdates Method=TheRoadmapToTheFutureOfFinance

[1 occurrence(s)]
DEBUG --> [REQ_ID=b4285d17d0b9] [LIFECYCLE][START] GET https://www.mymiwallet.com/index.php/Blog/News-And-Updates/The-Roadmap-To-The-Future-Of-Finance

[1 occurrence(s)]
DEBUG --> [REQ_ID=9ef220e11faa] [INIT] App\Modules\Blog\Controllers\NewsAndUpdates::GET

[1 occurrence(s)]
DEBUG --> [REQ_ID=9ef220e11faa] [METHOD_ENTRY] TheRoadmapToTheFutureOfFinance

[1 occurrence(s)]
DEBUG --> [REQ_ID=ccd674b581cf] [REQUEST][START] GET /index.php/Blog/News-And-Updates/The-Roadmap-To-The-Future-Of-Finance

[1 occurrence(s)]
DEBUG --> [REQ_ID=ccd674b581cf] [FILTER_BEFORE] /index.php/Blog/News-And-Updates/The-Roadmap-To-The-Future-Of-Finance

[1 occurrence(s)]
DEBUG --> [REQ_ID=ccd674b581cf] [ROUTE] Controller=\App\Modules\Blog\Controllers\NewsAndUpdates Method=TheRoadmapToTheFutureOfFinance

[1 occurrence(s)]
DEBUG --> [REQ_ID=ccd674b581cf] [LIFECYCLE][START] GET https://www.mymiwallet.com/index.php/Blog/News-And-Updates/The-Roadmap-To-The-Future-Of-Finance

[1 occurrence(s)]
DEBUG --> [CSRF] token name=csrf_test_name hash=463d588c39b991b2417f6899aa04a7ae

[1 occurrence(s)]
DEBUG --> [REQ_ID=54efcba06dd9] [INIT] App\Modules\Blog\Controllers\NewsAndUpdates::GET

[1 occurrence(s)]
DEBUG --> [REQ_ID=54efcba06dd9] [METHOD_ENTRY] TheRoadmapToTheFutureOfFinance

[1 occurrence(s)]
DEBUG --> [REQ_ID=ca6edd2d1996] [REQUEST][START] GET /index.php/Blog/News-And-Updates/The-Roadmap-To-The-Future-Of-Finance

[1 occurrence(s)]
DEBUG --> [REQ_ID=ca6edd2d1996] [FILTER_BEFORE] /index.php/Blog/News-And-Updates/The-Roadmap-To-The-Future-Of-Finance

[1 occurrence(s)]
DEBUG --> [REQ_ID=ca6edd2d1996] [ROUTE] Controller=\App\Modules\Blog\Controllers\NewsAndUpdates Method=TheRoadmapToTheFutureOfFinance

[1 occurrence(s)]
DEBUG --> [REQ_ID=ca6edd2d1996] [LIFECYCLE][START] GET https://www.mymiwallet.com/index.php/Blog/News-And-Updates/The-Roadmap-To-The-Future-Of-Finance

[1 occurrence(s)]
DEBUG --> [CSRF] token name=csrf_test_name hash=42e093adf34d00e356053ba9fb857589

[1 occurrence(s)]
DEBUG --> [REQ_ID=47c344551a39] [INIT] App\Modules\Blog\Controllers\NewsAndUpdates::GET

[1 occurrence(s)]
DEBUG --> [REQ_ID=47c344551a39] [METHOD_ENTRY] TheRoadmapToTheFutureOfFinance

[1 occurrence(s)]
DEBUG --> [REQ_ID=4917118b057b] [REQUEST][START] GET /index.php/Blog/News-And-Updates/The-Roadmap-To-The-Future-Of-Finance

[1 occurrence(s)]
DEBUG --> [REQ_ID=4917118b057b] [FILTER_BEFORE] /index.php/Blog/News-And-Updates/The-Roadmap-To-The-Future-Of-Finance

[1 occurrence(s)]
DEBUG --> [REQ_ID=4917118b057b] [ROUTE] Controller=\App\Modules\Blog\Controllers\NewsAndUpdates Method=TheRoadmapToTheFutureOfFinance

[1 occurrence(s)]
DEBUG --> [REQ_ID=4917118b057b] [LIFECYCLE][START] GET https://www.mymiwallet.com/index.php/Blog/News-And-Updates/The-Roadmap-To-The-Future-Of-Finance

[1 occurrence(s)]
DEBUG --> [CSRF] token name=csrf_test_name hash=836cb702b5640cd02650019e6d792acd

[1 occurrence(s)]
DEBUG --> [REQ_ID=739685d64504] [INIT] App\Modules\Blog\Controllers\NewsAndUpdates::GET

[1 occurrence(s)]
DEBUG --> [REQ_ID=739685d64504] [METHOD_ENTRY] TheRoadmapToTheFutureOfFinance

[1 occurrence(s)]
DEBUG --> [REQ_ID=a0db84b69e2a] [REQUEST][START] GET /index.php/Blog/News-And-Updates/The-Roadmap-To-The-Future-Of-Finance

[1 occurrence(s)]
DEBUG --> [REQ_ID=a0db84b69e2a] [FILTER_BEFORE] /index.php/Blog/News-And-Updates/The-Roadmap-To-The-Future-Of-Finance

[1 occurrence(s)]
DEBUG --> [REQ_ID=a0db84b69e2a] [ROUTE] Controller=\App\Modules\Blog\Controllers\NewsAndUpdates Method=TheRoadmapToTheFutureOfFinance

[1 occurrence(s)]
DEBUG --> [REQ_ID=a0db84b69e2a] [LIFECYCLE][START] GET https://www.mymiwallet.com/index.php/Blog/News-And-Updates/The-Roadmap-To-The-Future-Of-Finance

[1 occurrence(s)]
DEBUG --> [CSRF] token name=csrf_test_name hash=9f12f56279e8c97979a585e45948973d

[1 occurrence(s)]
DEBUG --> [REQ_ID=03825faf07df] [INIT] App\Modules\Blog\Controllers\NewsAndUpdates::GET

[1 occurrence(s)]
DEBUG --> [REQ_ID=03825faf07df] [METHOD_ENTRY] TheRoadmapToTheFutureOfFinance

[1 occurrence(s)]
DEBUG --> [REQ_ID=2e076939ee68] [REQUEST][START] GET /index.php/Blog/News-And-Updates/The-Roadmap-To-The-Future-Of-Finance

[1 occurrence(s)]
DEBUG --> [REQ_ID=2e076939ee68] [FILTER_BEFORE] /index.php/Blog/News-And-Updates/The-Roadmap-To-The-Future-Of-Finance

[1 occurrence(s)]
DEBUG --> [REQ_ID=2e076939ee68] [ROUTE] Controller=\App\Modules\Blog\Controllers\NewsAndUpdates Method=TheRoadmapToTheFutureOfFinance

[1 occurrence(s)]
DEBUG --> [REQ_ID=2e076939ee68] [LIFECYCLE][START] GET https://www.mymiwallet.com/index.php/Blog/News-And-Updates/The-Roadmap-To-The-Future-Of-Finance

[1 occurrence(s)]
DEBUG --> [CSRF] token name=csrf_test_name hash=f822d2756ca9228f52a5f5bbaf720562

[1 occurrence(s)]
DEBUG --> [REQ_ID=f1cb9deecb36] [INIT] App\Modules\Blog\Controllers\NewsAndUpdates::GET

[1 occurrence(s)]
DEBUG --> [REQ_ID=f1cb9deecb36] [METHOD_ENTRY] TheRoadmapToTheFutureOfFinance

[1 occurrence(s)]
DEBUG --> [REQ_ID=3d03f8b54321] [REQUEST][START] GET /

[1 occurrence(s)]
DEBUG --> [REQ_ID=3d03f8b54321] [FILTER_BEFORE] /

[1 occurrence(s)]
DEBUG --> [REQ_ID=3d03f8b54321] [ROUTE] Controller=\App\Controllers\Home Method=index

[1 occurrence(s)]
DEBUG --> [REQ_ID=3d03f8b54321] [LIFECYCLE][START] GET https://www.mymiwallet.com/index.php/

[2 occurrence(s)]
DEBUG --> [CSRF] token name=csrf_test_name hash=987e5d57f0e2a30c47a87e0896e0437e

[1 occurrence(s)]
DEBUG --> [REQ_ID=5857fc80ea2c] [INIT] App\Controllers\Home::GET

[1 occurrence(s)]
DEBUG --> [REQ_ID=5857fc80ea2c] [VIEW_RENDER] themes/public/home

[1 occurrence(s)]
DEBUG --> [REQ_ID=3d03f8b54321] [FILTER_AFTER]

[1 occurrence(s)]
DEBUG --> [REQ_ID=3d03f8b54321] [LIFECYCLE][END] status=200 duration_ms=505.23 memory_delta=4194304

[1 occurrence(s)]
DEBUG --> [REQ_ID=3d03f8b54321] [REQUEST][END]

[1 occurrence(s)]
DEBUG --> [REQ_ID=9921fa822775] [REQUEST][START] GET /index.php/Blog/News-And-Updates/The-Roadmap-To-The-Future-Of-Finance

[1 occurrence(s)]
DEBUG --> [REQ_ID=9921fa822775] [FILTER_BEFORE] /index.php/Blog/News-And-Updates/The-Roadmap-To-The-Future-Of-Finance

[1 occurrence(s)]
DEBUG --> [REQ_ID=9921fa822775] [ROUTE] Controller=\App\Modules\Blog\Controllers\NewsAndUpdates Method=TheRoadmapToTheFutureOfFinance

[1 occurrence(s)]
DEBUG --> [REQ_ID=9921fa822775] [LIFECYCLE][START] GET https://www.mymiwallet.com/index.php/Blog/News-And-Updates/The-Roadmap-To-The-Future-Of-Finance

[1 occurrence(s)]
DEBUG --> [REQ_ID=02bf65c61670] [INIT] App\Modules\Blog\Controllers\NewsAndUpdates::GET

[1 occurrence(s)]
DEBUG --> [REQ_ID=02bf65c61670] [METHOD_ENTRY] TheRoadmapToTheFutureOfFinance

[1 occurrence(s)]
DEBUG --> [REQ_ID=803d7b90482c] [REQUEST][START] GET /index.php/Blog/News-And-Updates/The-Roadmap-To-The-Future-Of-Finance

[1 occurrence(s)]
DEBUG --> [REQ_ID=803d7b90482c] [FILTER_BEFORE] /index.php/Blog/News-And-Updates/The-Roadmap-To-The-Future-Of-Finance

[1 occurrence(s)]
DEBUG --> [REQ_ID=803d7b90482c] [ROUTE] Controller=\App\Modules\Blog\Controllers\NewsAndUpdates Method=TheRoadmapToTheFutureOfFinance

[1 occurrence(s)]
DEBUG --> [REQ_ID=803d7b90482c] [LIFECYCLE][START] GET https://www.mymiwallet.com/index.php/Blog/News-And-Updates/The-Roadmap-To-The-Future-Of-Finance

[1 occurrence(s)]
DEBUG --> [CSRF] token name=csrf_test_name hash=70f34ba56c59256307c6c22f2c25751a

[1 occurrence(s)]
DEBUG --> [REQ_ID=9853c3501278] [INIT] App\Modules\Blog\Controllers\NewsAndUpdates::GET

[1 occurrence(s)]
DEBUG --> [REQ_ID=9853c3501278] [METHOD_ENTRY] TheRoadmapToTheFutureOfFinance

[1 occurrence(s)]
DEBUG --> [REQ_ID=c01843e6dd27] [REQUEST][START] GET /index.php/Blog/News-And-Updates/The-Roadmap-To-The-Future-Of-Finance

[1 occurrence(s)]
DEBUG --> [REQ_ID=c01843e6dd27] [FILTER_BEFORE] /index.php/Blog/News-And-Updates/The-Roadmap-To-The-Future-Of-Finance

[1 occurrence(s)]
DEBUG --> [REQ_ID=c01843e6dd27] [ROUTE] Controller=\App\Modules\Blog\Controllers\NewsAndUpdates Method=TheRoadmapToTheFutureOfFinance

[1 occurrence(s)]
DEBUG --> [REQ_ID=c01843e6dd27] [LIFECYCLE][START] GET https://www.mymiwallet.com/index.php/Blog/News-And-Updates/The-Roadmap-To-The-Future-Of-Finance

[1 occurrence(s)]
DEBUG --> [CSRF] token name=csrf_test_name hash=7e1bb34d548f1996bb07751e4d6fab04

[1 occurrence(s)]
DEBUG --> [REQ_ID=cc7f1f778a8b] [INIT] App\Modules\Blog\Controllers\NewsAndUpdates::GET

[1 occurrence(s)]
DEBUG --> [REQ_ID=cc7f1f778a8b] [METHOD_ENTRY] TheRoadmapToTheFutureOfFinance

[1 occurrence(s)]
DEBUG --> [REQ_ID=78174dc498fa] [REQUEST][START] GET /index.php/Blog/News-And-Updates/The-Roadmap-To-The-Future-Of-Finance

[1 occurrence(s)]
DEBUG --> [REQ_ID=78174dc498fa] [FILTER_BEFORE] /index.php/Blog/News-And-Updates/The-Roadmap-To-The-Future-Of-Finance

[1 occurrence(s)]
DEBUG --> [REQ_ID=78174dc498fa] [ROUTE] Controller=\App\Modules\Blog\Controllers\NewsAndUpdates Method=TheRoadmapToTheFutureOfFinance

[1 occurrence(s)]
DEBUG --> [REQ_ID=78174dc498fa] [LIFECYCLE][START] GET https://www.mymiwallet.com/index.php/Blog/News-And-Updates/The-Roadmap-To-The-Future-Of-Finance

[1 occurrence(s)]
DEBUG --> [CSRF] token name=csrf_test_name hash=d1ee39d02de391c997807b3609f953d2

[1 occurrence(s)]
DEBUG --> [REQ_ID=a08f594562c4] [INIT] App\Modules\Blog\Controllers\NewsAndUpdates::GET

[1 occurrence(s)]
DEBUG --> [REQ_ID=a08f594562c4] [METHOD_ENTRY] TheRoadmapToTheFutureOfFinance

[1 occurrence(s)]
DEBUG --> [REQ_ID=9f820b885836] [REQUEST][START] GET /index.php/Blog/News-And-Updates/The-Roadmap-To-The-Future-Of-Finance

[1 occurrence(s)]
DEBUG --> [REQ_ID=9f820b885836] [FILTER_BEFORE] /index.php/Blog/News-And-Updates/The-Roadmap-To-The-Future-Of-Finance

[1 occurrence(s)]
DEBUG --> [REQ_ID=9f820b885836] [ROUTE] Controller=\App\Modules\Blog\Controllers\NewsAndUpdates Method=TheRoadmapToTheFutureOfFinance

[1 occurrence(s)]
DEBUG --> [REQ_ID=9f820b885836] [LIFECYCLE][START] GET https://www.mymiwallet.com/index.php/Blog/News-And-Updates/The-Roadmap-To-The-Future-Of-Finance

[1 occurrence(s)]
DEBUG --> [CSRF] token name=csrf_test_name hash=e86ea4168751b3f29057b18d9c224dcc

[1 occurrence(s)]
DEBUG --> [REQ_ID=ff2d90600572] [INIT] App\Modules\Blog\Controllers\NewsAndUpdates::GET

[1 occurrence(s)]
DEBUG --> [REQ_ID=ff2d90600572] [METHOD_ENTRY] TheRoadmapToTheFutureOfFinance

[1 occurrence(s)]
DEBUG --> [REQ_ID=11b262f4189b] [REQUEST][START] GET /

[1 occurrence(s)]
DEBUG --> [REQ_ID=11b262f4189b] [FILTER_BEFORE] /

[1 occurrence(s)]
DEBUG --> [REQ_ID=11b262f4189b] [ROUTE] Controller=\App\Controllers\Home Method=index

[1 occurrence(s)]
DEBUG --> [REQ_ID=11b262f4189b] [LIFECYCLE][START] GET https://www.mymiwallet.com/index.php/

[2 occurrence(s)]
DEBUG --> [CSRF] token name=csrf_test_name hash=9f3f6993128612c2caf1c9e9ad22b23c

[1 occurrence(s)]
DEBUG --> [REQ_ID=be79bb188a2a] [INIT] App\Controllers\Home::GET

[1 occurrence(s)]
DEBUG --> [REQ_ID=be79bb188a2a] [VIEW_RENDER] themes/public/home

[1 occurrence(s)]
DEBUG --> [REQ_ID=11b262f4189b] [FILTER_AFTER]

[1 occurrence(s)]
DEBUG --> [REQ_ID=11b262f4189b] [LIFECYCLE][END] status=200 duration_ms=542.08 memory_delta=4194304

[1 occurrence(s)]
DEBUG --> [REQ_ID=11b262f4189b] [REQUEST][END]

[1 occurrence(s)]
DEBUG --> [REQ_ID=71c5fae41b6e] [REQUEST][START] GET /index.php/Blog/News-And-Updates/The-Roadmap-To-The-Future-Of-Finance

[1 occurrence(s)]
DEBUG --> [REQ_ID=71c5fae41b6e] [FILTER_BEFORE] /index.php/Blog/News-And-Updates/The-Roadmap-To-The-Future-Of-Finance

[1 occurrence(s)]
DEBUG --> [REQ_ID=71c5fae41b6e] [ROUTE] Controller=\App\Modules\Blog\Controllers\NewsAndUpdates Method=TheRoadmapToTheFutureOfFinance

[1 occurrence(s)]
DEBUG --> [REQ_ID=71c5fae41b6e] [LIFECYCLE][START] GET https://www.mymiwallet.com/index.php/Blog/News-And-Updates/The-Roadmap-To-The-Future-Of-Finance

[1 occurrence(s)]
DEBUG --> [REQ_ID=f09ca6ff0f19] [INIT] App\Modules\Blog\Controllers\NewsAndUpdates::GET

[1 occurrence(s)]
DEBUG --> [REQ_ID=f09ca6ff0f19] [METHOD_ENTRY] TheRoadmapToTheFutureOfFinance

[1 occurrence(s)]
DEBUG --> [REQ_ID=45e75e5134e4] [REQUEST][START] GET /

[1 occurrence(s)]
DEBUG --> [REQ_ID=45e75e5134e4] [FILTER_BEFORE] /

[1 occurrence(s)]
DEBUG --> [REQ_ID=45e75e5134e4] [ROUTE] Controller=\App\Controllers\Home Method=index

[1 occurrence(s)]
DEBUG --> [REQ_ID=45e75e5134e4] [LIFECYCLE][START] GET https://www.mymiwallet.com/index.php/

[1 occurrence(s)]
DEBUG --> [CSRF] token name=csrf_test_name hash=f4b864bab7c79214b4f526bd9e43c666

[1 occurrence(s)]
DEBUG --> [REQ_ID=bf152798c247] [INIT] App\Controllers\Home::GET

[1 occurrence(s)]
DEBUG --> [REQ_ID=bf152798c247] [VIEW_RENDER] themes/public/home

[1 occurrence(s)]
DEBUG --> [REQ_ID=45e75e5134e4] [FILTER_AFTER]

[1 occurrence(s)]
DEBUG --> [REQ_ID=45e75e5134e4] [LIFECYCLE][END] status=200 duration_ms=583.55 memory_delta=6291456

[1 occurrence(s)]
DEBUG --> [REQ_ID=45e75e5134e4] [REQUEST][END]

[1 occurrence(s)]
DEBUG --> [REQ_ID=88d9a386ac8b] [REQUEST][START] GET /index.php/API/Management/Run-CRON-Tasks

[1 occurrence(s)]
DEBUG --> [REQ_ID=88d9a386ac8b] [FILTER_BEFORE] /index.php/API/Management/Run-CRON-Tasks

[1 occurrence(s)]
DEBUG --> [REQ_ID=88d9a386ac8b] [ROUTE] Controller=\App\Modules\APIs\Controllers\ManagementAPIController Method=Run_CRON_Tasks

[1 occurrence(s)]
DEBUG --> [REQ_ID=88d9a386ac8b] [LIFECYCLE][START] GET https://www.mymiwallet.com/index.php/API/Management/Run-CRON-Tasks

[1 occurrence(s)]
DEBUG --> [REQ_ID=88d9a386ac8b] [REQUEST][END]

[1 occurrence(s)]
DEBUG --> [REQ_ID=c1f78179774c] [REQUEST][START] GET /index.php/login

[1 occurrence(s)]
DEBUG --> [REQ_ID=c1f78179774c] [FILTER_BEFORE] /index.php/login

[1 occurrence(s)]
DEBUG --> [REQ_ID=c1f78179774c] [ROUTE] Controller=\App\Controllers\AuthController Method=login

[1 occurrence(s)]
DEBUG --> [REQ_ID=c1f78179774c] [LIFECYCLE][START] GET https://www.mymiwallet.com/index.php/login

[1 occurrence(s)]
DEBUG --> [CSRF] token name=csrf_test_name hash=bb35ec9592bb32a640460139fadd1626

[1 occurrence(s)]
DEBUG --> [REQ_ID=453536260db5] [INIT] App\Controllers\AuthController::GET

[1 occurrence(s)]
DEBUG --> [REQ_ID=c1f78179774c] [FILTER_AFTER]

[1 occurrence(s)]
DEBUG --> [REQ_ID=c1f78179774c] [LIFECYCLE][END] status=200 duration_ms=211.79 memory_delta=0

[1 occurrence(s)]
DEBUG --> [REQ_ID=c1f78179774c] [REQUEST][END]

[1 occurrence(s)]
DEBUG --> [REQ_ID=f7835b200e7d] [REQUEST][START] GET /index.php/Budget/Financial-Analysis

[1 occurrence(s)]
DEBUG --> [REQ_ID=f7835b200e7d] [REQUEST][END]

[1 occurrence(s)]
DEBUG --> [REQ_ID=c9f0f581608d] [REQUEST][START] GET /index.php/API/Alerts/fetchEmailAlerts

[1 occurrence(s)]
DEBUG --> [REQ_ID=c9f0f581608d] [FILTER_BEFORE] /index.php/API/Alerts/fetchEmailAlerts

[1 occurrence(s)]
DEBUG --> [REQ_ID=c9f0f581608d] [ROUTE] Controller=\App\Modules\APIs\Controllers\AlertsAPIController Method=fetchEmailAlerts

[1 occurrence(s)]
DEBUG --> [REQ_ID=c9f0f581608d] [LIFECYCLE][START] GET https://www.mymiwallet.com/index.php/API/Alerts/fetchEmailAlerts

[1 occurrence(s)]
DEBUG --> [REQ_ID=c9f0f581608d] [REQUEST][END]

[1 occurrence(s)]
DEBUG --> [REQ_ID=f2c2ec0a30ba] [REQUEST][START] GET /

[1 occurrence(s)]
DEBUG --> [REQ_ID=f2c2ec0a30ba] [FILTER_BEFORE] /

[1 occurrence(s)]
DEBUG --> [REQ_ID=f2c2ec0a30ba] [ROUTE] Controller=\App\Controllers\Home Method=index

[1 occurrence(s)]
DEBUG --> [REQ_ID=f2c2ec0a30ba] [LIFECYCLE][START] GET https://www.mymiwallet.com/index.php/

[3 occurrence(s)]
DEBUG --> [CSRF] token name=csrf_test_name hash=a2cc262018502dab3c281d3a2b532b7c

[1 occurrence(s)]
DEBUG --> [REQ_ID=af4fd9bd46a9] [INIT] App\Controllers\Home::GET

[1 occurrence(s)]
DEBUG --> [REQ_ID=af4fd9bd46a9] [VIEW_RENDER] themes/public/home

[1 occurrence(s)]
DEBUG --> [REQ_ID=f2c2ec0a30ba] [FILTER_AFTER]

[1 occurrence(s)]
DEBUG --> [REQ_ID=f2c2ec0a30ba] [LIFECYCLE][END] status=200 duration_ms=694.59 memory_delta=6291456

[1 occurrence(s)]
DEBUG --> [REQ_ID=f2c2ec0a30ba] [REQUEST][END]

[1 occurrence(s)]
DEBUG --> [REQ_ID=2e2843854b04] [REQUEST][START] GET /

[1 occurrence(s)]
DEBUG --> [REQ_ID=2e2843854b04] [FILTER_BEFORE] /

[1 occurrence(s)]
DEBUG --> [REQ_ID=2e2843854b04] [ROUTE] Controller=\App\Controllers\Home Method=index

[1 occurrence(s)]
DEBUG --> [REQ_ID=2e2843854b04] [LIFECYCLE][START] GET https://www.mymiwallet.com/index.php/

[1 occurrence(s)]
DEBUG --> [REQ_ID=44c14b50138b] [INIT] App\Controllers\Home::GET

[1 occurrence(s)]
DEBUG --> [REQ_ID=44c14b50138b] [VIEW_RENDER] themes/public/home

[1 occurrence(s)]
DEBUG --> [REQ_ID=2e2843854b04] [FILTER_AFTER]

[1 occurrence(s)]
DEBUG --> [REQ_ID=2e2843854b04] [LIFECYCLE][END] status=200 duration_ms=594.47 memory_delta=2097152

[1 occurrence(s)]
DEBUG --> [REQ_ID=2e2843854b04] [REQUEST][END]

[1 occurrence(s)]
DEBUG --> [REQ_ID=6d11e35be974] [REQUEST][START] GET /

[1 occurrence(s)]
DEBUG --> [REQ_ID=6d11e35be974] [FILTER_BEFORE] /

[1 occurrence(s)]
DEBUG --> [REQ_ID=6d11e35be974] [ROUTE] Controller=\App\Controllers\Home Method=index

[1 occurrence(s)]
DEBUG --> [REQ_ID=6d11e35be974] [LIFECYCLE][START] GET https://www.mymiwallet.com/index.php/

[1 occurrence(s)]
DEBUG --> [REQ_ID=7f71f45e235a] [INIT] App\Controllers\Home::GET

[1 occurrence(s)]
DEBUG --> [REQ_ID=7f71f45e235a] [VIEW_RENDER] themes/public/home

[1 occurrence(s)]
DEBUG --> [REQ_ID=6d11e35be974] [FILTER_AFTER]

[1 occurrence(s)]
DEBUG --> [REQ_ID=6d11e35be974] [LIFECYCLE][END] status=200 duration_ms=474.70 memory_delta=4194304

[1 occurrence(s)]
DEBUG --> [REQ_ID=6d11e35be974] [REQUEST][END]

[1 occurrence(s)]
DEBUG --> [REQ_ID=54004de19e24] [REQUEST][START] GET /index.php/Free/register

[1 occurrence(s)]
DEBUG --> [REQ_ID=54004de19e24] [REQUEST][END]

[1 occurrence(s)]
DEBUG --> [REQ_ID=f8b5c52f2964] [REQUEST][START] GET /index.php/API/Management/Run-CRON-Tasks

[1 occurrence(s)]
DEBUG --> [REQ_ID=f8b5c52f2964] [FILTER_BEFORE] /index.php/API/Management/Run-CRON-Tasks

[1 occurrence(s)]
DEBUG --> [REQ_ID=f8b5c52f2964] [ROUTE] Controller=\App\Modules\APIs\Controllers\ManagementAPIController Method=Run_CRON_Tasks

[1 occurrence(s)]
DEBUG --> [REQ_ID=f8b5c52f2964] [LIFECYCLE][START] GET https://www.mymiwallet.com/index.php/API/Management/Run-CRON-Tasks

[1 occurrence(s)]
DEBUG --> [REQ_ID=f8b5c52f2964] [REQUEST][END]

[1 occurrence(s)]
DEBUG --> [REQ_ID=f9d8d2ea2369] [REQUEST][START] GET /

[1 occurrence(s)]
DEBUG --> [REQ_ID=f9d8d2ea2369] [FILTER_BEFORE] /

[1 occurrence(s)]
DEBUG --> [REQ_ID=f9d8d2ea2369] [ROUTE] Controller=\App\Controllers\Home Method=index

[1 occurrence(s)]
DEBUG --> [REQ_ID=f9d8d2ea2369] [LIFECYCLE][START] GET https://www.mymiwallet.com/index.php/

[1 occurrence(s)]
DEBUG --> [CSRF] token name=csrf_test_name hash=61cc7c84607c5c821905ea6fb16155e0

[1 occurrence(s)]
DEBUG --> [REQ_ID=dee53c3edf09] [INIT] App\Controllers\Home::GET

[1 occurrence(s)]
DEBUG --> [REQ_ID=dee53c3edf09] [VIEW_RENDER] themes/public/home

[1 occurrence(s)]
DEBUG --> [REQ_ID=f9d8d2ea2369] [FILTER_AFTER]

[1 occurrence(s)]
DEBUG --> [REQ_ID=f9d8d2ea2369] [LIFECYCLE][END] status=200 duration_ms=748.79 memory_delta=6291456

[1 occurrence(s)]
DEBUG --> [REQ_ID=f9d8d2ea2369] [REQUEST][END]

[1 occurrence(s)]
DEBUG --> [REQ_ID=c11ab8ad4c5b] [REQUEST][START] GET /

[1 occurrence(s)]
DEBUG --> [REQ_ID=c11ab8ad4c5b] [FILTER_BEFORE] /

[1 occurrence(s)]
DEBUG --> [REQ_ID=c11ab8ad4c5b] [ROUTE] Controller=\App\Controllers\Home Method=index

[1 occurrence(s)]
DEBUG --> [REQ_ID=c11ab8ad4c5b] [LIFECYCLE][START] GET https://www.mymiwallet.com/index.php/

[1 occurrence(s)]
DEBUG --> [CSRF] token name=csrf_test_name hash=2a915003dcf9ed0a441e3c2f94508652

[1 occurrence(s)]
DEBUG --> [REQ_ID=11e4e131f297] [INIT] App\Controllers\Home::GET

[1 occurrence(s)]
DEBUG --> [REQ_ID=11e4e131f297] [VIEW_RENDER] themes/public/home

[1 occurrence(s)]
DEBUG --> [REQ_ID=c11ab8ad4c5b] [FILTER_AFTER]

[1 occurrence(s)]
DEBUG --> [REQ_ID=c11ab8ad4c5b] [LIFECYCLE][END] status=200 duration_ms=650.89 memory_delta=6291456

[1 occurrence(s)]
DEBUG --> [REQ_ID=c11ab8ad4c5b] [REQUEST][END]

[1 occurrence(s)]
DEBUG --> [REQ_ID=0c18fd4b14db] [REQUEST][START] GET /index.php/API/Alerts/fetchEmailAlerts

[1 occurrence(s)]
DEBUG --> [REQ_ID=0c18fd4b14db] [FILTER_BEFORE] /index.php/API/Alerts/fetchEmailAlerts

[1 occurrence(s)]
DEBUG --> [REQ_ID=0c18fd4b14db] [ROUTE] Controller=\App\Modules\APIs\Controllers\AlertsAPIController Method=fetchEmailAlerts

[1 occurrence(s)]
DEBUG --> [REQ_ID=0c18fd4b14db] [LIFECYCLE][START] GET https://www.mymiwallet.com/index.php/API/Alerts/fetchEmailAlerts

[1 occurrence(s)]
DEBUG --> [REQ_ID=0c18fd4b14db] [REQUEST][END]

[1 occurrence(s)]
DEBUG --> [REQ_ID=9ac8e639c1cb] [REQUEST][START] GET /index.php/Features/Advanced-Investment-Portfoio-Manager

[1 occurrence(s)]
DEBUG --> [REQ_ID=9ac8e639c1cb] [REQUEST][END]

[1 occurrence(s)]
DEBUG --> [REQ_ID=89acb5b38940] [REQUEST][START] GET /index.php/API/Management/Run-CRON-Tasks

[1 occurrence(s)]
DEBUG --> [REQ_ID=89acb5b38940] [FILTER_BEFORE] /index.php/API/Management/Run-CRON-Tasks

[1 occurrence(s)]
DEBUG --> [REQ_ID=89acb5b38940] [ROUTE] Controller=\App\Modules\APIs\Controllers\ManagementAPIController Method=Run_CRON_Tasks

[1 occurrence(s)]
DEBUG --> [REQ_ID=89acb5b38940] [LIFECYCLE][START] GET https://www.mymiwallet.com/index.php/API/Management/Run-CRON-Tasks

[1 occurrence(s)]
DEBUG --> [REQ_ID=89acb5b38940] [REQUEST][END]


---------------------------
LEVEL: INFO
---------------------------

[1 occurrence(s)]
INFO --> [REQ_ID=ee0e0a53012b] [PERF] Execution time=0.053238

[1 occurrence(s)]
INFO --> [REQ_ID=eac172850708] [PERF] Execution time=0.041800

[1 occurrence(s)]
INFO --> [REQ_ID=2d4229863349] [MEMORY][controller-start] 4194304

[1 occurrence(s)]
INFO --> [REQ_ID=2d4229863349] [MEMORY][commonData:start] 6291456

[1 occurrence(s)]
INFO --> [REQ_ID=2d4229863349] [MEMORY][commonData:start] 10485760

[14 occurrence(s)]
INFO --> themesMemory usage: 10485760

[1 occurrence(s)]
INFO --> [REQ_ID=2d4229863349] [PERF] Execution time=0.676750

[1 occurrence(s)]
INFO --> [REQ_ID=8c9716aba53a] [PERF] Execution time=0.712573

[1 occurrence(s)]
INFO --> [REQ_ID=1d179baca4c8] [PERF] Execution time=0.051078

[1 occurrence(s)]
INFO --> [REQ_ID=8fa6100666ef] [MEMORY][controller-start] 4194304

[1 occurrence(s)]
INFO --> [REQ_ID=8fa6100666ef] [PERF] Execution time=0.065556

[1 occurrence(s)]
INFO --> [REQ_ID=ee1064ba6747] [PERF] Execution time=0.082183

[1 occurrence(s)]
INFO --> [REQ_ID=3bdd239fe29d] [PERF] Execution time=0.049550

[1 occurrence(s)]
INFO --> [REQ_ID=2fd93bc76071] [MEMORY][controller-start] 4194304

[1 occurrence(s)]
INFO --> [REQ_ID=2fd93bc76071] [PERF] Execution time=0.063957

[1 occurrence(s)]
INFO --> [REQ_ID=3bc6ac3b92a4] [PERF] Execution time=0.077171

[1 occurrence(s)]
INFO --> [REQ_ID=194a7df37ca6] [PERF] Execution time=0.034813

[1 occurrence(s)]
INFO --> [REQ_ID=e68af7d29ea7] [PERF] Execution time=0.051118

[1 occurrence(s)]
INFO --> [REQ_ID=94fb105eab9f] [PERF] Execution time=0.032855

[1 occurrence(s)]
INFO --> [REQ_ID=fbe8bf92b360] [MEMORY][controller-start] 4194304

[1 occurrence(s)]
INFO --> [REQ_ID=fbe8bf92b360] [MEMORY][commonData:start] 6291456

[1 occurrence(s)]
INFO --> [REQ_ID=fbe8bf92b360] [MEMORY][commonData:start] 10485760

[1 occurrence(s)]
INFO --> [REQ_ID=fbe8bf92b360] [PERF] Execution time=0.934871

[1 occurrence(s)]
INFO --> [REQ_ID=525fb82a77ef] [PERF] Execution time=0.977752

[1 occurrence(s)]
INFO --> [REQ_ID=42ba4378abcd] [PERF] Execution time=0.042251

[1 occurrence(s)]
INFO --> [REQ_ID=6aed0a170087] [MEMORY][controller-start] 4194304

[1 occurrence(s)]
INFO --> [REQ_ID=6aed0a170087] [MEMORY][commonData:start] 6291456

[1 occurrence(s)]
INFO --> [REQ_ID=6aed0a170087] [MEMORY][commonData:start] 10485760

[1 occurrence(s)]
INFO --> [REQ_ID=6aed0a170087] [PERF] Execution time=0.747615

[1 occurrence(s)]
INFO --> [REQ_ID=a03abee4cfad] [PERF] Execution time=0.783206

[1 occurrence(s)]
INFO --> [REQ_ID=ac923f225eea] [PERF] Execution time=0.033766

[1 occurrence(s)]
INFO --> [REQ_ID=3ca838d47efa] [PERF] Execution time=0.030478

[1 occurrence(s)]
INFO --> [REQ_ID=5772b492d974] [PERF] Execution time=0.042422

[1 occurrence(s)]
INFO --> [REQ_ID=cb6be0aeeef6] [MEMORY][controller-start] 4194304

[1 occurrence(s)]
INFO --> [REQ_ID=cb6be0aeeef6] [MEMORY][commonData:start] 6291456

[1 occurrence(s)]
INFO --> [REQ_ID=cb6be0aeeef6] [MEMORY][commonData:start] 10485760

[1 occurrence(s)]
INFO --> [REQ_ID=cb6be0aeeef6] [PERF] Execution time=0.867286

[1 occurrence(s)]
INFO --> [REQ_ID=de1400f6ebcf] [PERF] Execution time=0.904827

[1 occurrence(s)]
INFO --> [REQ_ID=17d456c15384] [PERF] Execution time=0.017083

[1 occurrence(s)]
INFO --> [REQ_ID=a72a9dd849a7] [MEMORY][controller-start] 4194304

[2 occurrence(s)]
INFO --> [REGISTRATION] Form loaded

[1 occurrence(s)]
INFO --> [REQ_ID=a72a9dd849a7] [PERF] Execution time=0.043555

[1 occurrence(s)]
INFO --> [REQ_ID=3f9012241342] [MEMORY][controller-start] 4194304

[1 occurrence(s)]
INFO --> [REQ_ID=3f9012241342] [MEMORY][commonData:start] 6291456

[1 occurrence(s)]
INFO --> [REQ_ID=3f9012241342] [PERF] Execution time=0.522336

[1 occurrence(s)]
INFO --> [REQ_ID=d0963359f2bc] [PERF] Execution time=0.535204

[1 occurrence(s)]
INFO --> [REQ_ID=ca1e15d89cb0] [MEMORY][controller-start] 6291456

[1 occurrence(s)]
INFO --> [REQ_ID=ca1e15d89cb0] [PERF] Execution time=0.020119

[1 occurrence(s)]
INFO --> [REQ_ID=2b6ff826cb9c] [PERF] Execution time=0.029228

[2 occurrence(s)]
INFO --> CSRF token verified.

[1 occurrence(s)]
INFO --> [REQ_ID=fca9e44018c0] [MEMORY][controller-start] 4194304

[1 occurrence(s)]
INFO --> AuthController L93: Auth:attemptLogin started.

[1 occurrence(s)]
INFO --> AuthController L104: Auth:attemptLogin rules: {"login":"required","password":"required"}

[1 occurrence(s)]
INFO --> AuthController L132: Auth:attemptLogin Login Variables: login: required, remember: true, ip: 185.220.100.255, ua: "Mozilla/5.0 (Macintosh; Intel Mac OS X 10_15_7) AppleWebKit/537.36 (KHTML, like Gecko) Chrome/142.0.0.0 Safari/537.36"

[1 occurrence(s)]
INFO --> [REQ_ID=fca9e44018c0] [PERF] Execution time=0.144866

[1 occurrence(s)]
INFO --> [REQ_ID=de35502b2217] [PERF] Execution time=0.153654

[1 occurrence(s)]
INFO --> [REQ_ID=ba1738c3ed0f] [MEMORY][controller-start] 4194304

[1 occurrence(s)]
INFO --> [REQ_ID=ba1738c3ed0f] [PERF] Execution time=0.014506

[1 occurrence(s)]
INFO --> [REQ_ID=a1b545ac9d81] [PERF] Execution time=0.023636

[1 occurrence(s)]
INFO --> [REQ_ID=3867d3c9e217] [MEMORY][controller-start] 4194304

[1 occurrence(s)]
INFO --> [REQ_ID=3867d3c9e217] [MEMORY][commonData:start] 4194304

[8 occurrence(s)]
INFO --> themesMemory usage: 8388608

[1 occurrence(s)]
INFO --> [REQ_ID=3867d3c9e217] [PERF] Execution time=0.487163

[1 occurrence(s)]
INFO --> [REQ_ID=310b721894b3] [PERF] Execution time=0.496138

[1 occurrence(s)]
INFO --> [REQ_ID=decb15a036fe] [MEMORY][controller-start] 6291456

[1 occurrence(s)]
INFO --> [REQ_ID=decb15a036fe] [PERF] Execution time=0.014292

[1 occurrence(s)]
INFO --> [REQ_ID=004132cfd048] [PERF] Execution time=0.015288

[1 occurrence(s)]
INFO --> [REQ_ID=ad250d23d5c7] [MEMORY][controller-start] 4194304

[1 occurrence(s)]
INFO --> [AUTH] Password reset requested

[1 occurrence(s)]
INFO --> [REQ_ID=ad250d23d5c7] [PERF] Execution time=0.162970

[1 occurrence(s)]
INFO --> [REQ_ID=96f10fafded3] [PERF] Execution time=0.172424

[1 occurrence(s)]
INFO --> [REQ_ID=81788c9eb462] [PERF] Execution time=0.011788

[1 occurrence(s)]
INFO --> [REQ_ID=4cb5b18479ff] [MEMORY][controller-start] 4194304

[2 occurrence(s)]
INFO --> [REQ_ID=4cb5b18479ff] [MEMORY][commonData:start] 4194304

[1 occurrence(s)]
INFO --> themesMemory usage: 4194304

[1 occurrence(s)]
INFO --> [REQ_ID=4cb5b18479ff] [PERF] Execution time=0.102185

[1 occurrence(s)]
INFO --> [REQ_ID=93477478d018] [PERF] Execution time=0.112751

[1 occurrence(s)]
INFO --> [REQ_ID=3c146471e00a] [PERF] Execution time=0.009752

[1 occurrence(s)]
INFO --> [REQ_ID=9e666ca40896] [MEMORY][controller-start] 4194304

[1 occurrence(s)]
INFO --> [REQ_ID=9e666ca40896] [PERF] Execution time=0.017634

[1 occurrence(s)]
INFO --> [REQ_ID=24a64cbe5a1b] [PERF] Execution time=0.028148

[1 occurrence(s)]
INFO --> [REQ_ID=0308205e9b09] [PERF] Execution time=0.013546

[1 occurrence(s)]
INFO --> [REQ_ID=25d4e265d91d] [MEMORY][controller-start] 4194304

[1 occurrence(s)]
INFO --> [REQ_ID=25d4e265d91d] [PERF] Execution time=0.015699

[1 occurrence(s)]
INFO --> [REQ_ID=e78fcef8b0e0] [PERF] Execution time=0.025390

[1 occurrence(s)]
INFO --> [REQ_ID=32b86ff73ca3] [PERF] Execution time=0.010274

[1 occurrence(s)]
INFO --> [REQ_ID=9744bc669bf6] [MEMORY][controller-start] 4194304

[1 occurrence(s)]
INFO --> [REQ_ID=9744bc669bf6] [PERF] Execution time=0.100794

[1 occurrence(s)]
INFO --> [REQ_ID=8676bc23a371] [PERF] Execution time=0.109932

[1 occurrence(s)]
INFO --> [REQ_ID=6f22c1c58e05] [PERF] Execution time=0.009490

[1 occurrence(s)]
INFO --> [REQ_ID=1e9a22fa8f27] [MEMORY][controller-start] 4194304

[1 occurrence(s)]
INFO --> [REQ_ID=1e9a22fa8f27] [PERF] Execution time=0.043183

[1 occurrence(s)]
INFO --> [REQ_ID=e918f5501f81] [PERF] Execution time=0.051691

[1 occurrence(s)]
INFO --> [REQ_ID=b99eae21644a] [PERF] Execution time=0.009680

[1 occurrence(s)]
INFO --> [REQ_ID=9b96e5178a94] [MEMORY][controller-start] 4194304

[1 occurrence(s)]
INFO --> [REQ_ID=9b96e5178a94] [PERF] Execution time=0.028615

[1 occurrence(s)]
INFO --> [REQ_ID=5be4ca9b15ca] [PERF] Execution time=0.039524

[1 occurrence(s)]
INFO --> [REQ_ID=72b00fe330af] [PERF] Execution time=0.010610

[1 occurrence(s)]
INFO --> [REQ_ID=d69d4a5d8cba] [MEMORY][controller-start] 4194304

[1 occurrence(s)]
INFO --> [REQ_ID=d69d4a5d8cba] [PERF] Execution time=0.190335

[1 occurrence(s)]
INFO --> [REQ_ID=5408ac89378a] [PERF] Execution time=0.198863

[1 occurrence(s)]
INFO --> [REQ_ID=533f2c18ec29] [PERF] Execution time=0.009890

[1 occurrence(s)]
INFO --> [REQ_ID=c78a424e28ef] [MEMORY][controller-start] 4194304

[1 occurrence(s)]
INFO --> [REQ_ID=c78a424e28ef] [PERF] Execution time=0.022665

[1 occurrence(s)]
INFO --> [REQ_ID=b2b9f2f8ede3] [PERF] Execution time=0.032180

[1 occurrence(s)]
INFO --> [REQ_ID=badc74c66e46] [PERF] Execution time=0.011095

[1 occurrence(s)]
INFO --> [REQ_ID=dffe91453102] [MEMORY][controller-start] 4194304

[1 occurrence(s)]
INFO --> [REQ_ID=dffe91453102] [PERF] Execution time=0.082796

[1 occurrence(s)]
INFO --> [REQ_ID=7eb65cb5ee7c] [PERF] Execution time=0.094073

[1 occurrence(s)]
INFO --> [REQ_ID=e110df505b23] [PERF] Execution time=0.009887

[1 occurrence(s)]
INFO --> [REQ_ID=963bddc0fe41] [MEMORY][controller-start] 4194304

[1 occurrence(s)]
INFO --> [REQ_ID=963bddc0fe41] [PERF] Execution time=0.095212

[1 occurrence(s)]
INFO --> [REQ_ID=09d4ff32aa5d] [PERF] Execution time=0.104704

[1 occurrence(s)]
INFO --> [REQ_ID=84e6581d1676] [PERF] Execution time=0.010180

[1 occurrence(s)]
INFO --> [REQ_ID=16a2412ceb99] [MEMORY][controller-start] 4194304

[1 occurrence(s)]
INFO --> [REQ_ID=16a2412ceb99] [PERF] Execution time=0.089284

[1 occurrence(s)]
INFO --> [REQ_ID=da76799bb5a4] [PERF] Execution time=0.098790

[1 occurrence(s)]
INFO --> [REQ_ID=aa04c4b5c6e5] [PERF] Execution time=0.009607

[1 occurrence(s)]
INFO --> [REQ_ID=671929adc51e] [MEMORY][controller-start] 4194304

[1 occurrence(s)]
INFO --> [REQ_ID=671929adc51e] [PERF] Execution time=0.211806

[1 occurrence(s)]
INFO --> [REQ_ID=cc7f6d6b757e] [PERF] Execution time=0.220265

[1 occurrence(s)]
INFO --> [REQ_ID=fea7d8cd239b] [PERF] Execution time=0.009465

[1 occurrence(s)]
INFO --> [REQ_ID=b9dd6f372968] [MEMORY][controller-start] 4194304

[1 occurrence(s)]
INFO --> [REQ_ID=b9dd6f372968] [PERF] Execution time=0.015130

[1 occurrence(s)]
INFO --> [REQ_ID=5e1e8e8b50b9] [PERF] Execution time=0.024298

[1 occurrence(s)]
INFO --> [REQ_ID=932ea12aeeab] [PERF] Execution time=0.009479

[1 occurrence(s)]
INFO --> [REQ_ID=ae246373b3ca] [MEMORY][controller-start] 4194304

[1 occurrence(s)]
INFO --> [REQ_ID=ae246373b3ca] [PERF] Execution time=0.166943

[1 occurrence(s)]
INFO --> [REQ_ID=d75b1c9f682b] [PERF] Execution time=0.176120

[1 occurrence(s)]
INFO --> [REQ_ID=d6b9f04787b9] [PERF] Execution time=0.035025

[1 occurrence(s)]
INFO --> [REQ_ID=2450524d32ad] [PERF] Execution time=0.050498

[1 occurrence(s)]
INFO --> [REQ_ID=d0e3fefdef7d] [MEMORY][controller-start] 4194304

[1 occurrence(s)]
INFO --> [REQ_ID=d0e3fefdef7d] [MEMORY][commonData:start] 6291456

[1 occurrence(s)]
INFO --> [REQ_ID=d0e3fefdef7d] [MEMORY][commonData:start] 10485760

[1 occurrence(s)]
INFO --> [REQ_ID=d0e3fefdef7d] [PERF] Execution time=0.694234

[1 occurrence(s)]
INFO --> [REQ_ID=2743372eb491] [PERF] Execution time=0.732251

[1 occurrence(s)]
INFO --> [REQ_ID=9ce144c62e03] [MEMORY][controller-start] 6291456

[1 occurrence(s)]
INFO --> [REQ_ID=9ce144c62e03] [MEMORY][commonData:start] 6291456

[1 occurrence(s)]
INFO --> [REQ_ID=9ce144c62e03] [MEMORY][commonData:start] 8388608

[1 occurrence(s)]
INFO --> [REQ_ID=9ce144c62e03] [PERF] Execution time=0.568322

[1 occurrence(s)]
INFO --> [REQ_ID=b36395a0a556] [PERF] Execution time=0.578194

[1 occurrence(s)]
INFO --> [REQ_ID=30a8df3c1d0c] [PERF] Execution time=0.016827

[1 occurrence(s)]
INFO --> [REQ_ID=e2ca734df3b4] [PERF] Execution time=0.039964

[1 occurrence(s)]
INFO --> [REQ_ID=a06598defc7d] [PERF] Execution time=0.041923

[1 occurrence(s)]
INFO --> [REQ_ID=7ec44cb06cb7] [MEMORY][controller-start] 4194304

[1 occurrence(s)]
INFO --> [REQ_ID=7ec44cb06cb7] [MEMORY][commonData:start] 6291456

[1 occurrence(s)]
INFO --> [REQ_ID=7ec44cb06cb7] [MEMORY][commonData:start] 10485760

[1 occurrence(s)]
INFO --> [REQ_ID=7ec44cb06cb7] [PERF] Execution time=0.616487

[1 occurrence(s)]
INFO --> [REQ_ID=d543b307d824] [PERF] Execution time=0.653024

[1 occurrence(s)]
INFO --> [REQ_ID=9088703018ca] [MEMORY][controller-start] 4194304

[1 occurrence(s)]
INFO --> [REQ_ID=9088703018ca] [MEMORY][commonData:start] 6291456

[1 occurrence(s)]
INFO --> [REQ_ID=9088703018ca] [MEMORY][commonData:start] 10485760

[1 occurrence(s)]
INFO --> [REQ_ID=9088703018ca] [PERF] Execution time=0.584512

[1 occurrence(s)]
INFO --> [REQ_ID=c2a2f9a226cb] [PERF] Execution time=0.620939

[1 occurrence(s)]
INFO --> [REQ_ID=07cf6df113ea] [MEMORY][controller-start] 4194304

[1 occurrence(s)]
INFO --> [REQ_ID=07cf6df113ea] [MEMORY][commonData:start] 6291456

[1 occurrence(s)]
INFO --> [REQ_ID=07cf6df113ea] [MEMORY][commonData:start] 10485760

[1 occurrence(s)]
INFO --> [REQ_ID=07cf6df113ea] [PERF] Execution time=0.662727

[1 occurrence(s)]
INFO --> [REQ_ID=23af7ba9b53d] [PERF] Execution time=0.698480

[1 occurrence(s)]
INFO --> [REQ_ID=84c6384693a1] [PERF] Execution time=0.053598

[1 occurrence(s)]
INFO --> [REQ_ID=3d167ccd0f37] [MEMORY][controller-start] 4194304

[1 occurrence(s)]
INFO --> [REQ_ID=3d167ccd0f37] [MEMORY][commonData:start] 6291456

[1 occurrence(s)]
INFO --> [REQ_ID=3d167ccd0f37] [MEMORY][commonData:start] 10485760

[1 occurrence(s)]
INFO --> [REQ_ID=3d167ccd0f37] [PERF] Execution time=0.733371

[1 occurrence(s)]
INFO --> [REQ_ID=d977d4a7bd94] [PERF] Execution time=0.770109

[1 occurrence(s)]
INFO --> [REQ_ID=e725a67a1ed6] [PERF] Execution time=0.043721

[1 occurrence(s)]
INFO --> [REQ_ID=6e8720a1eeb8] [MEMORY][controller-start] 4194304

[1 occurrence(s)]
INFO --> [REQ_ID=6e8720a1eeb8] [MEMORY][commonData:start] 6291456

[1 occurrence(s)]
INFO --> [REQ_ID=6e8720a1eeb8] [MEMORY][commonData:start] 10485760

[1 occurrence(s)]
INFO --> [REQ_ID=6e8720a1eeb8] [PERF] Execution time=0.594878

[1 occurrence(s)]
INFO --> [REQ_ID=4001aea6ea8d] [PERF] Execution time=0.631250

[1 occurrence(s)]
INFO --> [REQ_ID=949c23323a26] [PERF] Execution time=0.094677

[1 occurrence(s)]
INFO --> [REQ_ID=c79822e63c87] [MEMORY][controller-start] 4194304

[1 occurrence(s)]
INFO --> [REQ_ID=c79822e63c87] [MEMORY][commonData:start] 4194304

[1 occurrence(s)]
INFO --> [REQ_ID=c79822e63c87] [MEMORY][commonData:start] 8388608

[1 occurrence(s)]
INFO --> [REQ_ID=c79822e63c87] [PERF] Execution time=0.694508

[1 occurrence(s)]
INFO --> [REQ_ID=98c88f9891bc] [PERF] Execution time=0.711214

[1 occurrence(s)]
INFO --> [REQ_ID=d0ab32fa09ff] [MEMORY][controller-start] 4194304

[1 occurrence(s)]
INFO --> [REQ_ID=d0ab32fa09ff] [PERF] Execution time=0.168370

[1 occurrence(s)]
INFO --> [REQ_ID=5fbe482656f0] [MEMORY][controller-start] 4194304

[1 occurrence(s)]
INFO --> [REQ_ID=5fbe482656f0] [MEMORY][commonData:start] 6291456

[1 occurrence(s)]
INFO --> [REQ_ID=5fbe482656f0] [MEMORY][commonData:start] 8388608

[1 occurrence(s)]
INFO --> [REQ_ID=5fbe482656f0] [PERF] Execution time=0.709095

[1 occurrence(s)]
INFO --> [REQ_ID=428036ef45b4] [PERF] Execution time=0.719950

[1 occurrence(s)]
INFO --> [REQ_ID=9ef220e11faa] [MEMORY][controller-start] 6291456

[1 occurrence(s)]
INFO --> [REQ_ID=9ef220e11faa] [PERF] Execution time=0.014179

[1 occurrence(s)]
INFO --> [REQ_ID=54efcba06dd9] [MEMORY][controller-start] 4194304

[1 occurrence(s)]
INFO --> [REQ_ID=54efcba06dd9] [PERF] Execution time=0.015318

[1 occurrence(s)]
INFO --> [REQ_ID=47c344551a39] [MEMORY][controller-start] 4194304

[1 occurrence(s)]
INFO --> [REQ_ID=47c344551a39] [PERF] Execution time=0.016295

[1 occurrence(s)]
INFO --> [REQ_ID=739685d64504] [MEMORY][controller-start] 4194304

[1 occurrence(s)]
INFO --> [REQ_ID=739685d64504] [PERF] Execution time=0.013248

[1 occurrence(s)]
INFO --> [REQ_ID=03825faf07df] [MEMORY][controller-start] 4194304

[1 occurrence(s)]
INFO --> [REQ_ID=03825faf07df] [PERF] Execution time=0.012231

[1 occurrence(s)]
INFO --> [REQ_ID=f1cb9deecb36] [MEMORY][controller-start] 4194304

[1 occurrence(s)]
INFO --> [REQ_ID=f1cb9deecb36] [PERF] Execution time=0.080839

[1 occurrence(s)]
INFO --> [REQ_ID=5857fc80ea2c] [MEMORY][controller-start] 4194304

[1 occurrence(s)]
INFO --> [REQ_ID=5857fc80ea2c] [MEMORY][commonData:start] 4194304

[1 occurrence(s)]
INFO --> [REQ_ID=5857fc80ea2c] [MEMORY][commonData:start] 8388608

[1 occurrence(s)]
INFO --> [REQ_ID=5857fc80ea2c] [PERF] Execution time=0.505270

[1 occurrence(s)]
INFO --> [REQ_ID=3d03f8b54321] [PERF] Execution time=0.515067

[1 occurrence(s)]
INFO --> [REQ_ID=02bf65c61670] [MEMORY][controller-start] 6291456

[1 occurrence(s)]
INFO --> [REQ_ID=02bf65c61670] [PERF] Execution time=0.014132

[1 occurrence(s)]
INFO --> [REQ_ID=9853c3501278] [MEMORY][controller-start] 4194304

[1 occurrence(s)]
INFO --> [REQ_ID=9853c3501278] [PERF] Execution time=0.013901

[1 occurrence(s)]
INFO --> [REQ_ID=cc7f1f778a8b] [MEMORY][controller-start] 4194304

[1 occurrence(s)]
INFO --> [REQ_ID=cc7f1f778a8b] [PERF] Execution time=0.014556

[1 occurrence(s)]
INFO --> [REQ_ID=a08f594562c4] [MEMORY][controller-start] 4194304

[1 occurrence(s)]
INFO --> [REQ_ID=a08f594562c4] [PERF] Execution time=0.014683

[1 occurrence(s)]
INFO --> [REQ_ID=ff2d90600572] [MEMORY][controller-start] 4194304

[1 occurrence(s)]
INFO --> [REQ_ID=ff2d90600572] [PERF] Execution time=0.017244

[1 occurrence(s)]
INFO --> [REQ_ID=be79bb188a2a] [MEMORY][controller-start] 4194304

[1 occurrence(s)]
INFO --> [REQ_ID=be79bb188a2a] [MEMORY][commonData:start] 4194304

[1 occurrence(s)]
INFO --> [REQ_ID=be79bb188a2a] [MEMORY][commonData:start] 8388608

[1 occurrence(s)]
INFO --> [REQ_ID=be79bb188a2a] [PERF] Execution time=0.542169

[1 occurrence(s)]
INFO --> [REQ_ID=11b262f4189b] [PERF] Execution time=0.552917

[1 occurrence(s)]
INFO --> [REQ_ID=f09ca6ff0f19] [MEMORY][controller-start] 6291456

[1 occurrence(s)]
INFO --> [REQ_ID=f09ca6ff0f19] [PERF] Execution time=0.015747

[1 occurrence(s)]
INFO --> [REQ_ID=bf152798c247] [MEMORY][controller-start] 4194304

[1 occurrence(s)]
INFO --> [REQ_ID=bf152798c247] [MEMORY][commonData:start] 6291456

[1 occurrence(s)]
INFO --> [REQ_ID=bf152798c247] [MEMORY][commonData:start] 10485760

[1 occurrence(s)]
INFO --> [REQ_ID=bf152798c247] [PERF] Execution time=0.585225

[1 occurrence(s)]
INFO --> [REQ_ID=45e75e5134e4] [PERF] Execution time=0.623912

[1 occurrence(s)]
INFO --> [REQ_ID=88d9a386ac8b] [PERF] Execution time=0.053645

[1 occurrence(s)]
INFO --> [REQ_ID=453536260db5] [MEMORY][controller-start] 4194304

[1 occurrence(s)]
INFO --> [REQ_ID=453536260db5] [PERF] Execution time=0.214418

[1 occurrence(s)]
INFO --> [REQ_ID=c1f78179774c] [PERF] Execution time=0.228622

[1 occurrence(s)]
INFO --> [REQ_ID=f7835b200e7d] [PERF] Execution time=0.039895

[1 occurrence(s)]
INFO --> [REQ_ID=c9f0f581608d] [PERF] Execution time=0.041615

[1 occurrence(s)]
INFO --> [REQ_ID=af4fd9bd46a9] [MEMORY][controller-start] 4194304

[1 occurrence(s)]
INFO --> [REQ_ID=af4fd9bd46a9] [MEMORY][commonData:start] 6291456

[1 occurrence(s)]
INFO --> [REQ_ID=af4fd9bd46a9] [MEMORY][commonData:start] 10485760

[1 occurrence(s)]
INFO --> [REQ_ID=af4fd9bd46a9] [PERF] Execution time=0.696317

[1 occurrence(s)]
INFO --> [REQ_ID=f2c2ec0a30ba] [PERF] Execution time=0.733521

[1 occurrence(s)]
INFO --> [REQ_ID=44c14b50138b] [MEMORY][controller-start] 6291456

[1 occurrence(s)]
INFO --> [REQ_ID=44c14b50138b] [MEMORY][commonData:start] 6291456

[1 occurrence(s)]
INFO --> [REQ_ID=44c14b50138b] [MEMORY][commonData:start] 8388608

[1 occurrence(s)]
INFO --> [REQ_ID=44c14b50138b] [PERF] Execution time=0.589491

[1 occurrence(s)]
INFO --> [REQ_ID=2e2843854b04] [PERF] Execution time=0.610655

[1 occurrence(s)]
INFO --> [REQ_ID=7f71f45e235a] [MEMORY][controller-start] 4194304

[1 occurrence(s)]
INFO --> [REQ_ID=7f71f45e235a] [MEMORY][commonData:start] 4194304

[1 occurrence(s)]
INFO --> [REQ_ID=7f71f45e235a] [MEMORY][commonData:start] 8388608

[1 occurrence(s)]
INFO --> [REQ_ID=7f71f45e235a] [PERF] Execution time=0.474664

[1 occurrence(s)]
INFO --> [REQ_ID=6d11e35be974] [PERF] Execution time=0.487309

[1 occurrence(s)]
INFO --> [REQ_ID=54004de19e24] [PERF] Execution time=0.036895

[1 occurrence(s)]
INFO --> [REQ_ID=f8b5c52f2964] [PERF] Execution time=0.052339

[1 occurrence(s)]
INFO --> [REQ_ID=dee53c3edf09] [MEMORY][controller-start] 4194304

[1 occurrence(s)]
INFO --> [REQ_ID=dee53c3edf09] [MEMORY][commonData:start] 6291456

[1 occurrence(s)]
INFO --> [REQ_ID=dee53c3edf09] [MEMORY][commonData:start] 10485760

[1 occurrence(s)]
INFO --> [REQ_ID=dee53c3edf09] [PERF] Execution time=0.750689

[1 occurrence(s)]
INFO --> [REQ_ID=f9d8d2ea2369] [PERF] Execution time=0.787319

[1 occurrence(s)]
INFO --> [REQ_ID=11e4e131f297] [MEMORY][controller-start] 4194304

[1 occurrence(s)]
INFO --> [REQ_ID=11e4e131f297] [MEMORY][commonData:start] 6291456

[1 occurrence(s)]
INFO --> [REQ_ID=11e4e131f297] [MEMORY][commonData:start] 10485760

[1 occurrence(s)]
INFO --> [REQ_ID=11e4e131f297] [PERF] Execution time=0.652632

[1 occurrence(s)]
INFO --> [REQ_ID=c11ab8ad4c5b] [PERF] Execution time=0.689359

[1 occurrence(s)]
INFO --> [REQ_ID=0c18fd4b14db] [PERF] Execution time=0.043945

[1 occurrence(s)]
INFO --> REDIRECTED ROUTE at https://www.mymiwallet.com/Features/Advanced-Investment-Portfolio-Manager

[1 occurrence(s)]
INFO --> [REQ_ID=9ac8e639c1cb] [PERF] Execution time=0.037887

[1 occurrence(s)]
INFO --> [spark:ops:work] Started

[1 occurrence(s)]
INFO --> [SPARK_START] App\Commands\Ops\Work

[3 occurrence(s)]
INFO --> [SPARK_MEMORY] 16777216

[1 occurrence(s)]
INFO --> [spark:ops:work] Intent

[1 occurrence(s)]
INFO --> [SPARK_START] App\Commands\AIOps\Run

[1 occurrence(s)]
INFO --> [spark:aiops:run] Intent

[1 occurrence(s)]
INFO --> [spark:ops:work] Completed

[1 occurrence(s)]
INFO --> [SPARK_COMPLETE] App\Commands\Ops\Work duration=0.051327

[1 occurrence(s)]
INFO --> [SPARK_MEMORY] 18874368

[1 occurrence(s)]
INFO --> [REQ_ID=89acb5b38940] [PERF] Execution time=0.105968

[1 occurrence(s)]
INFO --> [AIOPS][SPARK][GOVERNANCE][spark:logs:summarize] Started

[1 occurrence(s)]
INFO --> [SPARK_START] App\Commands\Logs\Summarize

[1 occurrence(s)]
INFO --> [spark:logs:summarize] Intent


---------------------------
LEVEL: NOTICE
---------------------------

[1 occurrence(s)]
NOTICE --> [HOW_IT_WORKS] Unknown slug fallback: investor-profile


---------------------------
LEVEL: WARNING
---------------------------

[1 occurrence(s)]
WARNING --> [AUTH_FAILURE]

[1 occurrence(s)]
WARNING --> [AUTH] Login failure

[1 occurrence(s)]
WARNING --> [AUTH] Login failed

[1 occurrence(s)]
WARNING --> [AUTH] Password reset request: user not found


---------------------------
LEVEL: ERROR
---------------------------

[4 occurrence(s)]
ERROR --> [404_ROUTE]


===============================================
   HERE'S THE NEW STUFF
   (No previous timestamp recorded – nothing treated as new)
===============================================

---- CONFIG LINT ----
✅ Services::cache
✅ Services::responsecache
✅ Services::session
✅ Services::email
✅ Services::logger
✅ Services::validation
✅ Services::renderer
