===============================================
   MyMI Wallet — Log Summary for 2026-04-30
   Auto-generated by logs:summarize command
   Grouped by (LEVEL + message)
===============================================

Last processed up to: <none> (first run for this date)

---------------------------
LEVEL: DEBUG
---------------------------

[1 occurrence(s)]
DEBUG --> [REQ_ID=cc5dcc830339] [REQUEST][START] GET /index.php/API/Management/Run-CRON-Tasks

[55 occurrence(s)]
DEBUG --> Session: Class initialized using 'CodeIgniter\Session\Handlers\FileHandler' driver.

[1 occurrence(s)]
DEBUG --> [REQ_ID=cc5dcc830339] [FILTER_BEFORE] /index.php/API/Management/Run-CRON-Tasks

[1 occurrence(s)]
DEBUG --> [REQ_ID=cc5dcc830339] [ROUTE] Controller=\App\Modules\APIs\Controllers\ManagementAPIController Method=Run_CRON_Tasks

[1 occurrence(s)]
DEBUG --> [REQ_ID=cc5dcc830339] [LIFECYCLE][START] GET https://www.mymiwallet.com/index.php/API/Management/Run-CRON-Tasks

[1 occurrence(s)]
DEBUG --> [REQ_ID=cc5dcc830339] [REQUEST][END]

[1 occurrence(s)]
DEBUG --> [REQ_ID=ed314add2ad1] [REQUEST][START] GET /index.php/Management/Marketing/Ideas

[1 occurrence(s)]
DEBUG --> [REQ_ID=ed314add2ad1] [REQUEST][END]

[1 occurrence(s)]
DEBUG --> [REQ_ID=96267b394e33] [REQUEST][START] GET /index.php/API/Alerts/fetchEmailAlerts

[1 occurrence(s)]
DEBUG --> [REQ_ID=96267b394e33] [FILTER_BEFORE] /index.php/API/Alerts/fetchEmailAlerts

[1 occurrence(s)]
DEBUG --> [REQ_ID=96267b394e33] [ROUTE] Controller=\App\Modules\APIs\Controllers\AlertsAPIController Method=fetchEmailAlerts

[1 occurrence(s)]
DEBUG --> [REQ_ID=96267b394e33] [LIFECYCLE][START] GET https://www.mymiwallet.com/index.php/API/Alerts/fetchEmailAlerts

[1 occurrence(s)]
DEBUG --> [REQ_ID=96267b394e33] [REQUEST][END]

[1 occurrence(s)]
DEBUG --> [REQ_ID=12ad3da49380] [REQUEST][START] GET /xmlrpc.php

[1 occurrence(s)]
DEBUG --> [REQ_ID=12ad3da49380] [REQUEST][END]

[1 occurrence(s)]
DEBUG --> [REQ_ID=59b8898c0a87] [REQUEST][START] GET /index.php/API/Management/Run-CRON-Tasks

[1 occurrence(s)]
DEBUG --> [REQ_ID=59b8898c0a87] [FILTER_BEFORE] /index.php/API/Management/Run-CRON-Tasks

[1 occurrence(s)]
DEBUG --> [REQ_ID=59b8898c0a87] [ROUTE] Controller=\App\Modules\APIs\Controllers\ManagementAPIController Method=Run_CRON_Tasks

[1 occurrence(s)]
DEBUG --> [REQ_ID=59b8898c0a87] [LIFECYCLE][START] GET https://www.mymiwallet.com/index.php/API/Management/Run-CRON-Tasks

[1 occurrence(s)]
DEBUG --> [REQ_ID=59b8898c0a87] [REQUEST][END]

[1 occurrence(s)]
DEBUG --> [REQ_ID=6b2d68b9949e] [REQUEST][START] GET /index.php/Premium-Features/Wallets

[1 occurrence(s)]
DEBUG --> [REQ_ID=6b2d68b9949e] [REQUEST][END]

[1 occurrence(s)]
DEBUG --> [REQ_ID=9ae8dc010d65] [REQUEST][START] GET /Stock/NASDAQ/PFIE

[1 occurrence(s)]
DEBUG --> [REQ_ID=9ae8dc010d65] [REQUEST][END]

[1 occurrence(s)]
DEBUG --> [REQ_ID=137379ff4748] [REQUEST][START] GET /

[1 occurrence(s)]
DEBUG --> [REQ_ID=137379ff4748] [FILTER_BEFORE] /

[1 occurrence(s)]
DEBUG --> [REQ_ID=137379ff4748] [ROUTE] Controller=\App\Controllers\Home Method=index

[1 occurrence(s)]
DEBUG --> [REQ_ID=137379ff4748] [LIFECYCLE][START] GET https://www.mymiwallet.com/index.php/

[1 occurrence(s)]
DEBUG --> [CSRF] token name=csrf_test_name hash=606a8579a796b88c57d838833d8ed238

[1 occurrence(s)]
DEBUG --> [REQ_ID=4600b09c89cd] [INIT] App\Controllers\Home::GET

[16 occurrence(s)]
DEBUG --> [TRACE]

[5 occurrence(s)]
DEBUG --> [MetaService] slug= pageName= cacheHit= path=FALLBACK

[1 occurrence(s)]
DEBUG --> [REQ_ID=4600b09c89cd] [VIEW_RENDER] themes/public/home

[4 occurrence(s)]
DEBUG --> [MetaService] slug= pageName=Home cacheHit= path=DB

[1 occurrence(s)]
DEBUG --> [REQ_ID=137379ff4748] [FILTER_AFTER]

[1 occurrence(s)]
DEBUG --> [REQ_ID=137379ff4748] [LIFECYCLE][END] status=200 duration_ms=652.12 memory_delta=4194304

[1 occurrence(s)]
DEBUG --> [REQ_ID=137379ff4748] [REQUEST][END]

[1 occurrence(s)]
DEBUG --> [REQ_ID=39010f3df1a5] [REQUEST][START] GET /index.php/API/Alerts/fetchEmailAlerts

[1 occurrence(s)]
DEBUG --> [REQ_ID=39010f3df1a5] [FILTER_BEFORE] /index.php/API/Alerts/fetchEmailAlerts

[1 occurrence(s)]
DEBUG --> [REQ_ID=39010f3df1a5] [ROUTE] Controller=\App\Modules\APIs\Controllers\AlertsAPIController Method=fetchEmailAlerts

[1 occurrence(s)]
DEBUG --> [REQ_ID=39010f3df1a5] [LIFECYCLE][START] GET https://www.mymiwallet.com/index.php/API/Alerts/fetchEmailAlerts

[1 occurrence(s)]
DEBUG --> [REQ_ID=39010f3df1a5] [REQUEST][END]

[1 occurrence(s)]
DEBUG --> [REQ_ID=d40962c4ef19] [REQUEST][START] GET /

[1 occurrence(s)]
DEBUG --> [REQ_ID=d40962c4ef19] [REQUEST][END]

[1 occurrence(s)]
DEBUG --> [REQ_ID=7f517dfa0a11] [REQUEST][START] GET /index.php/Preview/Alert/IMNN

[1 occurrence(s)]
DEBUG --> [REQ_ID=7f517dfa0a11] [FILTER_BEFORE] /index.php/Preview/Alert/IMNN

[1 occurrence(s)]
DEBUG --> [REQ_ID=7f517dfa0a11] [ROUTE] Controller=\App\Modules\User\Controllers\AlertsController Method=preview

[1 occurrence(s)]
DEBUG --> [REQ_ID=7f517dfa0a11] [LIFECYCLE][START] GET https://www.mymiwallet.com/index.php/Preview/Alert/IMNN

[1 occurrence(s)]
DEBUG --> [CSRF] token name=csrf_test_name hash=27bf7a4c96903fceea8f0ba01b5fd41c

[1 occurrence(s)]
DEBUG --> [REQ_ID=ed7ead3101e1] [INIT] App\Modules\User\Controllers\AlertsController::GET

[1 occurrence(s)]
DEBUG --> [REQ_ID=ed7ead3101e1] [METHOD_ENTRY] preview

[5 occurrence(s)]
DEBUG --> MyMIUser L52 - initialized (first log).

[9 occurrence(s)]
DEBUG --> [SERVICE] App\Services\BudgetService ::setUserId

[5 occurrence(s)]
DEBUG --> MyMICoin initialized ONCE

[5 occurrence(s)]
DEBUG --> MyMICoin: guest context detected; skipping user-specific preload.

[4 occurrence(s)]
DEBUG --> MyMIInvestments: no session user detected; skipping personalized hydration.

[2 occurrence(s)]
DEBUG --> MyMIMarketing: Pscrape library not installed; Google search scraping will use fallback.

[4 occurrence(s)]
DEBUG --> MyMIAlerts: no authenticated user context detected.

[1 occurrence(s)]
DEBUG --> [REQ_ID=ed7ead3101e1] [VIEW_RENDER] themes/public/previewAlert

[1 occurrence(s)]
DEBUG --> [REQ_ID=7f517dfa0a11] [FILTER_AFTER]

[1 occurrence(s)]
DEBUG --> [REQ_ID=7f517dfa0a11] [LIFECYCLE][END] status=200 duration_ms=2,049.01 memory_delta=4194304

[1 occurrence(s)]
DEBUG --> [REQ_ID=7f517dfa0a11] [REQUEST][END]

[1 occurrence(s)]
DEBUG --> [REQ_ID=87108a67f95e] [REQUEST][START] GET /index.php/Terms-Of-Service

[1 occurrence(s)]
DEBUG --> [REQ_ID=87108a67f95e] [REQUEST][END]

[1 occurrence(s)]
DEBUG --> [REQ_ID=79da3e2a5e3a] [REQUEST][START] GET /

[1 occurrence(s)]
DEBUG --> [REQ_ID=79da3e2a5e3a] [REQUEST][END]

[1 occurrence(s)]
DEBUG --> [REQ_ID=cecfbb7b18a3] [REQUEST][START] GET /index.php/API/Management/Run-CRON-Tasks

[1 occurrence(s)]
DEBUG --> [REQ_ID=cecfbb7b18a3] [FILTER_BEFORE] /index.php/API/Management/Run-CRON-Tasks

[1 occurrence(s)]
DEBUG --> [REQ_ID=cecfbb7b18a3] [ROUTE] Controller=\App\Modules\APIs\Controllers\ManagementAPIController Method=Run_CRON_Tasks

[1 occurrence(s)]
DEBUG --> [REQ_ID=cecfbb7b18a3] [LIFECYCLE][START] GET https://www.mymiwallet.com/index.php/API/Management/Run-CRON-Tasks

[1 occurrence(s)]
DEBUG --> [REQ_ID=cecfbb7b18a3] [REQUEST][END]

[1 occurrence(s)]
DEBUG --> [REQ_ID=529917f5eb49] [REQUEST][START] GET /index.php/API/Alerts/fetchEmailAlerts

[1 occurrence(s)]
DEBUG --> [REQ_ID=529917f5eb49] [FILTER_BEFORE] /index.php/API/Alerts/fetchEmailAlerts

[1 occurrence(s)]
DEBUG --> [REQ_ID=529917f5eb49] [ROUTE] Controller=\App\Modules\APIs\Controllers\AlertsAPIController Method=fetchEmailAlerts

[1 occurrence(s)]
DEBUG --> [REQ_ID=529917f5eb49] [LIFECYCLE][START] GET https://www.mymiwallet.com/index.php/API/Alerts/fetchEmailAlerts

[1 occurrence(s)]
DEBUG --> [REQ_ID=529917f5eb49] [REQUEST][END]

[1 occurrence(s)]
DEBUG --> [REQ_ID=9ae7242e0d93] [REQUEST][START] GET /index.php/Account/Social-Media

[1 occurrence(s)]
DEBUG --> [REQ_ID=9ae7242e0d93] [FILTER_BEFORE] /index.php/Account/Social-Media

[1 occurrence(s)]
DEBUG --> [REQ_ID=9ae7242e0d93] [ROUTE] Controller=\App\Modules\User\Controllers\DashboardController Method=SocialMedia

[1 occurrence(s)]
DEBUG --> [REQ_ID=9ae7242e0d93] [LIFECYCLE][START] GET https://www.mymiwallet.com/index.php/Account/Social-Media

[2 occurrence(s)]
DEBUG --> [CSRF] token name=csrf_test_name hash=b7836e4a7d02085f7380f7644e16f5ce

[8 occurrence(s)]
DEBUG --> [REDIRECT_URL_WRITER]

[1 occurrence(s)]
DEBUG --> [REQ_ID=9ae7242e0d93] [REQUEST][END]

[1 occurrence(s)]
DEBUG --> [REQ_ID=b926367e2bea] [REQUEST][START] GET /index.php/login

[1 occurrence(s)]
DEBUG --> [REQ_ID=b926367e2bea] [FILTER_BEFORE] /index.php/login

[1 occurrence(s)]
DEBUG --> [REQ_ID=b926367e2bea] [ROUTE] Controller=\App\Controllers\AuthController Method=login

[1 occurrence(s)]
DEBUG --> [REQ_ID=b926367e2bea] [LIFECYCLE][START] GET https://www.mymiwallet.com/index.php/login

[1 occurrence(s)]
DEBUG --> [REQ_ID=6ed27bac42e3] [INIT] App\Controllers\AuthController::GET

[1 occurrence(s)]
DEBUG --> [AUTH_LOGIN_VIEW_REDIRECT_URL] /Account/Social-Media

[8 occurrence(s)]
DEBUG --> [VIEW_RESOLUTION] Render configuration

[4 occurrence(s)]
DEBUG --> [AUTH_RENDER] Final render config

[1 occurrence(s)]
DEBUG --> [REQ_ID=b926367e2bea] [FILTER_AFTER]

[1 occurrence(s)]
DEBUG --> [REQ_ID=b926367e2bea] [LIFECYCLE][END] status=200 duration_ms=199.04 memory_delta=2097152

[1 occurrence(s)]
DEBUG --> [REQ_ID=b926367e2bea] [REQUEST][END]

[1 occurrence(s)]
DEBUG --> [REQ_ID=c964d309ab0a] [REQUEST][START] GET /

[1 occurrence(s)]
DEBUG --> [REQ_ID=c964d309ab0a] [REQUEST][END]

[1 occurrence(s)]
DEBUG --> [REQ_ID=ee2023d1ab16] [REQUEST][START] GET /

[1 occurrence(s)]
DEBUG --> [REQ_ID=ee2023d1ab16] [FILTER_BEFORE] /

[1 occurrence(s)]
DEBUG --> [REQ_ID=ee2023d1ab16] [ROUTE] Controller=\App\Controllers\Home Method=index

[1 occurrence(s)]
DEBUG --> [REQ_ID=ee2023d1ab16] [LIFECYCLE][START] GET https://www.mymiwallet.com/index.php/

[1 occurrence(s)]
DEBUG --> [CSRF] token name=csrf_test_name hash=5b25bc7cb8492e9d2a8e5a00ea1c254d

[1 occurrence(s)]
DEBUG --> [REQ_ID=2136ef491f5b] [INIT] App\Controllers\Home::GET

[1 occurrence(s)]
DEBUG --> [REQ_ID=2136ef491f5b] [VIEW_RENDER] themes/public/home

[1 occurrence(s)]
DEBUG --> [REQ_ID=ee2023d1ab16] [FILTER_AFTER]

[1 occurrence(s)]
DEBUG --> [REQ_ID=ee2023d1ab16] [LIFECYCLE][END] status=200 duration_ms=680.64 memory_delta=4194304

[1 occurrence(s)]
DEBUG --> [REQ_ID=ee2023d1ab16] [REQUEST][END]

[1 occurrence(s)]
DEBUG --> [REQ_ID=c02917ac68f1] [REQUEST][START] GET /index.php/Dashboard

[1 occurrence(s)]
DEBUG --> [REQ_ID=c02917ac68f1] [REQUEST][END]

[1 occurrence(s)]
DEBUG --> [REQ_ID=0c6be444e290] [REQUEST][START] GET /index.php/API/Management/Run-CRON-Tasks

[1 occurrence(s)]
DEBUG --> [REQ_ID=0c6be444e290] [FILTER_BEFORE] /index.php/API/Management/Run-CRON-Tasks

[1 occurrence(s)]
DEBUG --> [REQ_ID=0c6be444e290] [ROUTE] Controller=\App\Modules\APIs\Controllers\ManagementAPIController Method=Run_CRON_Tasks

[1 occurrence(s)]
DEBUG --> [REQ_ID=0c6be444e290] [LIFECYCLE][START] GET https://www.mymiwallet.com/index.php/API/Management/Run-CRON-Tasks

[1 occurrence(s)]
DEBUG --> [REQ_ID=0c6be444e290] [REQUEST][END]

[1 occurrence(s)]
DEBUG --> [REQ_ID=42578aff8a4a] [REQUEST][START] GET /index.php/API/Alerts/fetchEmailAlerts

[1 occurrence(s)]
DEBUG --> [REQ_ID=42578aff8a4a] [FILTER_BEFORE] /index.php/API/Alerts/fetchEmailAlerts

[1 occurrence(s)]
DEBUG --> [REQ_ID=42578aff8a4a] [ROUTE] Controller=\App\Modules\APIs\Controllers\AlertsAPIController Method=fetchEmailAlerts

[1 occurrence(s)]
DEBUG --> [REQ_ID=42578aff8a4a] [LIFECYCLE][START] GET https://www.mymiwallet.com/index.php/API/Alerts/fetchEmailAlerts

[1 occurrence(s)]
DEBUG --> [REQ_ID=42578aff8a4a] [REQUEST][END]

[1 occurrence(s)]
DEBUG --> [REQ_ID=48904016cfdd] [REQUEST][START] GET /index.php/Knowledgebase/Getting-Started

[1 occurrence(s)]
DEBUG --> [REQ_ID=48904016cfdd] [REQUEST][END]

[1 occurrence(s)]
DEBUG --> [REQ_ID=716b8368cf86] [REQUEST][START] GET /index.php/API/Management/Run-CRON-Tasks

[1 occurrence(s)]
DEBUG --> [REQ_ID=716b8368cf86] [FILTER_BEFORE] /index.php/API/Management/Run-CRON-Tasks

[1 occurrence(s)]
DEBUG --> [REQ_ID=716b8368cf86] [ROUTE] Controller=\App\Modules\APIs\Controllers\ManagementAPIController Method=Run_CRON_Tasks

[1 occurrence(s)]
DEBUG --> [REQ_ID=716b8368cf86] [LIFECYCLE][START] GET https://www.mymiwallet.com/index.php/API/Management/Run-CRON-Tasks

[1 occurrence(s)]
DEBUG --> [REQ_ID=716b8368cf86] [REQUEST][END]

[1 occurrence(s)]
DEBUG --> [REQ_ID=179bb14032e7] [REQUEST][START] GET /

[1 occurrence(s)]
DEBUG --> [REQ_ID=179bb14032e7] [FILTER_BEFORE] /

[1 occurrence(s)]
DEBUG --> [REQ_ID=179bb14032e7] [ROUTE] Controller=\App\Controllers\Home Method=index

[1 occurrence(s)]
DEBUG --> [REQ_ID=179bb14032e7] [LIFECYCLE][START] GET https://www.mymiwallet.com/index.php/

[1 occurrence(s)]
DEBUG --> [CSRF] token name=csrf_test_name hash=7d7b735a22b2fb3b4537127f5b4ae658

[1 occurrence(s)]
DEBUG --> [REQ_ID=8c4d3dd1cef8] [INIT] App\Controllers\Home::GET

[1 occurrence(s)]
DEBUG --> [REQ_ID=8c4d3dd1cef8] [VIEW_RENDER] themes/public/home

[1 occurrence(s)]
DEBUG --> [REQ_ID=179bb14032e7] [FILTER_AFTER]

[1 occurrence(s)]
DEBUG --> [REQ_ID=179bb14032e7] [LIFECYCLE][END] status=200 duration_ms=865.08 memory_delta=4194304

[1 occurrence(s)]
DEBUG --> [REQ_ID=179bb14032e7] [REQUEST][END]

[1 occurrence(s)]
DEBUG --> [REQ_ID=08e013d933c0] [REQUEST][START] GET /

[1 occurrence(s)]
DEBUG --> [REQ_ID=08e013d933c0] [FILTER_BEFORE] /

[1 occurrence(s)]
DEBUG --> [REQ_ID=08e013d933c0] [ROUTE] Controller=\App\Controllers\Home Method=index

[1 occurrence(s)]
DEBUG --> [REQ_ID=08e013d933c0] [LIFECYCLE][START] GET https://www.mymiwallet.com/index.php/

[1 occurrence(s)]
DEBUG --> [CSRF] token name=csrf_test_name hash=8fbdc6df11884bff3c9d728fd3bbc05c

[1 occurrence(s)]
DEBUG --> [REQ_ID=c8e44bdb78eb] [INIT] App\Controllers\Home::GET

[2 occurrence(s)]
DEBUG --> [MetaService] slug= pageName= cacheHit=1 path=CACHE

[1 occurrence(s)]
DEBUG --> [REQ_ID=c8e44bdb78eb] [VIEW_RENDER] themes/public/home

[3 occurrence(s)]
DEBUG --> [MetaService] slug= pageName=Home cacheHit=1 path=CACHE

[1 occurrence(s)]
DEBUG --> [REQ_ID=08e013d933c0] [FILTER_AFTER]

[1 occurrence(s)]
DEBUG --> [REQ_ID=08e013d933c0] [LIFECYCLE][END] status=200 duration_ms=596.82 memory_delta=2097152

[1 occurrence(s)]
DEBUG --> [REQ_ID=08e013d933c0] [REQUEST][END]

[1 occurrence(s)]
DEBUG --> [REQ_ID=3b35aac91270] [REQUEST][START] GET /

[1 occurrence(s)]
DEBUG --> [REQ_ID=3b35aac91270] [FILTER_BEFORE] /

[1 occurrence(s)]
DEBUG --> [REQ_ID=3b35aac91270] [ROUTE] Controller=\App\Controllers\Home Method=index

[1 occurrence(s)]
DEBUG --> [REQ_ID=3b35aac91270] [LIFECYCLE][START] GET https://www.mymiwallet.com/index.php/

[1 occurrence(s)]
DEBUG --> [CSRF] token name=csrf_test_name hash=13a0afc9350a8fa0ac3820091e5acbb3

[1 occurrence(s)]
DEBUG --> [REQ_ID=0f0b3fc1c723] [INIT] App\Controllers\Home::GET

[1 occurrence(s)]
DEBUG --> [REQ_ID=0f0b3fc1c723] [VIEW_RENDER] themes/public/home

[1 occurrence(s)]
DEBUG --> [REQ_ID=3b35aac91270] [FILTER_AFTER]

[1 occurrence(s)]
DEBUG --> [REQ_ID=3b35aac91270] [LIFECYCLE][END] status=200 duration_ms=592.23 memory_delta=2097152

[1 occurrence(s)]
DEBUG --> [REQ_ID=3b35aac91270] [REQUEST][END]

[1 occurrence(s)]
DEBUG --> [REQ_ID=7d3b5c95870e] [REQUEST][START] GET /index.php/API/Alerts/fetchEmailAlerts

[1 occurrence(s)]
DEBUG --> [REQ_ID=7d3b5c95870e] [FILTER_BEFORE] /index.php/API/Alerts/fetchEmailAlerts

[1 occurrence(s)]
DEBUG --> [REQ_ID=7d3b5c95870e] [ROUTE] Controller=\App\Modules\APIs\Controllers\AlertsAPIController Method=fetchEmailAlerts

[1 occurrence(s)]
DEBUG --> [REQ_ID=7d3b5c95870e] [LIFECYCLE][START] GET https://www.mymiwallet.com/index.php/API/Alerts/fetchEmailAlerts

[1 occurrence(s)]
DEBUG --> [REQ_ID=7d3b5c95870e] [REQUEST][END]

[1 occurrence(s)]
DEBUG --> [REQ_ID=655fd98c9ce6] [REQUEST][START] GET /index.php/Preview/Alert/GRAB

[1 occurrence(s)]
DEBUG --> [REQ_ID=655fd98c9ce6] [FILTER_BEFORE] /index.php/Preview/Alert/GRAB

[1 occurrence(s)]
DEBUG --> [REQ_ID=655fd98c9ce6] [ROUTE] Controller=\App\Modules\User\Controllers\AlertsController Method=preview

[1 occurrence(s)]
DEBUG --> [REQ_ID=655fd98c9ce6] [LIFECYCLE][START] GET https://www.mymiwallet.com/index.php/Preview/Alert/GRAB

[1 occurrence(s)]
DEBUG --> [CSRF] token name=csrf_test_name hash=bdbf603133f47f314dc0bcd0642bc970

[1 occurrence(s)]
DEBUG --> [REQ_ID=218f25378d22] [INIT] App\Modules\User\Controllers\AlertsController::GET

[1 occurrence(s)]
DEBUG --> [REQ_ID=218f25378d22] [METHOD_ENTRY] preview

[1 occurrence(s)]
DEBUG --> [REQ_ID=218f25378d22] [VIEW_RENDER] themes/public/previewAlert

[1 occurrence(s)]
DEBUG --> [REQ_ID=655fd98c9ce6] [FILTER_AFTER]

[1 occurrence(s)]
DEBUG --> [REQ_ID=655fd98c9ce6] [LIFECYCLE][END] status=200 duration_ms=719.86 memory_delta=2097152

[1 occurrence(s)]
DEBUG --> [REQ_ID=655fd98c9ce6] [REQUEST][END]

[1 occurrence(s)]
DEBUG --> [REQ_ID=f6729dd56d1b] [REQUEST][START] GET /

[1 occurrence(s)]
DEBUG --> [REQ_ID=f6729dd56d1b] [FILTER_BEFORE] /

[1 occurrence(s)]
DEBUG --> [REQ_ID=f6729dd56d1b] [ROUTE] Controller=\App\Controllers\Home Method=index

[1 occurrence(s)]
DEBUG --> [REQ_ID=f6729dd56d1b] [LIFECYCLE][START] GET https://www.mymiwallet.com/index.php/

[1 occurrence(s)]
DEBUG --> [CSRF] token name=csrf_test_name hash=d05c024802b32207a86db2c4415c28f9

[1 occurrence(s)]
DEBUG --> [REQ_ID=6974fda8e32d] [INIT] App\Controllers\Home::GET

[1 occurrence(s)]
DEBUG --> [REQ_ID=6974fda8e32d] [VIEW_RENDER] themes/public/home

[1 occurrence(s)]
DEBUG --> [REQ_ID=f6729dd56d1b] [FILTER_AFTER]

[1 occurrence(s)]
DEBUG --> [REQ_ID=f6729dd56d1b] [LIFECYCLE][END] status=200 duration_ms=825.47 memory_delta=4194304

[1 occurrence(s)]
DEBUG --> [REQ_ID=f6729dd56d1b] [REQUEST][END]

[1 occurrence(s)]
DEBUG --> [REQ_ID=75472725bcaa] [REQUEST][START] GET /wp-admin

[1 occurrence(s)]
DEBUG --> [REQ_ID=75472725bcaa] [REQUEST][END]

[1 occurrence(s)]
DEBUG --> [REQ_ID=d67fa0101eae] [REQUEST][START] GET /index.php/API/Management/Run-CRON-Tasks

[1 occurrence(s)]
DEBUG --> [REQ_ID=d67fa0101eae] [FILTER_BEFORE] /index.php/API/Management/Run-CRON-Tasks

[1 occurrence(s)]
DEBUG --> [REQ_ID=d67fa0101eae] [ROUTE] Controller=\App\Modules\APIs\Controllers\ManagementAPIController Method=Run_CRON_Tasks

[1 occurrence(s)]
DEBUG --> [REQ_ID=d67fa0101eae] [LIFECYCLE][START] GET https://www.mymiwallet.com/index.php/API/Management/Run-CRON-Tasks

[1 occurrence(s)]
DEBUG --> [REQ_ID=d67fa0101eae] [REQUEST][END]

[1 occurrence(s)]
DEBUG --> [REQ_ID=24bb4c04fe8e] [REQUEST][START] GET /index.php/How-It-Works/Daily-Financial-News

[1 occurrence(s)]
DEBUG --> [REQ_ID=24bb4c04fe8e] [FILTER_BEFORE] /index.php/How-It-Works/Daily-Financial-News

[1 occurrence(s)]
DEBUG --> [REQ_ID=24bb4c04fe8e] [ROUTE] Controller=\App\Modules\Blog\Controllers\HowItWorksController Method=show

[1 occurrence(s)]
DEBUG --> [REQ_ID=24bb4c04fe8e] [LIFECYCLE][START] GET https://www.mymiwallet.com/index.php/How-It-Works/Daily-Financial-News

[1 occurrence(s)]
DEBUG --> [CSRF] token name=csrf_test_name hash=57b02e7aa693028d573e906f60ecd498

[1 occurrence(s)]
DEBUG --> [REQ_ID=368b8f51bbca] [INIT] App\Modules\Blog\Controllers\HowItWorksController::GET

[1 occurrence(s)]
DEBUG --> [REQ_ID=368b8f51bbca] [METHOD_ENTRY] show

[1 occurrence(s)]
DEBUG --> [HOW_IT_WORKS] slug=daily-financial-news

[1 occurrence(s)]
DEBUG --> [REQ_ID=24bb4c04fe8e] [FILTER_AFTER]

[1 occurrence(s)]
DEBUG --> [REQ_ID=24bb4c04fe8e] [LIFECYCLE][END] status=200 duration_ms=1,010.27 memory_delta=4194304

[1 occurrence(s)]
DEBUG --> [REQ_ID=24bb4c04fe8e] [REQUEST][END]

[1 occurrence(s)]
DEBUG --> [REQ_ID=3dd5bf059ef4] [REQUEST][START] GET /index.php/Home

[1 occurrence(s)]
DEBUG --> [REQ_ID=3dd5bf059ef4] [REQUEST][END]

[1 occurrence(s)]
DEBUG --> [REQ_ID=1903d46dbcd4] [REQUEST][START] GET /index.php/Knowledge-Base/Account-And-Billing

[1 occurrence(s)]
DEBUG --> [REQ_ID=1903d46dbcd4] [REQUEST][END]

[1 occurrence(s)]
DEBUG --> [REQ_ID=17628e24f88c] [REQUEST][START] GET /index.php/Stock/NYSE/ENIA

[1 occurrence(s)]
DEBUG --> [REQ_ID=17628e24f88c] [REQUEST][END]

[1 occurrence(s)]
DEBUG --> [REQ_ID=d9c2881695cf] [REQUEST][START] GET /index.php/API/Alerts/fetchEmailAlerts

[1 occurrence(s)]
DEBUG --> [REQ_ID=d9c2881695cf] [FILTER_BEFORE] /index.php/API/Alerts/fetchEmailAlerts

[1 occurrence(s)]
DEBUG --> [REQ_ID=d9c2881695cf] [ROUTE] Controller=\App\Modules\APIs\Controllers\AlertsAPIController Method=fetchEmailAlerts

[1 occurrence(s)]
DEBUG --> [REQ_ID=d9c2881695cf] [LIFECYCLE][START] GET https://www.mymiwallet.com/index.php/API/Alerts/fetchEmailAlerts

[1 occurrence(s)]
DEBUG --> [REQ_ID=d9c2881695cf] [REQUEST][END]

[1 occurrence(s)]
DEBUG --> [REQ_ID=8facdbc2be11] [REQUEST][START] GET /

[1 occurrence(s)]
DEBUG --> [REQ_ID=8facdbc2be11] [FILTER_BEFORE] /

[1 occurrence(s)]
DEBUG --> [REQ_ID=8facdbc2be11] [ROUTE] Controller=\App\Controllers\Home Method=index

[1 occurrence(s)]
DEBUG --> [REQ_ID=8facdbc2be11] [LIFECYCLE][START] GET https://www.mymiwallet.com/index.php/

[2 occurrence(s)]
DEBUG --> [CSRF] token name=csrf_test_name hash=243ea36b36171c8c2b90f66311c2582e

[1 occurrence(s)]
DEBUG --> [REQ_ID=27df964fea65] [INIT] App\Controllers\Home::GET

[1 occurrence(s)]
DEBUG --> [REQ_ID=27df964fea65] [VIEW_RENDER] themes/public/home

[1 occurrence(s)]
DEBUG --> [REQ_ID=8facdbc2be11] [FILTER_AFTER]

[1 occurrence(s)]
DEBUG --> [REQ_ID=8facdbc2be11] [LIFECYCLE][END] status=200 duration_ms=733.32 memory_delta=4194304

[1 occurrence(s)]
DEBUG --> [REQ_ID=8facdbc2be11] [REQUEST][END]

[1 occurrence(s)]
DEBUG --> [REQ_ID=e5a9e0322bea] [REQUEST][START] GET /index.php/How-It-Works/Investment-Dashboard

[1 occurrence(s)]
DEBUG --> [REQ_ID=e5a9e0322bea] [FILTER_BEFORE] /index.php/How-It-Works/Investment-Dashboard

[1 occurrence(s)]
DEBUG --> [REQ_ID=e5a9e0322bea] [ROUTE] Controller=\App\Modules\Blog\Controllers\HowItWorksController Method=show

[1 occurrence(s)]
DEBUG --> [REQ_ID=e5a9e0322bea] [LIFECYCLE][START] GET https://www.mymiwallet.com/index.php/How-It-Works/Investment-Dashboard

[1 occurrence(s)]
DEBUG --> [REQ_ID=e5d7510c9e21] [INIT] App\Modules\Blog\Controllers\HowItWorksController::GET

[1 occurrence(s)]
DEBUG --> [REQ_ID=e5d7510c9e21] [METHOD_ENTRY] show

[1 occurrence(s)]
DEBUG --> [HOW_IT_WORKS] slug=investment-dashboard

[1 occurrence(s)]
DEBUG --> [REQ_ID=e5a9e0322bea] [FILTER_AFTER]

[1 occurrence(s)]
DEBUG --> [REQ_ID=e5a9e0322bea] [LIFECYCLE][END] status=200 duration_ms=596.14 memory_delta=2097152

[1 occurrence(s)]
DEBUG --> [REQ_ID=e5a9e0322bea] [REQUEST][END]

[1 occurrence(s)]
DEBUG --> [REQ_ID=a608f724fdf6] [REQUEST][START] GET /index.php/Management/Marketing/Blog-Creator

[1 occurrence(s)]
DEBUG --> [REQ_ID=a608f724fdf6] [FILTER_BEFORE] /index.php/Management/Marketing/Blog-Creator

[1 occurrence(s)]
DEBUG --> [REQ_ID=a608f724fdf6] [ROUTE] Controller=\App\Modules\Management\Controllers\MarketingAdminController Method=blogCreator

[1 occurrence(s)]
DEBUG --> [REQ_ID=a608f724fdf6] [LIFECYCLE][START] GET https://www.mymiwallet.com/index.php/Management/Marketing/Blog-Creator

[2 occurrence(s)]
DEBUG --> [CSRF] token name=csrf_test_name hash=c4b903e1fae1bae4d01c33cc58e8f5c2

[1 occurrence(s)]
DEBUG --> [REQ_ID=a608f724fdf6] [REQUEST][END]

[1 occurrence(s)]
DEBUG --> [REQ_ID=a9c294a8952a] [REQUEST][START] GET /index.php/login

[1 occurrence(s)]
DEBUG --> [REQ_ID=a9c294a8952a] [FILTER_BEFORE] /index.php/login

[1 occurrence(s)]
DEBUG --> [REQ_ID=a9c294a8952a] [ROUTE] Controller=\App\Controllers\AuthController Method=login

[1 occurrence(s)]
DEBUG --> [REQ_ID=a9c294a8952a] [LIFECYCLE][START] GET https://www.mymiwallet.com/index.php/login

[1 occurrence(s)]
DEBUG --> [REQ_ID=ddab20338e03] [INIT] App\Controllers\AuthController::GET

[1 occurrence(s)]
DEBUG --> [AUTH_LOGIN_VIEW_REDIRECT_URL] /Management/Marketing/Blog-Creator

[1 occurrence(s)]
DEBUG --> [REQ_ID=a9c294a8952a] [FILTER_AFTER]

[1 occurrence(s)]
DEBUG --> [REQ_ID=a9c294a8952a] [LIFECYCLE][END] status=200 duration_ms=157.00 memory_delta=2097152

[1 occurrence(s)]
DEBUG --> [REQ_ID=a9c294a8952a] [REQUEST][END]

[1 occurrence(s)]
DEBUG --> [REQ_ID=b8fc9558f4db] [REQUEST][START] GET /index.php/Investments/Reports

[1 occurrence(s)]
DEBUG --> [REQ_ID=b8fc9558f4db] [REQUEST][END]

[1 occurrence(s)]
DEBUG --> [REQ_ID=ea1bc2686d81] [REQUEST][START] GET /Investments/Trade-Tracker

[1 occurrence(s)]
DEBUG --> [REQ_ID=ea1bc2686d81] [REQUEST][END]

[1 occurrence(s)]
DEBUG --> [REQ_ID=2437c688c17a] [REQUEST][START] GET /index.php/How-It-Works/MyMI-Exchange

[1 occurrence(s)]
DEBUG --> [REQ_ID=2437c688c17a] [FILTER_BEFORE] /index.php/How-It-Works/MyMI-Exchange

[1 occurrence(s)]
DEBUG --> [REQ_ID=2437c688c17a] [ROUTE] Controller=\App\Modules\Blog\Controllers\HowItWorksController Method=show

[1 occurrence(s)]
DEBUG --> [REQ_ID=2437c688c17a] [LIFECYCLE][START] GET https://www.mymiwallet.com/index.php/How-It-Works/MyMI-Exchange

[1 occurrence(s)]
DEBUG --> [CSRF] token name=csrf_test_name hash=c621944e836cbed5eb75720b0e9fa75a

[1 occurrence(s)]
DEBUG --> [REQ_ID=912f2817105a] [INIT] App\Modules\Blog\Controllers\HowItWorksController::GET

[1 occurrence(s)]
DEBUG --> [REQ_ID=912f2817105a] [METHOD_ENTRY] show

[1 occurrence(s)]
DEBUG --> [HOW_IT_WORKS] slug=mymi-exchange

[1 occurrence(s)]
DEBUG --> [REQ_ID=2437c688c17a] [FILTER_AFTER]

[1 occurrence(s)]
DEBUG --> [REQ_ID=2437c688c17a] [LIFECYCLE][END] status=200 duration_ms=1,286.25 memory_delta=4194304

[1 occurrence(s)]
DEBUG --> [REQ_ID=2437c688c17a] [REQUEST][END]

[1 occurrence(s)]
DEBUG --> [REQ_ID=8b8b9562e6d0] [REQUEST][START] GET /index.php/API/Management/Run-CRON-Tasks

[1 occurrence(s)]
DEBUG --> [REQ_ID=8b8b9562e6d0] [FILTER_BEFORE] /index.php/API/Management/Run-CRON-Tasks

[1 occurrence(s)]
DEBUG --> [REQ_ID=8b8b9562e6d0] [ROUTE] Controller=\App\Modules\APIs\Controllers\ManagementAPIController Method=Run_CRON_Tasks

[1 occurrence(s)]
DEBUG --> [REQ_ID=8b8b9562e6d0] [LIFECYCLE][START] GET https://www.mymiwallet.com/index.php/API/Management/Run-CRON-Tasks

[1 occurrence(s)]
DEBUG --> [REQ_ID=8b8b9562e6d0] [REQUEST][END]

[1 occurrence(s)]
DEBUG --> [REQ_ID=a9558d34b4d7] [REQUEST][START] GET /index.php/Legal/Privacy-Policy

[1 occurrence(s)]
DEBUG --> [REQ_ID=a9558d34b4d7] [REQUEST][END]

[1 occurrence(s)]
DEBUG --> [REQ_ID=856ee8b591e3] [REQUEST][START] GET /index.php/API/Alerts/fetchEmailAlerts

[1 occurrence(s)]
DEBUG --> [REQ_ID=856ee8b591e3] [FILTER_BEFORE] /index.php/API/Alerts/fetchEmailAlerts

[1 occurrence(s)]
DEBUG --> [REQ_ID=856ee8b591e3] [ROUTE] Controller=\App\Modules\APIs\Controllers\AlertsAPIController Method=fetchEmailAlerts

[1 occurrence(s)]
DEBUG --> [REQ_ID=856ee8b591e3] [LIFECYCLE][START] GET https://www.mymiwallet.com/index.php/API/Alerts/fetchEmailAlerts

[1 occurrence(s)]
DEBUG --> [REQ_ID=856ee8b591e3] [REQUEST][END]

[1 occurrence(s)]
DEBUG --> [REQ_ID=6280ed270ee1] [REQUEST][START] GET /index.php/forgot

[1 occurrence(s)]
DEBUG --> [REQ_ID=6280ed270ee1] [REQUEST][END]

[1 occurrence(s)]
DEBUG --> [REQ_ID=c977469c227a] [REQUEST][START] GET /index.php/Management/Marketing/Content/Generator

[1 occurrence(s)]
DEBUG --> [REQ_ID=c977469c227a] [FILTER_BEFORE] /index.php/Management/Marketing/Content/Generator

[1 occurrence(s)]
DEBUG --> [REQ_ID=c977469c227a] [ROUTE] Controller=\App\Modules\Management\Controllers\MarketingAdminController Method=contentGenerator

[1 occurrence(s)]
DEBUG --> [REQ_ID=c977469c227a] [LIFECYCLE][START] GET https://www.mymiwallet.com/index.php/Management/Marketing/Content/Generator

[1 occurrence(s)]
DEBUG --> [CSRF] token name=csrf_test_name hash=e27bc9268d0ba82b955fcc1a761555f5

[1 occurrence(s)]
DEBUG --> [REQ_ID=c977469c227a] [REQUEST][END]

[1 occurrence(s)]
DEBUG --> [REQ_ID=54f8b93a53bf] [REQUEST][START] GET /index.php/login

[1 occurrence(s)]
DEBUG --> [REQ_ID=54f8b93a53bf] [FILTER_BEFORE] /index.php/login

[1 occurrence(s)]
DEBUG --> [REQ_ID=54f8b93a53bf] [ROUTE] Controller=\App\Controllers\AuthController Method=login

[1 occurrence(s)]
DEBUG --> [REQ_ID=54f8b93a53bf] [LIFECYCLE][START] GET https://www.mymiwallet.com/index.php/login

[1 occurrence(s)]
DEBUG --> [CSRF] token name=csrf_test_name hash=08957eace9afbb92478c26dce21afa3f

[1 occurrence(s)]
DEBUG --> [REQ_ID=8e212c93e70a] [INIT] App\Controllers\AuthController::GET

[1 occurrence(s)]
DEBUG --> [AUTH_LOGIN_VIEW_REDIRECT_URL]

[1 occurrence(s)]
DEBUG --> [REQ_ID=54f8b93a53bf] [FILTER_AFTER]

[1 occurrence(s)]
DEBUG --> [REQ_ID=54f8b93a53bf] [LIFECYCLE][END] status=200 duration_ms=177.15 memory_delta=2097152

[1 occurrence(s)]
DEBUG --> [REQ_ID=54f8b93a53bf] [REQUEST][END]

[1 occurrence(s)]
DEBUG --> [REQ_ID=f1b21c3c5253] [REQUEST][START] GET /index.php/Trade-Tracker

[1 occurrence(s)]
DEBUG --> [REQ_ID=f1b21c3c5253] [FILTER_BEFORE] /index.php/Trade-Tracker

[1 occurrence(s)]
DEBUG --> [REQ_ID=f1b21c3c5253] [ROUTE] Controller=\App\Modules\User\Controllers\InvestmentsController Method=tradeTracker

[1 occurrence(s)]
DEBUG --> [REQ_ID=f1b21c3c5253] [LIFECYCLE][START] GET https://www.mymiwallet.com/index.php/Trade-Tracker

[2 occurrence(s)]
DEBUG --> [CSRF] token name=csrf_test_name hash=d48a4fd316b9a20dddcb533c4c3568a9

[1 occurrence(s)]
DEBUG --> [REQ_ID=f1b21c3c5253] [REQUEST][END]

[1 occurrence(s)]
DEBUG --> [REQ_ID=d1198fea6ec6] [REQUEST][START] GET /index.php/login

[1 occurrence(s)]
DEBUG --> [REQ_ID=d1198fea6ec6] [FILTER_BEFORE] /index.php/login

[1 occurrence(s)]
DEBUG --> [REQ_ID=d1198fea6ec6] [ROUTE] Controller=\App\Controllers\AuthController Method=login

[1 occurrence(s)]
DEBUG --> [REQ_ID=d1198fea6ec6] [LIFECYCLE][START] GET https://www.mymiwallet.com/index.php/login

[1 occurrence(s)]
DEBUG --> [REQ_ID=74e089781501] [INIT] App\Controllers\AuthController::GET

[1 occurrence(s)]
DEBUG --> [AUTH_LOGIN_VIEW_REDIRECT_URL] /Trade-Tracker

[1 occurrence(s)]
DEBUG --> [REQ_ID=d1198fea6ec6] [FILTER_AFTER]

[1 occurrence(s)]
DEBUG --> [REQ_ID=d1198fea6ec6] [LIFECYCLE][END] status=200 duration_ms=85.36 memory_delta=2097152

[1 occurrence(s)]
DEBUG --> [REQ_ID=d1198fea6ec6] [REQUEST][END]

[1 occurrence(s)]
DEBUG --> [REQ_ID=e9574756252b] [REQUEST][START] GET /index.php/Premium-Features/Advanced-Trade-Tracker

[1 occurrence(s)]
DEBUG --> [REQ_ID=e9574756252b] [REQUEST][END]

[1 occurrence(s)]
DEBUG --> [REQ_ID=2b26d4eb99ad] [REQUEST][START] GET /Investments/Trade-Tracker

[1 occurrence(s)]
DEBUG --> [REQ_ID=2b26d4eb99ad] [REQUEST][END]

[1 occurrence(s)]
DEBUG --> [REQ_ID=6b4585bd73cb] [REQUEST][START] GET /index.php/API/Management/Run-CRON-Tasks

[1 occurrence(s)]
DEBUG --> [REQ_ID=6b4585bd73cb] [FILTER_BEFORE] /index.php/API/Management/Run-CRON-Tasks

[1 occurrence(s)]
DEBUG --> [REQ_ID=6b4585bd73cb] [ROUTE] Controller=\App\Modules\APIs\Controllers\ManagementAPIController Method=Run_CRON_Tasks

[1 occurrence(s)]
DEBUG --> [REQ_ID=6b4585bd73cb] [LIFECYCLE][START] GET https://www.mymiwallet.com/index.php/API/Management/Run-CRON-Tasks

[1 occurrence(s)]
DEBUG --> [REQ_ID=6b4585bd73cb] [REQUEST][END]


---------------------------
LEVEL: INFO
---------------------------

[1 occurrence(s)]
INFO --> [REQ_ID=cc5dcc830339] [PERF] Execution time=0.116661

[1 occurrence(s)]
INFO --> [REQ_ID=ed314add2ad1] [PERF] Execution time=0.074041

[1 occurrence(s)]
INFO --> [REQ_ID=96267b394e33] [PERF] Execution time=0.092606

[1 occurrence(s)]
INFO --> [REQ_ID=12ad3da49380] [PERF] Execution time=0.326977

[1 occurrence(s)]
INFO --> [REQ_ID=59b8898c0a87] [PERF] Execution time=0.177408

[1 occurrence(s)]
INFO --> REDIRECTED ROUTE at https://www.mymiwallet.com/Wallets/Manager

[1 occurrence(s)]
INFO --> [REQ_ID=6b2d68b9949e] [PERF] Execution time=0.070897

[1 occurrence(s)]
INFO --> [REQ_ID=9ae8dc010d65] [PERF] Execution time=0.020489

[1 occurrence(s)]
INFO --> [REQ_ID=4600b09c89cd] [MEMORY][controller-start] 6291456

[1 occurrence(s)]
INFO --> [REQ_ID=4600b09c89cd] [MEMORY][commonData:start] 8388608

[1 occurrence(s)]
INFO --> [PERF][HOME] buildCommonData complete in 513.52ms

[1 occurrence(s)]
INFO --> [PERF][HOME] index commonData done in 513.95ms

[1 occurrence(s)]
INFO --> [REQ_ID=4600b09c89cd] [MEMORY][commonData:start] 10485760

[5 occurrence(s)]
INFO --> themesMemory usage: 10485760

[1 occurrence(s)]
INFO --> [PERF][HOME] index renderTheme done in 26.92ms

[1 occurrence(s)]
INFO --> [REQ_ID=4600b09c89cd] [PERF] Execution time=0.641356

[1 occurrence(s)]
INFO --> [REQ_ID=137379ff4748] [PERF] Execution time=0.719828

[1 occurrence(s)]
INFO --> [REQ_ID=39010f3df1a5] [PERF] Execution time=0.029501

[1 occurrence(s)]
INFO --> [REQ_ID=d40962c4ef19] [PERF] Execution time=0.017926

[1 occurrence(s)]
INFO --> [REQ_ID=ed7ead3101e1] [MEMORY][controller-start] 4194304

[2 occurrence(s)]
INFO --> [REQ_ID=ed7ead3101e1] [MEMORY][commonData:start] 6291456

[1 occurrence(s)]
INFO --> Premium entitlement guest: user_id= route=/index.php/Preview/Alert/IMNN feature= tier=free status=free allowed=yes reason=Guest access allowed for this feature.

[1 occurrence(s)]
INFO --> AlertsModel L404 - Alert updated successfully for ID 9368: Array

[1 occurrence(s)]
INFO --> 🔄 Trying AlphaVantage for IMNN...

[1 occurrence(s)]
INFO --> ✅ Alert snapshot inserted for IMNN with trade_id 9368

[1 occurrence(s)]
INFO --> themesMemory usage: 6291456

[1 occurrence(s)]
INFO --> [REQ_ID=ed7ead3101e1] [PERF] Execution time=2.044269

[1 occurrence(s)]
INFO --> [REQ_ID=7f517dfa0a11] [PERF] Execution time=2.104067

[1 occurrence(s)]
INFO --> [REQ_ID=87108a67f95e] [PERF] Execution time=0.058679

[1 occurrence(s)]
INFO --> [REQ_ID=79da3e2a5e3a] [PERF] Execution time=0.063674

[1 occurrence(s)]
INFO --> [REQ_ID=cecfbb7b18a3] [PERF] Execution time=0.145414

[1 occurrence(s)]
INFO --> [REQ_ID=529917f5eb49] [PERF] Execution time=0.086135

[1 occurrence(s)]
INFO --> [REQ_ID=9ae7242e0d93] [PERF] Execution time=0.076682

[1 occurrence(s)]
INFO --> [REQ_ID=6ed27bac42e3] [MEMORY][controller-start] 4194304

[4 occurrence(s)]
INFO --> [AUTH_VIEW] Rendering login view

[1 occurrence(s)]
INFO --> [REQ_ID=6ed27bac42e3] [PERF] Execution time=0.206887

[1 occurrence(s)]
INFO --> [REQ_ID=b926367e2bea] [PERF] Execution time=0.228209

[1 occurrence(s)]
INFO --> [REQ_ID=c964d309ab0a] [PERF] Execution time=0.061951

[1 occurrence(s)]
INFO --> [REQ_ID=2136ef491f5b] [MEMORY][controller-start] 6291456

[1 occurrence(s)]
INFO --> [REQ_ID=2136ef491f5b] [MEMORY][commonData:start] 8388608

[1 occurrence(s)]
INFO --> [PERF][HOME] buildCommonData complete in 541.81ms

[1 occurrence(s)]
INFO --> [PERF][HOME] index commonData done in 542.34ms

[1 occurrence(s)]
INFO --> [REQ_ID=2136ef491f5b] [MEMORY][commonData:start] 10485760

[1 occurrence(s)]
INFO --> [PERF][HOME] index renderTheme done in 25.18ms

[1 occurrence(s)]
INFO --> [REQ_ID=2136ef491f5b] [PERF] Execution time=0.672342

[1 occurrence(s)]
INFO --> [REQ_ID=ee2023d1ab16] [PERF] Execution time=0.766969

[1 occurrence(s)]
INFO --> [REQ_ID=c02917ac68f1] [PERF] Execution time=0.057671

[1 occurrence(s)]
INFO --> [REQ_ID=0c6be444e290] [PERF] Execution time=0.173291

[1 occurrence(s)]
INFO --> [REQ_ID=42578aff8a4a] [PERF] Execution time=0.086707

[1 occurrence(s)]
INFO --> [REQ_ID=48904016cfdd] [PERF] Execution time=0.207504

[1 occurrence(s)]
INFO --> [REQ_ID=716b8368cf86] [PERF] Execution time=0.174262

[1 occurrence(s)]
INFO --> [REQ_ID=8c4d3dd1cef8] [MEMORY][controller-start] 6291456

[1 occurrence(s)]
INFO --> [REQ_ID=8c4d3dd1cef8] [MEMORY][commonData:start] 8388608

[1 occurrence(s)]
INFO --> [PERF][HOME] buildCommonData complete in 565.97ms

[1 occurrence(s)]
INFO --> [PERF][HOME] index commonData done in 566.43ms

[1 occurrence(s)]
INFO --> [REQ_ID=8c4d3dd1cef8] [MEMORY][commonData:start] 10485760

[1 occurrence(s)]
INFO --> [PERF][HOME] index renderTheme done in 26ms

[1 occurrence(s)]
INFO --> [REQ_ID=8c4d3dd1cef8] [PERF] Execution time=0.845018

[1 occurrence(s)]
INFO --> [REQ_ID=179bb14032e7] [PERF] Execution time=0.946352

[1 occurrence(s)]
INFO --> [REQ_ID=c8e44bdb78eb] [MEMORY][controller-start] 6291456

[1 occurrence(s)]
INFO --> [REQ_ID=c8e44bdb78eb] [MEMORY][commonData:start] 6291456

[1 occurrence(s)]
INFO --> [PERF][HOME] buildCommonData complete in 575.1ms

[1 occurrence(s)]
INFO --> [PERF][HOME] index commonData done in 575.56ms

[1 occurrence(s)]
INFO --> [REQ_ID=c8e44bdb78eb] [MEMORY][commonData:start] 8388608

[3 occurrence(s)]
INFO --> themesMemory usage: 8388608

[1 occurrence(s)]
INFO --> [PERF][HOME] index renderTheme done in 5.44ms

[1 occurrence(s)]
INFO --> [REQ_ID=c8e44bdb78eb] [PERF] Execution time=0.596453

[1 occurrence(s)]
INFO --> [REQ_ID=08e013d933c0] [PERF] Execution time=0.613997

[1 occurrence(s)]
INFO --> [REQ_ID=0f0b3fc1c723] [MEMORY][controller-start] 6291456

[1 occurrence(s)]
INFO --> [REQ_ID=0f0b3fc1c723] [MEMORY][commonData:start] 6291456

[1 occurrence(s)]
INFO --> [PERF][HOME] buildCommonData complete in 546.68ms

[1 occurrence(s)]
INFO --> [PERF][HOME] index commonData done in 546.98ms

[1 occurrence(s)]
INFO --> [REQ_ID=0f0b3fc1c723] [MEMORY][commonData:start] 8388608

[1 occurrence(s)]
INFO --> [PERF][HOME] index renderTheme done in 4.6ms

[1 occurrence(s)]
INFO --> [REQ_ID=0f0b3fc1c723] [PERF] Execution time=0.592308

[1 occurrence(s)]
INFO --> [REQ_ID=3b35aac91270] [PERF] Execution time=0.606789

[1 occurrence(s)]
INFO --> [REQ_ID=7d3b5c95870e] [PERF] Execution time=0.092405

[1 occurrence(s)]
INFO --> [REQ_ID=218f25378d22] [MEMORY][controller-start] 6291456

[2 occurrence(s)]
INFO --> [REQ_ID=218f25378d22] [MEMORY][commonData:start] 8388608

[1 occurrence(s)]
INFO --> Premium entitlement guest: user_id= route=/index.php/Preview/Alert/GRAB feature= tier=free status=free allowed=yes reason=Guest access allowed for this feature.

[1 occurrence(s)]
INFO --> AlertsModel L404 - Alert updated successfully for ID 15353: Array

[1 occurrence(s)]
INFO --> 🔄 Trying AlphaVantage for GRAB...

[1 occurrence(s)]
INFO --> ✅ Alert snapshot inserted for GRAB with trade_id 15353

[1 occurrence(s)]
INFO --> [REQ_ID=218f25378d22] [PERF] Execution time=0.669353

[1 occurrence(s)]
INFO --> [REQ_ID=655fd98c9ce6] [PERF] Execution time=0.905462

[1 occurrence(s)]
INFO --> [REQ_ID=6974fda8e32d] [MEMORY][controller-start] 6291456

[1 occurrence(s)]
INFO --> [REQ_ID=6974fda8e32d] [MEMORY][commonData:start] 8388608

[1 occurrence(s)]
INFO --> [PERF][HOME] buildCommonData complete in 539.09ms

[1 occurrence(s)]
INFO --> [PERF][HOME] index commonData done in 539.74ms

[1 occurrence(s)]
INFO --> [REQ_ID=6974fda8e32d] [MEMORY][commonData:start] 10485760

[1 occurrence(s)]
INFO --> [PERF][HOME] index renderTheme done in 15.33ms

[1 occurrence(s)]
INFO --> [REQ_ID=6974fda8e32d] [PERF] Execution time=0.814421

[1 occurrence(s)]
INFO --> [REQ_ID=f6729dd56d1b] [PERF] Execution time=0.890940

[1 occurrence(s)]
INFO --> [REQ_ID=75472725bcaa] [PERF] Execution time=0.041944

[1 occurrence(s)]
INFO --> [REQ_ID=d67fa0101eae] [PERF] Execution time=0.233548

[1 occurrence(s)]
INFO --> [REQ_ID=368b8f51bbca] [MEMORY][controller-start] 6291456

[1 occurrence(s)]
INFO --> [REQ_ID=368b8f51bbca] [MEMORY][commonData:start] 8388608

[1 occurrence(s)]
INFO --> [REQ_ID=368b8f51bbca] [PERF] Execution time=0.984754

[1 occurrence(s)]
INFO --> [REQ_ID=24bb4c04fe8e] [PERF] Execution time=1.171506

[1 occurrence(s)]
INFO --> REDIRECTED ROUTE at https://www.mymiwallet.com/

[1 occurrence(s)]
INFO --> [REQ_ID=3dd5bf059ef4] [PERF] Execution time=0.071786

[1 occurrence(s)]
INFO --> [REQ_ID=1903d46dbcd4] [PERF] Execution time=0.109371

[1 occurrence(s)]
INFO --> [REQ_ID=17628e24f88c] [PERF] Execution time=0.057600

[1 occurrence(s)]
INFO --> [REQ_ID=d9c2881695cf] [PERF] Execution time=0.096142

[1 occurrence(s)]
INFO --> [REQ_ID=27df964fea65] [MEMORY][controller-start] 6291456

[1 occurrence(s)]
INFO --> [REQ_ID=27df964fea65] [MEMORY][commonData:start] 8388608

[1 occurrence(s)]
INFO --> [PERF][HOME] buildCommonData complete in 511.58ms

[1 occurrence(s)]
INFO --> [PERF][HOME] index commonData done in 512.04ms

[1 occurrence(s)]
INFO --> [REQ_ID=27df964fea65] [MEMORY][commonData:start] 10485760

[1 occurrence(s)]
INFO --> [PERF][HOME] index renderTheme done in 19.81ms

[1 occurrence(s)]
INFO --> [REQ_ID=27df964fea65] [PERF] Execution time=0.722989

[1 occurrence(s)]
INFO --> [REQ_ID=8facdbc2be11] [PERF] Execution time=0.801185

[1 occurrence(s)]
INFO --> [REQ_ID=e5d7510c9e21] [MEMORY][controller-start] 6291456

[1 occurrence(s)]
INFO --> [REQ_ID=e5d7510c9e21] [MEMORY][commonData:start] 6291456

[1 occurrence(s)]
INFO --> [REQ_ID=e5d7510c9e21] [PERF] Execution time=0.595626

[1 occurrence(s)]
INFO --> [REQ_ID=e5a9e0322bea] [PERF] Execution time=0.612109

[1 occurrence(s)]
INFO --> [REQ_ID=a608f724fdf6] [PERF] Execution time=0.103487

[1 occurrence(s)]
INFO --> [REQ_ID=ddab20338e03] [MEMORY][controller-start] 4194304

[1 occurrence(s)]
INFO --> [REQ_ID=ddab20338e03] [PERF] Execution time=0.162964

[1 occurrence(s)]
INFO --> [REQ_ID=a9c294a8952a] [PERF] Execution time=0.186100

[2 occurrence(s)]
INFO --> REDIRECTED ROUTE at https://www.mymiwallet.com/Investments/Trade-Tracker

[1 occurrence(s)]
INFO --> [REQ_ID=b8fc9558f4db] [PERF] Execution time=0.203953

[1 occurrence(s)]
INFO --> [REQ_ID=ea1bc2686d81] [PERF] Execution time=0.132038

[1 occurrence(s)]
INFO --> [REQ_ID=912f2817105a] [MEMORY][controller-start] 6291456

[1 occurrence(s)]
INFO --> [REQ_ID=912f2817105a] [MEMORY][commonData:start] 8388608

[1 occurrence(s)]
INFO --> [REQ_ID=912f2817105a] [PERF] Execution time=1.249096

[1 occurrence(s)]
INFO --> [REQ_ID=2437c688c17a] [PERF] Execution time=1.553161

[1 occurrence(s)]
INFO --> [REQ_ID=8b8b9562e6d0] [PERF] Execution time=0.181929

[1 occurrence(s)]
INFO --> [REQ_ID=a9558d34b4d7] [PERF] Execution time=0.017847

[1 occurrence(s)]
INFO --> [REQ_ID=856ee8b591e3] [PERF] Execution time=0.107106

[1 occurrence(s)]
INFO --> [REQ_ID=6280ed270ee1] [PERF] Execution time=0.060132

[1 occurrence(s)]
INFO --> [REQ_ID=c977469c227a] [PERF] Execution time=0.110907

[1 occurrence(s)]
INFO --> [REQ_ID=8e212c93e70a] [MEMORY][controller-start] 4194304

[1 occurrence(s)]
INFO --> [REQ_ID=8e212c93e70a] [PERF] Execution time=0.183062

[1 occurrence(s)]
INFO --> [REQ_ID=54f8b93a53bf] [PERF] Execution time=0.210453

[1 occurrence(s)]
INFO --> [REQ_ID=f1b21c3c5253] [PERF] Execution time=0.094236

[1 occurrence(s)]
INFO --> [REQ_ID=74e089781501] [MEMORY][controller-start] 4194304

[1 occurrence(s)]
INFO --> [REQ_ID=74e089781501] [PERF] Execution time=0.094026

[1 occurrence(s)]
INFO --> [REQ_ID=d1198fea6ec6] [PERF] Execution time=0.114748

[1 occurrence(s)]
INFO --> [REQ_ID=e9574756252b] [PERF] Execution time=0.072678

[1 occurrence(s)]
INFO --> [REQ_ID=2b26d4eb99ad] [PERF] Execution time=0.255932

[1 occurrence(s)]
INFO --> [spark:ops:work] Started

[1 occurrence(s)]
INFO --> [SPARK_START] App\Commands\Ops\Work

[3 occurrence(s)]
INFO --> [SPARK_MEMORY] 20971520

[1 occurrence(s)]
INFO --> [spark:ops:work] Intent

[1 occurrence(s)]
INFO --> [SPARK_START] App\Commands\AIOps\Run

[1 occurrence(s)]
INFO --> [spark:aiops:run] Intent

[1 occurrence(s)]
INFO --> [spark:ops:work] Completed

[1 occurrence(s)]
INFO --> [SPARK_COMPLETE] App\Commands\Ops\Work duration=1.418724

[1 occurrence(s)]
INFO --> [SPARK_MEMORY] 23068672

[1 occurrence(s)]
INFO --> [REQ_ID=6b4585bd73cb] [PERF] Execution time=1.046124

[1 occurrence(s)]
INFO --> [AIOPS][SPARK][GOVERNANCE][spark:logs:summarize] Started

[1 occurrence(s)]
INFO --> [SPARK_START] App\Commands\Logs\Summarize

[1 occurrence(s)]
INFO --> [spark:logs:summarize] Intent


---------------------------
LEVEL: WARNING
---------------------------

[8 occurrence(s)]
WARNING --> Optional view path missing; using default path


---------------------------
LEVEL: ERROR
---------------------------

[5 occurrence(s)]
ERROR --> [404_ROUTE]


===============================================
   HERE'S THE NEW STUFF
   (No previous timestamp recorded – nothing treated as new)
===============================================

---- CONFIG LINT ----
✅ Services::cache
✅ Services::responsecache
✅ Services::session
✅ Services::email
✅ Services::logger
✅ Services::validation
✅ Services::renderer
