===============================================
   MyMI Wallet — Log Summary for 2026-02-11
   Auto-generated by logs:summarize command
   Grouped by (LEVEL + message)
===============================================

Last processed up to: 2026-02-11 20:00:03

---------------------------
LEVEL: ERROR
---------------------------

[1 occurrence(s)]
ERROR --> LOG_HEALTHCHECK file probe marker=f59b302a4e76

[1 occurrence(s)]
ERROR --> LOG_HEALTHCHECK file probe marker=06f67f10e9fd

[1 occurrence(s)]
ERROR --> LOG_HEALTHCHECK file probe marker=0d4d1bc6e03b

[1 occurrence(s)]
ERROR --> LOG_HEALTHCHECK file probe marker=2ad66138a339

[1 occurrence(s)]
ERROR --> LOG_HEALTHCHECK file probe marker=713f86e5d56a

[1 occurrence(s)]
ERROR --> LOG_HEALTHCHECK file probe marker=32241db5eeb1

[1 occurrence(s)]
ERROR --> LOG_HEALTHCHECK file probe marker=9afe02d458ef

[1 occurrence(s)]
ERROR --> LOG_HEALTHCHECK file probe marker=07fc25c3dd22

[1 occurrence(s)]
ERROR --> LOG_HEALTHCHECK file probe marker=6011038838c8

[1 occurrence(s)]
ERROR --> LOG_HEALTHCHECK file probe marker=2d8fcbb80af7

[1 occurrence(s)]
ERROR --> LOG_HEALTHCHECK file probe marker=2ffb441550bb

[1 occurrence(s)]
ERROR --> LOG_HEALTHCHECK file probe marker=f750c2817a38

[1 occurrence(s)]
ERROR --> LOG_HEALTHCHECK file probe marker=ff0ee4f8db63


===============================================
   HERE'S THE NEW STUFF
   (Entries logged AFTER 2026-02-11 20:00:03)
===============================================

---------------------------
LEVEL: ERROR (NEW)
---------------------------

[1 NEW occurrence(s)]
ERROR --> LOG_HEALTHCHECK file probe marker=ff0ee4f8db63


---- CONFIG LINT ----
✅ Services::cache
✅ Services::responsecache
✅ Services::session
✅ Services::email
✅ Services::logger
✅ Services::validation
✅ Services::renderer
