===============================================
   MyMI Wallet — Log Summary for 2026-04-09
   Auto-generated by logs:summarize command
   Grouped by (LEVEL + message)
===============================================

Last processed up to: <none> (first run for this date)

---------------------------
LEVEL: DEBUG
---------------------------

[1 occurrence(s)]
DEBUG --> [REQ_ID=2f73823ec9e5] [REQUEST][START] GET /index.php/API/Management/Run-CRON-Tasks

[85 occurrence(s)]
DEBUG --> Session: Class initialized using 'CodeIgniter\Session\Handlers\FileHandler' driver.

[1 occurrence(s)]
DEBUG --> [REQ_ID=2f73823ec9e5] [FILTER_BEFORE] /index.php/API/Management/Run-CRON-Tasks

[1 occurrence(s)]
DEBUG --> [REQ_ID=2f73823ec9e5] [ROUTE] Controller=\App\Modules\APIs\Controllers\ManagementAPIController Method=Run_CRON_Tasks

[1 occurrence(s)]
DEBUG --> [REQ_ID=2f73823ec9e5] [LIFECYCLE][START] GET https://www.mymiwallet.com/index.php/API/Management/Run-CRON-Tasks

[1 occurrence(s)]
DEBUG --> [REQ_ID=2f73823ec9e5] [REQUEST][END]

[1 occurrence(s)]
DEBUG --> [REQ_ID=34b320622f5f] [REQUEST][START] GET /index.php/Alerts

[1 occurrence(s)]
DEBUG --> [REQ_ID=34b320622f5f] [FILTER_BEFORE] /index.php/Alerts

[1 occurrence(s)]
DEBUG --> [REQ_ID=34b320622f5f] [ROUTE] Controller=\App\Modules\User\Controllers\AlertsController Method=index

[1 occurrence(s)]
DEBUG --> [REQ_ID=34b320622f5f] [LIFECYCLE][START] GET https://www.mymiwallet.com/index.php/Alerts

[1 occurrence(s)]
DEBUG --> [CSRF] token name=csrf_test_name hash=aea43d82ff60e39f861545bfe8996232

[1 occurrence(s)]
DEBUG --> [REQ_ID=34b320622f5f] [REQUEST][END]

[1 occurrence(s)]
DEBUG --> [REQ_ID=f421cd8855bc] [REQUEST][START] GET /index.php/login

[1 occurrence(s)]
DEBUG --> [REQ_ID=f421cd8855bc] [FILTER_BEFORE] /index.php/login

[1 occurrence(s)]
DEBUG --> [REQ_ID=f421cd8855bc] [ROUTE] Controller=\App\Controllers\AuthController Method=login

[1 occurrence(s)]
DEBUG --> [REQ_ID=f421cd8855bc] [LIFECYCLE][START] GET https://www.mymiwallet.com/index.php/login

[1 occurrence(s)]
DEBUG --> [CSRF] token name=csrf_test_name hash=10183790bf191a0c276d274c53a8f125

[1 occurrence(s)]
DEBUG --> [REQ_ID=4ae3ba36594c] [INIT] App\Controllers\AuthController::GET

[38 occurrence(s)]
DEBUG --> [TRACE]

[1 occurrence(s)]
DEBUG --> [REQ_ID=f421cd8855bc] [FILTER_AFTER]

[1 occurrence(s)]
DEBUG --> [REQ_ID=f421cd8855bc] [LIFECYCLE][END] status=200 duration_ms=279.48 memory_delta=0

[1 occurrence(s)]
DEBUG --> [REQ_ID=f421cd8855bc] [REQUEST][END]

[1 occurrence(s)]
DEBUG --> [REQ_ID=0866eed0ff0d] [REQUEST][START] GET /index.php/API/Alerts/fetchEmailAlerts

[1 occurrence(s)]
DEBUG --> [REQ_ID=0866eed0ff0d] [FILTER_BEFORE] /index.php/API/Alerts/fetchEmailAlerts

[1 occurrence(s)]
DEBUG --> [REQ_ID=0866eed0ff0d] [ROUTE] Controller=\App\Modules\APIs\Controllers\AlertsAPIController Method=fetchEmailAlerts

[1 occurrence(s)]
DEBUG --> [REQ_ID=0866eed0ff0d] [LIFECYCLE][START] GET https://www.mymiwallet.com/index.php/API/Alerts/fetchEmailAlerts

[1 occurrence(s)]
DEBUG --> [REQ_ID=0866eed0ff0d] [REQUEST][END]

[1 occurrence(s)]
DEBUG --> [REQ_ID=9fbbe9040182] [REQUEST][START] GET /index.php/Trade-Tracker

[1 occurrence(s)]
DEBUG --> [REQ_ID=9fbbe9040182] [FILTER_BEFORE] /index.php/Trade-Tracker

[1 occurrence(s)]
DEBUG --> [REQ_ID=9fbbe9040182] [ROUTE] Controller=\App\Modules\User\Controllers\InvestmentsController Method=tradeTracker

[1 occurrence(s)]
DEBUG --> [REQ_ID=9fbbe9040182] [LIFECYCLE][START] GET https://www.mymiwallet.com/index.php/Trade-Tracker

[1 occurrence(s)]
DEBUG --> [CSRF] token name=csrf_test_name hash=c12ee3b3e82c6ac6c819c26af9684e75

[1 occurrence(s)]
DEBUG --> [REQ_ID=9fbbe9040182] [REQUEST][END]

[1 occurrence(s)]
DEBUG --> [REQ_ID=1195920fa074] [REQUEST][START] GET /index.php/login

[1 occurrence(s)]
DEBUG --> [REQ_ID=1195920fa074] [FILTER_BEFORE] /index.php/login

[1 occurrence(s)]
DEBUG --> [REQ_ID=1195920fa074] [ROUTE] Controller=\App\Controllers\AuthController Method=login

[1 occurrence(s)]
DEBUG --> [REQ_ID=1195920fa074] [LIFECYCLE][START] GET https://www.mymiwallet.com/index.php/login

[1 occurrence(s)]
DEBUG --> [CSRF] token name=csrf_test_name hash=bc7abdebc81ddbf1aaaf14000f67f000

[1 occurrence(s)]
DEBUG --> [REQ_ID=b01328a390b5] [INIT] App\Controllers\AuthController::GET

[1 occurrence(s)]
DEBUG --> [REQ_ID=1195920fa074] [FILTER_AFTER]

[1 occurrence(s)]
DEBUG --> [REQ_ID=1195920fa074] [LIFECYCLE][END] status=200 duration_ms=61.10 memory_delta=0

[1 occurrence(s)]
DEBUG --> [REQ_ID=1195920fa074] [REQUEST][END]

[1 occurrence(s)]
DEBUG --> [REQ_ID=c6bc9409cc18] [REQUEST][START] GET /index.php/Management/Projects

[1 occurrence(s)]
DEBUG --> [REQ_ID=c6bc9409cc18] [FILTER_BEFORE] /index.php/Management/Projects

[1 occurrence(s)]
DEBUG --> [REQ_ID=c6bc9409cc18] [ROUTE] Controller=\App\Modules\Management\Controllers\ProjectsController Method=index

[1 occurrence(s)]
DEBUG --> [REQ_ID=c6bc9409cc18] [LIFECYCLE][START] GET https://www.mymiwallet.com/index.php/Management/Projects

[1 occurrence(s)]
DEBUG --> [CSRF] token name=csrf_test_name hash=f0a049ca8a43c7315bc2ed59b5089ced

[1 occurrence(s)]
DEBUG --> [REQ_ID=c6bc9409cc18] [REQUEST][END]

[1 occurrence(s)]
DEBUG --> [REQ_ID=e68988129325] [REQUEST][START] GET /index.php/login

[1 occurrence(s)]
DEBUG --> [REQ_ID=e68988129325] [FILTER_BEFORE] /index.php/login

[1 occurrence(s)]
DEBUG --> [REQ_ID=e68988129325] [ROUTE] Controller=\App\Controllers\AuthController Method=login

[1 occurrence(s)]
DEBUG --> [REQ_ID=e68988129325] [LIFECYCLE][START] GET https://www.mymiwallet.com/index.php/login

[1 occurrence(s)]
DEBUG --> [CSRF] token name=csrf_test_name hash=792483f4bc3444aea1d03088c154d38a

[1 occurrence(s)]
DEBUG --> [REQ_ID=98794194cad4] [INIT] App\Controllers\AuthController::GET

[1 occurrence(s)]
DEBUG --> [REQ_ID=e68988129325] [FILTER_AFTER]

[1 occurrence(s)]
DEBUG --> [REQ_ID=e68988129325] [LIFECYCLE][END] status=200 duration_ms=116.21 memory_delta=0

[1 occurrence(s)]
DEBUG --> [REQ_ID=e68988129325] [REQUEST][END]

[1 occurrence(s)]
DEBUG --> [REQ_ID=1b5700da7053] [REQUEST][START] GET /index.php/Memberships/Customize

[1 occurrence(s)]
DEBUG --> [REQ_ID=1b5700da7053] [REQUEST][END]

[1 occurrence(s)]
DEBUG --> [REQ_ID=67982058b22d] [REQUEST][START] GET /

[1 occurrence(s)]
DEBUG --> [REQ_ID=67982058b22d] [REQUEST][END]

[1 occurrence(s)]
DEBUG --> [REQ_ID=7c04f826f3de] [REQUEST][START] GET /index.php/API/Management/Run-CRON-Tasks

[1 occurrence(s)]
DEBUG --> [REQ_ID=7c04f826f3de] [FILTER_BEFORE] /index.php/API/Management/Run-CRON-Tasks

[1 occurrence(s)]
DEBUG --> [REQ_ID=7c04f826f3de] [ROUTE] Controller=\App\Modules\APIs\Controllers\ManagementAPIController Method=Run_CRON_Tasks

[1 occurrence(s)]
DEBUG --> [REQ_ID=7c04f826f3de] [LIFECYCLE][START] GET https://www.mymiwallet.com/index.php/API/Management/Run-CRON-Tasks

[1 occurrence(s)]
DEBUG --> [REQ_ID=7c04f826f3de] [REQUEST][END]

[1 occurrence(s)]
DEBUG --> [REQ_ID=3c7a91db4a82] [REQUEST][START] GET /

[1 occurrence(s)]
DEBUG --> [REQ_ID=3c7a91db4a82] [FILTER_BEFORE] /

[1 occurrence(s)]
DEBUG --> [REQ_ID=3c7a91db4a82] [ROUTE] Controller=\App\Controllers\Home Method=index

[1 occurrence(s)]
DEBUG --> [REQ_ID=3c7a91db4a82] [LIFECYCLE][START] GET https://www.mymiwallet.com/index.php/

[1 occurrence(s)]
DEBUG --> [CSRF] token name=csrf_test_name hash=580b2e7e3f097860e5b3acd9ce5c8b30

[1 occurrence(s)]
DEBUG --> [REQ_ID=c05ba6c2b7e1] [INIT] App\Controllers\Home::GET

[20 occurrence(s)]
DEBUG --> MyMIUser L52 - initialized (first log).

[7 occurrence(s)]
DEBUG --> [MetaService] slug= pageName= cacheHit= path=FALLBACK

[1 occurrence(s)]
DEBUG --> [REQ_ID=c05ba6c2b7e1] [VIEW_RENDER] themes/public/home

[5 occurrence(s)]
DEBUG --> [MetaService] slug= pageName=Home cacheHit= path=DB

[1 occurrence(s)]
DEBUG --> [REQ_ID=3c7a91db4a82] [FILTER_AFTER]

[1 occurrence(s)]
DEBUG --> [REQ_ID=3c7a91db4a82] [LIFECYCLE][END] status=200 duration_ms=668.09 memory_delta=6291456

[1 occurrence(s)]
DEBUG --> [REQ_ID=3c7a91db4a82] [REQUEST][END]

[1 occurrence(s)]
DEBUG --> [REQ_ID=9a997b4df8ad] [REQUEST][START] GET /

[1 occurrence(s)]
DEBUG --> [REQ_ID=9a997b4df8ad] [FILTER_BEFORE] /

[1 occurrence(s)]
DEBUG --> [REQ_ID=9a997b4df8ad] [ROUTE] Controller=\App\Controllers\Home Method=index

[1 occurrence(s)]
DEBUG --> [REQ_ID=9a997b4df8ad] [LIFECYCLE][START] GET https://www.mymiwallet.com/index.php/

[1 occurrence(s)]
DEBUG --> [CSRF] token name=csrf_test_name hash=713e82b9e590a86a6222043a8210eaa8

[1 occurrence(s)]
DEBUG --> [REQ_ID=783ab7e5b8cc] [INIT] App\Controllers\Home::GET

[8 occurrence(s)]
DEBUG --> [MetaService] slug= pageName= cacheHit=1 path=CACHE

[1 occurrence(s)]
DEBUG --> [REQ_ID=783ab7e5b8cc] [VIEW_RENDER] themes/public/home

[10 occurrence(s)]
DEBUG --> [MetaService] slug= pageName=Home cacheHit=1 path=CACHE

[1 occurrence(s)]
DEBUG --> [REQ_ID=9a997b4df8ad] [FILTER_AFTER]

[1 occurrence(s)]
DEBUG --> [REQ_ID=9a997b4df8ad] [LIFECYCLE][END] status=200 duration_ms=577.61 memory_delta=6291456

[1 occurrence(s)]
DEBUG --> [REQ_ID=9a997b4df8ad] [REQUEST][END]

[1 occurrence(s)]
DEBUG --> [REQ_ID=bf0ebcc0d199] [REQUEST][START] GET /

[1 occurrence(s)]
DEBUG --> [REQ_ID=bf0ebcc0d199] [REQUEST][END]

[1 occurrence(s)]
DEBUG --> [REQ_ID=e2bb23c237b2] [REQUEST][START] GET /

[1 occurrence(s)]
DEBUG --> [REQ_ID=e2bb23c237b2] [FILTER_BEFORE] /

[1 occurrence(s)]
DEBUG --> [REQ_ID=e2bb23c237b2] [ROUTE] Controller=\App\Controllers\Home Method=index

[1 occurrence(s)]
DEBUG --> [REQ_ID=e2bb23c237b2] [LIFECYCLE][START] GET https://www.mymiwallet.com/index.php/

[1 occurrence(s)]
DEBUG --> [CSRF] token name=csrf_test_name hash=d2b12725aa89c17b6be29dbbdf06a277

[1 occurrence(s)]
DEBUG --> [REQ_ID=4240183c4155] [INIT] App\Controllers\Home::GET

[1 occurrence(s)]
DEBUG --> [REQ_ID=4240183c4155] [VIEW_RENDER] themes/public/home

[1 occurrence(s)]
DEBUG --> [REQ_ID=e2bb23c237b2] [FILTER_AFTER]

[1 occurrence(s)]
DEBUG --> [REQ_ID=e2bb23c237b2] [LIFECYCLE][END] status=200 duration_ms=731.58 memory_delta=6291456

[1 occurrence(s)]
DEBUG --> [REQ_ID=e2bb23c237b2] [REQUEST][END]

[1 occurrence(s)]
DEBUG --> [REQ_ID=9e19409e575c] [REQUEST][START] GET /

[1 occurrence(s)]
DEBUG --> [REQ_ID=9e19409e575c] [REQUEST][END]

[1 occurrence(s)]
DEBUG --> [REQ_ID=5fd49f139147] [REQUEST][START] GET /index.php/API/Alerts/fetchEmailAlerts

[1 occurrence(s)]
DEBUG --> [REQ_ID=5fd49f139147] [FILTER_BEFORE] /index.php/API/Alerts/fetchEmailAlerts

[1 occurrence(s)]
DEBUG --> [REQ_ID=5fd49f139147] [ROUTE] Controller=\App\Modules\APIs\Controllers\AlertsAPIController Method=fetchEmailAlerts

[1 occurrence(s)]
DEBUG --> [REQ_ID=5fd49f139147] [LIFECYCLE][START] GET https://www.mymiwallet.com/index.php/API/Alerts/fetchEmailAlerts

[1 occurrence(s)]
DEBUG --> [REQ_ID=5fd49f139147] [REQUEST][END]

[1 occurrence(s)]
DEBUG --> [REQ_ID=7da9cd932b92] [REQUEST][START] GET /

[1 occurrence(s)]
DEBUG --> [REQ_ID=7da9cd932b92] [REQUEST][END]

[1 occurrence(s)]
DEBUG --> [REQ_ID=e6a774039472] [REQUEST][START] GET /index.php/Investments/News

[1 occurrence(s)]
DEBUG --> [REQ_ID=e6a774039472] [FILTER_BEFORE] /index.php/Investments/News

[1 occurrence(s)]
DEBUG --> [REQ_ID=e6a774039472] [ROUTE] Controller=closure_route Method=index

[1 occurrence(s)]
DEBUG --> [REQ_ID=e6a774039472] [LIFECYCLE][START] GET https://www.mymiwallet.com/index.php/Investments/News

[1 occurrence(s)]
DEBUG --> [CSRF] token name=csrf_test_name hash=4ad50c7a2ecc0e4de616613e342062c5

[1 occurrence(s)]
DEBUG --> [REQ_ID=e6a774039472] [REQUEST][END]

[1 occurrence(s)]
DEBUG --> [REQ_ID=e17781cbb17b] [REQUEST][START] GET /index.php/login

[1 occurrence(s)]
DEBUG --> [REQ_ID=e17781cbb17b] [FILTER_BEFORE] /index.php/login

[1 occurrence(s)]
DEBUG --> [REQ_ID=e17781cbb17b] [ROUTE] Controller=\App\Controllers\AuthController Method=login

[1 occurrence(s)]
DEBUG --> [REQ_ID=e17781cbb17b] [LIFECYCLE][START] GET https://www.mymiwallet.com/index.php/login

[1 occurrence(s)]
DEBUG --> [CSRF] token name=csrf_test_name hash=5c33fb4b7ca45002d90422821a554bf9

[1 occurrence(s)]
DEBUG --> [REQ_ID=09cf376f32fc] [INIT] App\Controllers\AuthController::GET

[1 occurrence(s)]
DEBUG --> [REQ_ID=e17781cbb17b] [FILTER_AFTER]

[1 occurrence(s)]
DEBUG --> [REQ_ID=e17781cbb17b] [LIFECYCLE][END] status=200 duration_ms=131.21 memory_delta=0

[1 occurrence(s)]
DEBUG --> [REQ_ID=e17781cbb17b] [REQUEST][END]

[1 occurrence(s)]
DEBUG --> [REQ_ID=3837080e4e74] [REQUEST][START] GET /index.php/How-It-Works/Investor-Profile

[1 occurrence(s)]
DEBUG --> [REQ_ID=3837080e4e74] [FILTER_BEFORE] /index.php/How-It-Works/Investor-Profile

[1 occurrence(s)]
DEBUG --> [REQ_ID=3837080e4e74] [ROUTE] Controller=\App\Modules\Blog\Controllers\HowItWorksController Method=show

[1 occurrence(s)]
DEBUG --> [REQ_ID=3837080e4e74] [LIFECYCLE][START] GET https://www.mymiwallet.com/index.php/How-It-Works/Investor-Profile

[1 occurrence(s)]
DEBUG --> [CSRF] token name=csrf_test_name hash=db66572bc4c8e325622cd1cef1a89325

[1 occurrence(s)]
DEBUG --> [REQ_ID=bf29dc5c3ffb] [INIT] App\Modules\Blog\Controllers\HowItWorksController::GET

[1 occurrence(s)]
DEBUG --> [REQ_ID=bf29dc5c3ffb] [METHOD_ENTRY] show

[6 occurrence(s)]
DEBUG --> [SERVICE] App\Services\BudgetService ::setUserId

[4 occurrence(s)]
DEBUG --> MyMICoin initialized ONCE

[4 occurrence(s)]
DEBUG --> MyMICoin: guest context detected; skipping user-specific preload.

[5 occurrence(s)]
DEBUG --> MyMIWallets initialized without numeric user context.

[5 occurrence(s)]
DEBUG --> MyMIWallets skipped (no user context)

[1 occurrence(s)]
DEBUG --> [HOW_IT_WORKS] slug=investor-profile

[1 occurrence(s)]
DEBUG --> [MetaService] slug=how-it-works/investor-profile pageName= cacheHit= path=DB

[1 occurrence(s)]
DEBUG --> [REQ_ID=3837080e4e74] [FILTER_AFTER]

[1 occurrence(s)]
DEBUG --> [REQ_ID=3837080e4e74] [LIFECYCLE][END] status=200 duration_ms=684.76 memory_delta=6291456

[1 occurrence(s)]
DEBUG --> [REQ_ID=3837080e4e74] [REQUEST][END]

[1 occurrence(s)]
DEBUG --> [REQ_ID=c81d3222db90] [REQUEST][START] GET /index.php/API/Management/Run-CRON-Tasks

[1 occurrence(s)]
DEBUG --> [REQ_ID=c81d3222db90] [FILTER_BEFORE] /index.php/API/Management/Run-CRON-Tasks

[1 occurrence(s)]
DEBUG --> [REQ_ID=c81d3222db90] [ROUTE] Controller=\App\Modules\APIs\Controllers\ManagementAPIController Method=Run_CRON_Tasks

[1 occurrence(s)]
DEBUG --> [REQ_ID=c81d3222db90] [LIFECYCLE][START] GET https://www.mymiwallet.com/index.php/API/Management/Run-CRON-Tasks

[1 occurrence(s)]
DEBUG --> [REQ_ID=c81d3222db90] [REQUEST][END]

[1 occurrence(s)]
DEBUG --> [REQ_ID=f296a53b2360] [REQUEST][START] GET /index.php/API/Alerts/fetchEmailAlerts

[1 occurrence(s)]
DEBUG --> [REQ_ID=f296a53b2360] [FILTER_BEFORE] /index.php/API/Alerts/fetchEmailAlerts

[1 occurrence(s)]
DEBUG --> [REQ_ID=f296a53b2360] [ROUTE] Controller=\App\Modules\APIs\Controllers\AlertsAPIController Method=fetchEmailAlerts

[1 occurrence(s)]
DEBUG --> [REQ_ID=f296a53b2360] [LIFECYCLE][START] GET https://www.mymiwallet.com/index.php/API/Alerts/fetchEmailAlerts

[1 occurrence(s)]
DEBUG --> [REQ_ID=f296a53b2360] [REQUEST][END]

[1 occurrence(s)]
DEBUG --> [REQ_ID=d790a5aa7791] [REQUEST][START] GET /

[1 occurrence(s)]
DEBUG --> [REQ_ID=d790a5aa7791] [FILTER_BEFORE] /

[1 occurrence(s)]
DEBUG --> [REQ_ID=d790a5aa7791] [ROUTE] Controller=\App\Controllers\Home Method=index

[1 occurrence(s)]
DEBUG --> [REQ_ID=d790a5aa7791] [LIFECYCLE][START] GET https://www.mymiwallet.com/index.php/

[1 occurrence(s)]
DEBUG --> [CSRF] token name=csrf_test_name hash=1d75d0a6b109de019b8a4ca8bed362d1

[1 occurrence(s)]
DEBUG --> [REQ_ID=37730bb92b52] [INIT] App\Controllers\Home::GET

[1 occurrence(s)]
DEBUG --> [REQ_ID=37730bb92b52] [VIEW_RENDER] themes/public/home

[1 occurrence(s)]
DEBUG --> [REQ_ID=d790a5aa7791] [FILTER_AFTER]

[1 occurrence(s)]
DEBUG --> [REQ_ID=d790a5aa7791] [LIFECYCLE][END] status=200 duration_ms=777.12 memory_delta=6291456

[1 occurrence(s)]
DEBUG --> [REQ_ID=d790a5aa7791] [REQUEST][END]

[1 occurrence(s)]
DEBUG --> [REQ_ID=1804385dacd8] [REQUEST][START] GET /index.php/Management/Budgets

[1 occurrence(s)]
DEBUG --> [REQ_ID=1804385dacd8] [FILTER_BEFORE] /index.php/Management/Budgets

[1 occurrence(s)]
DEBUG --> [REQ_ID=1804385dacd8] [ROUTE] Controller=\App\Modules\Management\Controllers\BudgetsAdminController Method=index

[1 occurrence(s)]
DEBUG --> [REQ_ID=1804385dacd8] [LIFECYCLE][START] GET https://www.mymiwallet.com/index.php/Management/Budgets

[1 occurrence(s)]
DEBUG --> [CSRF] token name=csrf_test_name hash=b7cc1ea216977ed2b45951c2787728ce

[1 occurrence(s)]
DEBUG --> [REQ_ID=1804385dacd8] [REQUEST][END]

[1 occurrence(s)]
DEBUG --> [REQ_ID=cd1a1a07bdd6] [REQUEST][START] GET /index.php/login

[1 occurrence(s)]
DEBUG --> [REQ_ID=cd1a1a07bdd6] [FILTER_BEFORE] /index.php/login

[1 occurrence(s)]
DEBUG --> [REQ_ID=cd1a1a07bdd6] [ROUTE] Controller=\App\Controllers\AuthController Method=login

[1 occurrence(s)]
DEBUG --> [REQ_ID=cd1a1a07bdd6] [LIFECYCLE][START] GET https://www.mymiwallet.com/index.php/login

[1 occurrence(s)]
DEBUG --> [CSRF] token name=csrf_test_name hash=b65b70bde9152f43dbfd6cabcb91becc

[1 occurrence(s)]
DEBUG --> [REQ_ID=9c71bee69086] [INIT] App\Controllers\AuthController::GET

[1 occurrence(s)]
DEBUG --> [REQ_ID=cd1a1a07bdd6] [FILTER_AFTER]

[1 occurrence(s)]
DEBUG --> [REQ_ID=cd1a1a07bdd6] [LIFECYCLE][END] status=200 duration_ms=124.36 memory_delta=0

[1 occurrence(s)]
DEBUG --> [REQ_ID=cd1a1a07bdd6] [REQUEST][END]

[1 occurrence(s)]
DEBUG --> [REQ_ID=5937e847e696] [REQUEST][START] GET /index.php/How-It-Works/Purchase-MyMI-Gold

[1 occurrence(s)]
DEBUG --> [REQ_ID=5937e847e696] [FILTER_BEFORE] /index.php/How-It-Works/Purchase-MyMI-Gold

[1 occurrence(s)]
DEBUG --> [REQ_ID=5937e847e696] [ROUTE] Controller=\App\Modules\Blog\Controllers\HowItWorksController Method=show

[1 occurrence(s)]
DEBUG --> [REQ_ID=5937e847e696] [LIFECYCLE][START] GET https://www.mymiwallet.com/index.php/How-It-Works/Purchase-MyMI-Gold

[1 occurrence(s)]
DEBUG --> [CSRF] token name=csrf_test_name hash=61ab91df34084e98884b15a592dc91e2

[1 occurrence(s)]
DEBUG --> [REQ_ID=ddc95aa3fc7f] [INIT] App\Modules\Blog\Controllers\HowItWorksController::GET

[1 occurrence(s)]
DEBUG --> [REQ_ID=ddc95aa3fc7f] [METHOD_ENTRY] show

[1 occurrence(s)]
DEBUG --> [HOW_IT_WORKS] slug=purchase-mymi-gold

[1 occurrence(s)]
DEBUG --> [REQ_ID=5937e847e696] [FILTER_AFTER]

[1 occurrence(s)]
DEBUG --> [REQ_ID=5937e847e696] [LIFECYCLE][END] status=200 duration_ms=766.47 memory_delta=6291456

[1 occurrence(s)]
DEBUG --> [REQ_ID=5937e847e696] [REQUEST][END]

[1 occurrence(s)]
DEBUG --> [REQ_ID=c1b04238806c] [REQUEST][START] GET /index.php/Management/Marketing/Blog-Creator

[1 occurrence(s)]
DEBUG --> [REQ_ID=c1b04238806c] [FILTER_BEFORE] /index.php/Management/Marketing/Blog-Creator

[1 occurrence(s)]
DEBUG --> [REQ_ID=c1b04238806c] [ROUTE] Controller=\App\Modules\Management\Controllers\MarketingAdminController Method=blogCreator

[1 occurrence(s)]
DEBUG --> [REQ_ID=c1b04238806c] [LIFECYCLE][START] GET https://www.mymiwallet.com/index.php/Management/Marketing/Blog-Creator

[1 occurrence(s)]
DEBUG --> [CSRF] token name=csrf_test_name hash=d8e6b269082bc2dfbc9f26847c364ab0

[1 occurrence(s)]
DEBUG --> [REQ_ID=c1b04238806c] [REQUEST][END]

[1 occurrence(s)]
DEBUG --> [REQ_ID=44ce7e780b08] [REQUEST][START] GET /index.php/login

[1 occurrence(s)]
DEBUG --> [REQ_ID=44ce7e780b08] [FILTER_BEFORE] /index.php/login

[1 occurrence(s)]
DEBUG --> [REQ_ID=44ce7e780b08] [ROUTE] Controller=\App\Controllers\AuthController Method=login

[1 occurrence(s)]
DEBUG --> [REQ_ID=44ce7e780b08] [LIFECYCLE][START] GET https://www.mymiwallet.com/index.php/login

[1 occurrence(s)]
DEBUG --> [CSRF] token name=csrf_test_name hash=b12e34c584e8a3e7bd34eb061318c386

[1 occurrence(s)]
DEBUG --> [REQ_ID=0c0a378651be] [INIT] App\Controllers\AuthController::GET

[1 occurrence(s)]
DEBUG --> [REQ_ID=44ce7e780b08] [FILTER_AFTER]

[1 occurrence(s)]
DEBUG --> [REQ_ID=44ce7e780b08] [LIFECYCLE][END] status=200 duration_ms=226.25 memory_delta=0

[1 occurrence(s)]
DEBUG --> [REQ_ID=44ce7e780b08] [REQUEST][END]

[1 occurrence(s)]
DEBUG --> [REQ_ID=7bafda8f16d6] [REQUEST][START] GET /index.php/getting-started

[1 occurrence(s)]
DEBUG --> [REQ_ID=7bafda8f16d6] [REQUEST][END]

[1 occurrence(s)]
DEBUG --> [REQ_ID=45355ddda103] [REQUEST][START] GET /index.php/API/Management/Run-CRON-Tasks

[1 occurrence(s)]
DEBUG --> [REQ_ID=45355ddda103] [FILTER_BEFORE] /index.php/API/Management/Run-CRON-Tasks

[1 occurrence(s)]
DEBUG --> [REQ_ID=45355ddda103] [ROUTE] Controller=\App\Modules\APIs\Controllers\ManagementAPIController Method=Run_CRON_Tasks

[1 occurrence(s)]
DEBUG --> [REQ_ID=45355ddda103] [LIFECYCLE][START] GET https://www.mymiwallet.com/index.php/API/Management/Run-CRON-Tasks

[1 occurrence(s)]
DEBUG --> [REQ_ID=45355ddda103] [REQUEST][END]

[1 occurrence(s)]
DEBUG --> [REQ_ID=4dfb78c2a6a7] [REQUEST][START] GET /index.php/Premium-Features/Advanced-Charting

[1 occurrence(s)]
DEBUG --> [REQ_ID=4dfb78c2a6a7] [REQUEST][END]

[1 occurrence(s)]
DEBUG --> [REQ_ID=3dbe1297215e] [REQUEST][START] GET /index.php/Management/Wallets

[1 occurrence(s)]
DEBUG --> [REQ_ID=3dbe1297215e] [FILTER_BEFORE] /index.php/Management/Wallets

[1 occurrence(s)]
DEBUG --> [REQ_ID=3dbe1297215e] [ROUTE] Controller=\App\Modules\Management\Controllers\WalletsController Method=index

[1 occurrence(s)]
DEBUG --> [REQ_ID=3dbe1297215e] [LIFECYCLE][START] GET https://www.mymiwallet.com/index.php/Management/Wallets

[1 occurrence(s)]
DEBUG --> [CSRF] token name=csrf_test_name hash=232c146d844a40ebcc9451fe5c5ac851

[1 occurrence(s)]
DEBUG --> [REQ_ID=3dbe1297215e] [REQUEST][END]

[1 occurrence(s)]
DEBUG --> [REQ_ID=a952cb2ba271] [REQUEST][START] GET /index.php/login

[1 occurrence(s)]
DEBUG --> [REQ_ID=a952cb2ba271] [FILTER_BEFORE] /index.php/login

[1 occurrence(s)]
DEBUG --> [REQ_ID=a952cb2ba271] [ROUTE] Controller=\App\Controllers\AuthController Method=login

[1 occurrence(s)]
DEBUG --> [REQ_ID=a952cb2ba271] [LIFECYCLE][START] GET https://www.mymiwallet.com/index.php/login

[1 occurrence(s)]
DEBUG --> [CSRF] token name=csrf_test_name hash=12fd6f51e9a7a1110dbce390a5fc421c

[1 occurrence(s)]
DEBUG --> [REQ_ID=3d980a014671] [INIT] App\Controllers\AuthController::GET

[1 occurrence(s)]
DEBUG --> [REQ_ID=a952cb2ba271] [FILTER_AFTER]

[1 occurrence(s)]
DEBUG --> [REQ_ID=a952cb2ba271] [LIFECYCLE][END] status=200 duration_ms=106.94 memory_delta=0

[1 occurrence(s)]
DEBUG --> [REQ_ID=a952cb2ba271] [REQUEST][END]

[1 occurrence(s)]
DEBUG --> [REQ_ID=6bc4cb70890c] [REQUEST][START] GET /index.php/Account/Connected-Accounts

[1 occurrence(s)]
DEBUG --> [REQ_ID=6bc4cb70890c] [FILTER_BEFORE] /index.php/Account/Connected-Accounts

[1 occurrence(s)]
DEBUG --> [REQ_ID=6bc4cb70890c] [ROUTE] Controller=\App\Modules\User\Controllers\DashboardController Method=connectedAccounts

[1 occurrence(s)]
DEBUG --> [REQ_ID=6bc4cb70890c] [LIFECYCLE][START] GET https://www.mymiwallet.com/index.php/Account/Connected-Accounts

[1 occurrence(s)]
DEBUG --> [CSRF] token name=csrf_test_name hash=ee0fb492827c3ace139a6d7f876508ef

[1 occurrence(s)]
DEBUG --> [REQ_ID=6bc4cb70890c] [REQUEST][END]

[1 occurrence(s)]
DEBUG --> [REQ_ID=e06797a79805] [REQUEST][START] GET /index.php/login

[1 occurrence(s)]
DEBUG --> [REQ_ID=e06797a79805] [FILTER_BEFORE] /index.php/login

[1 occurrence(s)]
DEBUG --> [REQ_ID=e06797a79805] [ROUTE] Controller=\App\Controllers\AuthController Method=login

[1 occurrence(s)]
DEBUG --> [REQ_ID=e06797a79805] [LIFECYCLE][START] GET https://www.mymiwallet.com/index.php/login

[1 occurrence(s)]
DEBUG --> [CSRF] token name=csrf_test_name hash=91f5b3302ff4d4108c83b63a285bce9b

[1 occurrence(s)]
DEBUG --> [REQ_ID=af48c5ce1343] [INIT] App\Controllers\AuthController::GET

[1 occurrence(s)]
DEBUG --> [REQ_ID=e06797a79805] [FILTER_AFTER]

[1 occurrence(s)]
DEBUG --> [REQ_ID=e06797a79805] [LIFECYCLE][END] status=200 duration_ms=156.78 memory_delta=0

[1 occurrence(s)]
DEBUG --> [REQ_ID=e06797a79805] [REQUEST][END]

[1 occurrence(s)]
DEBUG --> [REQ_ID=a4b2e4a74023] [REQUEST][START] GET /index.php/API/Alerts/fetchEmailAlerts

[1 occurrence(s)]
DEBUG --> [REQ_ID=a4b2e4a74023] [FILTER_BEFORE] /index.php/API/Alerts/fetchEmailAlerts

[1 occurrence(s)]
DEBUG --> [REQ_ID=a4b2e4a74023] [ROUTE] Controller=\App\Modules\APIs\Controllers\AlertsAPIController Method=fetchEmailAlerts

[1 occurrence(s)]
DEBUG --> [REQ_ID=a4b2e4a74023] [LIFECYCLE][START] GET https://www.mymiwallet.com/index.php/API/Alerts/fetchEmailAlerts

[1 occurrence(s)]
DEBUG --> [REQ_ID=a4b2e4a74023] [REQUEST][END]

[1 occurrence(s)]
DEBUG --> [REQ_ID=32380b3bad22] [REQUEST][START] GET /index.php/Budget/Financial-Forecaster

[1 occurrence(s)]
DEBUG --> [REQ_ID=32380b3bad22] [FILTER_BEFORE] /index.php/Budget/Financial-Forecaster

[1 occurrence(s)]
DEBUG --> [REQ_ID=32380b3bad22] [ROUTE] Controller=\App\Modules\User\Controllers\BudgetController Method=financialForecaster

[1 occurrence(s)]
DEBUG --> [REQ_ID=32380b3bad22] [LIFECYCLE][START] GET https://www.mymiwallet.com/index.php/Budget/Financial-Forecaster

[1 occurrence(s)]
DEBUG --> [CSRF] token name=csrf_test_name hash=7eeaf5a274be3ec1a9ef7621bb863680

[1 occurrence(s)]
DEBUG --> [REQ_ID=32380b3bad22] [REQUEST][END]

[1 occurrence(s)]
DEBUG --> [REQ_ID=a5b46a9e9c8b] [REQUEST][START] GET /index.php/login

[1 occurrence(s)]
DEBUG --> [REQ_ID=a5b46a9e9c8b] [FILTER_BEFORE] /index.php/login

[1 occurrence(s)]
DEBUG --> [REQ_ID=a5b46a9e9c8b] [ROUTE] Controller=\App\Controllers\AuthController Method=login

[1 occurrence(s)]
DEBUG --> [REQ_ID=a5b46a9e9c8b] [LIFECYCLE][START] GET https://www.mymiwallet.com/index.php/login

[1 occurrence(s)]
DEBUG --> [CSRF] token name=csrf_test_name hash=24a042652e161c1020a8623b40527003

[1 occurrence(s)]
DEBUG --> [REQ_ID=30c913921438] [INIT] App\Controllers\AuthController::GET

[1 occurrence(s)]
DEBUG --> [REQ_ID=a5b46a9e9c8b] [FILTER_AFTER]

[1 occurrence(s)]
DEBUG --> [REQ_ID=a5b46a9e9c8b] [LIFECYCLE][END] status=200 duration_ms=167.25 memory_delta=0

[1 occurrence(s)]
DEBUG --> [REQ_ID=a5b46a9e9c8b] [REQUEST][END]

[1 occurrence(s)]
DEBUG --> [REQ_ID=896435764e00] [REQUEST][START] GET /

[1 occurrence(s)]
DEBUG --> [REQ_ID=896435764e00] [FILTER_BEFORE] /

[1 occurrence(s)]
DEBUG --> [REQ_ID=896435764e00] [ROUTE] Controller=\App\Controllers\Home Method=index

[1 occurrence(s)]
DEBUG --> [REQ_ID=896435764e00] [LIFECYCLE][START] GET https://www.mymiwallet.com/index.php/

[3 occurrence(s)]
DEBUG --> [CSRF] token name=csrf_test_name hash=e134dfad3f487dc95ca714e92e97eefe

[1 occurrence(s)]
DEBUG --> [REQ_ID=af9d685b7a40] [INIT] App\Controllers\Home::GET

[1 occurrence(s)]
DEBUG --> [REQ_ID=af9d685b7a40] [VIEW_RENDER] themes/public/home

[1 occurrence(s)]
DEBUG --> [REQ_ID=896435764e00] [FILTER_AFTER]

[1 occurrence(s)]
DEBUG --> [REQ_ID=896435764e00] [LIFECYCLE][END] status=200 duration_ms=659.36 memory_delta=6291456

[1 occurrence(s)]
DEBUG --> [REQ_ID=896435764e00] [REQUEST][END]

[1 occurrence(s)]
DEBUG --> [REQ_ID=366ab7bc2491] [REQUEST][START] GET /

[1 occurrence(s)]
DEBUG --> [REQ_ID=366ab7bc2491] [FILTER_BEFORE] /

[1 occurrence(s)]
DEBUG --> [REQ_ID=366ab7bc2491] [ROUTE] Controller=\App\Controllers\Home Method=index

[1 occurrence(s)]
DEBUG --> [REQ_ID=366ab7bc2491] [LIFECYCLE][START] GET https://www.mymiwallet.com/index.php/

[1 occurrence(s)]
DEBUG --> [REQ_ID=709704ed5c0e] [INIT] App\Controllers\Home::GET

[1 occurrence(s)]
DEBUG --> [REQ_ID=709704ed5c0e] [VIEW_RENDER] themes/public/home

[1 occurrence(s)]
DEBUG --> [REQ_ID=366ab7bc2491] [FILTER_AFTER]

[1 occurrence(s)]
DEBUG --> [REQ_ID=366ab7bc2491] [LIFECYCLE][END] status=200 duration_ms=498.00 memory_delta=2097152

[1 occurrence(s)]
DEBUG --> [REQ_ID=366ab7bc2491] [REQUEST][END]

[1 occurrence(s)]
DEBUG --> [REQ_ID=3323c9f7b40d] [REQUEST][START] GET /

[1 occurrence(s)]
DEBUG --> [REQ_ID=3323c9f7b40d] [FILTER_BEFORE] /

[1 occurrence(s)]
DEBUG --> [REQ_ID=3323c9f7b40d] [ROUTE] Controller=\App\Controllers\Home Method=index

[1 occurrence(s)]
DEBUG --> [REQ_ID=3323c9f7b40d] [LIFECYCLE][START] GET https://www.mymiwallet.com/index.php/

[1 occurrence(s)]
DEBUG --> [REQ_ID=972d4a5da87f] [INIT] App\Controllers\Home::GET

[1 occurrence(s)]
DEBUG --> [REQ_ID=972d4a5da87f] [VIEW_RENDER] themes/public/home

[1 occurrence(s)]
DEBUG --> [REQ_ID=3323c9f7b40d] [FILTER_AFTER]

[1 occurrence(s)]
DEBUG --> [REQ_ID=3323c9f7b40d] [LIFECYCLE][END] status=200 duration_ms=507.85 memory_delta=2097152

[1 occurrence(s)]
DEBUG --> [REQ_ID=3323c9f7b40d] [REQUEST][END]

[1 occurrence(s)]
DEBUG --> [REQ_ID=9beae41c2391] [REQUEST][START] GET /index.php/

[1 occurrence(s)]
DEBUG --> [REQ_ID=9beae41c2391] [FILTER_BEFORE] /index.php/

[1 occurrence(s)]
DEBUG --> [REQ_ID=9beae41c2391] [ROUTE] Controller=\App\Controllers\Home Method=index

[1 occurrence(s)]
DEBUG --> [REQ_ID=9beae41c2391] [LIFECYCLE][START] GET https://www.mymiwallet.com/index.php/

[1 occurrence(s)]
DEBUG --> [CSRF] token name=csrf_test_name hash=d0760844b46040a71ac518ac66884484

[1 occurrence(s)]
DEBUG --> [REQ_ID=1892c5dea101] [INIT] App\Controllers\Home::GET

[1 occurrence(s)]
DEBUG --> [REQ_ID=1892c5dea101] [VIEW_RENDER] themes/public/home

[1 occurrence(s)]
DEBUG --> [REQ_ID=9beae41c2391] [FILTER_AFTER]

[1 occurrence(s)]
DEBUG --> [REQ_ID=9beae41c2391] [LIFECYCLE][END] status=200 duration_ms=519.90 memory_delta=4194304

[1 occurrence(s)]
DEBUG --> [REQ_ID=9beae41c2391] [REQUEST][END]

[1 occurrence(s)]
DEBUG --> [REQ_ID=89195ebfc027] [REQUEST][START] GET /index.php/Management/Marketing/Content/Generator

[1 occurrence(s)]
DEBUG --> [REQ_ID=89195ebfc027] [FILTER_BEFORE] /index.php/Management/Marketing/Content/Generator

[1 occurrence(s)]
DEBUG --> [REQ_ID=89195ebfc027] [ROUTE] Controller=\App\Modules\Management\Controllers\MarketingAdminController Method=contentGenerator

[1 occurrence(s)]
DEBUG --> [REQ_ID=89195ebfc027] [LIFECYCLE][START] GET https://www.mymiwallet.com/index.php/Management/Marketing/Content/Generator

[1 occurrence(s)]
DEBUG --> [CSRF] token name=csrf_test_name hash=a9ee37b41b4ceb6a518c8ed4f7c808a7

[1 occurrence(s)]
DEBUG --> [REQ_ID=89195ebfc027] [REQUEST][END]

[1 occurrence(s)]
DEBUG --> [REQ_ID=02214332e3f4] [REQUEST][START] GET /index.php/login

[1 occurrence(s)]
DEBUG --> [REQ_ID=02214332e3f4] [FILTER_BEFORE] /index.php/login

[1 occurrence(s)]
DEBUG --> [REQ_ID=02214332e3f4] [ROUTE] Controller=\App\Controllers\AuthController Method=login

[1 occurrence(s)]
DEBUG --> [REQ_ID=02214332e3f4] [LIFECYCLE][START] GET https://www.mymiwallet.com/index.php/login

[1 occurrence(s)]
DEBUG --> [CSRF] token name=csrf_test_name hash=bdaf5c4d5a37a35912d34cba12290b60

[1 occurrence(s)]
DEBUG --> [REQ_ID=061bfc6b98bc] [INIT] App\Controllers\AuthController::GET

[1 occurrence(s)]
DEBUG --> [REQ_ID=02214332e3f4] [FILTER_AFTER]

[1 occurrence(s)]
DEBUG --> [REQ_ID=02214332e3f4] [LIFECYCLE][END] status=200 duration_ms=63.48 memory_delta=0

[1 occurrence(s)]
DEBUG --> [REQ_ID=02214332e3f4] [REQUEST][END]

[1 occurrence(s)]
DEBUG --> [REQ_ID=1a099ee399c1] [REQUEST][START] GET /index.php/Terms-Of-Service

[1 occurrence(s)]
DEBUG --> [REQ_ID=1a099ee399c1] [FILTER_BEFORE] /index.php/Terms-Of-Service

[1 occurrence(s)]
DEBUG --> [REQ_ID=1a099ee399c1] [ROUTE] Controller=\App\Controllers\Home Method=termsOfService

[1 occurrence(s)]
DEBUG --> [REQ_ID=1a099ee399c1] [LIFECYCLE][START] GET https://www.mymiwallet.com/index.php/Terms-Of-Service

[1 occurrence(s)]
DEBUG --> [CSRF] token name=csrf_test_name hash=2ccdc1ffbe40b9cb3a0db705c0765922

[1 occurrence(s)]
DEBUG --> [REQ_ID=d8748a814ee8] [INIT] App\Controllers\Home::GET

[1 occurrence(s)]
DEBUG --> [MetaService] slug=terms-of-service pageName= cacheHit= path=DB

[1 occurrence(s)]
DEBUG --> [REQ_ID=d8748a814ee8] [VIEW_RENDER] themes/public/termsOfService

[1 occurrence(s)]
DEBUG --> [MetaService] slug=terms-of-service pageName=Terms of Service cacheHit= path=DB

[1 occurrence(s)]
DEBUG --> [REQ_ID=1a099ee399c1] [FILTER_AFTER]

[1 occurrence(s)]
DEBUG --> [REQ_ID=1a099ee399c1] [LIFECYCLE][END] status=200 duration_ms=716.98 memory_delta=6291456

[1 occurrence(s)]
DEBUG --> [REQ_ID=1a099ee399c1] [REQUEST][END]

[1 occurrence(s)]
DEBUG --> [REQ_ID=1dd203fe2897] [REQUEST][START] GET /index.php/API/Management/Run-CRON-Tasks

[1 occurrence(s)]
DEBUG --> [REQ_ID=1dd203fe2897] [FILTER_BEFORE] /index.php/API/Management/Run-CRON-Tasks

[1 occurrence(s)]
DEBUG --> [REQ_ID=1dd203fe2897] [ROUTE] Controller=\App\Modules\APIs\Controllers\ManagementAPIController Method=Run_CRON_Tasks

[1 occurrence(s)]
DEBUG --> [REQ_ID=1dd203fe2897] [LIFECYCLE][START] GET https://www.mymiwallet.com/index.php/API/Management/Run-CRON-Tasks

[1 occurrence(s)]
DEBUG --> [REQ_ID=1dd203fe2897] [REQUEST][END]

[1 occurrence(s)]
DEBUG --> [REQ_ID=ff6c1b7c6270] [REQUEST][START] GET /index.php/Management/Marketing/Content/Listing

[1 occurrence(s)]
DEBUG --> [REQ_ID=ff6c1b7c6270] [FILTER_BEFORE] /index.php/Management/Marketing/Content/Listing

[1 occurrence(s)]
DEBUG --> [REQ_ID=ff6c1b7c6270] [ROUTE] Controller=\App\Modules\Management\Controllers\MarketingAdminController Method=contentListing

[1 occurrence(s)]
DEBUG --> [REQ_ID=ff6c1b7c6270] [LIFECYCLE][START] GET https://www.mymiwallet.com/index.php/Management/Marketing/Content/Listing

[1 occurrence(s)]
DEBUG --> [CSRF] token name=csrf_test_name hash=dcaf5a7ccb26a06cf7b730a39e41ac79

[1 occurrence(s)]
DEBUG --> [REQ_ID=ff6c1b7c6270] [REQUEST][END]

[1 occurrence(s)]
DEBUG --> [REQ_ID=27f19f59276c] [REQUEST][START] GET /index.php/login

[1 occurrence(s)]
DEBUG --> [REQ_ID=27f19f59276c] [FILTER_BEFORE] /index.php/login

[1 occurrence(s)]
DEBUG --> [REQ_ID=27f19f59276c] [ROUTE] Controller=\App\Controllers\AuthController Method=login

[1 occurrence(s)]
DEBUG --> [REQ_ID=27f19f59276c] [LIFECYCLE][START] GET https://www.mymiwallet.com/index.php/login

[1 occurrence(s)]
DEBUG --> [CSRF] token name=csrf_test_name hash=6d673e2b0551b439c9f1d2577bc33f1b

[1 occurrence(s)]
DEBUG --> [REQ_ID=8904108fbda1] [INIT] App\Controllers\AuthController::GET

[1 occurrence(s)]
DEBUG --> [REQ_ID=27f19f59276c] [FILTER_AFTER]

[1 occurrence(s)]
DEBUG --> [REQ_ID=27f19f59276c] [LIFECYCLE][END] status=200 duration_ms=115.06 memory_delta=0

[1 occurrence(s)]
DEBUG --> [REQ_ID=27f19f59276c] [REQUEST][END]

[1 occurrence(s)]
DEBUG --> [REQ_ID=74b8a6e10f1f] [REQUEST][START] GET /index.php/Management/Marketing/Ideas

[1 occurrence(s)]
DEBUG --> [REQ_ID=74b8a6e10f1f] [FILTER_BEFORE] /index.php/Management/Marketing/Ideas

[1 occurrence(s)]
DEBUG --> [REQ_ID=74b8a6e10f1f] [ROUTE] Controller=\App\Modules\Management\Controllers\MarketingAdminController Method=ideas

[1 occurrence(s)]
DEBUG --> [REQ_ID=74b8a6e10f1f] [LIFECYCLE][START] GET https://www.mymiwallet.com/index.php/Management/Marketing/Ideas

[1 occurrence(s)]
DEBUG --> [CSRF] token name=csrf_test_name hash=1bff3f08cbfdb6033002cb0836715425

[1 occurrence(s)]
DEBUG --> [REQ_ID=74b8a6e10f1f] [REQUEST][END]

[1 occurrence(s)]
DEBUG --> [REQ_ID=f60e5c31058c] [REQUEST][START] GET /index.php/login

[1 occurrence(s)]
DEBUG --> [REQ_ID=f60e5c31058c] [FILTER_BEFORE] /index.php/login

[1 occurrence(s)]
DEBUG --> [REQ_ID=f60e5c31058c] [ROUTE] Controller=\App\Controllers\AuthController Method=login

[1 occurrence(s)]
DEBUG --> [REQ_ID=f60e5c31058c] [LIFECYCLE][START] GET https://www.mymiwallet.com/index.php/login

[1 occurrence(s)]
DEBUG --> [CSRF] token name=csrf_test_name hash=f731e812b785c605666d50031798d2da

[1 occurrence(s)]
DEBUG --> [REQ_ID=4ab75bf93ad1] [INIT] App\Controllers\AuthController::GET

[1 occurrence(s)]
DEBUG --> [REQ_ID=f60e5c31058c] [FILTER_AFTER]

[1 occurrence(s)]
DEBUG --> [REQ_ID=f60e5c31058c] [LIFECYCLE][END] status=200 duration_ms=161.08 memory_delta=0

[1 occurrence(s)]
DEBUG --> [REQ_ID=f60e5c31058c] [REQUEST][END]

[1 occurrence(s)]
DEBUG --> [REQ_ID=b482a52decdf] [REQUEST][START] GET /index.php/API/Alerts/fetchEmailAlerts

[1 occurrence(s)]
DEBUG --> [REQ_ID=b482a52decdf] [FILTER_BEFORE] /index.php/API/Alerts/fetchEmailAlerts

[1 occurrence(s)]
DEBUG --> [REQ_ID=b482a52decdf] [ROUTE] Controller=\App\Modules\APIs\Controllers\AlertsAPIController Method=fetchEmailAlerts

[1 occurrence(s)]
DEBUG --> [REQ_ID=b482a52decdf] [LIFECYCLE][START] GET https://www.mymiwallet.com/index.php/API/Alerts/fetchEmailAlerts

[1 occurrence(s)]
DEBUG --> [REQ_ID=b482a52decdf] [REQUEST][END]

[1 occurrence(s)]
DEBUG --> [REQ_ID=0bd382e2d20e] [REQUEST][START] GET /

[1 occurrence(s)]
DEBUG --> [REQ_ID=0bd382e2d20e] [FILTER_BEFORE] /

[1 occurrence(s)]
DEBUG --> [REQ_ID=0bd382e2d20e] [ROUTE] Controller=\App\Controllers\Home Method=index

[1 occurrence(s)]
DEBUG --> [REQ_ID=0bd382e2d20e] [LIFECYCLE][START] GET https://www.mymiwallet.com/index.php/

[1 occurrence(s)]
DEBUG --> [CSRF] token name=csrf_test_name hash=947b39459a8113519cd29aff4e2a9e53

[1 occurrence(s)]
DEBUG --> [REQ_ID=a1537317bae1] [INIT] App\Controllers\Home::GET

[1 occurrence(s)]
DEBUG --> [REQ_ID=a1537317bae1] [VIEW_RENDER] themes/public/home

[1 occurrence(s)]
DEBUG --> [REQ_ID=0bd382e2d20e] [FILTER_AFTER]

[1 occurrence(s)]
DEBUG --> [REQ_ID=0bd382e2d20e] [LIFECYCLE][END] status=200 duration_ms=797.24 memory_delta=6291456

[1 occurrence(s)]
DEBUG --> [REQ_ID=0bd382e2d20e] [REQUEST][END]

[1 occurrence(s)]
DEBUG --> [REQ_ID=c91cfa942b38] [REQUEST][START] GET /

[1 occurrence(s)]
DEBUG --> [REQ_ID=c91cfa942b38] [FILTER_BEFORE] /

[1 occurrence(s)]
DEBUG --> [REQ_ID=c91cfa942b38] [ROUTE] Controller=\App\Controllers\Home Method=index

[1 occurrence(s)]
DEBUG --> [REQ_ID=c91cfa942b38] [LIFECYCLE][START] GET https://www.mymiwallet.com/index.php/

[1 occurrence(s)]
DEBUG --> [CSRF] token name=csrf_test_name hash=7d8c59cdbc9ccec4f3334d82cbd7a7f3

[1 occurrence(s)]
DEBUG --> [REQ_ID=55a297d0fe49] [INIT] App\Controllers\Home::GET

[1 occurrence(s)]
DEBUG --> [REQ_ID=55a297d0fe49] [VIEW_RENDER] themes/public/home

[1 occurrence(s)]
DEBUG --> [REQ_ID=c91cfa942b38] [FILTER_AFTER]

[1 occurrence(s)]
DEBUG --> [REQ_ID=c91cfa942b38] [LIFECYCLE][END] status=200 duration_ms=608.95 memory_delta=2097152

[1 occurrence(s)]
DEBUG --> [REQ_ID=c91cfa942b38] [REQUEST][END]

[1 occurrence(s)]
DEBUG --> [REQ_ID=99efd58f5c9e] [REQUEST][START] GET /

[1 occurrence(s)]
DEBUG --> [REQ_ID=99efd58f5c9e] [FILTER_BEFORE] /

[1 occurrence(s)]
DEBUG --> [REQ_ID=99efd58f5c9e] [ROUTE] Controller=\App\Controllers\Home Method=index

[1 occurrence(s)]
DEBUG --> [REQ_ID=99efd58f5c9e] [LIFECYCLE][START] GET https://www.mymiwallet.com/index.php/

[1 occurrence(s)]
DEBUG --> [CSRF] token name=csrf_test_name hash=ba691f767a2094d010c93dd321044a55

[1 occurrence(s)]
DEBUG --> [REQ_ID=d7289fcbd1a4] [INIT] App\Controllers\Home::GET

[1 occurrence(s)]
DEBUG --> [REQ_ID=d7289fcbd1a4] [VIEW_RENDER] themes/public/home

[1 occurrence(s)]
DEBUG --> [REQ_ID=99efd58f5c9e] [FILTER_AFTER]

[1 occurrence(s)]
DEBUG --> [REQ_ID=99efd58f5c9e] [LIFECYCLE][END] status=200 duration_ms=681.64 memory_delta=6291456

[1 occurrence(s)]
DEBUG --> [REQ_ID=99efd58f5c9e] [REQUEST][END]

[1 occurrence(s)]
DEBUG --> [REQ_ID=57e7c4d907d7] [REQUEST][START] GET /index.php/Budget/Financial-Advisors

[1 occurrence(s)]
DEBUG --> [REQ_ID=57e7c4d907d7] [REQUEST][END]

[1 occurrence(s)]
DEBUG --> [REQ_ID=d316db0ea64d] [REQUEST][START] GET /index.php/Legal/Privacy-Policy

[1 occurrence(s)]
DEBUG --> [REQ_ID=d316db0ea64d] [FILTER_BEFORE] /index.php/Legal/Privacy-Policy

[1 occurrence(s)]
DEBUG --> [REQ_ID=d316db0ea64d] [ROUTE] Controller=\App\Controllers\Home Method=privacyPolicy

[1 occurrence(s)]
DEBUG --> [REQ_ID=d316db0ea64d] [LIFECYCLE][START] GET https://www.mymiwallet.com/index.php/Legal/Privacy-Policy

[1 occurrence(s)]
DEBUG --> [CSRF] token name=csrf_test_name hash=aa435e0d249ef42e71ec44e6863d1c85

[1 occurrence(s)]
DEBUG --> [REQ_ID=d316db0ea64d] [REQUEST][END]

[1 occurrence(s)]
DEBUG --> [REQ_ID=0859a60e31a5] [REQUEST][START] GET /index.php/login

[1 occurrence(s)]
DEBUG --> [REQ_ID=0859a60e31a5] [FILTER_BEFORE] /index.php/login

[1 occurrence(s)]
DEBUG --> [REQ_ID=0859a60e31a5] [ROUTE] Controller=\App\Controllers\AuthController Method=login

[1 occurrence(s)]
DEBUG --> [REQ_ID=0859a60e31a5] [LIFECYCLE][START] GET https://www.mymiwallet.com/index.php/login

[1 occurrence(s)]
DEBUG --> [CSRF] token name=csrf_test_name hash=385c586a632cfb1331982b508bb5fe53

[1 occurrence(s)]
DEBUG --> [REQ_ID=39097f2c4d15] [INIT] App\Controllers\AuthController::GET

[1 occurrence(s)]
DEBUG --> [REQ_ID=0859a60e31a5] [FILTER_AFTER]

[1 occurrence(s)]
DEBUG --> [REQ_ID=0859a60e31a5] [LIFECYCLE][END] status=200 duration_ms=36.97 memory_delta=0

[1 occurrence(s)]
DEBUG --> [REQ_ID=0859a60e31a5] [REQUEST][END]

[1 occurrence(s)]
DEBUG --> [REQ_ID=71fd7e91712e] [REQUEST][START] GET /

[1 occurrence(s)]
DEBUG --> [REQ_ID=71fd7e91712e] [REQUEST][END]

[1 occurrence(s)]
DEBUG --> [REQ_ID=2e1454c84f80] [REQUEST][START] GET /index.php/Premium-Features/Advanced-Trade-Tracker

[1 occurrence(s)]
DEBUG --> [REQ_ID=2e1454c84f80] [REQUEST][END]

[1 occurrence(s)]
DEBUG --> [REQ_ID=8bdfd4653079] [REQUEST][START] GET /index.php/Management/Marketing/Video-Creator

[1 occurrence(s)]
DEBUG --> [REQ_ID=8bdfd4653079] [FILTER_BEFORE] /index.php/Management/Marketing/Video-Creator

[1 occurrence(s)]
DEBUG --> [REQ_ID=8bdfd4653079] [ROUTE] Controller=\App\Modules\Management\Controllers\MarketingAdminController Method=videoCreator

[1 occurrence(s)]
DEBUG --> [REQ_ID=8bdfd4653079] [LIFECYCLE][START] GET https://www.mymiwallet.com/index.php/Management/Marketing/Video-Creator

[1 occurrence(s)]
DEBUG --> [CSRF] token name=csrf_test_name hash=78db55356c8733640fe3baeb9e1608d3

[1 occurrence(s)]
DEBUG --> [REQ_ID=8bdfd4653079] [REQUEST][END]

[1 occurrence(s)]
DEBUG --> [REQ_ID=2169fbdf6e16] [REQUEST][START] GET /index.php/login

[1 occurrence(s)]
DEBUG --> [REQ_ID=2169fbdf6e16] [FILTER_BEFORE] /index.php/login

[1 occurrence(s)]
DEBUG --> [REQ_ID=2169fbdf6e16] [ROUTE] Controller=\App\Controllers\AuthController Method=login

[1 occurrence(s)]
DEBUG --> [REQ_ID=2169fbdf6e16] [LIFECYCLE][START] GET https://www.mymiwallet.com/index.php/login

[1 occurrence(s)]
DEBUG --> [CSRF] token name=csrf_test_name hash=470918e27d8a714c843d1e7c567984e3

[1 occurrence(s)]
DEBUG --> [REQ_ID=27f83641bcac] [INIT] App\Controllers\AuthController::GET

[1 occurrence(s)]
DEBUG --> [REQ_ID=2169fbdf6e16] [FILTER_AFTER]

[1 occurrence(s)]
DEBUG --> [REQ_ID=2169fbdf6e16] [LIFECYCLE][END] status=200 duration_ms=52.06 memory_delta=0

[1 occurrence(s)]
DEBUG --> [REQ_ID=2169fbdf6e16] [REQUEST][END]

[1 occurrence(s)]
DEBUG --> [REQ_ID=c4028d594feb] [REQUEST][START] GET /index.php/API/Management/Run-CRON-Tasks

[1 occurrence(s)]
DEBUG --> [REQ_ID=c4028d594feb] [FILTER_BEFORE] /index.php/API/Management/Run-CRON-Tasks

[1 occurrence(s)]
DEBUG --> [REQ_ID=c4028d594feb] [ROUTE] Controller=\App\Modules\APIs\Controllers\ManagementAPIController Method=Run_CRON_Tasks

[1 occurrence(s)]
DEBUG --> [REQ_ID=c4028d594feb] [LIFECYCLE][START] GET https://www.mymiwallet.com/index.php/API/Management/Run-CRON-Tasks

[1 occurrence(s)]
DEBUG --> [REQ_ID=c4028d594feb] [REQUEST][END]

[1 occurrence(s)]
DEBUG --> [REQ_ID=b329b96c59a5] [REQUEST][START] GET /index.php/Account/Billing

[1 occurrence(s)]
DEBUG --> [REQ_ID=b329b96c59a5] [REQUEST][END]

[1 occurrence(s)]
DEBUG --> [REQ_ID=dd1278a59d3d] [REQUEST][START] GET /index.php/API/Alerts/fetchEmailAlerts

[1 occurrence(s)]
DEBUG --> [REQ_ID=dd1278a59d3d] [FILTER_BEFORE] /index.php/API/Alerts/fetchEmailAlerts

[1 occurrence(s)]
DEBUG --> [REQ_ID=dd1278a59d3d] [ROUTE] Controller=\App\Modules\APIs\Controllers\AlertsAPIController Method=fetchEmailAlerts

[1 occurrence(s)]
DEBUG --> [REQ_ID=dd1278a59d3d] [LIFECYCLE][START] GET https://www.mymiwallet.com/index.php/API/Alerts/fetchEmailAlerts

[1 occurrence(s)]
DEBUG --> [REQ_ID=dd1278a59d3d] [REQUEST][END]

[1 occurrence(s)]
DEBUG --> [REQ_ID=3f62aecf66f6] [REQUEST][START] GET /index.php/Purchase/MyMIGold

[1 occurrence(s)]
DEBUG --> [REQ_ID=3f62aecf66f6] [FILTER_BEFORE] /index.php/Purchase/MyMIGold

[1 occurrence(s)]
DEBUG --> [REQ_ID=3f62aecf66f6] [ROUTE] Controller=closure_route Method=index

[1 occurrence(s)]
DEBUG --> [REQ_ID=3f62aecf66f6] [LIFECYCLE][START] GET https://www.mymiwallet.com/index.php/Purchase/MyMIGold

[1 occurrence(s)]
DEBUG --> [CSRF] token name=csrf_test_name hash=5db8b85f88cf16b5056a8a13f641fdbc

[1 occurrence(s)]
DEBUG --> [REQ_ID=3f62aecf66f6] [REQUEST][END]

[1 occurrence(s)]
DEBUG --> [REQ_ID=7355a6a48023] [REQUEST][START] GET /index.php/login

[1 occurrence(s)]
DEBUG --> [REQ_ID=7355a6a48023] [FILTER_BEFORE] /index.php/login

[1 occurrence(s)]
DEBUG --> [REQ_ID=7355a6a48023] [ROUTE] Controller=\App\Controllers\AuthController Method=login

[1 occurrence(s)]
DEBUG --> [REQ_ID=7355a6a48023] [LIFECYCLE][START] GET https://www.mymiwallet.com/index.php/login

[1 occurrence(s)]
DEBUG --> [CSRF] token name=csrf_test_name hash=713c9f336108bc7861564312d30ae83e

[1 occurrence(s)]
DEBUG --> [REQ_ID=d18c37906053] [INIT] App\Controllers\AuthController::GET

[1 occurrence(s)]
DEBUG --> [REQ_ID=7355a6a48023] [FILTER_AFTER]

[1 occurrence(s)]
DEBUG --> [REQ_ID=7355a6a48023] [LIFECYCLE][END] status=200 duration_ms=39.39 memory_delta=0

[1 occurrence(s)]
DEBUG --> [REQ_ID=7355a6a48023] [REQUEST][END]

[1 occurrence(s)]
DEBUG --> [REQ_ID=3c8d88a1e8d8] [REQUEST][START] GET /

[1 occurrence(s)]
DEBUG --> [REQ_ID=3c8d88a1e8d8] [FILTER_BEFORE] /

[1 occurrence(s)]
DEBUG --> [REQ_ID=3c8d88a1e8d8] [ROUTE] Controller=\App\Controllers\Home Method=index

[1 occurrence(s)]
DEBUG --> [REQ_ID=3c8d88a1e8d8] [LIFECYCLE][START] GET https://www.mymiwallet.com/index.php/

[2 occurrence(s)]
DEBUG --> [CSRF] token name=csrf_test_name hash=169732afca5d729504b3051a580965e7

[1 occurrence(s)]
DEBUG --> [REQ_ID=e396a0fb839a] [INIT] App\Controllers\Home::GET

[1 occurrence(s)]
DEBUG --> [REQ_ID=e396a0fb839a] [VIEW_RENDER] themes/public/home

[1 occurrence(s)]
DEBUG --> [REQ_ID=3c8d88a1e8d8] [FILTER_AFTER]

[1 occurrence(s)]
DEBUG --> [REQ_ID=3c8d88a1e8d8] [LIFECYCLE][END] status=200 duration_ms=561.27 memory_delta=4194304

[1 occurrence(s)]
DEBUG --> [REQ_ID=3c8d88a1e8d8] [REQUEST][END]

[1 occurrence(s)]
DEBUG --> [REQ_ID=e141fbd50668] [REQUEST][START] GET /

[1 occurrence(s)]
DEBUG --> [REQ_ID=e141fbd50668] [FILTER_BEFORE] /

[1 occurrence(s)]
DEBUG --> [REQ_ID=e141fbd50668] [ROUTE] Controller=\App\Controllers\Home Method=index

[1 occurrence(s)]
DEBUG --> [REQ_ID=e141fbd50668] [LIFECYCLE][START] GET https://www.mymiwallet.com/index.php/

[1 occurrence(s)]
DEBUG --> [REQ_ID=89d6460e35e0] [INIT] App\Controllers\Home::GET

[1 occurrence(s)]
DEBUG --> [REQ_ID=89d6460e35e0] [VIEW_RENDER] themes/public/home

[1 occurrence(s)]
DEBUG --> [REQ_ID=e141fbd50668] [FILTER_AFTER]

[1 occurrence(s)]
DEBUG --> [REQ_ID=e141fbd50668] [LIFECYCLE][END] status=200 duration_ms=644.77 memory_delta=4194304

[1 occurrence(s)]
DEBUG --> [REQ_ID=e141fbd50668] [REQUEST][END]

[1 occurrence(s)]
DEBUG --> [REQ_ID=2f13f9ac6feb] [REQUEST][START] GET /index.php/How-It-Works/Investment-Dashboard

[1 occurrence(s)]
DEBUG --> [REQ_ID=2f13f9ac6feb] [FILTER_BEFORE] /index.php/How-It-Works/Investment-Dashboard

[1 occurrence(s)]
DEBUG --> [REQ_ID=2f13f9ac6feb] [ROUTE] Controller=\App\Modules\Blog\Controllers\HowItWorksController Method=show

[1 occurrence(s)]
DEBUG --> [REQ_ID=2f13f9ac6feb] [LIFECYCLE][START] GET https://www.mymiwallet.com/index.php/How-It-Works/Investment-Dashboard

[1 occurrence(s)]
DEBUG --> [CSRF] token name=csrf_test_name hash=522feab10fc43814668b4708a52b13d6

[1 occurrence(s)]
DEBUG --> [REQ_ID=1190c74912b0] [INIT] App\Modules\Blog\Controllers\HowItWorksController::GET

[1 occurrence(s)]
DEBUG --> [REQ_ID=1190c74912b0] [METHOD_ENTRY] show

[1 occurrence(s)]
DEBUG --> [HOW_IT_WORKS] slug=investment-dashboard

[1 occurrence(s)]
DEBUG --> [REQ_ID=2f13f9ac6feb] [FILTER_AFTER]

[1 occurrence(s)]
DEBUG --> [REQ_ID=2f13f9ac6feb] [LIFECYCLE][END] status=200 duration_ms=636.21 memory_delta=6291456

[1 occurrence(s)]
DEBUG --> [REQ_ID=2f13f9ac6feb] [REQUEST][END]

[1 occurrence(s)]
DEBUG --> [REQ_ID=24c7783dec4d] [REQUEST][START] GET /index.php/Account/Social-Media

[1 occurrence(s)]
DEBUG --> [REQ_ID=24c7783dec4d] [FILTER_BEFORE] /index.php/Account/Social-Media

[1 occurrence(s)]
DEBUG --> [REQ_ID=24c7783dec4d] [ROUTE] Controller=\App\Modules\User\Controllers\DashboardController Method=SocialMedia

[1 occurrence(s)]
DEBUG --> [REQ_ID=24c7783dec4d] [LIFECYCLE][START] GET https://www.mymiwallet.com/index.php/Account/Social-Media

[1 occurrence(s)]
DEBUG --> [CSRF] token name=csrf_test_name hash=97265ba8629b295e3ab221e605a8a063

[1 occurrence(s)]
DEBUG --> [REQ_ID=24c7783dec4d] [REQUEST][END]

[1 occurrence(s)]
DEBUG --> [REQ_ID=1114def0eea3] [REQUEST][START] GET /index.php/login

[1 occurrence(s)]
DEBUG --> [REQ_ID=1114def0eea3] [FILTER_BEFORE] /index.php/login

[1 occurrence(s)]
DEBUG --> [REQ_ID=1114def0eea3] [ROUTE] Controller=\App\Controllers\AuthController Method=login

[1 occurrence(s)]
DEBUG --> [REQ_ID=1114def0eea3] [LIFECYCLE][START] GET https://www.mymiwallet.com/index.php/login

[1 occurrence(s)]
DEBUG --> [CSRF] token name=csrf_test_name hash=4db00926f4d69915553897c0fb518a88

[1 occurrence(s)]
DEBUG --> [REQ_ID=0ac234d4a659] [INIT] App\Controllers\AuthController::GET

[1 occurrence(s)]
DEBUG --> [REQ_ID=1114def0eea3] [FILTER_AFTER]

[1 occurrence(s)]
DEBUG --> [REQ_ID=1114def0eea3] [LIFECYCLE][END] status=200 duration_ms=64.78 memory_delta=0

[1 occurrence(s)]
DEBUG --> [REQ_ID=1114def0eea3] [REQUEST][END]

[1 occurrence(s)]
DEBUG --> [REQ_ID=6c75114b7480] [REQUEST][START] GET /index.php/resend-activation

[1 occurrence(s)]
DEBUG --> [REQ_ID=6c75114b7480] [REQUEST][END]

[1 occurrence(s)]
DEBUG --> [REQ_ID=12d83393ed25] [REQUEST][START] GET /index.php/Knowledgebase

[1 occurrence(s)]
DEBUG --> [REQ_ID=12d83393ed25] [FILTER_BEFORE] /index.php/Knowledgebase

[1 occurrence(s)]
DEBUG --> [REQ_ID=12d83393ed25] [ROUTE] Controller=\App\Modules\User\Controllers\KnowledgebaseController Method=index

[1 occurrence(s)]
DEBUG --> [REQ_ID=12d83393ed25] [LIFECYCLE][START] GET https://www.mymiwallet.com/index.php/Knowledgebase

[1 occurrence(s)]
DEBUG --> [CSRF] token name=csrf_test_name hash=8040954d070fd122459ab739438b0a02

[1 occurrence(s)]
DEBUG --> [REQ_ID=12d83393ed25] [REQUEST][END]

[1 occurrence(s)]
DEBUG --> [REQ_ID=d6cc6f78af41] [REQUEST][START] GET /index.php/login

[1 occurrence(s)]
DEBUG --> [REQ_ID=d6cc6f78af41] [FILTER_BEFORE] /index.php/login

[1 occurrence(s)]
DEBUG --> [REQ_ID=d6cc6f78af41] [ROUTE] Controller=\App\Controllers\AuthController Method=login

[1 occurrence(s)]
DEBUG --> [REQ_ID=d6cc6f78af41] [LIFECYCLE][START] GET https://www.mymiwallet.com/index.php/login

[1 occurrence(s)]
DEBUG --> [CSRF] token name=csrf_test_name hash=a684271758b295604a468b937bf51aa7

[1 occurrence(s)]
DEBUG --> [REQ_ID=aeaace573b53] [INIT] App\Controllers\AuthController::GET

[1 occurrence(s)]
DEBUG --> [REQ_ID=d6cc6f78af41] [FILTER_AFTER]

[1 occurrence(s)]
DEBUG --> [REQ_ID=d6cc6f78af41] [LIFECYCLE][END] status=200 duration_ms=15.52 memory_delta=0

[1 occurrence(s)]
DEBUG --> [REQ_ID=d6cc6f78af41] [REQUEST][END]

[1 occurrence(s)]
DEBUG --> [REQ_ID=a237ceb33d08] [REQUEST][START] GET /index.php/API/Management/Run-CRON-Tasks

[1 occurrence(s)]
DEBUG --> [REQ_ID=a237ceb33d08] [FILTER_BEFORE] /index.php/API/Management/Run-CRON-Tasks

[1 occurrence(s)]
DEBUG --> [REQ_ID=a237ceb33d08] [ROUTE] Controller=\App\Modules\APIs\Controllers\ManagementAPIController Method=Run_CRON_Tasks

[1 occurrence(s)]
DEBUG --> [REQ_ID=a237ceb33d08] [LIFECYCLE][START] GET https://www.mymiwallet.com/index.php/API/Management/Run-CRON-Tasks

[1 occurrence(s)]
DEBUG --> [REQ_ID=a237ceb33d08] [REQUEST][END]

[1 occurrence(s)]
DEBUG --> [REQ_ID=4ce0cf4a4268] [REQUEST][START] GET /index.php/Free/register/MyMI-Budgeting-Tool

[1 occurrence(s)]
DEBUG --> [REQ_ID=4ce0cf4a4268] [REQUEST][END]

[1 occurrence(s)]
DEBUG --> [REQ_ID=925824e06db1] [REQUEST][START] GET /index.php/API/Alerts/fetchEmailAlerts

[1 occurrence(s)]
DEBUG --> [REQ_ID=925824e06db1] [FILTER_BEFORE] /index.php/API/Alerts/fetchEmailAlerts

[1 occurrence(s)]
DEBUG --> [REQ_ID=925824e06db1] [ROUTE] Controller=\App\Modules\APIs\Controllers\AlertsAPIController Method=fetchEmailAlerts

[1 occurrence(s)]
DEBUG --> [REQ_ID=925824e06db1] [LIFECYCLE][START] GET https://www.mymiwallet.com/index.php/API/Alerts/fetchEmailAlerts

[1 occurrence(s)]
DEBUG --> [REQ_ID=925824e06db1] [REQUEST][END]

[1 occurrence(s)]
DEBUG --> [REQ_ID=c2ba574db524] [REQUEST][START] GET /index.php/Management/Projects

[1 occurrence(s)]
DEBUG --> [REQ_ID=c2ba574db524] [FILTER_BEFORE] /index.php/Management/Projects

[1 occurrence(s)]
DEBUG --> [REQ_ID=c2ba574db524] [ROUTE] Controller=\App\Modules\Management\Controllers\ProjectsController Method=index

[1 occurrence(s)]
DEBUG --> [REQ_ID=c2ba574db524] [LIFECYCLE][START] GET https://www.mymiwallet.com/index.php/Management/Projects

[1 occurrence(s)]
DEBUG --> [CSRF] token name=csrf_test_name hash=a0dc98950a19c153291f3dc9e0d843e9

[1 occurrence(s)]
DEBUG --> [REQ_ID=c2ba574db524] [REQUEST][END]

[1 occurrence(s)]
DEBUG --> [REQ_ID=cdb5075fa819] [REQUEST][START] GET /index.php/login

[1 occurrence(s)]
DEBUG --> [REQ_ID=cdb5075fa819] [FILTER_BEFORE] /index.php/login

[1 occurrence(s)]
DEBUG --> [REQ_ID=cdb5075fa819] [ROUTE] Controller=\App\Controllers\AuthController Method=login

[1 occurrence(s)]
DEBUG --> [REQ_ID=cdb5075fa819] [LIFECYCLE][START] GET https://www.mymiwallet.com/index.php/login

[1 occurrence(s)]
DEBUG --> [CSRF] token name=csrf_test_name hash=68c3e353eedf63167837937ec8081570

[1 occurrence(s)]
DEBUG --> [REQ_ID=5ea2e98750b8] [INIT] App\Controllers\AuthController::GET

[1 occurrence(s)]
DEBUG --> [REQ_ID=cdb5075fa819] [FILTER_AFTER]

[1 occurrence(s)]
DEBUG --> [REQ_ID=cdb5075fa819] [LIFECYCLE][END] status=200 duration_ms=33.43 memory_delta=0

[1 occurrence(s)]
DEBUG --> [REQ_ID=cdb5075fa819] [REQUEST][END]

[1 occurrence(s)]
DEBUG --> [REQ_ID=f185ee11384b] [REQUEST][START] GET /

[1 occurrence(s)]
DEBUG --> [REQ_ID=f185ee11384b] [FILTER_BEFORE] /

[1 occurrence(s)]
DEBUG --> [REQ_ID=f185ee11384b] [ROUTE] Controller=\App\Controllers\Home Method=index

[1 occurrence(s)]
DEBUG --> [REQ_ID=f185ee11384b] [LIFECYCLE][START] GET https://www.mymiwallet.com/index.php/

[1 occurrence(s)]
DEBUG --> [CSRF] token name=csrf_test_name hash=280967fe2e75862bd0052b7b339048e5

[1 occurrence(s)]
DEBUG --> [REQ_ID=5c7ea27d4f2b] [INIT] App\Controllers\Home::GET

[1 occurrence(s)]
DEBUG --> [REQ_ID=5c7ea27d4f2b] [VIEW_RENDER] themes/public/home

[1 occurrence(s)]
DEBUG --> [REQ_ID=f185ee11384b] [FILTER_AFTER]

[1 occurrence(s)]
DEBUG --> [REQ_ID=f185ee11384b] [LIFECYCLE][END] status=200 duration_ms=617.33 memory_delta=6291456

[1 occurrence(s)]
DEBUG --> [REQ_ID=f185ee11384b] [REQUEST][END]

[1 occurrence(s)]
DEBUG --> [REQ_ID=7152106b4dac] [REQUEST][START] GET /

[1 occurrence(s)]
DEBUG --> [REQ_ID=7152106b4dac] [REQUEST][END]

[1 occurrence(s)]
DEBUG --> [REQ_ID=5e0175868b0c] [REQUEST][START] GET /index.php/Preview/Alert/GRAB

[1 occurrence(s)]
DEBUG --> [REQ_ID=5e0175868b0c] [FILTER_BEFORE] /index.php/Preview/Alert/GRAB

[1 occurrence(s)]
DEBUG --> [REQ_ID=5e0175868b0c] [ROUTE] Controller=\App\Modules\User\Controllers\AlertsController Method=preview

[1 occurrence(s)]
DEBUG --> [REQ_ID=5e0175868b0c] [LIFECYCLE][START] GET https://www.mymiwallet.com/index.php/Preview/Alert/GRAB

[1 occurrence(s)]
DEBUG --> [CSRF] token name=csrf_test_name hash=ab5c502dc92f43692e2748bf004dfae0

[1 occurrence(s)]
DEBUG --> [REQ_ID=de622de2d365] [INIT] App\Modules\User\Controllers\AlertsController::GET

[1 occurrence(s)]
DEBUG --> [REQ_ID=de622de2d365] [METHOD_ENTRY] preview

[2 occurrence(s)]
DEBUG --> MyMIInvestments: no session user detected; skipping personalized hydration.

[1 occurrence(s)]
DEBUG --> MyMIMarketing: Pscrape library not installed; Google search scraping will use fallback.

[2 occurrence(s)]
DEBUG --> MyMIAlerts: no authenticated user context detected.

[1 occurrence(s)]
DEBUG --> [REQ_ID=de622de2d365] [VIEW_RENDER] themes/public/previewAlert

[1 occurrence(s)]
DEBUG --> [REQ_ID=5e0175868b0c] [FILTER_AFTER]

[1 occurrence(s)]
DEBUG --> [REQ_ID=5e0175868b0c] [LIFECYCLE][END] status=200 duration_ms=489.02 memory_delta=4194304

[1 occurrence(s)]
DEBUG --> [REQ_ID=5e0175868b0c] [REQUEST][END]

[1 occurrence(s)]
DEBUG --> [REQ_ID=4f695ab325fe] [REQUEST][START] GET /

[1 occurrence(s)]
DEBUG --> [REQ_ID=4f695ab325fe] [FILTER_BEFORE] /

[1 occurrence(s)]
DEBUG --> [REQ_ID=4f695ab325fe] [ROUTE] Controller=\App\Controllers\Home Method=index

[1 occurrence(s)]
DEBUG --> [REQ_ID=4f695ab325fe] [LIFECYCLE][START] GET https://www.mymiwallet.com/index.php/

[1 occurrence(s)]
DEBUG --> [CSRF] token name=csrf_test_name hash=f21ec2ecbfe0aa2ba344fa512a5b0689

[1 occurrence(s)]
DEBUG --> [REQ_ID=6a89549df859] [INIT] App\Controllers\Home::GET

[1 occurrence(s)]
DEBUG --> [REQ_ID=6a89549df859] [VIEW_RENDER] themes/public/home

[1 occurrence(s)]
DEBUG --> [REQ_ID=4f695ab325fe] [FILTER_AFTER]

[1 occurrence(s)]
DEBUG --> [REQ_ID=4f695ab325fe] [LIFECYCLE][END] status=200 duration_ms=709.36 memory_delta=6291456

[1 occurrence(s)]
DEBUG --> [REQ_ID=4f695ab325fe] [REQUEST][END]

[1 occurrence(s)]
DEBUG --> [REQ_ID=ee09c3f263cd] [REQUEST][START] GET /index.php/API/Management/Run-CRON-Tasks

[1 occurrence(s)]
DEBUG --> [REQ_ID=ee09c3f263cd] [FILTER_BEFORE] /index.php/API/Management/Run-CRON-Tasks

[1 occurrence(s)]
DEBUG --> [REQ_ID=ee09c3f263cd] [ROUTE] Controller=\App\Modules\APIs\Controllers\ManagementAPIController Method=Run_CRON_Tasks

[1 occurrence(s)]
DEBUG --> [REQ_ID=ee09c3f263cd] [LIFECYCLE][START] GET https://www.mymiwallet.com/index.php/API/Management/Run-CRON-Tasks

[1 occurrence(s)]
DEBUG --> [REQ_ID=ee09c3f263cd] [REQUEST][END]


---------------------------
LEVEL: INFO
---------------------------

[1 occurrence(s)]
INFO --> [REQ_ID=2f73823ec9e5] [PERF] Execution time=0.054812

[1 occurrence(s)]
INFO --> [REQ_ID=34b320622f5f] [PERF] Execution time=0.050208

[1 occurrence(s)]
INFO --> [REQ_ID=4ae3ba36594c] [MEMORY][controller-start] 4194304

[1 occurrence(s)]
INFO --> [REQ_ID=4ae3ba36594c] [PERF] Execution time=0.283103

[1 occurrence(s)]
INFO --> [REQ_ID=f421cd8855bc] [PERF] Execution time=0.295737

[1 occurrence(s)]
INFO --> [REQ_ID=0866eed0ff0d] [PERF] Execution time=0.042351

[1 occurrence(s)]
INFO --> [REQ_ID=9fbbe9040182] [PERF] Execution time=0.050212

[1 occurrence(s)]
INFO --> [REQ_ID=b01328a390b5] [MEMORY][controller-start] 4194304

[1 occurrence(s)]
INFO --> [REQ_ID=b01328a390b5] [PERF] Execution time=0.064515

[1 occurrence(s)]
INFO --> [REQ_ID=1195920fa074] [PERF] Execution time=0.080787

[1 occurrence(s)]
INFO --> [REQ_ID=c6bc9409cc18] [PERF] Execution time=0.045950

[1 occurrence(s)]
INFO --> [REQ_ID=98794194cad4] [MEMORY][controller-start] 4194304

[1 occurrence(s)]
INFO --> [REQ_ID=98794194cad4] [PERF] Execution time=0.119757

[1 occurrence(s)]
INFO --> [REQ_ID=e68988129325] [PERF] Execution time=0.135900

[1 occurrence(s)]
INFO --> [REQ_ID=1b5700da7053] [PERF] Execution time=0.034479

[1 occurrence(s)]
INFO --> [REQ_ID=67982058b22d] [PERF] Execution time=0.034298

[1 occurrence(s)]
INFO --> [REQ_ID=7c04f826f3de] [PERF] Execution time=0.041394

[1 occurrence(s)]
INFO --> [REQ_ID=c05ba6c2b7e1] [MEMORY][controller-start] 4194304

[1 occurrence(s)]
INFO --> [REQ_ID=c05ba6c2b7e1] [MEMORY][commonData:start] 6291456

[1 occurrence(s)]
INFO --> [REQ_ID=c05ba6c2b7e1] [MEMORY][commonData:start] 10485760

[11 occurrence(s)]
INFO --> themesMemory usage: 10485760

[1 occurrence(s)]
INFO --> [REQ_ID=c05ba6c2b7e1] [PERF] Execution time=0.669488

[1 occurrence(s)]
INFO --> [REQ_ID=3c7a91db4a82] [PERF] Execution time=0.706918

[1 occurrence(s)]
INFO --> [REQ_ID=783ab7e5b8cc] [MEMORY][controller-start] 4194304

[1 occurrence(s)]
INFO --> [REQ_ID=783ab7e5b8cc] [MEMORY][commonData:start] 6291456

[1 occurrence(s)]
INFO --> [REQ_ID=783ab7e5b8cc] [MEMORY][commonData:start] 10485760

[1 occurrence(s)]
INFO --> [REQ_ID=783ab7e5b8cc] [PERF] Execution time=0.579335

[1 occurrence(s)]
INFO --> [REQ_ID=9a997b4df8ad] [PERF] Execution time=0.617110

[1 occurrence(s)]
INFO --> [REQ_ID=bf0ebcc0d199] [PERF] Execution time=0.008664

[1 occurrence(s)]
INFO --> [REQ_ID=4240183c4155] [MEMORY][controller-start] 4194304

[1 occurrence(s)]
INFO --> [REQ_ID=4240183c4155] [MEMORY][commonData:start] 6291456

[1 occurrence(s)]
INFO --> [REQ_ID=4240183c4155] [MEMORY][commonData:start] 10485760

[1 occurrence(s)]
INFO --> [REQ_ID=4240183c4155] [PERF] Execution time=0.733184

[1 occurrence(s)]
INFO --> [REQ_ID=e2bb23c237b2] [PERF] Execution time=0.770379

[1 occurrence(s)]
INFO --> [REQ_ID=9e19409e575c] [PERF] Execution time=0.034776

[1 occurrence(s)]
INFO --> [REQ_ID=5fd49f139147] [PERF] Execution time=0.017549

[1 occurrence(s)]
INFO --> [REQ_ID=7da9cd932b92] [PERF] Execution time=0.034166

[1 occurrence(s)]
INFO --> [REQ_ID=e6a774039472] [PERF] Execution time=0.043736

[1 occurrence(s)]
INFO --> [REQ_ID=09cf376f32fc] [MEMORY][controller-start] 4194304

[1 occurrence(s)]
INFO --> [REQ_ID=09cf376f32fc] [PERF] Execution time=0.134691

[1 occurrence(s)]
INFO --> [REQ_ID=e17781cbb17b] [PERF] Execution time=0.167576

[1 occurrence(s)]
INFO --> [REQ_ID=bf29dc5c3ffb] [MEMORY][controller-start] 4194304

[1 occurrence(s)]
INFO --> [REQ_ID=bf29dc5c3ffb] [MEMORY][commonData:start] 6291456

[1 occurrence(s)]
INFO --> [REQ_ID=bf29dc5c3ffb] [PERF] Execution time=0.685805

[1 occurrence(s)]
INFO --> [REQ_ID=3837080e4e74] [PERF] Execution time=0.724285

[1 occurrence(s)]
INFO --> [REQ_ID=c81d3222db90] [PERF] Execution time=0.054423

[1 occurrence(s)]
INFO --> [REQ_ID=f296a53b2360] [PERF] Execution time=0.043025

[1 occurrence(s)]
INFO --> [REQ_ID=37730bb92b52] [MEMORY][controller-start] 4194304

[1 occurrence(s)]
INFO --> [REQ_ID=37730bb92b52] [MEMORY][commonData:start] 6291456

[1 occurrence(s)]
INFO --> [REQ_ID=37730bb92b52] [MEMORY][commonData:start] 10485760

[1 occurrence(s)]
INFO --> [REQ_ID=37730bb92b52] [PERF] Execution time=0.778764

[1 occurrence(s)]
INFO --> [REQ_ID=d790a5aa7791] [PERF] Execution time=0.815551

[1 occurrence(s)]
INFO --> [REQ_ID=1804385dacd8] [PERF] Execution time=0.067773

[1 occurrence(s)]
INFO --> [REQ_ID=9c71bee69086] [MEMORY][controller-start] 4194304

[1 occurrence(s)]
INFO --> [REQ_ID=9c71bee69086] [PERF] Execution time=0.128011

[1 occurrence(s)]
INFO --> [REQ_ID=cd1a1a07bdd6] [PERF] Execution time=0.144153

[1 occurrence(s)]
INFO --> [REQ_ID=ddc95aa3fc7f] [MEMORY][controller-start] 4194304

[1 occurrence(s)]
INFO --> [REQ_ID=ddc95aa3fc7f] [MEMORY][commonData:start] 6291456

[1 occurrence(s)]
INFO --> [REQ_ID=ddc95aa3fc7f] [PERF] Execution time=0.770222

[1 occurrence(s)]
INFO --> [REQ_ID=5937e847e696] [PERF] Execution time=0.808494

[1 occurrence(s)]
INFO --> [REQ_ID=c1b04238806c] [PERF] Execution time=0.055736

[1 occurrence(s)]
INFO --> [REQ_ID=0c0a378651be] [MEMORY][controller-start] 4194304

[1 occurrence(s)]
INFO --> [REQ_ID=0c0a378651be] [PERF] Execution time=0.230099

[1 occurrence(s)]
INFO --> [REQ_ID=44ce7e780b08] [PERF] Execution time=0.243223

[1 occurrence(s)]
INFO --> [REQ_ID=7bafda8f16d6] [PERF] Execution time=0.200240

[1 occurrence(s)]
INFO --> [REQ_ID=45355ddda103] [PERF] Execution time=0.050488

[1 occurrence(s)]
INFO --> REDIRECTED ROUTE at https://www.mymiwallet.com/Features/Brokerage-Integrations

[1 occurrence(s)]
INFO --> [REQ_ID=4dfb78c2a6a7] [PERF] Execution time=0.037014

[1 occurrence(s)]
INFO --> [REQ_ID=3dbe1297215e] [PERF] Execution time=0.045516

[1 occurrence(s)]
INFO --> [REQ_ID=3d980a014671] [MEMORY][controller-start] 4194304

[1 occurrence(s)]
INFO --> [REQ_ID=3d980a014671] [PERF] Execution time=0.110423

[1 occurrence(s)]
INFO --> [REQ_ID=a952cb2ba271] [PERF] Execution time=0.125916

[1 occurrence(s)]
INFO --> [REQ_ID=6bc4cb70890c] [PERF] Execution time=0.050665

[1 occurrence(s)]
INFO --> [REQ_ID=af48c5ce1343] [MEMORY][controller-start] 4194304

[1 occurrence(s)]
INFO --> [REQ_ID=af48c5ce1343] [PERF] Execution time=0.159615

[1 occurrence(s)]
INFO --> [REQ_ID=e06797a79805] [PERF] Execution time=0.173598

[1 occurrence(s)]
INFO --> [REQ_ID=a4b2e4a74023] [PERF] Execution time=0.042013

[1 occurrence(s)]
INFO --> [REQ_ID=32380b3bad22] [PERF] Execution time=0.052586

[1 occurrence(s)]
INFO --> [REQ_ID=30c913921438] [MEMORY][controller-start] 4194304

[1 occurrence(s)]
INFO --> [REQ_ID=30c913921438] [PERF] Execution time=0.170735

[1 occurrence(s)]
INFO --> [REQ_ID=a5b46a9e9c8b] [PERF] Execution time=0.182807

[1 occurrence(s)]
INFO --> [REQ_ID=af9d685b7a40] [MEMORY][controller-start] 4194304

[1 occurrence(s)]
INFO --> [REQ_ID=af9d685b7a40] [MEMORY][commonData:start] 6291456

[1 occurrence(s)]
INFO --> [REQ_ID=af9d685b7a40] [MEMORY][commonData:start] 10485760

[1 occurrence(s)]
INFO --> [REQ_ID=af9d685b7a40] [PERF] Execution time=0.661027

[1 occurrence(s)]
INFO --> [REQ_ID=896435764e00] [PERF] Execution time=0.697952

[1 occurrence(s)]
INFO --> [REQ_ID=709704ed5c0e] [MEMORY][controller-start] 6291456

[1 occurrence(s)]
INFO --> [REQ_ID=709704ed5c0e] [MEMORY][commonData:start] 6291456

[1 occurrence(s)]
INFO --> [REQ_ID=709704ed5c0e] [MEMORY][commonData:start] 8388608

[7 occurrence(s)]
INFO --> themesMemory usage: 8388608

[1 occurrence(s)]
INFO --> [REQ_ID=709704ed5c0e] [PERF] Execution time=0.498056

[1 occurrence(s)]
INFO --> [REQ_ID=366ab7bc2491] [PERF] Execution time=0.507609

[1 occurrence(s)]
INFO --> [REQ_ID=972d4a5da87f] [MEMORY][controller-start] 6291456

[1 occurrence(s)]
INFO --> [REQ_ID=972d4a5da87f] [MEMORY][commonData:start] 6291456

[1 occurrence(s)]
INFO --> [REQ_ID=972d4a5da87f] [MEMORY][commonData:start] 8388608

[1 occurrence(s)]
INFO --> [REQ_ID=972d4a5da87f] [PERF] Execution time=0.507911

[1 occurrence(s)]
INFO --> [REQ_ID=3323c9f7b40d] [PERF] Execution time=0.517387

[1 occurrence(s)]
INFO --> [REQ_ID=1892c5dea101] [MEMORY][controller-start] 4194304

[1 occurrence(s)]
INFO --> [REQ_ID=1892c5dea101] [MEMORY][commonData:start] 4194304

[1 occurrence(s)]
INFO --> [REQ_ID=1892c5dea101] [MEMORY][commonData:start] 8388608

[1 occurrence(s)]
INFO --> [REQ_ID=1892c5dea101] [PERF] Execution time=0.520100

[1 occurrence(s)]
INFO --> [REQ_ID=9beae41c2391] [PERF] Execution time=0.529438

[1 occurrence(s)]
INFO --> [REQ_ID=89195ebfc027] [PERF] Execution time=0.055223

[1 occurrence(s)]
INFO --> [REQ_ID=061bfc6b98bc] [MEMORY][controller-start] 4194304

[1 occurrence(s)]
INFO --> [REQ_ID=061bfc6b98bc] [PERF] Execution time=0.066845

[1 occurrence(s)]
INFO --> [REQ_ID=02214332e3f4] [PERF] Execution time=0.088154

[1 occurrence(s)]
INFO --> [REQ_ID=d8748a814ee8] [MEMORY][controller-start] 4194304

[1 occurrence(s)]
INFO --> [REQ_ID=d8748a814ee8] [MEMORY][commonData:start] 6291456

[1 occurrence(s)]
INFO --> [REQ_ID=d8748a814ee8] [MEMORY][commonData:start] 10485760

[1 occurrence(s)]
INFO --> [REQ_ID=d8748a814ee8] [PERF] Execution time=0.718930

[1 occurrence(s)]
INFO --> [REQ_ID=1a099ee399c1] [PERF] Execution time=0.755187

[1 occurrence(s)]
INFO --> [REQ_ID=1dd203fe2897] [PERF] Execution time=0.054826

[1 occurrence(s)]
INFO --> [REQ_ID=ff6c1b7c6270] [PERF] Execution time=0.022265

[1 occurrence(s)]
INFO --> [REQ_ID=8904108fbda1] [MEMORY][controller-start] 4194304

[1 occurrence(s)]
INFO --> [REQ_ID=8904108fbda1] [PERF] Execution time=0.118903

[1 occurrence(s)]
INFO --> [REQ_ID=27f19f59276c] [PERF] Execution time=0.132064

[1 occurrence(s)]
INFO --> [REQ_ID=74b8a6e10f1f] [PERF] Execution time=0.010607

[1 occurrence(s)]
INFO --> [REQ_ID=4ab75bf93ad1] [MEMORY][controller-start] 4194304

[1 occurrence(s)]
INFO --> [REQ_ID=4ab75bf93ad1] [PERF] Execution time=0.161611

[1 occurrence(s)]
INFO --> [REQ_ID=f60e5c31058c] [PERF] Execution time=0.170310

[1 occurrence(s)]
INFO --> [REQ_ID=b482a52decdf] [PERF] Execution time=0.042015

[1 occurrence(s)]
INFO --> [REQ_ID=a1537317bae1] [MEMORY][controller-start] 4194304

[1 occurrence(s)]
INFO --> [REQ_ID=a1537317bae1] [MEMORY][commonData:start] 6291456

[1 occurrence(s)]
INFO --> [REQ_ID=a1537317bae1] [MEMORY][commonData:start] 10485760

[1 occurrence(s)]
INFO --> [REQ_ID=a1537317bae1] [PERF] Execution time=0.799011

[1 occurrence(s)]
INFO --> [REQ_ID=0bd382e2d20e] [PERF] Execution time=0.838064

[1 occurrence(s)]
INFO --> [REQ_ID=55a297d0fe49] [MEMORY][controller-start] 6291456

[1 occurrence(s)]
INFO --> [REQ_ID=55a297d0fe49] [MEMORY][commonData:start] 6291456

[1 occurrence(s)]
INFO --> [REQ_ID=55a297d0fe49] [MEMORY][commonData:start] 8388608

[1 occurrence(s)]
INFO --> [REQ_ID=55a297d0fe49] [PERF] Execution time=0.609156

[1 occurrence(s)]
INFO --> [REQ_ID=c91cfa942b38] [PERF] Execution time=0.619206

[1 occurrence(s)]
INFO --> [REQ_ID=d7289fcbd1a4] [MEMORY][controller-start] 4194304

[1 occurrence(s)]
INFO --> [REQ_ID=d7289fcbd1a4] [MEMORY][commonData:start] 6291456

[1 occurrence(s)]
INFO --> [REQ_ID=d7289fcbd1a4] [MEMORY][commonData:start] 10485760

[1 occurrence(s)]
INFO --> [REQ_ID=d7289fcbd1a4] [PERF] Execution time=0.683203

[1 occurrence(s)]
INFO --> [REQ_ID=99efd58f5c9e] [PERF] Execution time=0.720651

[1 occurrence(s)]
INFO --> REDIRECTED ROUTE at https://www.mymiwallet.com/Advisor

[1 occurrence(s)]
INFO --> [REQ_ID=57e7c4d907d7] [PERF] Execution time=0.037113

[1 occurrence(s)]
INFO --> [REQ_ID=d316db0ea64d] [PERF] Execution time=0.047907

[1 occurrence(s)]
INFO --> [REQ_ID=39097f2c4d15] [MEMORY][controller-start] 4194304

[1 occurrence(s)]
INFO --> [REQ_ID=39097f2c4d15] [PERF] Execution time=0.041030

[1 occurrence(s)]
INFO --> [REQ_ID=0859a60e31a5] [PERF] Execution time=0.053269

[1 occurrence(s)]
INFO --> [REQ_ID=71fd7e91712e] [PERF] Execution time=0.035681

[1 occurrence(s)]
INFO --> REDIRECTED ROUTE at https://www.mymiwallet.com/Investments/Trade-Tracker

[1 occurrence(s)]
INFO --> [REQ_ID=2e1454c84f80] [PERF] Execution time=0.016276

[1 occurrence(s)]
INFO --> [REQ_ID=8bdfd4653079] [PERF] Execution time=0.023669

[1 occurrence(s)]
INFO --> [REQ_ID=27f83641bcac] [MEMORY][controller-start] 4194304

[1 occurrence(s)]
INFO --> [REQ_ID=27f83641bcac] [PERF] Execution time=0.052427

[1 occurrence(s)]
INFO --> [REQ_ID=2169fbdf6e16] [PERF] Execution time=0.065955

[1 occurrence(s)]
INFO --> [REQ_ID=c4028d594feb] [PERF] Execution time=0.055344

[1 occurrence(s)]
INFO --> [REQ_ID=b329b96c59a5] [PERF] Execution time=0.037689

[1 occurrence(s)]
INFO --> [REQ_ID=dd1278a59d3d] [PERF] Execution time=0.041995

[1 occurrence(s)]
INFO --> [REQ_ID=3f62aecf66f6] [PERF] Execution time=0.043488

[1 occurrence(s)]
INFO --> [REQ_ID=d18c37906053] [MEMORY][controller-start] 4194304

[1 occurrence(s)]
INFO --> [REQ_ID=d18c37906053] [PERF] Execution time=0.044953

[1 occurrence(s)]
INFO --> [REQ_ID=7355a6a48023] [PERF] Execution time=0.065112

[1 occurrence(s)]
INFO --> [REQ_ID=e396a0fb839a] [MEMORY][controller-start] 4194304

[1 occurrence(s)]
INFO --> [REQ_ID=e396a0fb839a] [MEMORY][commonData:start] 4194304

[1 occurrence(s)]
INFO --> [REQ_ID=e396a0fb839a] [MEMORY][commonData:start] 8388608

[1 occurrence(s)]
INFO --> [REQ_ID=e396a0fb839a] [PERF] Execution time=0.561418

[1 occurrence(s)]
INFO --> [REQ_ID=3c8d88a1e8d8] [PERF] Execution time=0.573034

[1 occurrence(s)]
INFO --> [REQ_ID=89d6460e35e0] [MEMORY][controller-start] 4194304

[1 occurrence(s)]
INFO --> [REQ_ID=89d6460e35e0] [MEMORY][commonData:start] 4194304

[1 occurrence(s)]
INFO --> [REQ_ID=89d6460e35e0] [MEMORY][commonData:start] 8388608

[1 occurrence(s)]
INFO --> [REQ_ID=89d6460e35e0] [PERF] Execution time=0.644877

[1 occurrence(s)]
INFO --> [REQ_ID=e141fbd50668] [PERF] Execution time=0.654822

[1 occurrence(s)]
INFO --> [REQ_ID=1190c74912b0] [MEMORY][controller-start] 4194304

[1 occurrence(s)]
INFO --> [REQ_ID=1190c74912b0] [MEMORY][commonData:start] 6291456

[1 occurrence(s)]
INFO --> [REQ_ID=1190c74912b0] [PERF] Execution time=0.638846

[1 occurrence(s)]
INFO --> [REQ_ID=2f13f9ac6feb] [PERF] Execution time=0.679003

[1 occurrence(s)]
INFO --> [REQ_ID=24c7783dec4d] [PERF] Execution time=0.051983

[1 occurrence(s)]
INFO --> [REQ_ID=0ac234d4a659] [MEMORY][controller-start] 4194304

[1 occurrence(s)]
INFO --> [REQ_ID=0ac234d4a659] [PERF] Execution time=0.068208

[1 occurrence(s)]
INFO --> [REQ_ID=1114def0eea3] [PERF] Execution time=0.081133

[1 occurrence(s)]
INFO --> [REQ_ID=6c75114b7480] [PERF] Execution time=0.010571

[1 occurrence(s)]
INFO --> [REQ_ID=12d83393ed25] [PERF] Execution time=0.013951

[1 occurrence(s)]
INFO --> [REQ_ID=aeaace573b53] [MEMORY][controller-start] 4194304

[1 occurrence(s)]
INFO --> [REQ_ID=aeaace573b53] [PERF] Execution time=0.015506

[1 occurrence(s)]
INFO --> [REQ_ID=d6cc6f78af41] [PERF] Execution time=0.031403

[1 occurrence(s)]
INFO --> [REQ_ID=a237ceb33d08] [PERF] Execution time=0.059146

[1 occurrence(s)]
INFO --> [REQ_ID=4ce0cf4a4268] [PERF] Execution time=0.037919

[1 occurrence(s)]
INFO --> [REQ_ID=925824e06db1] [PERF] Execution time=0.046190

[1 occurrence(s)]
INFO --> [REQ_ID=c2ba574db524] [PERF] Execution time=0.046581

[1 occurrence(s)]
INFO --> [REQ_ID=5ea2e98750b8] [MEMORY][controller-start] 4194304

[1 occurrence(s)]
INFO --> [REQ_ID=5ea2e98750b8] [PERF] Execution time=0.036928

[1 occurrence(s)]
INFO --> [REQ_ID=cdb5075fa819] [PERF] Execution time=0.053276

[1 occurrence(s)]
INFO --> [REQ_ID=5c7ea27d4f2b] [MEMORY][controller-start] 4194304

[1 occurrence(s)]
INFO --> [REQ_ID=5c7ea27d4f2b] [MEMORY][commonData:start] 6291456

[1 occurrence(s)]
INFO --> [REQ_ID=5c7ea27d4f2b] [MEMORY][commonData:start] 10485760

[1 occurrence(s)]
INFO --> [REQ_ID=5c7ea27d4f2b] [PERF] Execution time=0.619001

[1 occurrence(s)]
INFO --> [REQ_ID=f185ee11384b] [PERF] Execution time=0.659351

[1 occurrence(s)]
INFO --> [REQ_ID=7152106b4dac] [PERF] Execution time=0.034528

[1 occurrence(s)]
INFO --> [REQ_ID=de622de2d365] [MEMORY][controller-start] 4194304

[2 occurrence(s)]
INFO --> [REQ_ID=de622de2d365] [MEMORY][commonData:start] 8388608

[1 occurrence(s)]
INFO --> Premium entitlement guest: user_id= route=/index.php/Preview/Alert/GRAB feature= tier=free status=free allowed=yes reason=Guest access allowed for this feature.

[1 occurrence(s)]
INFO --> AlertsModel L404 - Alert updated successfully for ID 15353: Array

[1 occurrence(s)]
INFO --> 🔄 Trying AlphaVantage for GRAB...

[1 occurrence(s)]
INFO --> ✅ Alert snapshot inserted for GRAB with trade_id 15353

[1 occurrence(s)]
INFO --> [REQ_ID=de622de2d365] [PERF] Execution time=0.491513

[1 occurrence(s)]
INFO --> [REQ_ID=5e0175868b0c] [PERF] Execution time=0.529365

[1 occurrence(s)]
INFO --> [REQ_ID=6a89549df859] [MEMORY][controller-start] 4194304

[1 occurrence(s)]
INFO --> [REQ_ID=6a89549df859] [MEMORY][commonData:start] 6291456

[1 occurrence(s)]
INFO --> [REQ_ID=6a89549df859] [MEMORY][commonData:start] 10485760

[1 occurrence(s)]
INFO --> [REQ_ID=6a89549df859] [PERF] Execution time=0.711034

[1 occurrence(s)]
INFO --> [REQ_ID=4f695ab325fe] [PERF] Execution time=0.752094

[1 occurrence(s)]
INFO --> [SPARK_START] App\Commands\AIOps\Run

[3 occurrence(s)]
INFO --> [SPARK_MEMORY] 16777216

[1 occurrence(s)]
INFO --> [spark:aiops:run] Intent

[1 occurrence(s)]
INFO --> [spark:ops:work] Started

[1 occurrence(s)]
INFO --> [SPARK_START] App\Commands\Ops\Work

[1 occurrence(s)]
INFO --> [spark:ops:work] Intent

[1 occurrence(s)]
INFO --> [REQ_ID=ee09c3f263cd] [PERF] Execution time=0.127409

[1 occurrence(s)]
INFO --> [spark:ops:work] Completed

[1 occurrence(s)]
INFO --> [SPARK_COMPLETE] App\Commands\Ops\Work duration=0.127509

[1 occurrence(s)]
INFO --> [SPARK_MEMORY] 18874368

[1 occurrence(s)]
INFO --> [AIOPS][SPARK][GOVERNANCE][spark:logs:summarize] Started

[1 occurrence(s)]
INFO --> [SPARK_START] App\Commands\Logs\Summarize

[1 occurrence(s)]
INFO --> [spark:logs:summarize] Intent


---------------------------
LEVEL: NOTICE
---------------------------

[1 occurrence(s)]
NOTICE --> [HOW_IT_WORKS] Unknown slug fallback: investor-profile


---------------------------
LEVEL: ERROR
---------------------------

[1 occurrence(s)]
ERROR --> [404_ROUTE]


===============================================
   HERE'S THE NEW STUFF
   (No previous timestamp recorded – nothing treated as new)
===============================================

---- CONFIG LINT ----
✅ Services::cache
✅ Services::responsecache
✅ Services::session
✅ Services::email
✅ Services::logger
✅ Services::validation
✅ Services::renderer
