===============================================
   MyMI Wallet — Log Summary for 2026-02-07
   Auto-generated by logs:summarize command
   Grouped by (LEVEL + message)
===============================================

Last processed up to: 2026-02-07 23:56:42

---------------------------
LEVEL: CRITICAL
---------------------------

[20 occurrence(s)]
CRITICAL --> CodeIgniter\Database\Exceptions\DatabaseException: Unable to connect to the database.

[14 occurrence(s)]
CRITICAL --> CodeIgniter\Exceptions\PageNotFoundException: Page Not Found

[1 occurrence(s)]
CRITICAL --> Error: Cannot use object of type Myth\Auth\Entities\User as array

[3 occurrence(s)]
CRITICAL --> ErrorException: Cannot declare class Config\SocialPlatforms, because the name is already in use

[2 occurrence(s)]
CRITICAL --> Error: Call to undefined function App\Modules\Exchange\Controllers\getCuID()

[32 occurrence(s)]
CRITICAL --> Error: Call to a member function getUserWallets() on null

[5 occurrence(s)]
CRITICAL --> Error: Call to undefined method App\Modules\Management\Controllers\AlertsController::getMyMIAlerts()

[5 occurrence(s)]
CRITICAL --> Error: Call to a member function close() on null

[5 occurrence(s)]
CRITICAL --> [Caused by] Error: Call to a member function getUserWallets() on null

[4 occurrence(s)]
CRITICAL --> Error: Call to a member function getAlertInfo() on null

[6 occurrence(s)]
CRITICAL --> Error: Call to undefined function App\Modules\Management\Controllers\getCuID()

[1 occurrence(s)]
CRITICAL --> TypeError: Cannot assign null to property App\Services\WeeklyStreamService::$db of type CodeIgniter\Database\BaseConnection

[1 occurrence(s)]
CRITICAL --> Error: Call to a member function getUserSolana() on null

[1 occurrence(s)]
CRITICAL --> ErrorException: Type of App\Modules\User\Controllers\InvestmentsController::$walletService must be ?App\Services\WalletService (as in class App\Controllers\UserController)

[1 occurrence(s)]
CRITICAL --> ErrorException: Type of App\Modules\User\Controllers\WalletsController::$walletService must be ?App\Services\WalletService (as in class App\Controllers\UserController)


===============================================
   HERE'S THE NEW STUFF
   (Entries logged AFTER 2026-02-07 23:56:42)
===============================================

No NEW log entries found after 2026-02-07 23:56:42.

---- CONFIG LINT ----
✅ Services::cache
✅ Services::responsecache
✅ Services::session
✅ Services::email
✅ Services::logger
✅ Services::validation
✅ Services::renderer
