===============================================
   MyMI Wallet — Log Summary for 2026-05-01
   Auto-generated by logs:summarize command
   Grouped by (LEVEL + message)
===============================================

Last processed up to: <none> (first run for this date)

---------------------------
LEVEL: DEBUG
---------------------------

[1 occurrence(s)]
DEBUG --> [REQ_ID=6e0cbce33bbf] [REQUEST][START] GET /index.php/API/Management/Run-CRON-Tasks

[50 occurrence(s)]
DEBUG --> Session: Class initialized using 'CodeIgniter\Session\Handlers\FileHandler' driver.

[1 occurrence(s)]
DEBUG --> [REQ_ID=6e0cbce33bbf] [FILTER_BEFORE] /index.php/API/Management/Run-CRON-Tasks

[1 occurrence(s)]
DEBUG --> [REQ_ID=6e0cbce33bbf] [ROUTE] Controller=\App\Modules\APIs\Controllers\ManagementAPIController Method=Run_CRON_Tasks

[1 occurrence(s)]
DEBUG --> [REQ_ID=6e0cbce33bbf] [LIFECYCLE][START] GET https://www.mymiwallet.com/index.php/API/Management/Run-CRON-Tasks

[1 occurrence(s)]
DEBUG --> [REQ_ID=6e0cbce33bbf] [REQUEST][END]

[1 occurrence(s)]
DEBUG --> [REQ_ID=2320530b71f4] [REQUEST][START] GET /index.php/API/Alerts/fetchEmailAlerts

[1 occurrence(s)]
DEBUG --> [REQ_ID=2320530b71f4] [FILTER_BEFORE] /index.php/API/Alerts/fetchEmailAlerts

[1 occurrence(s)]
DEBUG --> [REQ_ID=2320530b71f4] [ROUTE] Controller=\App\Modules\APIs\Controllers\AlertsAPIController Method=fetchEmailAlerts

[1 occurrence(s)]
DEBUG --> [REQ_ID=2320530b71f4] [LIFECYCLE][START] GET https://www.mymiwallet.com/index.php/API/Alerts/fetchEmailAlerts

[1 occurrence(s)]
DEBUG --> [REQ_ID=2320530b71f4] [REQUEST][END]

[1 occurrence(s)]
DEBUG --> [REQ_ID=2301dedfb0bb] [REQUEST][START] GET /index.php/Subscribe/Investment-Portfolio-Management

[1 occurrence(s)]
DEBUG --> [REQ_ID=2301dedfb0bb] [REQUEST][END]

[1 occurrence(s)]
DEBUG --> [REQ_ID=81ae571c93ac] [REQUEST][START] GET /index.php/Features/Brokerage-Integration

[1 occurrence(s)]
DEBUG --> [REQ_ID=81ae571c93ac] [REQUEST][END]

[1 occurrence(s)]
DEBUG --> [REQ_ID=66a478ebec6c] [REQUEST][START] GET /index.php/How-It-Works/Setting-Financial-Goals

[1 occurrence(s)]
DEBUG --> [REQ_ID=66a478ebec6c] [REQUEST][END]

[1 occurrence(s)]
DEBUG --> [REQ_ID=51814e185fe8] [REQUEST][START] GET /

[1 occurrence(s)]
DEBUG --> [REQ_ID=51814e185fe8] [FILTER_BEFORE] /

[1 occurrence(s)]
DEBUG --> [REQ_ID=51814e185fe8] [ROUTE] Controller=\App\Controllers\Home Method=index

[1 occurrence(s)]
DEBUG --> [REQ_ID=51814e185fe8] [LIFECYCLE][START] GET https://www.mymiwallet.com/index.php/

[1 occurrence(s)]
DEBUG --> [CSRF] token name=csrf_test_name hash=cb1556410e375f54fdc68286e3015612

[1 occurrence(s)]
DEBUG --> [REQ_ID=e3ae22a60f54] [INIT] App\Controllers\Home::GET

[14 occurrence(s)]
DEBUG --> [TRACE]

[5 occurrence(s)]
DEBUG --> [MetaService] slug= pageName= cacheHit= path=FALLBACK

[1 occurrence(s)]
DEBUG --> [REQ_ID=e3ae22a60f54] [VIEW_RENDER] themes/public/home

[4 occurrence(s)]
DEBUG --> [MetaService] slug= pageName=Home cacheHit= path=DB

[1 occurrence(s)]
DEBUG --> [REQ_ID=51814e185fe8] [FILTER_AFTER]

[1 occurrence(s)]
DEBUG --> [REQ_ID=51814e185fe8] [LIFECYCLE][END] status=200 duration_ms=580.25 memory_delta=4194304

[1 occurrence(s)]
DEBUG --> [REQ_ID=51814e185fe8] [REQUEST][END]

[1 occurrence(s)]
DEBUG --> [REQ_ID=385cd8766f47] [REQUEST][START] GET /index.php/API/Management/Run-CRON-Tasks

[1 occurrence(s)]
DEBUG --> [REQ_ID=385cd8766f47] [FILTER_BEFORE] /index.php/API/Management/Run-CRON-Tasks

[1 occurrence(s)]
DEBUG --> [REQ_ID=385cd8766f47] [ROUTE] Controller=\App\Modules\APIs\Controllers\ManagementAPIController Method=Run_CRON_Tasks

[1 occurrence(s)]
DEBUG --> [REQ_ID=385cd8766f47] [LIFECYCLE][START] GET https://www.mymiwallet.com/index.php/API/Management/Run-CRON-Tasks

[1 occurrence(s)]
DEBUG --> [REQ_ID=385cd8766f47] [REQUEST][END]

[1 occurrence(s)]
DEBUG --> [REQ_ID=4a4083057e81] [REQUEST][START] GET /index.php/API/Alerts/fetchEmailAlerts

[1 occurrence(s)]
DEBUG --> [REQ_ID=4a4083057e81] [FILTER_BEFORE] /index.php/API/Alerts/fetchEmailAlerts

[1 occurrence(s)]
DEBUG --> [REQ_ID=4a4083057e81] [ROUTE] Controller=\App\Modules\APIs\Controllers\AlertsAPIController Method=fetchEmailAlerts

[1 occurrence(s)]
DEBUG --> [REQ_ID=4a4083057e81] [LIFECYCLE][START] GET https://www.mymiwallet.com/index.php/API/Alerts/fetchEmailAlerts

[1 occurrence(s)]
DEBUG --> [REQ_ID=4a4083057e81] [REQUEST][END]

[1 occurrence(s)]
DEBUG --> [REQ_ID=d8982cb12ddf] [REQUEST][START] GET /index.php/Profile/

[1 occurrence(s)]
DEBUG --> [REQ_ID=d8982cb12ddf] [FILTER_BEFORE] /index.php/Profile/

[1 occurrence(s)]
DEBUG --> [REQ_ID=d8982cb12ddf] [ROUTE] Controller=\App\Controllers\App\Modules\User\Controllers\DashboardController Method=profile

[1 occurrence(s)]
DEBUG --> [REQ_ID=d8982cb12ddf] [LIFECYCLE][START] GET https://www.mymiwallet.com/index.php/Profile/

[2 occurrence(s)]
DEBUG --> [CSRF] token name=csrf_test_name hash=c17f8540594c890fbd853467f723cf37

[14 occurrence(s)]
DEBUG --> [REDIRECT_URL_WRITER]

[1 occurrence(s)]
DEBUG --> [REQ_ID=d8982cb12ddf] [REQUEST][END]

[1 occurrence(s)]
DEBUG --> [REQ_ID=a49d2b158976] [REQUEST][START] GET /index.php/login

[1 occurrence(s)]
DEBUG --> [REQ_ID=a49d2b158976] [FILTER_BEFORE] /index.php/login

[1 occurrence(s)]
DEBUG --> [REQ_ID=a49d2b158976] [ROUTE] Controller=\App\Controllers\AuthController Method=login

[1 occurrence(s)]
DEBUG --> [REQ_ID=a49d2b158976] [LIFECYCLE][START] GET https://www.mymiwallet.com/index.php/login

[1 occurrence(s)]
DEBUG --> [REQ_ID=7385c061cb45] [INIT] App\Controllers\AuthController::GET

[1 occurrence(s)]
DEBUG --> [AUTH_LOGIN_VIEW_REDIRECT_URL] /Profile/

[14 occurrence(s)]
DEBUG --> [VIEW_RESOLUTION] Render configuration

[7 occurrence(s)]
DEBUG --> [AUTH_RENDER] Final render config

[1 occurrence(s)]
DEBUG --> [REQ_ID=a49d2b158976] [FILTER_AFTER]

[1 occurrence(s)]
DEBUG --> [REQ_ID=a49d2b158976] [LIFECYCLE][END] status=200 duration_ms=207.06 memory_delta=2097152

[1 occurrence(s)]
DEBUG --> [REQ_ID=a49d2b158976] [REQUEST][END]

[1 occurrence(s)]
DEBUG --> [REQ_ID=e8e3caf16753] [REQUEST][START] GET /index.php/Management/Marketing/Schedule

[1 occurrence(s)]
DEBUG --> [REQ_ID=e8e3caf16753] [FILTER_BEFORE] /index.php/Management/Marketing/Schedule

[1 occurrence(s)]
DEBUG --> [REQ_ID=e8e3caf16753] [ROUTE] Controller=\App\Modules\Management\Controllers\MarketingAdminController Method=schedule

[1 occurrence(s)]
DEBUG --> [REQ_ID=e8e3caf16753] [LIFECYCLE][START] GET https://www.mymiwallet.com/index.php/Management/Marketing/Schedule

[1 occurrence(s)]
DEBUG --> [CSRF] token name=csrf_test_name hash=e1357f1c0ad11b264dc49d9195d27e1a

[1 occurrence(s)]
DEBUG --> [REQ_ID=e8e3caf16753] [REQUEST][END]

[1 occurrence(s)]
DEBUG --> [REQ_ID=edea2717af75] [REQUEST][START] GET /index.php/login

[1 occurrence(s)]
DEBUG --> [REQ_ID=edea2717af75] [FILTER_BEFORE] /index.php/login

[1 occurrence(s)]
DEBUG --> [REQ_ID=edea2717af75] [ROUTE] Controller=\App\Controllers\AuthController Method=login

[1 occurrence(s)]
DEBUG --> [REQ_ID=edea2717af75] [LIFECYCLE][START] GET https://www.mymiwallet.com/index.php/login

[1 occurrence(s)]
DEBUG --> [CSRF] token name=csrf_test_name hash=78f3a4bdce9f53971de20aef04f52921

[1 occurrence(s)]
DEBUG --> [REQ_ID=6c8cb836f4fe] [INIT] App\Controllers\AuthController::GET

[2 occurrence(s)]
DEBUG --> [AUTH_LOGIN_VIEW_REDIRECT_URL]

[1 occurrence(s)]
DEBUG --> [REQ_ID=edea2717af75] [FILTER_AFTER]

[1 occurrence(s)]
DEBUG --> [REQ_ID=edea2717af75] [LIFECYCLE][END] status=200 duration_ms=80.94 memory_delta=2097152

[1 occurrence(s)]
DEBUG --> [REQ_ID=edea2717af75] [REQUEST][END]

[1 occurrence(s)]
DEBUG --> [REQ_ID=ae5dd398e87c] [REQUEST][START] GET /

[1 occurrence(s)]
DEBUG --> [REQ_ID=ae5dd398e87c] [REQUEST][END]

[1 occurrence(s)]
DEBUG --> [REQ_ID=f29b9291fd99] [REQUEST][START] GET /

[1 occurrence(s)]
DEBUG --> [REQ_ID=f29b9291fd99] [REQUEST][END]

[1 occurrence(s)]
DEBUG --> [REQ_ID=a206d4c7a9c2] [REQUEST][START] GET /index.php/API/Management/Run-CRON-Tasks

[1 occurrence(s)]
DEBUG --> [REQ_ID=a206d4c7a9c2] [FILTER_BEFORE] /index.php/API/Management/Run-CRON-Tasks

[1 occurrence(s)]
DEBUG --> [REQ_ID=a206d4c7a9c2] [ROUTE] Controller=\App\Modules\APIs\Controllers\ManagementAPIController Method=Run_CRON_Tasks

[1 occurrence(s)]
DEBUG --> [REQ_ID=a206d4c7a9c2] [LIFECYCLE][START] GET https://www.mymiwallet.com/index.php/API/Management/Run-CRON-Tasks

[1 occurrence(s)]
DEBUG --> [REQ_ID=a206d4c7a9c2] [REQUEST][END]

[1 occurrence(s)]
DEBUG --> [REQ_ID=e0231d025d5e] [REQUEST][START] GET /Exchange/Solana/Wallet/TrustWallet

[1 occurrence(s)]
DEBUG --> [REQ_ID=e0231d025d5e] [REQUEST][END]

[1 occurrence(s)]
DEBUG --> [REQ_ID=730b95155af8] [REQUEST][START] GET /index.php/Projects

[1 occurrence(s)]
DEBUG --> [REQ_ID=730b95155af8] [FILTER_BEFORE] /index.php/Projects

[1 occurrence(s)]
DEBUG --> [REQ_ID=730b95155af8] [ROUTE] Controller=\App\Modules\User\Controllers\ProjectsController Method=index

[1 occurrence(s)]
DEBUG --> [REQ_ID=730b95155af8] [LIFECYCLE][START] GET https://www.mymiwallet.com/index.php/Projects

[1 occurrence(s)]
DEBUG --> [CSRF] token name=csrf_test_name hash=d27a6a85c332b681d31a6e3a3f8d751c

[1 occurrence(s)]
DEBUG --> [REQ_ID=730b95155af8] [REQUEST][END]

[1 occurrence(s)]
DEBUG --> [REQ_ID=02264e9713bd] [REQUEST][START] GET /index.php/login

[1 occurrence(s)]
DEBUG --> [REQ_ID=02264e9713bd] [FILTER_BEFORE] /index.php/login

[1 occurrence(s)]
DEBUG --> [REQ_ID=02264e9713bd] [ROUTE] Controller=\App\Controllers\AuthController Method=login

[1 occurrence(s)]
DEBUG --> [REQ_ID=02264e9713bd] [LIFECYCLE][START] GET https://www.mymiwallet.com/index.php/login

[1 occurrence(s)]
DEBUG --> [CSRF] token name=csrf_test_name hash=630eacdc7e045d85ccc7ffc025dba66f

[1 occurrence(s)]
DEBUG --> [REQ_ID=687232bd8c7a] [INIT] App\Controllers\AuthController::GET

[1 occurrence(s)]
DEBUG --> [REQ_ID=02264e9713bd] [FILTER_AFTER]

[1 occurrence(s)]
DEBUG --> [REQ_ID=02264e9713bd] [LIFECYCLE][END] status=200 duration_ms=137.43 memory_delta=2097152

[1 occurrence(s)]
DEBUG --> [REQ_ID=02264e9713bd] [REQUEST][END]

[1 occurrence(s)]
DEBUG --> [REQ_ID=2634ec803676] [REQUEST][START] GET /index.php/API/Alerts/fetchEmailAlerts

[1 occurrence(s)]
DEBUG --> [REQ_ID=2634ec803676] [FILTER_BEFORE] /index.php/API/Alerts/fetchEmailAlerts

[1 occurrence(s)]
DEBUG --> [REQ_ID=2634ec803676] [ROUTE] Controller=\App\Modules\APIs\Controllers\AlertsAPIController Method=fetchEmailAlerts

[1 occurrence(s)]
DEBUG --> [REQ_ID=2634ec803676] [LIFECYCLE][START] GET https://www.mymiwallet.com/index.php/API/Alerts/fetchEmailAlerts

[1 occurrence(s)]
DEBUG --> [REQ_ID=2634ec803676] [REQUEST][END]

[1 occurrence(s)]
DEBUG --> [REQ_ID=652674fdecb8] [REQUEST][START] GET /index.php/How-It-Works/MyMI-Gold

[1 occurrence(s)]
DEBUG --> [REQ_ID=652674fdecb8] [FILTER_BEFORE] /index.php/How-It-Works/MyMI-Gold

[1 occurrence(s)]
DEBUG --> [REQ_ID=652674fdecb8] [ROUTE] Controller=\App\Modules\Blog\Controllers\HowItWorksController Method=show

[1 occurrence(s)]
DEBUG --> [REQ_ID=652674fdecb8] [LIFECYCLE][START] GET https://www.mymiwallet.com/index.php/How-It-Works/MyMI-Gold

[1 occurrence(s)]
DEBUG --> [CSRF] token name=csrf_test_name hash=96726900143945fb83371a47e4e0f1f8

[1 occurrence(s)]
DEBUG --> [REQ_ID=1f543f6ae698] [INIT] App\Modules\Blog\Controllers\HowItWorksController::GET

[1 occurrence(s)]
DEBUG --> [REQ_ID=1f543f6ae698] [METHOD_ENTRY] show

[2 occurrence(s)]
DEBUG --> MyMIUser L52 - initialized (first log).

[2 occurrence(s)]
DEBUG --> [SERVICE] App\Services\BudgetService ::setUserId

[2 occurrence(s)]
DEBUG --> MyMICoin initialized ONCE

[2 occurrence(s)]
DEBUG --> MyMICoin: guest context detected; skipping user-specific preload.

[1 occurrence(s)]
DEBUG --> [HOW_IT_WORKS] slug=mymi-gold

[1 occurrence(s)]
DEBUG --> [REQ_ID=652674fdecb8] [FILTER_AFTER]

[1 occurrence(s)]
DEBUG --> [REQ_ID=652674fdecb8] [LIFECYCLE][END] status=200 duration_ms=613.83 memory_delta=4194304

[1 occurrence(s)]
DEBUG --> [REQ_ID=652674fdecb8] [REQUEST][END]

[1 occurrence(s)]
DEBUG --> [REQ_ID=9979a487558b] [REQUEST][START] GET /index.php/Account/Social-Media

[1 occurrence(s)]
DEBUG --> [REQ_ID=9979a487558b] [FILTER_BEFORE] /index.php/Account/Social-Media

[1 occurrence(s)]
DEBUG --> [REQ_ID=9979a487558b] [ROUTE] Controller=\App\Modules\User\Controllers\DashboardController Method=SocialMedia

[1 occurrence(s)]
DEBUG --> [REQ_ID=9979a487558b] [LIFECYCLE][START] GET https://www.mymiwallet.com/index.php/Account/Social-Media

[2 occurrence(s)]
DEBUG --> [CSRF] token name=csrf_test_name hash=46111dc4c5624cea0dfe5686d76198e9

[1 occurrence(s)]
DEBUG --> [REQ_ID=9979a487558b] [REQUEST][END]

[1 occurrence(s)]
DEBUG --> [REQ_ID=340afc914791] [REQUEST][START] GET /index.php/login

[1 occurrence(s)]
DEBUG --> [REQ_ID=340afc914791] [FILTER_BEFORE] /index.php/login

[1 occurrence(s)]
DEBUG --> [REQ_ID=340afc914791] [ROUTE] Controller=\App\Controllers\AuthController Method=login

[1 occurrence(s)]
DEBUG --> [REQ_ID=340afc914791] [LIFECYCLE][START] GET https://www.mymiwallet.com/index.php/login

[1 occurrence(s)]
DEBUG --> [REQ_ID=57e60d36399b] [INIT] App\Controllers\AuthController::GET

[1 occurrence(s)]
DEBUG --> [AUTH_LOGIN_VIEW_REDIRECT_URL] /Account/Social-Media

[1 occurrence(s)]
DEBUG --> [REQ_ID=340afc914791] [FILTER_AFTER]

[1 occurrence(s)]
DEBUG --> [REQ_ID=340afc914791] [LIFECYCLE][END] status=200 duration_ms=133.54 memory_delta=2097152

[1 occurrence(s)]
DEBUG --> [REQ_ID=340afc914791] [REQUEST][END]

[1 occurrence(s)]
DEBUG --> [REQ_ID=4f724de96355] [REQUEST][START] GET /index.php/API/Management/Run-CRON-Tasks

[1 occurrence(s)]
DEBUG --> [REQ_ID=4f724de96355] [FILTER_BEFORE] /index.php/API/Management/Run-CRON-Tasks

[1 occurrence(s)]
DEBUG --> [REQ_ID=4f724de96355] [ROUTE] Controller=\App\Modules\APIs\Controllers\ManagementAPIController Method=Run_CRON_Tasks

[1 occurrence(s)]
DEBUG --> [REQ_ID=4f724de96355] [LIFECYCLE][START] GET https://www.mymiwallet.com/index.php/API/Management/Run-CRON-Tasks

[1 occurrence(s)]
DEBUG --> [REQ_ID=4f724de96355] [REQUEST][END]

[1 occurrence(s)]
DEBUG --> [REQ_ID=3eb6c99c2467] [REQUEST][START] GET /

[1 occurrence(s)]
DEBUG --> [REQ_ID=3eb6c99c2467] [FILTER_BEFORE] /

[1 occurrence(s)]
DEBUG --> [REQ_ID=3eb6c99c2467] [ROUTE] Controller=\App\Controllers\Home Method=index

[1 occurrence(s)]
DEBUG --> [REQ_ID=3eb6c99c2467] [LIFECYCLE][START] GET https://www.mymiwallet.com/index.php/

[1 occurrence(s)]
DEBUG --> [CSRF] token name=csrf_test_name hash=2b1d2bb868c3332e6db9ac33b1ce317e

[1 occurrence(s)]
DEBUG --> [REQ_ID=2ed665b60d6a] [INIT] App\Controllers\Home::GET

[1 occurrence(s)]
DEBUG --> [REQ_ID=2ed665b60d6a] [VIEW_RENDER] themes/public/home

[1 occurrence(s)]
DEBUG --> [REQ_ID=3eb6c99c2467] [FILTER_AFTER]

[1 occurrence(s)]
DEBUG --> [REQ_ID=3eb6c99c2467] [LIFECYCLE][END] status=200 duration_ms=816.82 memory_delta=4194304

[1 occurrence(s)]
DEBUG --> [REQ_ID=3eb6c99c2467] [REQUEST][END]

[1 occurrence(s)]
DEBUG --> [REQ_ID=dacb513d71bf] [REQUEST][START] GET /index.php/Premium-Features/Wallets

[1 occurrence(s)]
DEBUG --> [REQ_ID=dacb513d71bf] [REQUEST][END]

[1 occurrence(s)]
DEBUG --> [REQ_ID=5af81bc48618] [REQUEST][START] GET /Wallets/Manager

[1 occurrence(s)]
DEBUG --> [REQ_ID=5af81bc48618] [FILTER_BEFORE] /Wallets/Manager

[1 occurrence(s)]
DEBUG --> [REQ_ID=5af81bc48618] [ROUTE] Controller=\App\Modules\User\Controllers\WalletsController Method=walletManager

[1 occurrence(s)]
DEBUG --> [REQ_ID=5af81bc48618] [LIFECYCLE][START] GET https://www.mymiwallet.com/index.php/Wallets/Manager

[2 occurrence(s)]
DEBUG --> [CSRF] token name=csrf_test_name hash=719143052ffcf0f409841afb1f4b290f

[1 occurrence(s)]
DEBUG --> [REQ_ID=5af81bc48618] [REQUEST][END]

[1 occurrence(s)]
DEBUG --> [REQ_ID=e5fd3b76f6ea] [REQUEST][START] GET /index.php/login

[1 occurrence(s)]
DEBUG --> [REQ_ID=e5fd3b76f6ea] [FILTER_BEFORE] /index.php/login

[1 occurrence(s)]
DEBUG --> [REQ_ID=e5fd3b76f6ea] [ROUTE] Controller=\App\Controllers\AuthController Method=login

[1 occurrence(s)]
DEBUG --> [REQ_ID=e5fd3b76f6ea] [LIFECYCLE][START] GET https://www.mymiwallet.com/index.php/login

[1 occurrence(s)]
DEBUG --> [REQ_ID=9f8eddc3ba8a] [INIT] App\Controllers\AuthController::GET

[2 occurrence(s)]
DEBUG --> [AUTH_LOGIN_VIEW_REDIRECT_URL] /Wallets/Manager

[1 occurrence(s)]
DEBUG --> [REQ_ID=e5fd3b76f6ea] [FILTER_AFTER]

[1 occurrence(s)]
DEBUG --> [REQ_ID=e5fd3b76f6ea] [LIFECYCLE][END] status=200 duration_ms=83.37 memory_delta=2097152

[1 occurrence(s)]
DEBUG --> [REQ_ID=e5fd3b76f6ea] [REQUEST][END]

[1 occurrence(s)]
DEBUG --> [REQ_ID=26075a1bffe2] [REQUEST][START] GET /index.php/Premium-Features/Wallets

[1 occurrence(s)]
DEBUG --> [REQ_ID=26075a1bffe2] [REQUEST][END]

[1 occurrence(s)]
DEBUG --> [REQ_ID=260998557d18] [REQUEST][START] GET /Wallets/Manager

[1 occurrence(s)]
DEBUG --> [REQ_ID=260998557d18] [FILTER_BEFORE] /Wallets/Manager

[1 occurrence(s)]
DEBUG --> [REQ_ID=260998557d18] [ROUTE] Controller=\App\Modules\User\Controllers\WalletsController Method=walletManager

[1 occurrence(s)]
DEBUG --> [REQ_ID=260998557d18] [LIFECYCLE][START] GET https://www.mymiwallet.com/index.php/Wallets/Manager

[2 occurrence(s)]
DEBUG --> [CSRF] token name=csrf_test_name hash=c0af63b0c1b7edf62110067c031248b5

[1 occurrence(s)]
DEBUG --> [REQ_ID=260998557d18] [REQUEST][END]

[1 occurrence(s)]
DEBUG --> [REQ_ID=af3ccc096d48] [REQUEST][START] GET /index.php/login

[1 occurrence(s)]
DEBUG --> [REQ_ID=af3ccc096d48] [FILTER_BEFORE] /index.php/login

[1 occurrence(s)]
DEBUG --> [REQ_ID=af3ccc096d48] [ROUTE] Controller=\App\Controllers\AuthController Method=login

[1 occurrence(s)]
DEBUG --> [REQ_ID=af3ccc096d48] [LIFECYCLE][START] GET https://www.mymiwallet.com/index.php/login

[1 occurrence(s)]
DEBUG --> [REQ_ID=75eb1ae3e502] [INIT] App\Controllers\AuthController::GET

[1 occurrence(s)]
DEBUG --> [REQ_ID=af3ccc096d48] [FILTER_AFTER]

[1 occurrence(s)]
DEBUG --> [REQ_ID=af3ccc096d48] [LIFECYCLE][END] status=200 duration_ms=64.92 memory_delta=0

[1 occurrence(s)]
DEBUG --> [REQ_ID=af3ccc096d48] [REQUEST][END]

[1 occurrence(s)]
DEBUG --> [REQ_ID=ff88dd404425] [REQUEST][START] GET /

[1 occurrence(s)]
DEBUG --> [REQ_ID=ff88dd404425] [REQUEST][END]

[1 occurrence(s)]
DEBUG --> [REQ_ID=c41fba78ab7e] [REQUEST][START] GET /index.php/API/Alerts/fetchEmailAlerts

[1 occurrence(s)]
DEBUG --> [REQ_ID=c41fba78ab7e] [FILTER_BEFORE] /index.php/API/Alerts/fetchEmailAlerts

[1 occurrence(s)]
DEBUG --> [REQ_ID=c41fba78ab7e] [ROUTE] Controller=\App\Modules\APIs\Controllers\AlertsAPIController Method=fetchEmailAlerts

[1 occurrence(s)]
DEBUG --> [REQ_ID=c41fba78ab7e] [LIFECYCLE][START] GET https://www.mymiwallet.com/index.php/API/Alerts/fetchEmailAlerts

[1 occurrence(s)]
DEBUG --> [REQ_ID=c41fba78ab7e] [REQUEST][END]

[1 occurrence(s)]
DEBUG --> [REQ_ID=b3115f7450ea] [REQUEST][START] GET /

[1 occurrence(s)]
DEBUG --> [REQ_ID=b3115f7450ea] [FILTER_BEFORE] /

[1 occurrence(s)]
DEBUG --> [REQ_ID=b3115f7450ea] [ROUTE] Controller=\App\Controllers\Home Method=index

[1 occurrence(s)]
DEBUG --> [REQ_ID=b3115f7450ea] [LIFECYCLE][START] GET https://www.mymiwallet.com/index.php/

[1 occurrence(s)]
DEBUG --> [CSRF] token name=csrf_test_name hash=1c2083621e868fb775c4bf0e1b29a7b9

[1 occurrence(s)]
DEBUG --> [REQ_ID=32365a40c541] [INIT] App\Controllers\Home::GET

[1 occurrence(s)]
DEBUG --> [REQ_ID=32365a40c541] [VIEW_RENDER] themes/public/home

[1 occurrence(s)]
DEBUG --> [MetaService] slug= pageName=Home cacheHit=1 path=CACHE

[1 occurrence(s)]
DEBUG --> [REQ_ID=b3115f7450ea] [FILTER_AFTER]

[1 occurrence(s)]
DEBUG --> [REQ_ID=b3115f7450ea] [LIFECYCLE][END] status=200 duration_ms=601.65 memory_delta=4194304

[1 occurrence(s)]
DEBUG --> [REQ_ID=b3115f7450ea] [REQUEST][END]

[1 occurrence(s)]
DEBUG --> [REQ_ID=52552e9de6d8] [REQUEST][START] GET /index.php/Account

[1 occurrence(s)]
DEBUG --> [REQ_ID=52552e9de6d8] [FILTER_BEFORE] /index.php/Account

[1 occurrence(s)]
DEBUG --> [REQ_ID=52552e9de6d8] [ROUTE] Controller=\App\Modules\User\Controllers\DashboardController Method=account

[1 occurrence(s)]
DEBUG --> [REQ_ID=52552e9de6d8] [LIFECYCLE][START] GET https://www.mymiwallet.com/index.php/Account

[2 occurrence(s)]
DEBUG --> [CSRF] token name=csrf_test_name hash=0cc481727e0b124b4a838c347cd6b282

[1 occurrence(s)]
DEBUG --> [REQ_ID=52552e9de6d8] [REQUEST][END]

[1 occurrence(s)]
DEBUG --> [REQ_ID=fdf933f6a247] [REQUEST][START] GET /index.php/login

[1 occurrence(s)]
DEBUG --> [REQ_ID=fdf933f6a247] [FILTER_BEFORE] /index.php/login

[1 occurrence(s)]
DEBUG --> [REQ_ID=fdf933f6a247] [ROUTE] Controller=\App\Controllers\AuthController Method=login

[1 occurrence(s)]
DEBUG --> [REQ_ID=fdf933f6a247] [LIFECYCLE][START] GET https://www.mymiwallet.com/index.php/login

[1 occurrence(s)]
DEBUG --> [REQ_ID=2296d0b1a2b4] [INIT] App\Controllers\AuthController::GET

[1 occurrence(s)]
DEBUG --> [AUTH_LOGIN_VIEW_REDIRECT_URL] /Account

[1 occurrence(s)]
DEBUG --> [REQ_ID=fdf933f6a247] [FILTER_AFTER]

[1 occurrence(s)]
DEBUG --> [REQ_ID=fdf933f6a247] [LIFECYCLE][END] status=200 duration_ms=248.98 memory_delta=0

[1 occurrence(s)]
DEBUG --> [REQ_ID=fdf933f6a247] [REQUEST][END]

[1 occurrence(s)]
DEBUG --> [REQ_ID=039eec15c61e] [REQUEST][START] GET /index.php/API/Management/Run-CRON-Tasks

[1 occurrence(s)]
DEBUG --> [REQ_ID=039eec15c61e] [FILTER_BEFORE] /index.php/API/Management/Run-CRON-Tasks

[1 occurrence(s)]
DEBUG --> [REQ_ID=039eec15c61e] [ROUTE] Controller=\App\Modules\APIs\Controllers\ManagementAPIController Method=Run_CRON_Tasks

[1 occurrence(s)]
DEBUG --> [REQ_ID=039eec15c61e] [LIFECYCLE][START] GET https://www.mymiwallet.com/index.php/API/Management/Run-CRON-Tasks

[1 occurrence(s)]
DEBUG --> [REQ_ID=039eec15c61e] [REQUEST][END]

[1 occurrence(s)]
DEBUG --> [REQ_ID=98e032744e0e] [REQUEST][START] GET /index.php/API/Alerts/fetchEmailAlerts

[1 occurrence(s)]
DEBUG --> [REQ_ID=98e032744e0e] [FILTER_BEFORE] /index.php/API/Alerts/fetchEmailAlerts

[1 occurrence(s)]
DEBUG --> [REQ_ID=98e032744e0e] [ROUTE] Controller=\App\Modules\APIs\Controllers\AlertsAPIController Method=fetchEmailAlerts

[1 occurrence(s)]
DEBUG --> [REQ_ID=98e032744e0e] [LIFECYCLE][START] GET https://www.mymiwallet.com/index.php/API/Alerts/fetchEmailAlerts

[1 occurrence(s)]
DEBUG --> [REQ_ID=98e032744e0e] [REQUEST][END]

[1 occurrence(s)]
DEBUG --> [REQ_ID=d98c73443f2f] [REQUEST][START] GET /

[1 occurrence(s)]
DEBUG --> [REQ_ID=d98c73443f2f] [FILTER_BEFORE] /

[1 occurrence(s)]
DEBUG --> [REQ_ID=d98c73443f2f] [ROUTE] Controller=\App\Controllers\Home Method=index

[1 occurrence(s)]
DEBUG --> [REQ_ID=d98c73443f2f] [LIFECYCLE][START] GET https://www.mymiwallet.com/index.php/

[1 occurrence(s)]
DEBUG --> [CSRF] token name=csrf_test_name hash=5f431f90e440a78df8822f7e61734742

[1 occurrence(s)]
DEBUG --> [REQ_ID=3ee2e8c5cfc4] [INIT] App\Controllers\Home::GET

[1 occurrence(s)]
DEBUG --> [REQ_ID=3ee2e8c5cfc4] [VIEW_RENDER] themes/public/home

[1 occurrence(s)]
DEBUG --> [REQ_ID=d98c73443f2f] [FILTER_AFTER]

[1 occurrence(s)]
DEBUG --> [REQ_ID=d98c73443f2f] [LIFECYCLE][END] status=200 duration_ms=558.20 memory_delta=4194304

[1 occurrence(s)]
DEBUG --> [REQ_ID=d98c73443f2f] [REQUEST][END]

[1 occurrence(s)]
DEBUG --> [REQ_ID=07bdc2515ceb] [REQUEST][START] GET /

[1 occurrence(s)]
DEBUG --> [REQ_ID=07bdc2515ceb] [REQUEST][END]

[1 occurrence(s)]
DEBUG --> [REQ_ID=9d89d2b27360] [REQUEST][START] GET /wp-login.php

[1 occurrence(s)]
DEBUG --> [REQ_ID=9d89d2b27360] [REQUEST][END]

[1 occurrence(s)]
DEBUG --> [REQ_ID=c0b83b67adf8] [REQUEST][START] GET /index.php/API/Management/Run-CRON-Tasks

[1 occurrence(s)]
DEBUG --> [REQ_ID=c0b83b67adf8] [FILTER_BEFORE] /index.php/API/Management/Run-CRON-Tasks

[1 occurrence(s)]
DEBUG --> [REQ_ID=c0b83b67adf8] [ROUTE] Controller=\App\Modules\APIs\Controllers\ManagementAPIController Method=Run_CRON_Tasks

[1 occurrence(s)]
DEBUG --> [REQ_ID=c0b83b67adf8] [LIFECYCLE][START] GET https://www.mymiwallet.com/index.php/API/Management/Run-CRON-Tasks

[1 occurrence(s)]
DEBUG --> [REQ_ID=c0b83b67adf8] [REQUEST][END]

[1 occurrence(s)]
DEBUG --> [REQ_ID=ecbc119f9728] [REQUEST][START] GET /

[1 occurrence(s)]
DEBUG --> [REQ_ID=ecbc119f9728] [REQUEST][END]

[1 occurrence(s)]
DEBUG --> [REQ_ID=97bba590af15] [REQUEST][START] GET /index.php/API/Alerts/fetchEmailAlerts

[1 occurrence(s)]
DEBUG --> [REQ_ID=97bba590af15] [FILTER_BEFORE] /index.php/API/Alerts/fetchEmailAlerts

[1 occurrence(s)]
DEBUG --> [REQ_ID=97bba590af15] [ROUTE] Controller=\App\Modules\APIs\Controllers\AlertsAPIController Method=fetchEmailAlerts

[1 occurrence(s)]
DEBUG --> [REQ_ID=97bba590af15] [LIFECYCLE][START] GET https://www.mymiwallet.com/index.php/API/Alerts/fetchEmailAlerts

[1 occurrence(s)]
DEBUG --> [REQ_ID=97bba590af15] [REQUEST][END]

[1 occurrence(s)]
DEBUG --> [REQ_ID=ce71a5796490] [REQUEST][START] GET /

[1 occurrence(s)]
DEBUG --> [REQ_ID=ce71a5796490] [FILTER_BEFORE] /

[1 occurrence(s)]
DEBUG --> [REQ_ID=ce71a5796490] [ROUTE] Controller=\App\Controllers\Home Method=index

[1 occurrence(s)]
DEBUG --> [REQ_ID=ce71a5796490] [LIFECYCLE][START] GET https://www.mymiwallet.com/index.php/

[1 occurrence(s)]
DEBUG --> [CSRF] token name=csrf_test_name hash=f3eae6001a0477580247e3cff4301ec5

[1 occurrence(s)]
DEBUG --> [REQ_ID=e463597d6b56] [INIT] App\Controllers\Home::GET

[1 occurrence(s)]
DEBUG --> [REQ_ID=e463597d6b56] [VIEW_RENDER] themes/public/home

[1 occurrence(s)]
DEBUG --> [REQ_ID=ce71a5796490] [FILTER_AFTER]

[1 occurrence(s)]
DEBUG --> [REQ_ID=ce71a5796490] [LIFECYCLE][END] status=200 duration_ms=609.78 memory_delta=4194304

[1 occurrence(s)]
DEBUG --> [REQ_ID=ce71a5796490] [REQUEST][END]

[1 occurrence(s)]
DEBUG --> [REQ_ID=78e65f0ff6e2] [REQUEST][START] GET /index.php/Management/Users

[1 occurrence(s)]
DEBUG --> [REQ_ID=78e65f0ff6e2] [REQUEST][END]

[1 occurrence(s)]
DEBUG --> [REQ_ID=7bbc1d64abb0] [REQUEST][START] GET /index.php/API/Management/Run-CRON-Tasks

[1 occurrence(s)]
DEBUG --> [REQ_ID=7bbc1d64abb0] [FILTER_BEFORE] /index.php/API/Management/Run-CRON-Tasks

[1 occurrence(s)]
DEBUG --> [REQ_ID=7bbc1d64abb0] [ROUTE] Controller=\App\Modules\APIs\Controllers\ManagementAPIController Method=Run_CRON_Tasks

[1 occurrence(s)]
DEBUG --> [REQ_ID=7bbc1d64abb0] [LIFECYCLE][START] GET https://www.mymiwallet.com/index.php/API/Management/Run-CRON-Tasks

[1 occurrence(s)]
DEBUG --> [REQ_ID=7bbc1d64abb0] [REQUEST][END]

[1 occurrence(s)]
DEBUG --> [REQ_ID=7000fc9bc4e8] [REQUEST][START] GET /index.php/API/Alerts/fetchEmailAlerts

[1 occurrence(s)]
DEBUG --> [REQ_ID=7000fc9bc4e8] [FILTER_BEFORE] /index.php/API/Alerts/fetchEmailAlerts

[1 occurrence(s)]
DEBUG --> [REQ_ID=7000fc9bc4e8] [ROUTE] Controller=\App\Modules\APIs\Controllers\AlertsAPIController Method=fetchEmailAlerts

[1 occurrence(s)]
DEBUG --> [REQ_ID=7000fc9bc4e8] [LIFECYCLE][START] GET https://www.mymiwallet.com/index.php/API/Alerts/fetchEmailAlerts

[1 occurrence(s)]
DEBUG --> [REQ_ID=7000fc9bc4e8] [REQUEST][END]

[1 occurrence(s)]
DEBUG --> [REQ_ID=b023a93d723c] [REQUEST][START] GET /index.php/How-It-Works/Daily-Financial-News

[1 occurrence(s)]
DEBUG --> [REQ_ID=b023a93d723c] [FILTER_BEFORE] /index.php/How-It-Works/Daily-Financial-News

[1 occurrence(s)]
DEBUG --> [REQ_ID=b023a93d723c] [ROUTE] Controller=\App\Modules\Blog\Controllers\HowItWorksController Method=show

[1 occurrence(s)]
DEBUG --> [REQ_ID=b023a93d723c] [LIFECYCLE][START] GET https://www.mymiwallet.com/index.php/How-It-Works/Daily-Financial-News

[1 occurrence(s)]
DEBUG --> [CSRF] token name=csrf_test_name hash=de1ae3cf1ee2eea46009a9e4d8c9a0cd

[1 occurrence(s)]
DEBUG --> [REQ_ID=9517a1429268] [INIT] App\Modules\Blog\Controllers\HowItWorksController::GET

[1 occurrence(s)]
DEBUG --> [REQ_ID=9517a1429268] [METHOD_ENTRY] show

[1 occurrence(s)]
DEBUG --> [HOW_IT_WORKS] slug=daily-financial-news

[1 occurrence(s)]
DEBUG --> [REQ_ID=b023a93d723c] [FILTER_AFTER]

[1 occurrence(s)]
DEBUG --> [REQ_ID=b023a93d723c] [LIFECYCLE][END] status=200 duration_ms=625.22 memory_delta=4194304

[1 occurrence(s)]
DEBUG --> [REQ_ID=b023a93d723c] [REQUEST][END]

[1 occurrence(s)]
DEBUG --> [REQ_ID=9b7391c77644] [REQUEST][START] GET /Wallets/Banking

[1 occurrence(s)]
DEBUG --> [REQ_ID=9b7391c77644] [REQUEST][END]

[1 occurrence(s)]
DEBUG --> [REQ_ID=971cf8edb238] [REQUEST][START] GET /index.php/API/Management/Run-CRON-Tasks

[1 occurrence(s)]
DEBUG --> [REQ_ID=971cf8edb238] [FILTER_BEFORE] /index.php/API/Management/Run-CRON-Tasks

[1 occurrence(s)]
DEBUG --> [REQ_ID=971cf8edb238] [ROUTE] Controller=\App\Modules\APIs\Controllers\ManagementAPIController Method=Run_CRON_Tasks

[1 occurrence(s)]
DEBUG --> [REQ_ID=971cf8edb238] [LIFECYCLE][START] GET https://www.mymiwallet.com/index.php/API/Management/Run-CRON-Tasks

[1 occurrence(s)]
DEBUG --> [REQ_ID=971cf8edb238] [REQUEST][END]


---------------------------
LEVEL: INFO
---------------------------

[1 occurrence(s)]
INFO --> [REQ_ID=6e0cbce33bbf] [PERF] Execution time=0.051239

[1 occurrence(s)]
INFO --> [REQ_ID=2320530b71f4] [PERF] Execution time=0.052054

[1 occurrence(s)]
INFO --> [REQ_ID=2301dedfb0bb] [PERF] Execution time=0.155227

[1 occurrence(s)]
INFO --> [REQ_ID=81ae571c93ac] [PERF] Execution time=0.014913

[1 occurrence(s)]
INFO --> [REQ_ID=66a478ebec6c] [PERF] Execution time=0.035580

[1 occurrence(s)]
INFO --> [REQ_ID=e3ae22a60f54] [MEMORY][controller-start] 6291456

[1 occurrence(s)]
INFO --> [REQ_ID=e3ae22a60f54] [MEMORY][commonData:start] 8388608

[1 occurrence(s)]
INFO --> [PERF][HOME] buildCommonData complete in 480.09ms

[1 occurrence(s)]
INFO --> [PERF][HOME] index commonData done in 480.44ms

[1 occurrence(s)]
INFO --> [REQ_ID=e3ae22a60f54] [MEMORY][commonData:start] 10485760

[4 occurrence(s)]
INFO --> themesMemory usage: 10485760

[1 occurrence(s)]
INFO --> [PERF][HOME] index renderTheme done in 15.99ms

[1 occurrence(s)]
INFO --> [REQ_ID=e3ae22a60f54] [PERF] Execution time=0.574075

[1 occurrence(s)]
INFO --> [REQ_ID=51814e185fe8] [PERF] Execution time=0.620443

[1 occurrence(s)]
INFO --> [REQ_ID=385cd8766f47] [PERF] Execution time=0.107133

[1 occurrence(s)]
INFO --> [REQ_ID=4a4083057e81] [PERF] Execution time=0.055127

[1 occurrence(s)]
INFO --> [REQ_ID=d8982cb12ddf] [PERF] Execution time=0.044889

[1 occurrence(s)]
INFO --> [REQ_ID=7385c061cb45] [MEMORY][controller-start] 4194304

[7 occurrence(s)]
INFO --> [AUTH_VIEW] Rendering login view

[1 occurrence(s)]
INFO --> [REQ_ID=7385c061cb45] [PERF] Execution time=0.211238

[1 occurrence(s)]
INFO --> [REQ_ID=a49d2b158976] [PERF] Execution time=0.229684

[1 occurrence(s)]
INFO --> [REQ_ID=e8e3caf16753] [PERF] Execution time=0.054959

[1 occurrence(s)]
INFO --> [REQ_ID=6c8cb836f4fe] [MEMORY][controller-start] 4194304

[1 occurrence(s)]
INFO --> [REQ_ID=6c8cb836f4fe] [PERF] Execution time=0.085081

[1 occurrence(s)]
INFO --> [REQ_ID=edea2717af75] [PERF] Execution time=0.108502

[1 occurrence(s)]
INFO --> [REQ_ID=ae5dd398e87c] [PERF] Execution time=0.010390

[1 occurrence(s)]
INFO --> [REQ_ID=f29b9291fd99] [PERF] Execution time=0.035478

[1 occurrence(s)]
INFO --> [REQ_ID=a206d4c7a9c2] [PERF] Execution time=0.042144

[1 occurrence(s)]
INFO --> [REQ_ID=e0231d025d5e] [PERF] Execution time=0.118903

[1 occurrence(s)]
INFO --> [REQ_ID=730b95155af8] [PERF] Execution time=0.067549

[1 occurrence(s)]
INFO --> [REQ_ID=687232bd8c7a] [MEMORY][controller-start] 4194304

[1 occurrence(s)]
INFO --> [REQ_ID=687232bd8c7a] [PERF] Execution time=0.141220

[1 occurrence(s)]
INFO --> [REQ_ID=02264e9713bd] [PERF] Execution time=0.157889

[1 occurrence(s)]
INFO --> [REQ_ID=2634ec803676] [PERF] Execution time=0.053058

[1 occurrence(s)]
INFO --> [REQ_ID=1f543f6ae698] [MEMORY][controller-start] 6291456

[1 occurrence(s)]
INFO --> [REQ_ID=1f543f6ae698] [MEMORY][commonData:start] 8388608

[1 occurrence(s)]
INFO --> [REQ_ID=1f543f6ae698] [PERF] Execution time=0.607346

[1 occurrence(s)]
INFO --> [REQ_ID=652674fdecb8] [PERF] Execution time=0.655496

[1 occurrence(s)]
INFO --> [REQ_ID=9979a487558b] [PERF] Execution time=0.051484

[1 occurrence(s)]
INFO --> [REQ_ID=57e60d36399b] [MEMORY][controller-start] 4194304

[1 occurrence(s)]
INFO --> [REQ_ID=57e60d36399b] [PERF] Execution time=0.137769

[1 occurrence(s)]
INFO --> [REQ_ID=340afc914791] [PERF] Execution time=0.152027

[1 occurrence(s)]
INFO --> [REQ_ID=4f724de96355] [PERF] Execution time=0.090769

[1 occurrence(s)]
INFO --> [REQ_ID=2ed665b60d6a] [MEMORY][controller-start] 6291456

[1 occurrence(s)]
INFO --> [REQ_ID=2ed665b60d6a] [MEMORY][commonData:start] 8388608

[1 occurrence(s)]
INFO --> [PERF][HOME] buildCommonData complete in 552.85ms

[1 occurrence(s)]
INFO --> [PERF][HOME] index commonData done in 553.34ms

[1 occurrence(s)]
INFO --> [REQ_ID=2ed665b60d6a] [MEMORY][commonData:start] 10485760

[1 occurrence(s)]
INFO --> [PERF][HOME] index renderTheme done in 19.18ms

[1 occurrence(s)]
INFO --> [REQ_ID=2ed665b60d6a] [PERF] Execution time=0.810419

[1 occurrence(s)]
INFO --> [REQ_ID=3eb6c99c2467] [PERF] Execution time=0.888311

[2 occurrence(s)]
INFO --> REDIRECTED ROUTE at https://www.mymiwallet.com/Wallets/Manager

[1 occurrence(s)]
INFO --> [REQ_ID=dacb513d71bf] [PERF] Execution time=0.042348

[1 occurrence(s)]
INFO --> [REQ_ID=5af81bc48618] [PERF] Execution time=0.032049

[1 occurrence(s)]
INFO --> [REQ_ID=9f8eddc3ba8a] [MEMORY][controller-start] 4194304

[1 occurrence(s)]
INFO --> [REQ_ID=9f8eddc3ba8a] [PERF] Execution time=0.082709

[1 occurrence(s)]
INFO --> [REQ_ID=e5fd3b76f6ea] [PERF] Execution time=0.098438

[1 occurrence(s)]
INFO --> [REQ_ID=26075a1bffe2] [PERF] Execution time=0.012252

[1 occurrence(s)]
INFO --> [REQ_ID=260998557d18] [PERF] Execution time=0.010322

[1 occurrence(s)]
INFO --> [REQ_ID=75eb1ae3e502] [MEMORY][controller-start] 4194304

[1 occurrence(s)]
INFO --> [REQ_ID=75eb1ae3e502] [PERF] Execution time=0.064341

[1 occurrence(s)]
INFO --> [REQ_ID=af3ccc096d48] [PERF] Execution time=0.074601

[1 occurrence(s)]
INFO --> [REQ_ID=ff88dd404425] [PERF] Execution time=0.010025

[1 occurrence(s)]
INFO --> [REQ_ID=c41fba78ab7e] [PERF] Execution time=0.052879

[1 occurrence(s)]
INFO --> [REQ_ID=32365a40c541] [MEMORY][controller-start] 6291456

[1 occurrence(s)]
INFO --> [REQ_ID=32365a40c541] [MEMORY][commonData:start] 8388608

[1 occurrence(s)]
INFO --> [PERF][HOME] buildCommonData complete in 504.58ms

[1 occurrence(s)]
INFO --> [PERF][HOME] index commonData done in 505.04ms

[1 occurrence(s)]
INFO --> [REQ_ID=32365a40c541] [MEMORY][commonData:start] 10485760

[1 occurrence(s)]
INFO --> [PERF][HOME] index renderTheme done in 8.64ms

[1 occurrence(s)]
INFO --> [REQ_ID=32365a40c541] [PERF] Execution time=0.591544

[1 occurrence(s)]
INFO --> [REQ_ID=b3115f7450ea] [PERF] Execution time=0.654745

[1 occurrence(s)]
INFO --> [REQ_ID=52552e9de6d8] [PERF] Execution time=0.016322

[1 occurrence(s)]
INFO --> [REQ_ID=2296d0b1a2b4] [MEMORY][controller-start] 4194304

[1 occurrence(s)]
INFO --> [REQ_ID=2296d0b1a2b4] [PERF] Execution time=0.249342

[1 occurrence(s)]
INFO --> [REQ_ID=fdf933f6a247] [PERF] Execution time=0.263814

[1 occurrence(s)]
INFO --> [REQ_ID=039eec15c61e] [PERF] Execution time=0.088213

[1 occurrence(s)]
INFO --> [REQ_ID=98e032744e0e] [PERF] Execution time=0.052085

[1 occurrence(s)]
INFO --> [REQ_ID=3ee2e8c5cfc4] [MEMORY][controller-start] 4194304

[1 occurrence(s)]
INFO --> [REQ_ID=3ee2e8c5cfc4] [MEMORY][commonData:start] 6291456

[1 occurrence(s)]
INFO --> [PERF][HOME] buildCommonData complete in 481.85ms

[1 occurrence(s)]
INFO --> [PERF][HOME] index commonData done in 482.22ms

[1 occurrence(s)]
INFO --> [REQ_ID=3ee2e8c5cfc4] [MEMORY][commonData:start] 8388608

[1 occurrence(s)]
INFO --> themesMemory usage: 8388608

[1 occurrence(s)]
INFO --> [PERF][HOME] index renderTheme done in 18.36ms

[1 occurrence(s)]
INFO --> [REQ_ID=3ee2e8c5cfc4] [PERF] Execution time=0.562012

[1 occurrence(s)]
INFO --> [REQ_ID=d98c73443f2f] [PERF] Execution time=0.575102

[1 occurrence(s)]
INFO --> [REQ_ID=07bdc2515ceb] [PERF] Execution time=0.035090

[1 occurrence(s)]
INFO --> [REQ_ID=9d89d2b27360] [PERF] Execution time=0.084109

[1 occurrence(s)]
INFO --> [REQ_ID=c0b83b67adf8] [PERF] Execution time=0.052730

[1 occurrence(s)]
INFO --> [REQ_ID=ecbc119f9728] [PERF] Execution time=0.035551

[1 occurrence(s)]
INFO --> [REQ_ID=97bba590af15] [PERF] Execution time=0.052910

[1 occurrence(s)]
INFO --> [REQ_ID=e463597d6b56] [MEMORY][controller-start] 6291456

[1 occurrence(s)]
INFO --> [REQ_ID=e463597d6b56] [MEMORY][commonData:start] 8388608

[1 occurrence(s)]
INFO --> [PERF][HOME] buildCommonData complete in 518.46ms

[1 occurrence(s)]
INFO --> [PERF][HOME] index commonData done in 518.95ms

[1 occurrence(s)]
INFO --> [REQ_ID=e463597d6b56] [MEMORY][commonData:start] 10485760

[1 occurrence(s)]
INFO --> [PERF][HOME] index renderTheme done in 15.88ms

[1 occurrence(s)]
INFO --> [REQ_ID=e463597d6b56] [PERF] Execution time=0.603529

[1 occurrence(s)]
INFO --> [REQ_ID=ce71a5796490] [PERF] Execution time=0.650484

[1 occurrence(s)]
INFO --> [REQ_ID=78e65f0ff6e2] [PERF] Execution time=0.033053

[1 occurrence(s)]
INFO --> [REQ_ID=7bbc1d64abb0] [PERF] Execution time=0.090959

[1 occurrence(s)]
INFO --> [REQ_ID=7000fc9bc4e8] [PERF] Execution time=0.052896

[1 occurrence(s)]
INFO --> [REQ_ID=9517a1429268] [MEMORY][controller-start] 6291456

[1 occurrence(s)]
INFO --> [REQ_ID=9517a1429268] [MEMORY][commonData:start] 8388608

[1 occurrence(s)]
INFO --> [REQ_ID=9517a1429268] [PERF] Execution time=0.618451

[1 occurrence(s)]
INFO --> [REQ_ID=b023a93d723c] [PERF] Execution time=0.668932

[1 occurrence(s)]
INFO --> [REQ_ID=9b7391c77644] [PERF] Execution time=0.043333

[1 occurrence(s)]
INFO --> [REQ_ID=971cf8edb238] [PERF] Execution time=0.088983

[1 occurrence(s)]
INFO --> [SPARK_START] App\Commands\AIOps\Run

[3 occurrence(s)]
INFO --> [SPARK_MEMORY] 20971520

[1 occurrence(s)]
INFO --> [spark:aiops:run] Intent

[1 occurrence(s)]
INFO --> [spark:ops:work] Started

[1 occurrence(s)]
INFO --> [SPARK_START] App\Commands\Ops\Work

[1 occurrence(s)]
INFO --> [spark:ops:work] Intent

[1 occurrence(s)]
INFO --> [spark:ops:work] Completed

[1 occurrence(s)]
INFO --> [SPARK_COMPLETE] App\Commands\Ops\Work duration=0.048214

[1 occurrence(s)]
INFO --> [SPARK_MEMORY] 23068672

[1 occurrence(s)]
INFO --> [AIOPS][SPARK][GOVERNANCE][spark:logs:summarize] Started

[1 occurrence(s)]
INFO --> [SPARK_START] App\Commands\Logs\Summarize

[1 occurrence(s)]
INFO --> [spark:logs:summarize] Intent


---------------------------
LEVEL: WARNING
---------------------------

[14 occurrence(s)]
WARNING --> Optional view path missing; using default path


---------------------------
LEVEL: ERROR
---------------------------

[3 occurrence(s)]
ERROR --> [404_ROUTE]


===============================================
   HERE'S THE NEW STUFF
   (No previous timestamp recorded – nothing treated as new)
===============================================

---- CONFIG LINT ----
✅ Services::cache
✅ Services::responsecache
✅ Services::session
✅ Services::email
✅ Services::logger
✅ Services::validation
✅ Services::renderer
