===============================================
   MyMI Wallet — Log Summary for 2026-02-24
   Auto-generated by logs:summarize command
   Grouped by (LEVEL + message)
===============================================

Last processed up to: 2026-02-24 20:00:03

---------------------------
LEVEL: DEBUG
---------------------------

[571 occurrence(s)]
DEBUG --> Session: Class initialized using 'CodeIgniter\Session\Handlers\FileHandler' driver.

[1 occurrence(s)]
DEBUG --> LOG_HEALTHCHECK debug marker=f15adb10ae16

[174 occurrence(s)]
DEBUG --> App\Controllers\AuthController initController executed

[19 occurrence(s)]
DEBUG --> App\Modules\Support\Controllers\AccountSupportController initController executed

[183 occurrence(s)]
DEBUG --> MyMIUser L52 - initialized (first log).

[282 occurrence(s)]
DEBUG --> MyMICoin: guest context detected; skipping user-specific preload.

[81 occurrence(s)]
DEBUG --> App\Controllers\Home initController executed

[35 occurrence(s)]
DEBUG --> [MetaService] slug= pageName= cacheHit= path=FALLBACK

[2 occurrence(s)]
DEBUG --> LOGGER TEST DEBUG - 00:26:03

[60 occurrence(s)]
DEBUG --> [MetaService] slug= pageName=Home cacheHit=1 path=CACHE

[40 occurrence(s)]
DEBUG --> [MetaService] slug= pageName= cacheHit=1 path=CACHE

[55 occurrence(s)]
DEBUG --> App\Modules\Blog\Controllers\HowItWorksController initController executed

[1 occurrence(s)]
DEBUG --> LOGGER TEST DEBUG - 00:26:05

[2 occurrence(s)]
DEBUG --> [MetaService] slug=how-it-works pageName= cacheHit= path=DB

[2 occurrence(s)]
DEBUG --> [MetaService] slug=how-it-works pageName= cacheHit=1 path=CACHE

[2 occurrence(s)]
DEBUG --> [MetaService] slug=how-it-works/overview pageName= cacheHit= path=DB

[2 occurrence(s)]
DEBUG --> [MetaService] slug=how-it-works/overview pageName= cacheHit=1 path=CACHE

[3 occurrence(s)]
DEBUG --> [MetaService] slug=privacy-policy pageName= cacheHit= path=DB

[3 occurrence(s)]
DEBUG --> [MetaService] slug=privacy-policy pageName=Privacy Policy cacheHit= path=DB

[1 occurrence(s)]
DEBUG --> LOGGER TEST DEBUG - 00:26:08

[3 occurrence(s)]
DEBUG --> [MetaService] slug=terms-of-service pageName= cacheHit= path=DB

[3 occurrence(s)]
DEBUG --> [MetaService] slug=terms-of-service pageName=Terms of Service cacheHit= path=DB

[1 occurrence(s)]
DEBUG --> LOGGER TEST DEBUG - 00:34:39

[1 occurrence(s)]
DEBUG --> LOG_HEALTHCHECK debug marker=99694b0a5de8

[1 occurrence(s)]
DEBUG --> LOGGER TEST DEBUG - 02:05:43

[15 occurrence(s)]
DEBUG --> [MetaService] slug= pageName=Home cacheHit= path=DB

[1 occurrence(s)]
DEBUG --> LOGGER TEST DEBUG - 02:12:22

[1 occurrence(s)]
DEBUG --> LOGGER TEST DEBUG - 02:13:21

[1 occurrence(s)]
DEBUG --> LOGGER TEST DEBUG - 02:13:26

[1 occurrence(s)]
DEBUG --> LOGGER TEST DEBUG - 02:37:07

[1 occurrence(s)]
DEBUG --> LOGGER TEST DEBUG - 02:39:20

[1 occurrence(s)]
DEBUG --> LOGGER TEST DEBUG - 02:42:07

[1 occurrence(s)]
DEBUG --> LOGGER TEST DEBUG - 03:13:40

[1 occurrence(s)]
DEBUG --> LOGGER TEST DEBUG - 03:29:14

[1 occurrence(s)]
DEBUG --> LOGGER TEST DEBUG - 03:31:17

[1 occurrence(s)]
DEBUG --> LOGGER TEST DEBUG - 03:41:12

[1 occurrence(s)]
DEBUG --> LOGGER TEST DEBUG - 03:42:24

[1 occurrence(s)]
DEBUG --> LOGGER TEST DEBUG - 03:47:39

[1 occurrence(s)]
DEBUG --> Auth attemptLogin() called with login identifier: j.a.yla.wat.k.i.ns2.3@gmail.com, remember: true

[6 occurrence(s)]
DEBUG --> Auth attemptLogin() called. redirect_url in session: https://www.mymiwallet.com/index.php/Free/register

[8 occurrence(s)]
DEBUG --> Auth credentials normalised for attempt using key "email"

[1 occurrence(s)]
DEBUG --> Auth attempt failed for identifier j.a.yla.wat.k.i.ns2.3@gmail.com. Error: Unable to log you in. Please check your password.

[1 occurrence(s)]
DEBUG --> LOGGER TEST DEBUG - 03:50:51

[1 occurrence(s)]
DEBUG --> LOG_HEALTHCHECK debug marker=e85c8c51e409

[1 occurrence(s)]
DEBUG --> LOGGER TEST DEBUG - 04:14:37

[1 occurrence(s)]
DEBUG --> LOGGER TEST DEBUG - 04:30:22

[1 occurrence(s)]
DEBUG --> LOGGER TEST DEBUG - 04:42:00

[1 occurrence(s)]
DEBUG --> LOGGER TEST DEBUG - 04:43:34

[1 occurrence(s)]
DEBUG --> LOGGER TEST DEBUG - 04:47:18

[1 occurrence(s)]
DEBUG --> LOGGER TEST DEBUG - 04:49:31

[1 occurrence(s)]
DEBUG --> LOGGER TEST DEBUG - 04:54:51

[1 occurrence(s)]
DEBUG --> LOGGER TEST DEBUG - 05:02:55

[1 occurrence(s)]
DEBUG --> LOGGER TEST DEBUG - 05:02:57

[2 occurrence(s)]
DEBUG --> App\Modules\Support\Controllers\SupportController initController executed

[1 occurrence(s)]
DEBUG --> [MetaService] slug=how-it-works/account-settings pageName= cacheHit= path=DB

[1 occurrence(s)]
DEBUG --> [MetaService] slug=how-it-works/account-settings pageName= cacheHit=1 path=CACHE

[1 occurrence(s)]
DEBUG --> [MetaService] slug=how-it-works/earnings pageName= cacheHit= path=DB

[1 occurrence(s)]
DEBUG --> [MetaService] slug=how-it-works/earnings pageName= cacheHit=1 path=CACHE

[1 occurrence(s)]
DEBUG --> [MetaService] slug=how-it-works/investments pageName= cacheHit= path=DB

[1 occurrence(s)]
DEBUG --> [MetaService] slug=how-it-works/investments pageName= cacheHit=1 path=CACHE

[2 occurrence(s)]
DEBUG --> [MetaService] slug=how-it-works/marketing pageName= cacheHit= path=DB

[2 occurrence(s)]
DEBUG --> [MetaService] slug=how-it-works/marketing pageName= cacheHit=1 path=CACHE

[1 occurrence(s)]
DEBUG --> LOG_HEALTHCHECK debug marker=dd99aaaf2368

[1 occurrence(s)]
DEBUG --> App\Modules\Blog\Controllers\PersonalBudgetingController initController executed

[1 occurrence(s)]
DEBUG --> LOGGER TEST DEBUG - 06:51:47

[1 occurrence(s)]
DEBUG --> LOGGER TEST DEBUG - 07:45:03

[1 occurrence(s)]
DEBUG --> LOG_HEALTHCHECK debug marker=2db59b85e289

[1 occurrence(s)]
DEBUG --> LOGGER TEST DEBUG - 08:12:04

[1 occurrence(s)]
DEBUG --> LOGGER TEST DEBUG - 08:37:12

[1 occurrence(s)]
DEBUG --> Auth attemptLogin() called with login identifier: wbeal@totalcsi.com, remember: true

[1 occurrence(s)]
DEBUG --> Auth attempt failed for identifier wbeal@totalcsi.com. Error: Unable to log you in. Please check your password.

[1 occurrence(s)]
DEBUG --> LOGGER TEST DEBUG - 08:45:10

[1 occurrence(s)]
DEBUG --> LOGGER TEST DEBUG - 08:50:34

[1 occurrence(s)]
DEBUG --> LOG_HEALTHCHECK debug marker=37fd779e3b3d

[1 occurrence(s)]
DEBUG --> LOGGER TEST DEBUG - 10:15:25

[1 occurrence(s)]
DEBUG --> LOGGER TEST DEBUG - 10:26:27

[1 occurrence(s)]
DEBUG --> LOGGER TEST DEBUG - 10:26:28

[1 occurrence(s)]
DEBUG --> LOGGER TEST DEBUG - 10:31:58

[1 occurrence(s)]
DEBUG --> LOGGER TEST DEBUG - 10:56:19

[1 occurrence(s)]
DEBUG --> LOGGER TEST DEBUG - 10:57:18

[1 occurrence(s)]
DEBUG --> LOGGER TEST DEBUG - 11:11:34

[1 occurrence(s)]
DEBUG --> LOGGER TEST DEBUG - 11:32:52

[4 occurrence(s)]
DEBUG --> App\Modules\Blog\Controllers\NewsAndUpdates initController executed

[1 occurrence(s)]
DEBUG --> LOGGER TEST DEBUG - 11:53:19

[1 occurrence(s)]
DEBUG --> LOG_HEALTHCHECK debug marker=47f319bdb416

[1 occurrence(s)]
DEBUG --> LOGGER TEST DEBUG - 12:12:40

[1 occurrence(s)]
DEBUG --> LOGGER TEST DEBUG - 12:12:43

[1 occurrence(s)]
DEBUG --> LOGGER TEST DEBUG - 12:12:53

[1 occurrence(s)]
DEBUG --> LOGGER TEST DEBUG - 12:13:02

[1 occurrence(s)]
DEBUG --> LOGGER TEST DEBUG - 12:13:08

[1 occurrence(s)]
DEBUG --> LOGGER TEST DEBUG - 12:15:17

[1 occurrence(s)]
DEBUG --> LOGGER TEST DEBUG - 12:17:26

[1 occurrence(s)]
DEBUG --> Auth attemptLogin() called with login identifier: tburks2392, remember: true

[1 occurrence(s)]
DEBUG --> Auth attemptLogin() called. redirect_url in session: https://www.mymiwallet.com/index.php/Dashboard

[1 occurrence(s)]
DEBUG --> Auth credentials normalised for attempt using key "username"

[1 occurrence(s)]
DEBUG --> Auth attempt succeeded for identifier tburks2392. logged_in(): yes, user_id(): 2

[1 occurrence(s)]
DEBUG --> Auth attempt succeeded. logged_in(): yes, user_id(): 2

[1 occurrence(s)]
DEBUG --> Auth attemptLogin() - session user_id set to: 2

[1 occurrence(s)]
DEBUG --> Auth redirect destination: https://www.mymiwallet.com/index.php/Dashboard

[2 occurrence(s)]
DEBUG --> App\Modules\User\Controllers\DashboardController initController executed

[3 occurrence(s)]
DEBUG --> MyMIMarketing: Pscrape library not installed; Google search scraping will use fallback.

[2 occurrence(s)]
DEBUG --> [DASHBOARD] Enter

[2 occurrence(s)]
DEBUG --> 📰 Daily dashboard news window 2026-02-24 00:00:00 -> 2026-02-24 23:59:59 returned 0 rows

[3 occurrence(s)]
DEBUG --> [SETUP] Status computed

[13 occurrence(s)]
DEBUG --> App\Modules\User\Controllers\BudgetController initController executed

[17 occurrence(s)]
DEBUG --> BudgetController L53 Initialized with cuID: 2

[17 occurrence(s)]
DEBUG --> BudgetController::constructor - sanitizedCacheKey exists? YES

[1 occurrence(s)]
DEBUG --> Dashboard::index() reached in BudgetController. User ID: 2

[2 occurrence(s)]
DEBUG --> BudgetController::commonData snapshot: {"cuID":2,"cuEmail":"admin@timothyburks.com","totalAccountBalance":0,"nonce":{"script":"nonce=\"db010881a1db00538da99f3661f43849\"","style":"nonce=\"db010881a1db00538da99f3661f43849\""}}

[4 occurrence(s)]
DEBUG --> App\Modules\APIs\Controllers\BudgetAPIController initController executed

[2 occurrence(s)]
DEBUG --> BudgetController::commonData snapshot: {"cuID":2,"cuEmail":"admin@timothyburks.com","totalAccountBalance":0,"nonce":{"script":"nonce=\"9aa3278b6babad0bee9209f72d19e3b5\"","style":"nonce=\"9aa3278b6babad0bee9209f72d19e3b5\""}}

[2 occurrence(s)]
DEBUG --> BudgetController::commonData snapshot: {"cuID":2,"cuEmail":"admin@timothyburks.com","totalAccountBalance":0,"nonce":{"script":"nonce=\"9ad9c44e4e70a29256a33ad2dd629471\"","style":"nonce=\"9ad9c44e4e70a29256a33ad2dd629471\""}}

[1 occurrence(s)]
DEBUG --> LOGGER TEST DEBUG - 12:19:01

[2 occurrence(s)]
DEBUG --> BudgetController::commonData snapshot: {"cuID":2,"cuEmail":"admin@timothyburks.com","totalAccountBalance":0,"nonce":{"script":"nonce=\"b7f9adce111b8b94c33411332e81dfca\"","style":"nonce=\"b7f9adce111b8b94c33411332e81dfca\""}}

[2 occurrence(s)]
DEBUG --> BudgetController::commonData snapshot: {"cuID":2,"cuEmail":"admin@timothyburks.com","totalAccountBalance":0,"nonce":{"script":"nonce=\"4bd8fb0554d38730da4b2f1fa9a203d7\"","style":"nonce=\"4bd8fb0554d38730da4b2f1fa9a203d7\""}}

[2 occurrence(s)]
DEBUG --> BudgetController::commonData snapshot: {"cuID":2,"cuEmail":"admin@timothyburks.com","totalAccountBalance":0,"nonce":{"script":"nonce=\"060e533fd270ae9385bcaf79da8bd95d\"","style":"nonce=\"060e533fd270ae9385bcaf79da8bd95d\""}}

[1 occurrence(s)]
DEBUG --> LOGGER TEST DEBUG - 12:38:40

[1 occurrence(s)]
DEBUG --> Auth attemptLogin() called with login identifier: maslyukov.g@mt-system.ru, remember: true

[1 occurrence(s)]
DEBUG --> Auth attempt failed for identifier maslyukov.g@mt-system.ru. Error: Unable to log you in. Please check your password.

[1 occurrence(s)]
DEBUG --> LOGGER TEST DEBUG - 12:48:49

[2 occurrence(s)]
DEBUG --> BudgetController::commonData snapshot: {"cuID":2,"cuEmail":"admin@timothyburks.com","totalAccountBalance":0,"nonce":{"script":"nonce=\"2e90a26df9ecacb4e4137257d6c4795e\"","style":"nonce=\"2e90a26df9ecacb4e4137257d6c4795e\""}}

[2 occurrence(s)]
DEBUG --> BudgetController::commonData snapshot: {"cuID":2,"cuEmail":"admin@timothyburks.com","totalAccountBalance":0,"nonce":{"script":"nonce=\"eaae39f9347480fa76f1a3781e79cd17\"","style":"nonce=\"eaae39f9347480fa76f1a3781e79cd17\""}}

[2 occurrence(s)]
DEBUG --> BudgetController::commonData snapshot: {"cuID":2,"cuEmail":"admin@timothyburks.com","totalAccountBalance":0,"nonce":{"script":"nonce=\"b01b1f0bfa4f6d74cadfd00981c249df\"","style":"nonce=\"b01b1f0bfa4f6d74cadfd00981c249df\""}}

[1 occurrence(s)]
DEBUG --> LOGGER TEST DEBUG - 13:51:21

[1 occurrence(s)]
DEBUG --> LOG_HEALTHCHECK debug marker=335423113d03

[1 occurrence(s)]
DEBUG --> LOGGER TEST DEBUG - 14:37:58

[1 occurrence(s)]
DEBUG --> Auth attemptLogin() called with login identifier: bob@bgplanning.com, remember: false

[1 occurrence(s)]
DEBUG --> Auth attempt failed for identifier bob@bgplanning.com. Error: Unable to log you in. Please check your password.

[1 occurrence(s)]
DEBUG --> LOGGER TEST DEBUG - 14:42:18

[1 occurrence(s)]
DEBUG --> LOGGER TEST DEBUG - 14:51:44

[1 occurrence(s)]
DEBUG --> LOGGER TEST DEBUG - 14:58:14

[2 occurrence(s)]
DEBUG --> BudgetController::commonData snapshot: {"cuID":2,"cuEmail":"admin@timothyburks.com","totalAccountBalance":0,"nonce":{"script":"nonce=\"a6c30710c9934ce0629d35468e4e2c31\"","style":"nonce=\"a6c30710c9934ce0629d35468e4e2c31\""}}

[2 occurrence(s)]
DEBUG --> BudgetController::commonData snapshot: {"cuID":2,"cuEmail":"admin@timothyburks.com","totalAccountBalance":0,"nonce":{"script":"nonce=\"15188c558de317f017e5eb0c80d46edb\"","style":"nonce=\"15188c558de317f017e5eb0c80d46edb\""}}

[1 occurrence(s)]
DEBUG --> App\Modules\User\Controllers\AlertsController initController executed

[2 occurrence(s)]
DEBUG --> MyMIInvestments: no session user detected; skipping personalized hydration.

[2 occurrence(s)]
DEBUG --> MyMIAlerts: no authenticated user context detected.

[1 occurrence(s)]
DEBUG --> LOG_HEALTHCHECK debug marker=eacce0b65ebb

[1 occurrence(s)]
DEBUG --> Auth attemptLogin() called with login identifier: makhnov.n@mt-system.ru, remember: true

[2 occurrence(s)]
DEBUG --> Auth attemptLogin() called. redirect_url in session: https://www.mymiwallet.com/index.php/How-It-Works/Registering-An-Account

[1 occurrence(s)]
DEBUG --> Auth attempt failed for identifier makhnov.n@mt-system.ru. Error: Unable to log you in. Please check your password.

[1 occurrence(s)]
DEBUG --> Auth attemptLogin() called with login identifier: leilabradish@yahoo.com, remember: true

[1 occurrence(s)]
DEBUG --> Auth attempt failed for identifier leilabradish@yahoo.com. Error: Unable to log you in. Please check your password.

[1 occurrence(s)]
DEBUG --> LOG_HEALTHCHECK debug marker=d69ef0eef3f6

[1 occurrence(s)]
DEBUG --> Auth attemptLogin() called with login identifier: jk.p.x.200.0@gmail.com, remember: false

[1 occurrence(s)]
DEBUG --> Auth attempt failed for identifier jk.p.x.200.0@gmail.com. Error: Unable to log you in. Please check your credentials.

[1 occurrence(s)]
DEBUG --> LOG_HEALTHCHECK debug marker=103c92dd4cde

[1 occurrence(s)]
DEBUG --> Auth attemptLogin() called with login identifier: rl.ho.u.ghj.r@gmail.com, remember: false

[1 occurrence(s)]
DEBUG --> Auth attempt failed for identifier rl.ho.u.ghj.r@gmail.com. Error: Unable to log you in. Please check your password.

[1 occurrence(s)]
DEBUG --> App\Modules\Blog\Controllers\BlogController initController executed


---------------------------
LEVEL: INFO
---------------------------

[89 occurrence(s)]
INFO --> [spark:ops:work] Started

[89 occurrence(s)]
INFO --> [spark:ops:work] Intent

[12 occurrence(s)]
INFO --> [spark:aiops:run] Intent

[89 occurrence(s)]
INFO --> [spark:ops:work] Completed

[13 occurrence(s)]
INFO --> [AIOPS][SPARK][GOVERNANCE][spark:logs:summarize] Started

[13 occurrence(s)]
INFO --> [spark:logs:summarize] Intent

[12 occurrence(s)]
INFO --> [AIOPS][SPARK][GOVERNANCE][spark:logs:summarize] Completed

[11 occurrence(s)]
INFO --> [spark:app:healthcheck] Started

[11 occurrence(s)]
INFO --> [spark:app:healthcheck] Intent

[1 occurrence(s)]
INFO --> LOG_HEALTHCHECK info marker=f15adb10ae16

[11 occurrence(s)]
INFO --> [spark:app:healthcheck] Completed

[13 occurrence(s)]
INFO --> themesMemory usage: 6291456

[70 occurrence(s)]
INFO --> themesMemory usage: 10485760

[38 occurrence(s)]
INFO --> themesMemory usage: 8388608

[7 occurrence(s)]
INFO --> themesMemory usage: 12582912

[10 occurrence(s)]
INFO --> [REGISTRATION] Form loaded

[2 occurrence(s)]
INFO --> [ACTIVATION] Activation link hit

[16 occurrence(s)]
INFO --> themesMemory usage: 4194304

[4 occurrence(s)]
INFO --> themesMemory usage: 14680064

[1 occurrence(s)]
INFO --> LOG_HEALTHCHECK info marker=99694b0a5de8

[25 occurrence(s)]
INFO --> CSRF token verified.

[7 occurrence(s)]
INFO --> [REGISTRATION] Submission received

[7 occurrence(s)]
INFO --> MailService queued email

[7 occurrence(s)]
INFO --> [REGISTRATION] Validation passed (basic fields)

[7 occurrence(s)]
INFO --> [REGISTRATION] Validation passed (password fields)

[1 occurrence(s)]
INFO --> Registration created user_id=11675, email=j.a.yla.wat.k.i.ns2.3@gmail.com, username=wVECfLgNyGHeLjZw, active=, requiresActivation=1, loginIdentifier=username

[7 occurrence(s)]
INFO --> [REGISTRATION] User record created

[1 occurrence(s)]
INFO --> OnboardingProgressService: created onboarding record for user_id=11675

[1 occurrence(s)]
INFO --> Registration succeeded for j.a.yla.wat.k.i.ns2.3@gmail.com (event fe87443fba39a21f)

[7 occurrence(s)]
INFO --> [REGISTRATION] Activation email queued

[1 occurrence(s)]
INFO --> Registration redirecting to success guide for user_id=11675

[7 occurrence(s)]
INFO --> AuthController::registerSuccess view rendered.

[9 occurrence(s)]
INFO --> AuthController L93: Auth:attemptLogin started.

[9 occurrence(s)]
INFO --> AuthController L104: Auth:attemptLogin rules: {"login":"required","password":"required"}

[1 occurrence(s)]
INFO --> AuthController L132: Auth:attemptLogin Login Variables: login: required, remember: true, ip: 194.26.192.177, ua: "Mozilla/5.0 (Macintosh; Intel Mac OS X 10_15_7) AppleWebKit/537.36 (KHTML, like Gecko) Chrome/142.0.0.0 Safari/537.36"

[3 occurrence(s)]
INFO --> [SUPPORT] Account help requested

[3 occurrence(s)]
INFO --> [SUPPORT] Account help outcome

[1 occurrence(s)]
INFO --> LOG_HEALTHCHECK info marker=e85c8c51e409

[1 occurrence(s)]
INFO --> LOG_HEALTHCHECK info marker=dd99aaaf2368

[1 occurrence(s)]
INFO --> LOG_HEALTHCHECK info marker=2db59b85e289

[1 occurrence(s)]
INFO --> Registration created user_id=11676, email=wbeal@totalcsi.com, username=MBXvrWBnpeuNBACGQzXO, active=, requiresActivation=1, loginIdentifier=username

[1 occurrence(s)]
INFO --> OnboardingProgressService: created onboarding record for user_id=11676

[1 occurrence(s)]
INFO --> Registration succeeded for wbeal@totalcsi.com (event 901c723180594806)

[1 occurrence(s)]
INFO --> Registration redirecting to success guide for user_id=11676

[1 occurrence(s)]
INFO --> AuthController L132: Auth:attemptLogin Login Variables: login: required, remember: true, ip: 193.189.100.206, ua: "Mozilla/5.0 (Macintosh; Intel Mac OS X 10_15_7) AppleWebKit/537.36 (KHTML, like Gecko) Chrome/142.0.0.0 Safari/537.36"

[4 occurrence(s)]
INFO --> [AUTH] Password reset requested

[3 occurrence(s)]
INFO --> [AUTH] Password reset email sent

[1 occurrence(s)]
INFO --> LOG_HEALTHCHECK info marker=37fd779e3b3d

[1 occurrence(s)]
INFO --> LOG_HEALTHCHECK info marker=47f319bdb416

[1 occurrence(s)]
INFO --> AuthController L132: Auth:attemptLogin Login Variables: login: required, remember: true, ip: 76.234.126.68, ua: Mozilla/5.0 (Windows NT 10.0; Win64; x64) AppleWebKit/537.36 (KHTML, like Gecko) Chrome/144.0.0.0 Safari/537.36

[1 occurrence(s)]
INFO --> [AUTH] Login success

[2 occurrence(s)]
INFO --> DashboardController L72 - $checkingSummary: 8784.01

[2 occurrence(s)]
INFO --> getSolanaData: invalid address param

[10 occurrence(s)]
INFO --> $uri: https://www.mymiwallet.com/index.php/Budget/Add/Income

[10 occurrence(s)]
INFO --> $formMode: Add

[1 occurrence(s)]
INFO --> Registration created user_id=11677, email=maslyukov.g@mt-system.ru, username=aoTmLPakbLrDjZDPEdXYf, active=, requiresActivation=1, loginIdentifier=username

[1 occurrence(s)]
INFO --> OnboardingProgressService: created onboarding record for user_id=11677

[1 occurrence(s)]
INFO --> Registration succeeded for maslyukov.g@mt-system.ru (event b8fe7f0e684e88e5)

[1 occurrence(s)]
INFO --> Registration redirecting to success guide for user_id=11677

[1 occurrence(s)]
INFO --> AuthController L132: Auth:attemptLogin Login Variables: login: required, remember: true, ip: 45.84.107.222, ua: "Mozilla/5.0 (Macintosh; Intel Mac OS X 10_15_7) AppleWebKit/537.36 (KHTML, like Gecko) Chrome/142.0.0.0 Safari/537.36"

[1 occurrence(s)]
INFO --> [spark:logs:summarize-all] Intent

[1 occurrence(s)]
INFO --> LOG_HEALTHCHECK info marker=335423113d03

[1 occurrence(s)]
INFO --> Registration created user_id=11678, email=bob@bgplanning.com, username=zmeEHLCmsLqGujlfZUuD, active=, requiresActivation=1, loginIdentifier=username

[1 occurrence(s)]
INFO --> OnboardingProgressService: created onboarding record for user_id=11678

[1 occurrence(s)]
INFO --> Registration succeeded for bob@bgplanning.com (event aec5abcdad27777c)

[1 occurrence(s)]
INFO --> Registration redirecting to success guide for user_id=11678

[1 occurrence(s)]
INFO --> AuthController L132: Auth:attemptLogin Login Variables: login: required, remember: false, ip: 78.142.18.219, ua: "Mozilla/5.0 (Macintosh; Intel Mac OS X 10_15_7) AppleWebKit/537.36 (KHTML, like Gecko) Chrome/142.0.0.0 Safari/537.36"

[1 occurrence(s)]
INFO --> AlertsModel L404 - Alert updated successfully for ID 7405: Array

[1 occurrence(s)]
INFO --> 🔄 Trying AlphaVantage for GRAB...

[1 occurrence(s)]
INFO --> ✅ Alert snapshot inserted for GRAB with trade_id 7405

[1 occurrence(s)]
INFO --> LOG_HEALTHCHECK info marker=eacce0b65ebb

[1 occurrence(s)]
INFO --> Registration created user_id=11679, email=makhnov.n@mt-system.ru, username=VjBNwyHeJwbbFKFXz, active=, requiresActivation=1, loginIdentifier=username

[1 occurrence(s)]
INFO --> OnboardingProgressService: created onboarding record for user_id=11679

[1 occurrence(s)]
INFO --> Registration succeeded for makhnov.n@mt-system.ru (event 5541b00fa1156316)

[1 occurrence(s)]
INFO --> Registration redirecting to success guide for user_id=11679

[1 occurrence(s)]
INFO --> AuthController L132: Auth:attemptLogin Login Variables: login: required, remember: true, ip: 185.220.100.242, ua: "Mozilla/5.0 (Macintosh; Intel Mac OS X 10_15_7) AppleWebKit/537.36 (KHTML, like Gecko) Chrome/142.0.0.0 Safari/537.36"

[1 occurrence(s)]
INFO --> Registration created user_id=11680, email=leilabradish@yahoo.com, username=GNsITaoikKfxQYTsEtTy, active=, requiresActivation=1, loginIdentifier=username

[1 occurrence(s)]
INFO --> OnboardingProgressService: created onboarding record for user_id=11680

[1 occurrence(s)]
INFO --> Registration succeeded for leilabradish@yahoo.com (event 54c191b4a097b41d)

[1 occurrence(s)]
INFO --> Registration redirecting to success guide for user_id=11680

[1 occurrence(s)]
INFO --> AuthController L132: Auth:attemptLogin Login Variables: login: required, remember: true, ip: 185.220.101.18, ua: "Mozilla/5.0 (Macintosh; Intel Mac OS X 10_15_7) AppleWebKit/537.36 (KHTML, like Gecko) Chrome/142.0.0.0 Safari/537.36"

[1 occurrence(s)]
INFO --> LOG_HEALTHCHECK info marker=d69ef0eef3f6

[1 occurrence(s)]
INFO --> AuthController L132: Auth:attemptLogin Login Variables: login: required, remember: false, ip: 192.42.116.14, ua: "Mozilla/5.0 (Macintosh; Intel Mac OS X 10_15_7) AppleWebKit/537.36 (KHTML, like Gecko) Chrome/142.0.0.0 Safari/537.36"

[1 occurrence(s)]
INFO --> LOG_HEALTHCHECK info marker=103c92dd4cde

[1 occurrence(s)]
INFO --> Registration created user_id=11681, email=rl.ho.u.ghj.r@gmail.com, username=HjmOtDoZxJtXBSTaIVnP, active=, requiresActivation=1, loginIdentifier=username

[1 occurrence(s)]
INFO --> OnboardingProgressService: created onboarding record for user_id=11681

[1 occurrence(s)]
INFO --> Registration succeeded for rl.ho.u.ghj.r@gmail.com (event d941e5985390b987)

[1 occurrence(s)]
INFO --> Registration redirecting to success guide for user_id=11681

[1 occurrence(s)]
INFO --> AuthController L132: Auth:attemptLogin Login Variables: login: required, remember: false, ip: 185.243.218.225, ua: "Mozilla/5.0 (Macintosh; Intel Mac OS X 10_15_7) AppleWebKit/537.36 (KHTML, like Gecko) Chrome/142.0.0.0 Safari/537.36"


---------------------------
LEVEL: NOTICE
---------------------------

[1 occurrence(s)]
NOTICE --> LOG_HEALTHCHECK probe marker=f15adb10ae16

[1 occurrence(s)]
NOTICE --> LOG_HEALTHCHECK probe marker=99694b0a5de8

[1 occurrence(s)]
NOTICE --> LOG_HEALTHCHECK probe marker=e85c8c51e409

[1 occurrence(s)]
NOTICE --> LOG_HEALTHCHECK probe marker=dd99aaaf2368

[1 occurrence(s)]
NOTICE --> LOG_HEALTHCHECK probe marker=2db59b85e289

[1 occurrence(s)]
NOTICE --> LOG_HEALTHCHECK probe marker=37fd779e3b3d

[1 occurrence(s)]
NOTICE --> LOG_HEALTHCHECK probe marker=47f319bdb416

[1 occurrence(s)]
NOTICE --> LOG_HEALTHCHECK probe marker=335423113d03

[1 occurrence(s)]
NOTICE --> LOG_HEALTHCHECK probe marker=eacce0b65ebb

[1 occurrence(s)]
NOTICE --> LOG_HEALTHCHECK probe marker=d69ef0eef3f6

[1 occurrence(s)]
NOTICE --> LOG_HEALTHCHECK probe marker=103c92dd4cde


---------------------------
LEVEL: WARNING
---------------------------

[61 occurrence(s)]
WARNING --> [DEPRECATED] str_starts_with(): Passing null to parameter #1 ($haystack) of type string is deprecated in APPPATH/Commands/Ops/Work.php on line 114.

[84 occurrence(s)]
WARNING --> MyMIWallets initialized without numeric user context.

[3 occurrence(s)]
WARNING --> 404 route miss: https://www.mymiwallet.com/index.php/Legal/Terms-And-Conditions | referrer: none

[4 occurrence(s)]
WARNING --> 404 route miss: https://www.mymiwallet.com/index.php/Legal/Privacy-Policy | referrer: none

[2 occurrence(s)]
WARNING --> [ACTIVATION] Activation failed: missing token

[1 occurrence(s)]
WARNING --> 404 route miss: https://www.mymiwallet.com/index.php/Purchase/MyMIGold | referrer: none

[1 occurrence(s)]
WARNING --> 404 route miss: https://www.mymiwallet.com/index.php/auth/resend-activation | referrer: none

[8 occurrence(s)]
WARNING --> [AUTH] Login failure

[8 occurrence(s)]
WARNING --> [AUTH] Login failed

[3 occurrence(s)]
WARNING --> 404 route miss: https://www.mymiwallet.com/index.php/Investments/News | referrer: none

[4 occurrence(s)]
WARNING --> 404 route miss: https://www.mymiwallet.com/index.php/Profile | referrer: none

[3 occurrence(s)]
WARNING --> 404 route miss: https://www.mymiwallet.com/index.php/Customer-Support | referrer: none

[1 occurrence(s)]
WARNING --> 404 route miss: https://www.mymiwallet.com/index.php/How-It-Works/alerts | referrer: none

[1 occurrence(s)]
WARNING --> 404 route miss: https://www.mymiwallet.com/index.php/How-To-Guides | referrer: none

[1 occurrence(s)]
WARNING --> 404 route miss: https://www.mymiwallet.com/index.php/Dashboard/onboarding/profile | referrer: none

[1 occurrence(s)]
WARNING --> 404 route miss: https://www.mymiwallet.com/index.php/Premium-Features/Due-Diligence-Database | referrer: none

[1 occurrence(s)]
WARNING --> 404 route miss: https://www.mymiwallet.com/index.php/Features/Brokerage-Integration | referrer: https://www.mymiwallet.com/index.php/How-It-Works/MyMI-Gold

[1 occurrence(s)]
WARNING --> 404 route miss: https://www.mymiwallet.com/index.php/Premium_Features/Brokerage-Integrations | referrer: https://www.mymiwallet.com/index.php/How-It-Works/MyMI-Gold

[1 occurrence(s)]
WARNING --> 404 route miss: https://www.mymiwallet.com/index.php/ops/health | referrer: https://www.mymiwallet.com/index.php/Dashboard

[1 occurrence(s)]
WARNING --> 404 route miss: https://www.mymiwallet.com/index.php/login.jsp | referrer: none

[1 occurrence(s)]
WARNING --> 404 route miss: https://www.mymiwallet.com/index.php/Premium-Features/Wallets | referrer: none

[1 occurrence(s)]
WARNING --> 404 route miss: https://www.mymiwallet.com/index.php/Investments/Reports | referrer: none

[1 occurrence(s)]
WARNING --> [AUTH] Password reset request: user not found

[1 occurrence(s)]
WARNING --> 404 route miss: https://www.mymiwallet.com/index.php/Premium-Features/Advanced-Charting | referrer: https://www.mymiwallet.com/index.php/How-It-Works/MyMI-Gold

[1 occurrence(s)]
WARNING --> 404 route miss: https://www.mymiwallet.com/index.php/Premium-Features/Advanced-Charting | referrer: none

[1 occurrence(s)]
WARNING --> 404 route miss: https://www.mymiwallet.com/index.php/Premium-Features/Advanced-Trade-Tracker | referrer: https://www.mymiwallet.com/index.php/How-It-Works/MyMI-Gold

[1 occurrence(s)]
WARNING --> 404 route miss: https://www.mymiwallet.com/index.php/Premium-Features/Advanced-Trade-Tracker | referrer: none


---------------------------
LEVEL: ERROR
---------------------------

[2 occurrence(s)]
ERROR --> LOGGER TEST ERROR - 00:26:03

[1 occurrence(s)]
ERROR --> LOGGER TEST ERROR - 00:26:05

[1 occurrence(s)]
ERROR --> LOGGER TEST ERROR - 00:26:08

[1 occurrence(s)]
ERROR --> LOGGER TEST ERROR - 00:34:39

[1 occurrence(s)]
ERROR --> LOGGER TEST ERROR - 02:05:43

[1 occurrence(s)]
ERROR --> LOGGER TEST ERROR - 02:12:22

[1 occurrence(s)]
ERROR --> LOGGER TEST ERROR - 02:13:21

[1 occurrence(s)]
ERROR --> LOGGER TEST ERROR - 02:13:26

[1 occurrence(s)]
ERROR --> LOGGER TEST ERROR - 02:37:07

[1 occurrence(s)]
ERROR --> LOGGER TEST ERROR - 02:39:20

[1 occurrence(s)]
ERROR --> LOGGER TEST ERROR - 02:42:07

[1 occurrence(s)]
ERROR --> LOGGER TEST ERROR - 03:13:40

[1 occurrence(s)]
ERROR --> LOGGER TEST ERROR - 03:29:14

[1 occurrence(s)]
ERROR --> LOGGER TEST ERROR - 03:31:17

[1 occurrence(s)]
ERROR --> LOGGER TEST ERROR - 03:41:12

[1 occurrence(s)]
ERROR --> LOGGER TEST ERROR - 03:42:24

[1 occurrence(s)]
ERROR --> LOGGER TEST ERROR - 03:47:39

[1 occurrence(s)]
ERROR --> LOGGER TEST ERROR - 03:50:51

[1 occurrence(s)]
ERROR --> LOGGER TEST ERROR - 04:14:37

[1 occurrence(s)]
ERROR --> LOGGER TEST ERROR - 04:30:22

[1 occurrence(s)]
ERROR --> LOGGER TEST ERROR - 04:42:00

[1 occurrence(s)]
ERROR --> LOGGER TEST ERROR - 04:43:34

[1 occurrence(s)]
ERROR --> LOGGER TEST ERROR - 04:47:18

[1 occurrence(s)]
ERROR --> LOGGER TEST ERROR - 04:49:31

[1 occurrence(s)]
ERROR --> LOGGER TEST ERROR - 04:54:51

[1 occurrence(s)]
ERROR --> LOGGER TEST ERROR - 05:02:55

[1 occurrence(s)]
ERROR --> LOGGER TEST ERROR - 05:02:57

[1 occurrence(s)]
ERROR --> LOGGER TEST ERROR - 06:51:47

[1 occurrence(s)]
ERROR --> LOGGER TEST ERROR - 07:45:03

[1 occurrence(s)]
ERROR --> LOGGER TEST ERROR - 08:12:04

[1 occurrence(s)]
ERROR --> LOGGER TEST ERROR - 08:37:12

[1 occurrence(s)]
ERROR --> LOGGER TEST ERROR - 08:45:10

[1 occurrence(s)]
ERROR --> LOGGER TEST ERROR - 08:50:34

[1 occurrence(s)]
ERROR --> LOGGER TEST ERROR - 10:15:25

[1 occurrence(s)]
ERROR --> LOGGER TEST ERROR - 10:26:27

[1 occurrence(s)]
ERROR --> LOGGER TEST ERROR - 10:26:28

[1 occurrence(s)]
ERROR --> LOGGER TEST ERROR - 10:31:58

[1 occurrence(s)]
ERROR --> LOGGER TEST ERROR - 10:56:19

[1 occurrence(s)]
ERROR --> LOGGER TEST ERROR - 10:57:18

[1 occurrence(s)]
ERROR --> LOGGER TEST ERROR - 11:11:34

[1 occurrence(s)]
ERROR --> LOGGER TEST ERROR - 11:32:52

[1 occurrence(s)]
ERROR --> LOGGER TEST ERROR - 11:53:19

[1 occurrence(s)]
ERROR --> LOGGER TEST ERROR - 12:12:40

[1 occurrence(s)]
ERROR --> LOGGER TEST ERROR - 12:12:43

[1 occurrence(s)]
ERROR --> LOGGER TEST ERROR - 12:12:53

[1 occurrence(s)]
ERROR --> LOGGER TEST ERROR - 12:13:02

[1 occurrence(s)]
ERROR --> LOGGER TEST ERROR - 12:13:08

[1 occurrence(s)]
ERROR --> LOGGER TEST ERROR - 12:15:17

[1 occurrence(s)]
ERROR --> LOGGER TEST ERROR - 12:17:26

[2 occurrence(s)]
ERROR --> DashboardController::index failed to load executive summary: Cache key contains reserved characters {}()/\@:

[1 occurrence(s)]
ERROR --> Table 'mymiwallet.bf_squeeze_scorecards' doesn't exist

[1 occurrence(s)]
ERROR --> BudgetController::index failed to build executive summary: Cache key contains reserved characters {}()/\@:

[1 occurrence(s)]
ERROR --> LOGGER TEST ERROR - 12:19:01

[1 occurrence(s)]
ERROR --> LOGGER TEST ERROR - 12:38:40

[1 occurrence(s)]
ERROR --> LOGGER TEST ERROR - 12:48:49

[1 occurrence(s)]
ERROR --> LOGGER TEST ERROR - 13:51:21

[1 occurrence(s)]
ERROR --> LOGGER TEST ERROR - 14:37:58

[1 occurrence(s)]
ERROR --> LOGGER TEST ERROR - 14:42:18

[1 occurrence(s)]
ERROR --> LOGGER TEST ERROR - 14:51:44

[1 occurrence(s)]
ERROR --> LOGGER TEST ERROR - 14:58:14


---------------------------
LEVEL: CRITICAL
---------------------------

[33 occurrence(s)]
CRITICAL --> CodeIgniter\Exceptions\PageNotFoundException: Page Not Found


===============================================
   HERE'S THE NEW STUFF
   (Entries logged AFTER 2026-02-24 20:00:03)
===============================================

---------------------------
LEVEL: DEBUG (NEW)
---------------------------

[68 NEW occurrence(s)]
DEBUG --> Session: Class initialized using 'CodeIgniter\Session\Handlers\FileHandler' driver.

[4 NEW occurrence(s)]
DEBUG --> App\Modules\Support\Controllers\AccountSupportController initController executed

[14 NEW occurrence(s)]
DEBUG --> MyMIUser L52 - initialized (first log).

[27 NEW occurrence(s)]
DEBUG --> MyMICoin: guest context detected; skipping user-specific preload.

[26 NEW occurrence(s)]
DEBUG --> App\Controllers\AuthController initController executed

[5 NEW occurrence(s)]
DEBUG --> App\Controllers\Home initController executed

[2 NEW occurrence(s)]
DEBUG --> [MetaService] slug= pageName= cacheHit= path=FALLBACK

[2 NEW occurrence(s)]
DEBUG --> [MetaService] slug= pageName=Home cacheHit= path=DB

[3 NEW occurrence(s)]
DEBUG --> [MetaService] slug= pageName= cacheHit=1 path=CACHE

[3 NEW occurrence(s)]
DEBUG --> [MetaService] slug= pageName=Home cacheHit=1 path=CACHE

[3 NEW occurrence(s)]
DEBUG --> App\Modules\Blog\Controllers\HowItWorksController initController executed

[1 NEW occurrence(s)]
DEBUG --> Auth attemptLogin() called with login identifier: rl.ho.u.ghj.r@gmail.com, remember: false

[1 NEW occurrence(s)]
DEBUG --> Auth attemptLogin() called. redirect_url in session: https://www.mymiwallet.com/index.php/How-It-Works/Registering-An-Account

[1 NEW occurrence(s)]
DEBUG --> Auth credentials normalised for attempt using key "email"

[1 NEW occurrence(s)]
DEBUG --> Auth attempt failed for identifier rl.ho.u.ghj.r@gmail.com. Error: Unable to log you in. Please check your password.

[1 NEW occurrence(s)]
DEBUG --> App\Modules\Blog\Controllers\BlogController initController executed

[1 NEW occurrence(s)]
DEBUG --> App\Modules\Support\Controllers\SupportController initController executed


---------------------------
LEVEL: INFO (NEW)
---------------------------

[2 NEW occurrence(s)]
INFO --> themesMemory usage: 6291456

[8 NEW occurrence(s)]
INFO --> [spark:ops:work] Started

[8 NEW occurrence(s)]
INFO --> [spark:ops:work] Intent

[8 NEW occurrence(s)]
INFO --> [spark:ops:work] Completed

[4 NEW occurrence(s)]
INFO --> themesMemory usage: 10485760

[1 NEW occurrence(s)]
INFO --> themesMemory usage: 8388608

[3 NEW occurrence(s)]
INFO --> CSRF token verified.

[1 NEW occurrence(s)]
INFO --> [REGISTRATION] Submission received

[1 NEW occurrence(s)]
INFO --> MailService queued email

[1 NEW occurrence(s)]
INFO --> [REGISTRATION] Validation passed (basic fields)

[1 NEW occurrence(s)]
INFO --> [REGISTRATION] Validation passed (password fields)

[1 NEW occurrence(s)]
INFO --> Registration created user_id=11681, email=rl.ho.u.ghj.r@gmail.com, username=HjmOtDoZxJtXBSTaIVnP, active=, requiresActivation=1, loginIdentifier=username

[1 NEW occurrence(s)]
INFO --> [REGISTRATION] User record created

[1 NEW occurrence(s)]
INFO --> OnboardingProgressService: created onboarding record for user_id=11681

[1 NEW occurrence(s)]
INFO --> Registration succeeded for rl.ho.u.ghj.r@gmail.com (event d941e5985390b987)

[1 NEW occurrence(s)]
INFO --> [REGISTRATION] Activation email queued

[1 NEW occurrence(s)]
INFO --> Registration redirecting to success guide for user_id=11681

[1 NEW occurrence(s)]
INFO --> AuthController::registerSuccess view rendered.

[1 NEW occurrence(s)]
INFO --> themesMemory usage: 12582912

[1 NEW occurrence(s)]
INFO --> AuthController L93: Auth:attemptLogin started.

[1 NEW occurrence(s)]
INFO --> AuthController L104: Auth:attemptLogin rules: {"login":"required","password":"required"}

[1 NEW occurrence(s)]
INFO --> AuthController L132: Auth:attemptLogin Login Variables: login: required, remember: false, ip: 185.243.218.225, ua: "Mozilla/5.0 (Macintosh; Intel Mac OS X 10_15_7) AppleWebKit/537.36 (KHTML, like Gecko) Chrome/142.0.0.0 Safari/537.36"

[2 NEW occurrence(s)]
INFO --> themesMemory usage: 4194304

[1 NEW occurrence(s)]
INFO --> [SUPPORT] Account help requested

[1 NEW occurrence(s)]
INFO --> [SUPPORT] Account help outcome

[1 NEW occurrence(s)]
INFO --> [REGISTRATION] Form loaded

[1 NEW occurrence(s)]
INFO --> themesMemory usage: 14680064

[1 NEW occurrence(s)]
INFO --> [spark:aiops:run] Intent

[1 NEW occurrence(s)]
INFO --> [AIOPS][SPARK][GOVERNANCE][spark:logs:summarize] Started

[1 NEW occurrence(s)]
INFO --> [spark:logs:summarize] Intent


---------------------------
LEVEL: WARNING (NEW)
---------------------------

[9 NEW occurrence(s)]
WARNING --> MyMIWallets initialized without numeric user context.

[1 NEW occurrence(s)]
WARNING --> [AUTH] Login failure

[1 NEW occurrence(s)]
WARNING --> [AUTH] Login failed

[1 NEW occurrence(s)]
WARNING --> 404 route miss: https://www.mymiwallet.com/index.php/Premium-Features/Advanced-Charting | referrer: none

[1 NEW occurrence(s)]
WARNING --> 404 route miss: https://www.mymiwallet.com/index.php/Premium-Features/Advanced-Trade-Tracker | referrer: https://www.mymiwallet.com/index.php/How-It-Works/MyMI-Gold

[1 NEW occurrence(s)]
WARNING --> 404 route miss: https://www.mymiwallet.com/index.php/Premium-Features/Advanced-Trade-Tracker | referrer: none


---------------------------
LEVEL: CRITICAL (NEW)
---------------------------

[3 NEW occurrence(s)]
CRITICAL --> CodeIgniter\Exceptions\PageNotFoundException: Page Not Found


---- CONFIG LINT ----
✅ Services::cache
✅ Services::responsecache
✅ Services::session
✅ Services::email
✅ Services::logger
✅ Services::validation
✅ Services::renderer
