===============================================
   MyMI Wallet — Log Summary for 2026-04-07
   Auto-generated by logs:summarize command
   Grouped by (LEVEL + message)
===============================================

Last processed up to: <none> (first run for this date)

---------------------------
LEVEL: DEBUG
---------------------------

[1 occurrence(s)]
DEBUG --> [REQ_ID=460e0ce31b02] [REQUEST][START] GET /index.php/API/Management/Run-CRON-Tasks

[101 occurrence(s)]
DEBUG --> Session: Class initialized using 'CodeIgniter\Session\Handlers\FileHandler' driver.

[1 occurrence(s)]
DEBUG --> [REQ_ID=460e0ce31b02] [FILTER_BEFORE] /index.php/API/Management/Run-CRON-Tasks

[1 occurrence(s)]
DEBUG --> [REQ_ID=460e0ce31b02] [ROUTE] Controller=\App\Modules\APIs\Controllers\ManagementAPIController Method=Run_CRON_Tasks

[1 occurrence(s)]
DEBUG --> [REQ_ID=460e0ce31b02] [LIFECYCLE][START] GET https://www.mymiwallet.com/index.php/API/Management/Run-CRON-Tasks

[1 occurrence(s)]
DEBUG --> [REQ_ID=460e0ce31b02] [REQUEST][END]

[1 occurrence(s)]
DEBUG --> [REQ_ID=40f0d096c94e] [REQUEST][START] GET /index.php/Privacy-Policy

[1 occurrence(s)]
DEBUG --> [REQ_ID=40f0d096c94e] [FILTER_BEFORE] /index.php/Privacy-Policy

[1 occurrence(s)]
DEBUG --> [REQ_ID=40f0d096c94e] [ROUTE] Controller=\App\Controllers\Home Method=privacyPolicy

[1 occurrence(s)]
DEBUG --> [REQ_ID=40f0d096c94e] [LIFECYCLE][START] GET https://www.mymiwallet.com/index.php/Privacy-Policy

[1 occurrence(s)]
DEBUG --> [CSRF] token name=csrf_test_name hash=406cad4333ec74ec4f6eff75d89213fe

[1 occurrence(s)]
DEBUG --> [REQ_ID=e9d16a693f55] [INIT] App\Controllers\Home::GET

[47 occurrence(s)]
DEBUG --> [TRACE]

[29 occurrence(s)]
DEBUG --> MyMIUser L52 - initialized (first log).

[1 occurrence(s)]
DEBUG --> [MetaService] slug=privacy-policy pageName= cacheHit= path=DB

[1 occurrence(s)]
DEBUG --> [REQ_ID=e9d16a693f55] [VIEW_RENDER] themes/public/privacyPolicy

[1 occurrence(s)]
DEBUG --> [MetaService] slug=privacy-policy pageName=Privacy Policy cacheHit= path=DB

[1 occurrence(s)]
DEBUG --> [REQ_ID=40f0d096c94e] [FILTER_AFTER]

[1 occurrence(s)]
DEBUG --> [REQ_ID=40f0d096c94e] [LIFECYCLE][END] status=200 duration_ms=630.64 memory_delta=4194304

[1 occurrence(s)]
DEBUG --> [REQ_ID=40f0d096c94e] [REQUEST][END]

[1 occurrence(s)]
DEBUG --> [REQ_ID=d1c633563aff] [REQUEST][START] GET /index.php/API/Alerts/fetchEmailAlerts

[1 occurrence(s)]
DEBUG --> [REQ_ID=d1c633563aff] [FILTER_BEFORE] /index.php/API/Alerts/fetchEmailAlerts

[1 occurrence(s)]
DEBUG --> [REQ_ID=d1c633563aff] [ROUTE] Controller=\App\Modules\APIs\Controllers\AlertsAPIController Method=fetchEmailAlerts

[1 occurrence(s)]
DEBUG --> [REQ_ID=d1c633563aff] [LIFECYCLE][START] GET https://www.mymiwallet.com/index.php/API/Alerts/fetchEmailAlerts

[1 occurrence(s)]
DEBUG --> [REQ_ID=d1c633563aff] [REQUEST][END]

[1 occurrence(s)]
DEBUG --> [REQ_ID=527b648cb34f] [REQUEST][START] GET /index.php/Exchange

[1 occurrence(s)]
DEBUG --> [REQ_ID=527b648cb34f] [REQUEST][END]

[1 occurrence(s)]
DEBUG --> [REQ_ID=96892c943884] [REQUEST][START] GET /index.php/How-It-Works/Daily-Financial-News

[1 occurrence(s)]
DEBUG --> [REQ_ID=96892c943884] [FILTER_BEFORE] /index.php/How-It-Works/Daily-Financial-News

[1 occurrence(s)]
DEBUG --> [REQ_ID=96892c943884] [ROUTE] Controller=\App\Modules\Blog\Controllers\HowItWorksController Method=show

[1 occurrence(s)]
DEBUG --> [REQ_ID=96892c943884] [LIFECYCLE][START] GET https://www.mymiwallet.com/index.php/How-It-Works/Daily-Financial-News

[1 occurrence(s)]
DEBUG --> [CSRF] token name=csrf_test_name hash=def5d7cc78793e79f18b13fb130e609d

[1 occurrence(s)]
DEBUG --> [REQ_ID=8a229cc50d35] [INIT] App\Modules\Blog\Controllers\HowItWorksController::GET

[1 occurrence(s)]
DEBUG --> [REQ_ID=8a229cc50d35] [METHOD_ENTRY] show

[12 occurrence(s)]
DEBUG --> [SERVICE] App\Services\BudgetService ::setUserId

[10 occurrence(s)]
DEBUG --> MyMICoin initialized ONCE

[10 occurrence(s)]
DEBUG --> MyMICoin: guest context detected; skipping user-specific preload.

[11 occurrence(s)]
DEBUG --> MyMIWallets initialized without numeric user context.

[11 occurrence(s)]
DEBUG --> MyMIWallets skipped (no user context)

[2 occurrence(s)]
DEBUG --> [HOW_IT_WORKS] slug=daily-financial-news

[1 occurrence(s)]
DEBUG --> [REQ_ID=96892c943884] [FILTER_AFTER]

[1 occurrence(s)]
DEBUG --> [REQ_ID=96892c943884] [LIFECYCLE][END] status=200 duration_ms=763.85 memory_delta=6291456

[1 occurrence(s)]
DEBUG --> [REQ_ID=96892c943884] [REQUEST][END]

[1 occurrence(s)]
DEBUG --> [REQ_ID=57bff07924fe] [REQUEST][START] HEAD /

[1 occurrence(s)]
DEBUG --> [REQ_ID=57bff07924fe] [REQUEST][END]

[1 occurrence(s)]
DEBUG --> [REQ_ID=e35e022cd978] [REQUEST][START] GET /index.php/Terms-Of-Service

[1 occurrence(s)]
DEBUG --> [REQ_ID=e35e022cd978] [FILTER_BEFORE] /index.php/Terms-Of-Service

[1 occurrence(s)]
DEBUG --> [REQ_ID=e35e022cd978] [ROUTE] Controller=\App\Controllers\Home Method=termsOfService

[1 occurrence(s)]
DEBUG --> [REQ_ID=e35e022cd978] [LIFECYCLE][START] GET https://www.mymiwallet.com/index.php/Terms-Of-Service

[1 occurrence(s)]
DEBUG --> [CSRF] token name=csrf_test_name hash=d5c9a9e370f95f9957569f2003931e56

[1 occurrence(s)]
DEBUG --> [REQ_ID=3a37a52f1b14] [INIT] App\Controllers\Home::GET

[1 occurrence(s)]
DEBUG --> [MetaService] slug=terms-of-service pageName= cacheHit= path=DB

[1 occurrence(s)]
DEBUG --> [REQ_ID=3a37a52f1b14] [VIEW_RENDER] themes/public/termsOfService

[1 occurrence(s)]
DEBUG --> [MetaService] slug=terms-of-service pageName=Terms of Service cacheHit= path=DB

[1 occurrence(s)]
DEBUG --> [REQ_ID=e35e022cd978] [FILTER_AFTER]

[1 occurrence(s)]
DEBUG --> [REQ_ID=e35e022cd978] [LIFECYCLE][END] status=200 duration_ms=585.86 memory_delta=4194304

[1 occurrence(s)]
DEBUG --> [REQ_ID=e35e022cd978] [REQUEST][END]

[1 occurrence(s)]
DEBUG --> [REQ_ID=bc8107d9faae] [REQUEST][START] GET /index.php/Account/Connected-Accounts

[1 occurrence(s)]
DEBUG --> [REQ_ID=bc8107d9faae] [FILTER_BEFORE] /index.php/Account/Connected-Accounts

[1 occurrence(s)]
DEBUG --> [REQ_ID=bc8107d9faae] [ROUTE] Controller=\App\Modules\User\Controllers\DashboardController Method=connectedAccounts

[1 occurrence(s)]
DEBUG --> [REQ_ID=bc8107d9faae] [LIFECYCLE][START] GET https://www.mymiwallet.com/index.php/Account/Connected-Accounts

[1 occurrence(s)]
DEBUG --> [CSRF] token name=csrf_test_name hash=7531de18b12e7abc690ece6b6f548caf

[1 occurrence(s)]
DEBUG --> [REQ_ID=bc8107d9faae] [REQUEST][END]

[1 occurrence(s)]
DEBUG --> [REQ_ID=be7a2ee17f33] [REQUEST][START] GET /index.php/login

[1 occurrence(s)]
DEBUG --> [REQ_ID=be7a2ee17f33] [FILTER_BEFORE] /index.php/login

[1 occurrence(s)]
DEBUG --> [REQ_ID=be7a2ee17f33] [ROUTE] Controller=\App\Controllers\AuthController Method=login

[1 occurrence(s)]
DEBUG --> [REQ_ID=be7a2ee17f33] [LIFECYCLE][START] GET https://www.mymiwallet.com/index.php/login

[1 occurrence(s)]
DEBUG --> [CSRF] token name=csrf_test_name hash=1cfbddb4f1003a4485d1a5b76b6bcea6

[1 occurrence(s)]
DEBUG --> [REQ_ID=561ef7283743] [INIT] App\Controllers\AuthController::GET

[1 occurrence(s)]
DEBUG --> [REQ_ID=be7a2ee17f33] [FILTER_AFTER]

[1 occurrence(s)]
DEBUG --> [REQ_ID=be7a2ee17f33] [LIFECYCLE][END] status=200 duration_ms=121.07 memory_delta=0

[1 occurrence(s)]
DEBUG --> [REQ_ID=be7a2ee17f33] [REQUEST][END]

[1 occurrence(s)]
DEBUG --> [REQ_ID=f783479a5af6] [REQUEST][START] GET /

[1 occurrence(s)]
DEBUG --> [REQ_ID=f783479a5af6] [REQUEST][END]

[1 occurrence(s)]
DEBUG --> [REQ_ID=872ef0dcb6b1] [REQUEST][START] GET /index.php/Preview/Alert/IMNN

[1 occurrence(s)]
DEBUG --> [REQ_ID=872ef0dcb6b1] [FILTER_BEFORE] /index.php/Preview/Alert/IMNN

[1 occurrence(s)]
DEBUG --> [REQ_ID=872ef0dcb6b1] [ROUTE] Controller=\App\Modules\User\Controllers\AlertsController Method=preview

[1 occurrence(s)]
DEBUG --> [REQ_ID=872ef0dcb6b1] [LIFECYCLE][START] GET https://www.mymiwallet.com/index.php/Preview/Alert/IMNN

[1 occurrence(s)]
DEBUG --> [CSRF] token name=csrf_test_name hash=50e708e416fa9bf4e3baa81232c644eb

[1 occurrence(s)]
DEBUG --> [REQ_ID=2b9e5cfda6e9] [INIT] App\Modules\User\Controllers\AlertsController::GET

[1 occurrence(s)]
DEBUG --> [REQ_ID=2b9e5cfda6e9] [METHOD_ENTRY] preview

[2 occurrence(s)]
DEBUG --> MyMIInvestments: no session user detected; skipping personalized hydration.

[1 occurrence(s)]
DEBUG --> MyMIMarketing: Pscrape library not installed; Google search scraping will use fallback.

[2 occurrence(s)]
DEBUG --> MyMIAlerts: no authenticated user context detected.

[1 occurrence(s)]
DEBUG --> [REQ_ID=2b9e5cfda6e9] [VIEW_RENDER] themes/public/previewAlert

[1 occurrence(s)]
DEBUG --> [REQ_ID=872ef0dcb6b1] [FILTER_AFTER]

[1 occurrence(s)]
DEBUG --> [REQ_ID=872ef0dcb6b1] [LIFECYCLE][END] status=200 duration_ms=812.41 memory_delta=4194304

[1 occurrence(s)]
DEBUG --> [REQ_ID=872ef0dcb6b1] [REQUEST][END]

[1 occurrence(s)]
DEBUG --> [REQ_ID=636c5f50ac59] [REQUEST][START] GET /index.php/API/Management/Run-CRON-Tasks

[1 occurrence(s)]
DEBUG --> [REQ_ID=636c5f50ac59] [FILTER_BEFORE] /index.php/API/Management/Run-CRON-Tasks

[1 occurrence(s)]
DEBUG --> [REQ_ID=636c5f50ac59] [ROUTE] Controller=\App\Modules\APIs\Controllers\ManagementAPIController Method=Run_CRON_Tasks

[1 occurrence(s)]
DEBUG --> [REQ_ID=636c5f50ac59] [LIFECYCLE][START] GET https://www.mymiwallet.com/index.php/API/Management/Run-CRON-Tasks

[1 occurrence(s)]
DEBUG --> [REQ_ID=636c5f50ac59] [REQUEST][END]

[1 occurrence(s)]
DEBUG --> [REQ_ID=8d4490c129c7] [REQUEST][START] GET /

[1 occurrence(s)]
DEBUG --> [REQ_ID=8d4490c129c7] [REQUEST][END]

[1 occurrence(s)]
DEBUG --> [REQ_ID=519bc856cfb6] [REQUEST][START] GET /index.php/API/Alerts/fetchEmailAlerts

[1 occurrence(s)]
DEBUG --> [REQ_ID=519bc856cfb6] [FILTER_BEFORE] /index.php/API/Alerts/fetchEmailAlerts

[1 occurrence(s)]
DEBUG --> [REQ_ID=519bc856cfb6] [ROUTE] Controller=\App\Modules\APIs\Controllers\AlertsAPIController Method=fetchEmailAlerts

[1 occurrence(s)]
DEBUG --> [REQ_ID=519bc856cfb6] [LIFECYCLE][START] GET https://www.mymiwallet.com/index.php/API/Alerts/fetchEmailAlerts

[1 occurrence(s)]
DEBUG --> [REQ_ID=519bc856cfb6] [REQUEST][END]

[1 occurrence(s)]
DEBUG --> [REQ_ID=b14b388ffb06] [REQUEST][START] GET /index.php/Premium-Features/Advanced-Trade-Tracker

[1 occurrence(s)]
DEBUG --> [REQ_ID=b14b388ffb06] [REQUEST][END]

[1 occurrence(s)]
DEBUG --> [REQ_ID=6873fba8f66e] [REQUEST][START] GET /

[1 occurrence(s)]
DEBUG --> [REQ_ID=6873fba8f66e] [FILTER_BEFORE] /

[1 occurrence(s)]
DEBUG --> [REQ_ID=6873fba8f66e] [ROUTE] Controller=\App\Controllers\Home Method=index

[1 occurrence(s)]
DEBUG --> [REQ_ID=6873fba8f66e] [LIFECYCLE][START] GET https://www.mymiwallet.com/index.php/

[1 occurrence(s)]
DEBUG --> [CSRF] token name=csrf_test_name hash=d90115e6657380693f628cfef3fc7655

[1 occurrence(s)]
DEBUG --> [REQ_ID=0c07b0255c47] [INIT] App\Controllers\Home::GET

[8 occurrence(s)]
DEBUG --> [MetaService] slug= pageName= cacheHit= path=FALLBACK

[1 occurrence(s)]
DEBUG --> [REQ_ID=0c07b0255c47] [VIEW_RENDER] themes/public/home

[4 occurrence(s)]
DEBUG --> [MetaService] slug= pageName=Home cacheHit= path=DB

[1 occurrence(s)]
DEBUG --> [REQ_ID=6873fba8f66e] [FILTER_AFTER]

[1 occurrence(s)]
DEBUG --> [REQ_ID=6873fba8f66e] [LIFECYCLE][END] status=200 duration_ms=654.92 memory_delta=6291456

[1 occurrence(s)]
DEBUG --> [REQ_ID=6873fba8f66e] [REQUEST][END]

[1 occurrence(s)]
DEBUG --> [REQ_ID=530ae76b08d8] [REQUEST][START] GET /index.php/Trade-Tracker

[1 occurrence(s)]
DEBUG --> [REQ_ID=530ae76b08d8] [FILTER_BEFORE] /index.php/Trade-Tracker

[1 occurrence(s)]
DEBUG --> [REQ_ID=530ae76b08d8] [ROUTE] Controller=\App\Modules\User\Controllers\InvestmentsController Method=tradeTracker

[1 occurrence(s)]
DEBUG --> [REQ_ID=530ae76b08d8] [LIFECYCLE][START] GET https://www.mymiwallet.com/index.php/Trade-Tracker

[1 occurrence(s)]
DEBUG --> [CSRF] token name=csrf_test_name hash=e6ba023c098f5b909be0cfb2e9adf686

[1 occurrence(s)]
DEBUG --> [REQ_ID=530ae76b08d8] [REQUEST][END]

[1 occurrence(s)]
DEBUG --> [REQ_ID=36237abaf4a6] [REQUEST][START] GET /index.php/login

[1 occurrence(s)]
DEBUG --> [REQ_ID=36237abaf4a6] [FILTER_BEFORE] /index.php/login

[1 occurrence(s)]
DEBUG --> [REQ_ID=36237abaf4a6] [ROUTE] Controller=\App\Controllers\AuthController Method=login

[1 occurrence(s)]
DEBUG --> [REQ_ID=36237abaf4a6] [LIFECYCLE][START] GET https://www.mymiwallet.com/index.php/login

[1 occurrence(s)]
DEBUG --> [CSRF] token name=csrf_test_name hash=a89009b00884e31dc4a345bfd3b19e08

[1 occurrence(s)]
DEBUG --> [REQ_ID=f0e54ef7709b] [INIT] App\Controllers\AuthController::GET

[1 occurrence(s)]
DEBUG --> [REQ_ID=36237abaf4a6] [FILTER_AFTER]

[1 occurrence(s)]
DEBUG --> [REQ_ID=36237abaf4a6] [LIFECYCLE][END] status=200 duration_ms=102.34 memory_delta=0

[1 occurrence(s)]
DEBUG --> [REQ_ID=36237abaf4a6] [REQUEST][END]

[1 occurrence(s)]
DEBUG --> [REQ_ID=fe6bb65446c6] [REQUEST][START] HEAD /

[1 occurrence(s)]
DEBUG --> [REQ_ID=fe6bb65446c6] [REQUEST][END]

[1 occurrence(s)]
DEBUG --> [REQ_ID=b83f76ed2dec] [REQUEST][START] HEAD /

[1 occurrence(s)]
DEBUG --> [REQ_ID=b83f76ed2dec] [REQUEST][END]

[1 occurrence(s)]
DEBUG --> [REQ_ID=027983f48c5b] [REQUEST][START] HEAD /

[1 occurrence(s)]
DEBUG --> [REQ_ID=027983f48c5b] [REQUEST][END]

[1 occurrence(s)]
DEBUG --> [REQ_ID=7b3541505164] [REQUEST][START] GET /index.php/How-It-Works/Automated-Financial-Insights

[1 occurrence(s)]
DEBUG --> [REQ_ID=7b3541505164] [FILTER_BEFORE] /index.php/How-It-Works/Automated-Financial-Insights

[1 occurrence(s)]
DEBUG --> [REQ_ID=7b3541505164] [ROUTE] Controller=\App\Modules\Blog\Controllers\HowItWorksController Method=show

[1 occurrence(s)]
DEBUG --> [REQ_ID=7b3541505164] [LIFECYCLE][START] GET https://www.mymiwallet.com/index.php/How-It-Works/Automated-Financial-Insights

[1 occurrence(s)]
DEBUG --> [CSRF] token name=csrf_test_name hash=effaa11fdc28854e84dadb641bdb29f0

[1 occurrence(s)]
DEBUG --> [REQ_ID=0e1037375b89] [INIT] App\Modules\Blog\Controllers\HowItWorksController::GET

[1 occurrence(s)]
DEBUG --> [REQ_ID=0e1037375b89] [METHOD_ENTRY] show

[1 occurrence(s)]
DEBUG --> [HOW_IT_WORKS] slug=automated-financial-insights

[1 occurrence(s)]
DEBUG --> [MetaService] slug=how-it-works/automated-financial-insights pageName= cacheHit= path=DB

[1 occurrence(s)]
DEBUG --> [REQ_ID=7b3541505164] [FILTER_AFTER]

[1 occurrence(s)]
DEBUG --> [REQ_ID=7b3541505164] [LIFECYCLE][END] status=200 duration_ms=732.45 memory_delta=6291456

[1 occurrence(s)]
DEBUG --> [REQ_ID=7b3541505164] [REQUEST][END]

[1 occurrence(s)]
DEBUG --> [REQ_ID=e3e464b72e48] [REQUEST][START] GET /

[1 occurrence(s)]
DEBUG --> [REQ_ID=e3e464b72e48] [REQUEST][END]

[1 occurrence(s)]
DEBUG --> [REQ_ID=5bb7fa661d2c] [REQUEST][START] GET /index.php/Management/Marketing/Blog-Creator

[1 occurrence(s)]
DEBUG --> [REQ_ID=5bb7fa661d2c] [FILTER_BEFORE] /index.php/Management/Marketing/Blog-Creator

[1 occurrence(s)]
DEBUG --> [REQ_ID=5bb7fa661d2c] [ROUTE] Controller=\App\Modules\Management\Controllers\MarketingAdminController Method=blogCreator

[1 occurrence(s)]
DEBUG --> [REQ_ID=5bb7fa661d2c] [LIFECYCLE][START] GET https://www.mymiwallet.com/index.php/Management/Marketing/Blog-Creator

[1 occurrence(s)]
DEBUG --> [CSRF] token name=csrf_test_name hash=b8074f7a43d2b4d3f15aa22dc6c2703d

[1 occurrence(s)]
DEBUG --> [REQ_ID=5bb7fa661d2c] [REQUEST][END]

[1 occurrence(s)]
DEBUG --> [REQ_ID=00aaf18053a8] [REQUEST][START] GET /index.php/login

[1 occurrence(s)]
DEBUG --> [REQ_ID=00aaf18053a8] [FILTER_BEFORE] /index.php/login

[1 occurrence(s)]
DEBUG --> [REQ_ID=00aaf18053a8] [ROUTE] Controller=\App\Controllers\AuthController Method=login

[1 occurrence(s)]
DEBUG --> [REQ_ID=00aaf18053a8] [LIFECYCLE][START] GET https://www.mymiwallet.com/index.php/login

[1 occurrence(s)]
DEBUG --> [CSRF] token name=csrf_test_name hash=e58520ce2b848823ed2c6dde883a5e96

[1 occurrence(s)]
DEBUG --> [REQ_ID=f9381e8dfa8f] [INIT] App\Controllers\AuthController::GET

[1 occurrence(s)]
DEBUG --> [REQ_ID=00aaf18053a8] [FILTER_AFTER]

[1 occurrence(s)]
DEBUG --> [REQ_ID=00aaf18053a8] [LIFECYCLE][END] status=200 duration_ms=70.97 memory_delta=0

[1 occurrence(s)]
DEBUG --> [REQ_ID=00aaf18053a8] [REQUEST][END]

[1 occurrence(s)]
DEBUG --> [REQ_ID=0f5e975b43a7] [REQUEST][START] GET /index.php/How-It-Works/Purchase-MyMI-Gold

[1 occurrence(s)]
DEBUG --> [REQ_ID=0f5e975b43a7] [FILTER_BEFORE] /index.php/How-It-Works/Purchase-MyMI-Gold

[1 occurrence(s)]
DEBUG --> [REQ_ID=0f5e975b43a7] [ROUTE] Controller=\App\Modules\Blog\Controllers\HowItWorksController Method=show

[1 occurrence(s)]
DEBUG --> [REQ_ID=0f5e975b43a7] [LIFECYCLE][START] GET https://www.mymiwallet.com/index.php/How-It-Works/Purchase-MyMI-Gold

[1 occurrence(s)]
DEBUG --> [CSRF] token name=csrf_test_name hash=8b822926f7ed799e8bc984c93e30e084

[1 occurrence(s)]
DEBUG --> [REQ_ID=d33986e213b8] [INIT] App\Modules\Blog\Controllers\HowItWorksController::GET

[1 occurrence(s)]
DEBUG --> [REQ_ID=d33986e213b8] [METHOD_ENTRY] show

[1 occurrence(s)]
DEBUG --> [HOW_IT_WORKS] slug=purchase-mymi-gold

[1 occurrence(s)]
DEBUG --> [REQ_ID=0f5e975b43a7] [FILTER_AFTER]

[1 occurrence(s)]
DEBUG --> [REQ_ID=0f5e975b43a7] [LIFECYCLE][END] status=200 duration_ms=677.61 memory_delta=6291456

[1 occurrence(s)]
DEBUG --> [REQ_ID=0f5e975b43a7] [REQUEST][END]

[1 occurrence(s)]
DEBUG --> [REQ_ID=5cf5639e5739] [REQUEST][START] GET /index.php/API/Management/Run-CRON-Tasks

[1 occurrence(s)]
DEBUG --> [REQ_ID=5cf5639e5739] [FILTER_BEFORE] /index.php/API/Management/Run-CRON-Tasks

[1 occurrence(s)]
DEBUG --> [REQ_ID=5cf5639e5739] [ROUTE] Controller=\App\Modules\APIs\Controllers\ManagementAPIController Method=Run_CRON_Tasks

[1 occurrence(s)]
DEBUG --> [REQ_ID=5cf5639e5739] [LIFECYCLE][START] GET https://www.mymiwallet.com/index.php/API/Management/Run-CRON-Tasks

[1 occurrence(s)]
DEBUG --> [REQ_ID=5cf5639e5739] [REQUEST][END]

[1 occurrence(s)]
DEBUG --> [REQ_ID=9c5cea8a3952] [REQUEST][START] GET /index.php/Management/Alerts

[1 occurrence(s)]
DEBUG --> [REQ_ID=9c5cea8a3952] [REQUEST][END]

[1 occurrence(s)]
DEBUG --> [REQ_ID=291549f1b17c] [REQUEST][START] GET /index.php/Projects

[1 occurrence(s)]
DEBUG --> [REQ_ID=291549f1b17c] [FILTER_BEFORE] /index.php/Projects

[1 occurrence(s)]
DEBUG --> [REQ_ID=291549f1b17c] [ROUTE] Controller=\App\Modules\User\Controllers\ProjectsController Method=index

[1 occurrence(s)]
DEBUG --> [REQ_ID=291549f1b17c] [LIFECYCLE][START] GET https://www.mymiwallet.com/index.php/Projects

[1 occurrence(s)]
DEBUG --> [CSRF] token name=csrf_test_name hash=8cc68e0d5b5d792449add6b31f9a3036

[1 occurrence(s)]
DEBUG --> [REQ_ID=291549f1b17c] [REQUEST][END]

[1 occurrence(s)]
DEBUG --> [REQ_ID=a2b6f142bd38] [REQUEST][START] GET /index.php/login

[1 occurrence(s)]
DEBUG --> [REQ_ID=a2b6f142bd38] [FILTER_BEFORE] /index.php/login

[1 occurrence(s)]
DEBUG --> [REQ_ID=a2b6f142bd38] [ROUTE] Controller=\App\Controllers\AuthController Method=login

[1 occurrence(s)]
DEBUG --> [REQ_ID=a2b6f142bd38] [LIFECYCLE][START] GET https://www.mymiwallet.com/index.php/login

[1 occurrence(s)]
DEBUG --> [CSRF] token name=csrf_test_name hash=26b8b2305b5e3cda792e9aba2d1a3066

[1 occurrence(s)]
DEBUG --> [REQ_ID=17983a4aa9c4] [INIT] App\Controllers\AuthController::GET

[1 occurrence(s)]
DEBUG --> [REQ_ID=a2b6f142bd38] [FILTER_AFTER]

[1 occurrence(s)]
DEBUG --> [REQ_ID=a2b6f142bd38] [LIFECYCLE][END] status=200 duration_ms=36.32 memory_delta=0

[1 occurrence(s)]
DEBUG --> [REQ_ID=a2b6f142bd38] [REQUEST][END]

[1 occurrence(s)]
DEBUG --> [REQ_ID=217bcec297b6] [REQUEST][START] GET /index.php/Budget/Financial-Institute

[1 occurrence(s)]
DEBUG --> [REQ_ID=217bcec297b6] [REQUEST][END]

[1 occurrence(s)]
DEBUG --> [REQ_ID=e91981c37de8] [REQUEST][START] GET /index.php/API/Alerts/fetchEmailAlerts

[1 occurrence(s)]
DEBUG --> [REQ_ID=e91981c37de8] [FILTER_BEFORE] /index.php/API/Alerts/fetchEmailAlerts

[1 occurrence(s)]
DEBUG --> [REQ_ID=e91981c37de8] [ROUTE] Controller=\App\Modules\APIs\Controllers\AlertsAPIController Method=fetchEmailAlerts

[1 occurrence(s)]
DEBUG --> [REQ_ID=e91981c37de8] [LIFECYCLE][START] GET https://www.mymiwallet.com/index.php/API/Alerts/fetchEmailAlerts

[1 occurrence(s)]
DEBUG --> [REQ_ID=e91981c37de8] [REQUEST][END]

[1 occurrence(s)]
DEBUG --> [REQ_ID=a32f7dfae789] [REQUEST][START] GET /index.php/How-It-Works/investments

[1 occurrence(s)]
DEBUG --> [REQ_ID=a32f7dfae789] [REQUEST][END]

[1 occurrence(s)]
DEBUG --> [REQ_ID=7cb30097fc16] [REQUEST][START] GET /index.php/Budget

[1 occurrence(s)]
DEBUG --> [REQ_ID=7cb30097fc16] [FILTER_BEFORE] /index.php/Budget

[1 occurrence(s)]
DEBUG --> [REQ_ID=7cb30097fc16] [ROUTE] Controller=\App\Modules\User\Controllers\BudgetController Method=index

[1 occurrence(s)]
DEBUG --> [REQ_ID=7cb30097fc16] [LIFECYCLE][START] GET https://www.mymiwallet.com/index.php/Budget

[1 occurrence(s)]
DEBUG --> [CSRF] token name=csrf_test_name hash=e871046680570d7612b98a7c2ffaeb6b

[1 occurrence(s)]
DEBUG --> [REQ_ID=7cb30097fc16] [REQUEST][END]

[1 occurrence(s)]
DEBUG --> [REQ_ID=71bf741596c8] [REQUEST][START] GET /index.php/login

[1 occurrence(s)]
DEBUG --> [REQ_ID=71bf741596c8] [FILTER_BEFORE] /index.php/login

[1 occurrence(s)]
DEBUG --> [REQ_ID=71bf741596c8] [ROUTE] Controller=\App\Controllers\AuthController Method=login

[1 occurrence(s)]
DEBUG --> [REQ_ID=71bf741596c8] [LIFECYCLE][START] GET https://www.mymiwallet.com/index.php/login

[1 occurrence(s)]
DEBUG --> [CSRF] token name=csrf_test_name hash=42eeb62631e58b047e33300e98deb113

[1 occurrence(s)]
DEBUG --> [REQ_ID=759f826792ff] [INIT] App\Controllers\AuthController::GET

[1 occurrence(s)]
DEBUG --> [REQ_ID=71bf741596c8] [FILTER_AFTER]

[1 occurrence(s)]
DEBUG --> [REQ_ID=71bf741596c8] [LIFECYCLE][END] status=200 duration_ms=113.94 memory_delta=0

[1 occurrence(s)]
DEBUG --> [REQ_ID=71bf741596c8] [REQUEST][END]

[1 occurrence(s)]
DEBUG --> [REQ_ID=e3b22956c365] [REQUEST][START] GET /index.php/Budget

[1 occurrence(s)]
DEBUG --> [REQ_ID=e3b22956c365] [FILTER_BEFORE] /index.php/Budget

[1 occurrence(s)]
DEBUG --> [REQ_ID=e3b22956c365] [ROUTE] Controller=\App\Modules\User\Controllers\BudgetController Method=index

[1 occurrence(s)]
DEBUG --> [REQ_ID=e3b22956c365] [LIFECYCLE][START] GET https://www.mymiwallet.com/index.php/Budget

[1 occurrence(s)]
DEBUG --> [CSRF] token name=csrf_test_name hash=1706dd1ade95a1812dd4752573a510e3

[1 occurrence(s)]
DEBUG --> [REQ_ID=e3b22956c365] [REQUEST][END]

[1 occurrence(s)]
DEBUG --> [REQ_ID=ded9a7f68436] [REQUEST][START] GET /index.php/login

[1 occurrence(s)]
DEBUG --> [REQ_ID=ded9a7f68436] [FILTER_BEFORE] /index.php/login

[1 occurrence(s)]
DEBUG --> [REQ_ID=ded9a7f68436] [ROUTE] Controller=\App\Controllers\AuthController Method=login

[1 occurrence(s)]
DEBUG --> [REQ_ID=ded9a7f68436] [LIFECYCLE][START] GET https://www.mymiwallet.com/index.php/login

[1 occurrence(s)]
DEBUG --> [CSRF] token name=csrf_test_name hash=d66b507e2e27ca6c79498568fb128a48

[1 occurrence(s)]
DEBUG --> [REQ_ID=61edfdffa0cc] [INIT] App\Controllers\AuthController::GET

[1 occurrence(s)]
DEBUG --> [REQ_ID=ded9a7f68436] [FILTER_AFTER]

[1 occurrence(s)]
DEBUG --> [REQ_ID=ded9a7f68436] [LIFECYCLE][END] status=200 duration_ms=89.69 memory_delta=0

[1 occurrence(s)]
DEBUG --> [REQ_ID=ded9a7f68436] [REQUEST][END]

[1 occurrence(s)]
DEBUG --> [REQ_ID=5e7d7cc6748e] [REQUEST][START] GET /index.php/Management/Alerts

[1 occurrence(s)]
DEBUG --> [REQ_ID=5e7d7cc6748e] [FILTER_BEFORE] /index.php/Management/Alerts

[1 occurrence(s)]
DEBUG --> [REQ_ID=5e7d7cc6748e] [ROUTE] Controller=\App\Modules\Management\Controllers\AlertsAdminController Method=index

[1 occurrence(s)]
DEBUG --> [REQ_ID=5e7d7cc6748e] [LIFECYCLE][START] GET https://www.mymiwallet.com/index.php/Management/Alerts

[1 occurrence(s)]
DEBUG --> [CSRF] token name=csrf_test_name hash=5e56c40b22571c4eba6e9ecb79ccaa1c

[1 occurrence(s)]
DEBUG --> [REQ_ID=5e7d7cc6748e] [REQUEST][END]

[1 occurrence(s)]
DEBUG --> [REQ_ID=60e929804c53] [REQUEST][START] GET /index.php/login

[1 occurrence(s)]
DEBUG --> [REQ_ID=60e929804c53] [FILTER_BEFORE] /index.php/login

[1 occurrence(s)]
DEBUG --> [REQ_ID=60e929804c53] [ROUTE] Controller=\App\Controllers\AuthController Method=login

[1 occurrence(s)]
DEBUG --> [REQ_ID=60e929804c53] [LIFECYCLE][START] GET https://www.mymiwallet.com/index.php/login

[1 occurrence(s)]
DEBUG --> [CSRF] token name=csrf_test_name hash=4cc9ea8d81c69d8d378f9a8ae6381af9

[1 occurrence(s)]
DEBUG --> [REQ_ID=848e320cf230] [INIT] App\Controllers\AuthController::GET

[1 occurrence(s)]
DEBUG --> [REQ_ID=60e929804c53] [FILTER_AFTER]

[1 occurrence(s)]
DEBUG --> [REQ_ID=60e929804c53] [LIFECYCLE][END] status=200 duration_ms=65.08 memory_delta=0

[1 occurrence(s)]
DEBUG --> [REQ_ID=60e929804c53] [REQUEST][END]

[1 occurrence(s)]
DEBUG --> [REQ_ID=5289b65a3fd4] [REQUEST][START] GET /index.php/How-It-Works/Daily-Financial-News

[1 occurrence(s)]
DEBUG --> [REQ_ID=5289b65a3fd4] [FILTER_BEFORE] /index.php/How-It-Works/Daily-Financial-News

[1 occurrence(s)]
DEBUG --> [REQ_ID=5289b65a3fd4] [ROUTE] Controller=\App\Modules\Blog\Controllers\HowItWorksController Method=show

[1 occurrence(s)]
DEBUG --> [REQ_ID=5289b65a3fd4] [LIFECYCLE][START] GET https://www.mymiwallet.com/index.php/How-It-Works/Daily-Financial-News

[1 occurrence(s)]
DEBUG --> [CSRF] token name=csrf_test_name hash=33d536640bb841b0df9feebaa4f45f74

[1 occurrence(s)]
DEBUG --> [REQ_ID=7adde5f0066c] [INIT] App\Modules\Blog\Controllers\HowItWorksController::GET

[1 occurrence(s)]
DEBUG --> [REQ_ID=7adde5f0066c] [METHOD_ENTRY] show

[1 occurrence(s)]
DEBUG --> [REQ_ID=5289b65a3fd4] [FILTER_AFTER]

[1 occurrence(s)]
DEBUG --> [REQ_ID=5289b65a3fd4] [LIFECYCLE][END] status=200 duration_ms=739.08 memory_delta=4194304

[1 occurrence(s)]
DEBUG --> [REQ_ID=5289b65a3fd4] [REQUEST][END]

[1 occurrence(s)]
DEBUG --> [REQ_ID=fa910506c2da] [REQUEST][START] GET /index.php/Alerts

[1 occurrence(s)]
DEBUG --> [REQ_ID=fa910506c2da] [FILTER_BEFORE] /index.php/Alerts

[1 occurrence(s)]
DEBUG --> [REQ_ID=fa910506c2da] [ROUTE] Controller=\App\Modules\User\Controllers\AlertsController Method=index

[1 occurrence(s)]
DEBUG --> [REQ_ID=fa910506c2da] [LIFECYCLE][START] GET https://www.mymiwallet.com/index.php/Alerts

[1 occurrence(s)]
DEBUG --> [CSRF] token name=csrf_test_name hash=455da99134ccfc2e0fd0528707e6aba5

[1 occurrence(s)]
DEBUG --> [REQ_ID=fa910506c2da] [REQUEST][END]

[1 occurrence(s)]
DEBUG --> [REQ_ID=57dcd815f107] [REQUEST][START] GET /index.php/login

[1 occurrence(s)]
DEBUG --> [REQ_ID=57dcd815f107] [FILTER_BEFORE] /index.php/login

[1 occurrence(s)]
DEBUG --> [REQ_ID=57dcd815f107] [ROUTE] Controller=\App\Controllers\AuthController Method=login

[1 occurrence(s)]
DEBUG --> [REQ_ID=57dcd815f107] [LIFECYCLE][START] GET https://www.mymiwallet.com/index.php/login

[1 occurrence(s)]
DEBUG --> [CSRF] token name=csrf_test_name hash=035d0cf99294365add718f209feb78ad

[1 occurrence(s)]
DEBUG --> [REQ_ID=dfd176b344da] [INIT] App\Controllers\AuthController::GET

[1 occurrence(s)]
DEBUG --> [REQ_ID=57dcd815f107] [FILTER_AFTER]

[1 occurrence(s)]
DEBUG --> [REQ_ID=57dcd815f107] [LIFECYCLE][END] status=200 duration_ms=30.84 memory_delta=0

[1 occurrence(s)]
DEBUG --> [REQ_ID=57dcd815f107] [REQUEST][END]

[1 occurrence(s)]
DEBUG --> [REQ_ID=e1fdb64cd4ec] [REQUEST][START] GET /index.php/Legal/Privacy-Policy

[1 occurrence(s)]
DEBUG --> [REQ_ID=e1fdb64cd4ec] [FILTER_BEFORE] /index.php/Legal/Privacy-Policy

[1 occurrence(s)]
DEBUG --> [REQ_ID=e1fdb64cd4ec] [ROUTE] Controller=\App\Controllers\Home Method=privacyPolicy

[1 occurrence(s)]
DEBUG --> [REQ_ID=e1fdb64cd4ec] [LIFECYCLE][START] GET https://www.mymiwallet.com/index.php/Legal/Privacy-Policy

[1 occurrence(s)]
DEBUG --> [CSRF] token name=csrf_test_name hash=5dc39be90fc65c9c89263baed2f8fe5e

[1 occurrence(s)]
DEBUG --> [REQ_ID=e1fdb64cd4ec] [REQUEST][END]

[1 occurrence(s)]
DEBUG --> [REQ_ID=f05577c6d57e] [REQUEST][START] GET /index.php/login

[1 occurrence(s)]
DEBUG --> [REQ_ID=f05577c6d57e] [FILTER_BEFORE] /index.php/login

[1 occurrence(s)]
DEBUG --> [REQ_ID=f05577c6d57e] [ROUTE] Controller=\App\Controllers\AuthController Method=login

[1 occurrence(s)]
DEBUG --> [REQ_ID=f05577c6d57e] [LIFECYCLE][START] GET https://www.mymiwallet.com/index.php/login

[1 occurrence(s)]
DEBUG --> [CSRF] token name=csrf_test_name hash=b0652b55ecffcc381e7e96559ccfe089

[1 occurrence(s)]
DEBUG --> [REQ_ID=7ea0717b2d3b] [INIT] App\Controllers\AuthController::GET

[1 occurrence(s)]
DEBUG --> [REQ_ID=f05577c6d57e] [FILTER_AFTER]

[1 occurrence(s)]
DEBUG --> [REQ_ID=f05577c6d57e] [LIFECYCLE][END] status=200 duration_ms=314.92 memory_delta=0

[1 occurrence(s)]
DEBUG --> [REQ_ID=f05577c6d57e] [REQUEST][END]

[1 occurrence(s)]
DEBUG --> [REQ_ID=1198faf2965d] [REQUEST][START] GET /index.php/How-It-Works/MyMI-Gold

[1 occurrence(s)]
DEBUG --> [REQ_ID=1198faf2965d] [REQUEST][END]

[1 occurrence(s)]
DEBUG --> [REQ_ID=e09578720d8c] [REQUEST][START] GET /index.php/Assets

[1 occurrence(s)]
DEBUG --> [REQ_ID=e09578720d8c] [FILTER_BEFORE] /index.php/Assets

[1 occurrence(s)]
DEBUG --> [REQ_ID=e09578720d8c] [ROUTE] Controller=\App\Modules\Management\Controllers\AssetsController Method=index

[1 occurrence(s)]
DEBUG --> [REQ_ID=e09578720d8c] [LIFECYCLE][START] GET https://www.mymiwallet.com/index.php/Assets

[1 occurrence(s)]
DEBUG --> [CSRF] token name=csrf_test_name hash=3e318e833649d76e9dc6ac367aab00c0

[1 occurrence(s)]
DEBUG --> [REQ_ID=e09578720d8c] [REQUEST][END]

[1 occurrence(s)]
DEBUG --> [REQ_ID=309b6a0bd1e0] [REQUEST][START] GET /index.php/login

[1 occurrence(s)]
DEBUG --> [REQ_ID=309b6a0bd1e0] [FILTER_BEFORE] /index.php/login

[1 occurrence(s)]
DEBUG --> [REQ_ID=309b6a0bd1e0] [ROUTE] Controller=\App\Controllers\AuthController Method=login

[1 occurrence(s)]
DEBUG --> [REQ_ID=309b6a0bd1e0] [LIFECYCLE][START] GET https://www.mymiwallet.com/index.php/login

[1 occurrence(s)]
DEBUG --> [CSRF] token name=csrf_test_name hash=ba89286147ce1822be7d9b75624f424b

[1 occurrence(s)]
DEBUG --> [REQ_ID=5e047c39f987] [INIT] App\Controllers\AuthController::GET

[1 occurrence(s)]
DEBUG --> [REQ_ID=309b6a0bd1e0] [FILTER_AFTER]

[1 occurrence(s)]
DEBUG --> [REQ_ID=309b6a0bd1e0] [LIFECYCLE][END] status=200 duration_ms=50.77 memory_delta=0

[1 occurrence(s)]
DEBUG --> [REQ_ID=309b6a0bd1e0] [REQUEST][END]

[1 occurrence(s)]
DEBUG --> [REQ_ID=17f1258affff] [REQUEST][START] GET /index.php/Management/Admin

[1 occurrence(s)]
DEBUG --> [REQ_ID=17f1258affff] [FILTER_BEFORE] /index.php/Management/Admin

[1 occurrence(s)]
DEBUG --> [REQ_ID=17f1258affff] [ROUTE] Controller=\App\Modules\Management\Controllers\ManagementAdminController Method=index

[1 occurrence(s)]
DEBUG --> [REQ_ID=17f1258affff] [LIFECYCLE][START] GET https://www.mymiwallet.com/index.php/Management/Admin

[1 occurrence(s)]
DEBUG --> [CSRF] token name=csrf_test_name hash=eece8b9c7a7152a485fef014fcaee76c

[1 occurrence(s)]
DEBUG --> [REQ_ID=17f1258affff] [REQUEST][END]

[1 occurrence(s)]
DEBUG --> [REQ_ID=3b4954185c4c] [REQUEST][START] GET /index.php/login

[1 occurrence(s)]
DEBUG --> [REQ_ID=3b4954185c4c] [FILTER_BEFORE] /index.php/login

[1 occurrence(s)]
DEBUG --> [REQ_ID=3b4954185c4c] [ROUTE] Controller=\App\Controllers\AuthController Method=login

[1 occurrence(s)]
DEBUG --> [REQ_ID=3b4954185c4c] [LIFECYCLE][START] GET https://www.mymiwallet.com/index.php/login

[1 occurrence(s)]
DEBUG --> [CSRF] token name=csrf_test_name hash=34b7daac0d96c7c7721f0752491994f4

[1 occurrence(s)]
DEBUG --> [REQ_ID=582f070a26a5] [INIT] App\Controllers\AuthController::GET

[1 occurrence(s)]
DEBUG --> [REQ_ID=3b4954185c4c] [FILTER_AFTER]

[1 occurrence(s)]
DEBUG --> [REQ_ID=3b4954185c4c] [LIFECYCLE][END] status=200 duration_ms=159.23 memory_delta=0

[1 occurrence(s)]
DEBUG --> [REQ_ID=3b4954185c4c] [REQUEST][END]

[1 occurrence(s)]
DEBUG --> [REQ_ID=649bb469b718] [REQUEST][START] GET /index.php/How-It-Works/Investment-Portfolio-Management

[1 occurrence(s)]
DEBUG --> [REQ_ID=649bb469b718] [FILTER_BEFORE] /index.php/How-It-Works/Investment-Portfolio-Management

[1 occurrence(s)]
DEBUG --> [REQ_ID=649bb469b718] [ROUTE] Controller=\App\Modules\Blog\Controllers\HowItWorksController Method=show

[1 occurrence(s)]
DEBUG --> [REQ_ID=649bb469b718] [LIFECYCLE][START] GET https://www.mymiwallet.com/index.php/How-It-Works/Investment-Portfolio-Management

[1 occurrence(s)]
DEBUG --> [CSRF] token name=csrf_test_name hash=ba98cb55c9a413c4a9404212fe8c70f6

[1 occurrence(s)]
DEBUG --> [REQ_ID=cdacfcbd611b] [INIT] App\Modules\Blog\Controllers\HowItWorksController::GET

[1 occurrence(s)]
DEBUG --> [REQ_ID=cdacfcbd611b] [METHOD_ENTRY] show

[1 occurrence(s)]
DEBUG --> [HOW_IT_WORKS] slug=investment-portfolio-management

[1 occurrence(s)]
DEBUG --> [REQ_ID=649bb469b718] [FILTER_AFTER]

[1 occurrence(s)]
DEBUG --> [REQ_ID=649bb469b718] [LIFECYCLE][END] status=200 duration_ms=630.04 memory_delta=4194304

[1 occurrence(s)]
DEBUG --> [REQ_ID=649bb469b718] [REQUEST][END]

[1 occurrence(s)]
DEBUG --> [REQ_ID=50fafddf6455] [REQUEST][START] GET /index.php/API/Management/Run-CRON-Tasks

[1 occurrence(s)]
DEBUG --> [REQ_ID=50fafddf6455] [FILTER_BEFORE] /index.php/API/Management/Run-CRON-Tasks

[1 occurrence(s)]
DEBUG --> [REQ_ID=50fafddf6455] [ROUTE] Controller=\App\Modules\APIs\Controllers\ManagementAPIController Method=Run_CRON_Tasks

[1 occurrence(s)]
DEBUG --> [REQ_ID=50fafddf6455] [LIFECYCLE][START] GET https://www.mymiwallet.com/index.php/API/Management/Run-CRON-Tasks

[1 occurrence(s)]
DEBUG --> [REQ_ID=50fafddf6455] [REQUEST][END]

[1 occurrence(s)]
DEBUG --> [REQ_ID=dc0c85f55abb] [REQUEST][START] GET /index.php/login

[1 occurrence(s)]
DEBUG --> [REQ_ID=dc0c85f55abb] [REQUEST][END]

[1 occurrence(s)]
DEBUG --> [REQ_ID=efc97e0798e6] [REQUEST][START] GET /index.php/API/Alerts/fetchEmailAlerts

[1 occurrence(s)]
DEBUG --> [REQ_ID=efc97e0798e6] [FILTER_BEFORE] /index.php/API/Alerts/fetchEmailAlerts

[1 occurrence(s)]
DEBUG --> [REQ_ID=efc97e0798e6] [ROUTE] Controller=\App\Modules\APIs\Controllers\AlertsAPIController Method=fetchEmailAlerts

[1 occurrence(s)]
DEBUG --> [REQ_ID=efc97e0798e6] [LIFECYCLE][START] GET https://www.mymiwallet.com/index.php/API/Alerts/fetchEmailAlerts

[1 occurrence(s)]
DEBUG --> [REQ_ID=efc97e0798e6] [REQUEST][END]

[1 occurrence(s)]
DEBUG --> [REQ_ID=1f0a05bcbff6] [REQUEST][START] GET /

[1 occurrence(s)]
DEBUG --> [REQ_ID=1f0a05bcbff6] [FILTER_BEFORE] /

[1 occurrence(s)]
DEBUG --> [REQ_ID=1f0a05bcbff6] [ROUTE] Controller=\App\Controllers\Home Method=index

[1 occurrence(s)]
DEBUG --> [REQ_ID=1f0a05bcbff6] [LIFECYCLE][START] GET https://www.mymiwallet.com/index.php/

[1 occurrence(s)]
DEBUG --> [CSRF] token name=csrf_test_name hash=2c827461b9f9b23086ea7885e2fd39dd

[1 occurrence(s)]
DEBUG --> [REQ_ID=cc4820827772] [INIT] App\Controllers\Home::GET

[1 occurrence(s)]
DEBUG --> [REQ_ID=cc4820827772] [VIEW_RENDER] themes/public/home

[1 occurrence(s)]
DEBUG --> [REQ_ID=1f0a05bcbff6] [FILTER_AFTER]

[1 occurrence(s)]
DEBUG --> [REQ_ID=1f0a05bcbff6] [LIFECYCLE][END] status=200 duration_ms=698.05 memory_delta=6291456

[1 occurrence(s)]
DEBUG --> [REQ_ID=1f0a05bcbff6] [REQUEST][END]

[1 occurrence(s)]
DEBUG --> [REQ_ID=28c80c0207b7] [REQUEST][START] GET /index.php/API/Management/Run-CRON-Tasks

[1 occurrence(s)]
DEBUG --> [REQ_ID=28c80c0207b7] [FILTER_BEFORE] /index.php/API/Management/Run-CRON-Tasks

[1 occurrence(s)]
DEBUG --> [REQ_ID=28c80c0207b7] [ROUTE] Controller=\App\Modules\APIs\Controllers\ManagementAPIController Method=Run_CRON_Tasks

[1 occurrence(s)]
DEBUG --> [REQ_ID=28c80c0207b7] [LIFECYCLE][START] GET https://www.mymiwallet.com/index.php/API/Management/Run-CRON-Tasks

[1 occurrence(s)]
DEBUG --> [REQ_ID=28c80c0207b7] [REQUEST][END]

[1 occurrence(s)]
DEBUG --> [REQ_ID=472ee9ac8c6a] [REQUEST][START] GET /index.php?debugbar

[1 occurrence(s)]
DEBUG --> [REQ_ID=472ee9ac8c6a] [REQUEST][END]

[1 occurrence(s)]
DEBUG --> [REQ_ID=6c40106c0077] [REQUEST][START] GET /

[1 occurrence(s)]
DEBUG --> [REQ_ID=6c40106c0077] [FILTER_BEFORE] /

[1 occurrence(s)]
DEBUG --> [REQ_ID=6c40106c0077] [ROUTE] Controller=\App\Controllers\Home Method=index

[1 occurrence(s)]
DEBUG --> [REQ_ID=6c40106c0077] [LIFECYCLE][START] GET https://www.mymiwallet.com/index.php/

[1 occurrence(s)]
DEBUG --> [CSRF] token name=csrf_test_name hash=44f475bad483f457ba1cd21d79f119d2

[1 occurrence(s)]
DEBUG --> [REQ_ID=a24908f6ac33] [INIT] App\Controllers\Home::GET

[1 occurrence(s)]
DEBUG --> [REQ_ID=a24908f6ac33] [VIEW_RENDER] themes/public/home

[13 occurrence(s)]
DEBUG --> [MetaService] slug= pageName=Home cacheHit=1 path=CACHE

[1 occurrence(s)]
DEBUG --> [REQ_ID=6c40106c0077] [FILTER_AFTER]

[1 occurrence(s)]
DEBUG --> [REQ_ID=6c40106c0077] [LIFECYCLE][END] status=200 duration_ms=763.84 memory_delta=4194304

[1 occurrence(s)]
DEBUG --> [REQ_ID=6c40106c0077] [REQUEST][END]

[1 occurrence(s)]
DEBUG --> [REQ_ID=d64cdd296e8d] [REQUEST][START] GET /

[1 occurrence(s)]
DEBUG --> [REQ_ID=d64cdd296e8d] [FILTER_BEFORE] /

[1 occurrence(s)]
DEBUG --> [REQ_ID=d64cdd296e8d] [ROUTE] Controller=\App\Controllers\Home Method=index

[1 occurrence(s)]
DEBUG --> [REQ_ID=d64cdd296e8d] [LIFECYCLE][START] GET https://www.mymiwallet.com/index.php/

[1 occurrence(s)]
DEBUG --> [CSRF] token name=csrf_test_name hash=28c62f11affcdcfb9edf8617691e9e6e

[1 occurrence(s)]
DEBUG --> [REQ_ID=b62de4a4398e] [INIT] App\Controllers\Home::GET

[9 occurrence(s)]
DEBUG --> [MetaService] slug= pageName= cacheHit=1 path=CACHE

[1 occurrence(s)]
DEBUG --> [REQ_ID=b62de4a4398e] [VIEW_RENDER] themes/public/home

[1 occurrence(s)]
DEBUG --> [REQ_ID=d64cdd296e8d] [FILTER_AFTER]

[1 occurrence(s)]
DEBUG --> [REQ_ID=d64cdd296e8d] [LIFECYCLE][END] status=200 duration_ms=716.73 memory_delta=6291456

[1 occurrence(s)]
DEBUG --> [REQ_ID=d64cdd296e8d] [REQUEST][END]

[1 occurrence(s)]
DEBUG --> [REQ_ID=9332861bb7f6] [REQUEST][START] GET /index.php/Management/Exchange

[1 occurrence(s)]
DEBUG --> [REQ_ID=9332861bb7f6] [FILTER_BEFORE] /index.php/Management/Exchange

[1 occurrence(s)]
DEBUG --> [REQ_ID=9332861bb7f6] [ROUTE] Controller=\App\Modules\Management\Controllers\ExchangeAdminController Method=index

[1 occurrence(s)]
DEBUG --> [REQ_ID=9332861bb7f6] [LIFECYCLE][START] GET https://www.mymiwallet.com/index.php/Management/Exchange

[1 occurrence(s)]
DEBUG --> [CSRF] token name=csrf_test_name hash=bab231e4596e733a0b8707affffd3208

[1 occurrence(s)]
DEBUG --> [REQ_ID=9332861bb7f6] [REQUEST][END]

[1 occurrence(s)]
DEBUG --> [REQ_ID=e6d29202bccd] [REQUEST][START] GET /index.php/login

[1 occurrence(s)]
DEBUG --> [REQ_ID=e6d29202bccd] [FILTER_BEFORE] /index.php/login

[1 occurrence(s)]
DEBUG --> [REQ_ID=e6d29202bccd] [ROUTE] Controller=\App\Controllers\AuthController Method=login

[1 occurrence(s)]
DEBUG --> [REQ_ID=e6d29202bccd] [LIFECYCLE][START] GET https://www.mymiwallet.com/index.php/login

[1 occurrence(s)]
DEBUG --> [CSRF] token name=csrf_test_name hash=64dd69ff96317d5974251502d5c8e00c

[1 occurrence(s)]
DEBUG --> [REQ_ID=03e9f07f7f3e] [INIT] App\Controllers\AuthController::GET

[1 occurrence(s)]
DEBUG --> [REQ_ID=e6d29202bccd] [FILTER_AFTER]

[1 occurrence(s)]
DEBUG --> [REQ_ID=e6d29202bccd] [LIFECYCLE][END] status=200 duration_ms=57.67 memory_delta=0

[1 occurrence(s)]
DEBUG --> [REQ_ID=e6d29202bccd] [REQUEST][END]

[1 occurrence(s)]
DEBUG --> [REQ_ID=9291962a-c426-400e-83b6-f9eaab50d1c3] [REQUEST][START] GET /

[1 occurrence(s)]
DEBUG --> [REQ_ID=9291962a-c426-400e-83b6-f9eaab50d1c3] [REQUEST][END]

[1 occurrence(s)]
DEBUG --> [REQ_ID=e446dedc21eb] [REQUEST][START] GET /index.php/API/Alerts/fetchEmailAlerts

[1 occurrence(s)]
DEBUG --> [REQ_ID=e446dedc21eb] [FILTER_BEFORE] /index.php/API/Alerts/fetchEmailAlerts

[1 occurrence(s)]
DEBUG --> [REQ_ID=e446dedc21eb] [ROUTE] Controller=\App\Modules\APIs\Controllers\AlertsAPIController Method=fetchEmailAlerts

[1 occurrence(s)]
DEBUG --> [REQ_ID=e446dedc21eb] [LIFECYCLE][START] GET https://www.mymiwallet.com/index.php/API/Alerts/fetchEmailAlerts

[1 occurrence(s)]
DEBUG --> [REQ_ID=e446dedc21eb] [REQUEST][END]

[1 occurrence(s)]
DEBUG --> [REQ_ID=adc0f9a89346] [REQUEST][START] GET /

[1 occurrence(s)]
DEBUG --> [REQ_ID=adc0f9a89346] [FILTER_BEFORE] /

[1 occurrence(s)]
DEBUG --> [REQ_ID=adc0f9a89346] [ROUTE] Controller=\App\Controllers\Home Method=index

[1 occurrence(s)]
DEBUG --> [REQ_ID=adc0f9a89346] [LIFECYCLE][START] GET https://www.mymiwallet.com/index.php/

[1 occurrence(s)]
DEBUG --> [CSRF] token name=csrf_test_name hash=cbd4fa2acdbdd380e997a46a3b4df7af

[1 occurrence(s)]
DEBUG --> [REQ_ID=d55b55c4784b] [INIT] App\Controllers\Home::GET

[1 occurrence(s)]
DEBUG --> [REQ_ID=d55b55c4784b] [VIEW_RENDER] themes/public/home

[1 occurrence(s)]
DEBUG --> [REQ_ID=adc0f9a89346] [FILTER_AFTER]

[1 occurrence(s)]
DEBUG --> [REQ_ID=adc0f9a89346] [LIFECYCLE][END] status=200 duration_ms=629.86 memory_delta=4194304

[1 occurrence(s)]
DEBUG --> [REQ_ID=adc0f9a89346] [REQUEST][END]

[1 occurrence(s)]
DEBUG --> [REQ_ID=93e04ccd3a15] [REQUEST][START] GET /index.php/Management/Marketing/Video-Creator

[1 occurrence(s)]
DEBUG --> [REQ_ID=93e04ccd3a15] [FILTER_BEFORE] /index.php/Management/Marketing/Video-Creator

[1 occurrence(s)]
DEBUG --> [REQ_ID=93e04ccd3a15] [ROUTE] Controller=\App\Modules\Management\Controllers\MarketingAdminController Method=videoCreator

[1 occurrence(s)]
DEBUG --> [REQ_ID=93e04ccd3a15] [LIFECYCLE][START] GET https://www.mymiwallet.com/index.php/Management/Marketing/Video-Creator

[1 occurrence(s)]
DEBUG --> [CSRF] token name=csrf_test_name hash=f6e1263c1872259410259cca7b4200c4

[1 occurrence(s)]
DEBUG --> [REQ_ID=93e04ccd3a15] [REQUEST][END]

[1 occurrence(s)]
DEBUG --> [REQ_ID=aa6c55ee2155] [REQUEST][START] GET /index.php/login

[1 occurrence(s)]
DEBUG --> [REQ_ID=aa6c55ee2155] [FILTER_BEFORE] /index.php/login

[1 occurrence(s)]
DEBUG --> [REQ_ID=aa6c55ee2155] [ROUTE] Controller=\App\Controllers\AuthController Method=login

[1 occurrence(s)]
DEBUG --> [REQ_ID=aa6c55ee2155] [LIFECYCLE][START] GET https://www.mymiwallet.com/index.php/login

[1 occurrence(s)]
DEBUG --> [CSRF] token name=csrf_test_name hash=3819c3153a2f9d4128ee73e4af3dd8dd

[1 occurrence(s)]
DEBUG --> [REQ_ID=0f461db03083] [INIT] App\Controllers\AuthController::GET

[1 occurrence(s)]
DEBUG --> [REQ_ID=aa6c55ee2155] [FILTER_AFTER]

[1 occurrence(s)]
DEBUG --> [REQ_ID=aa6c55ee2155] [LIFECYCLE][END] status=200 duration_ms=414.06 memory_delta=0

[1 occurrence(s)]
DEBUG --> [REQ_ID=aa6c55ee2155] [REQUEST][END]

[1 occurrence(s)]
DEBUG --> [REQ_ID=65953023d0e0] [REQUEST][START] GET /index.php?debugbar

[1 occurrence(s)]
DEBUG --> [REQ_ID=65953023d0e0] [REQUEST][END]

[1 occurrence(s)]
DEBUG --> [REQ_ID=1de588b96bee] [REQUEST][START] GET /index.php

[1 occurrence(s)]
DEBUG --> [REQ_ID=1de588b96bee] [FILTER_BEFORE] /index.php

[1 occurrence(s)]
DEBUG --> [REQ_ID=1de588b96bee] [ROUTE] Controller=\App\Controllers\Home Method=index

[1 occurrence(s)]
DEBUG --> [REQ_ID=1de588b96bee] [LIFECYCLE][START] GET https://www.mymiwallet.com/index.php/

[1 occurrence(s)]
DEBUG --> [CSRF] token name=csrf_test_name hash=ed8816f730cd23feb261ef8badc55df9

[1 occurrence(s)]
DEBUG --> [REQ_ID=375338f21b7c] [INIT] App\Controllers\Home::GET

[1 occurrence(s)]
DEBUG --> [REQ_ID=375338f21b7c] [VIEW_RENDER] themes/public/home

[1 occurrence(s)]
DEBUG --> [REQ_ID=1de588b96bee] [FILTER_AFTER]

[1 occurrence(s)]
DEBUG --> [REQ_ID=1de588b96bee] [LIFECYCLE][END] status=200 duration_ms=685.55 memory_delta=6291456

[1 occurrence(s)]
DEBUG --> [REQ_ID=1de588b96bee] [REQUEST][END]

[1 occurrence(s)]
DEBUG --> [REQ_ID=6d81ae7543a4] [REQUEST][START] GET /index.php/Wallets

[1 occurrence(s)]
DEBUG --> [REQ_ID=6d81ae7543a4] [FILTER_BEFORE] /index.php/Wallets

[1 occurrence(s)]
DEBUG --> [REQ_ID=6d81ae7543a4] [ROUTE] Controller=\App\Modules\User\Controllers\WalletsController Method=index

[1 occurrence(s)]
DEBUG --> [REQ_ID=6d81ae7543a4] [LIFECYCLE][START] GET https://www.mymiwallet.com/index.php/Wallets

[1 occurrence(s)]
DEBUG --> [CSRF] token name=csrf_test_name hash=1dab4972bf494598b6d09790c88402a4

[1 occurrence(s)]
DEBUG --> [REQ_ID=6d81ae7543a4] [REQUEST][END]

[1 occurrence(s)]
DEBUG --> [REQ_ID=680f695edd21] [REQUEST][START] GET /index.php/login

[1 occurrence(s)]
DEBUG --> [REQ_ID=680f695edd21] [FILTER_BEFORE] /index.php/login

[1 occurrence(s)]
DEBUG --> [REQ_ID=680f695edd21] [ROUTE] Controller=\App\Controllers\AuthController Method=login

[1 occurrence(s)]
DEBUG --> [REQ_ID=680f695edd21] [LIFECYCLE][START] GET https://www.mymiwallet.com/index.php/login

[1 occurrence(s)]
DEBUG --> [CSRF] token name=csrf_test_name hash=eb671f849c9df814485eb41489e9066e

[1 occurrence(s)]
DEBUG --> [REQ_ID=bb6ede6c2e99] [INIT] App\Controllers\AuthController::GET

[1 occurrence(s)]
DEBUG --> [REQ_ID=680f695edd21] [FILTER_AFTER]

[1 occurrence(s)]
DEBUG --> [REQ_ID=680f695edd21] [LIFECYCLE][END] status=200 duration_ms=58.51 memory_delta=0

[1 occurrence(s)]
DEBUG --> [REQ_ID=680f695edd21] [REQUEST][END]

[1 occurrence(s)]
DEBUG --> [REQ_ID=f619328973eb] [REQUEST][START] GET /

[1 occurrence(s)]
DEBUG --> [REQ_ID=f619328973eb] [FILTER_BEFORE] /

[1 occurrence(s)]
DEBUG --> [REQ_ID=f619328973eb] [ROUTE] Controller=\App\Controllers\Home Method=index

[1 occurrence(s)]
DEBUG --> [REQ_ID=f619328973eb] [LIFECYCLE][START] GET https://www.mymiwallet.com/index.php/

[1 occurrence(s)]
DEBUG --> [CSRF] token name=csrf_test_name hash=d164a6dc1e5577685a6b0c2b40b035c2

[1 occurrence(s)]
DEBUG --> [REQ_ID=2d4756e840dc] [INIT] App\Controllers\Home::GET

[1 occurrence(s)]
DEBUG --> [REQ_ID=2d4756e840dc] [VIEW_RENDER] themes/public/home

[1 occurrence(s)]
DEBUG --> [REQ_ID=f619328973eb] [FILTER_AFTER]

[1 occurrence(s)]
DEBUG --> [REQ_ID=f619328973eb] [LIFECYCLE][END] status=200 duration_ms=697.13 memory_delta=6291456

[1 occurrence(s)]
DEBUG --> [REQ_ID=f619328973eb] [REQUEST][END]

[1 occurrence(s)]
DEBUG --> [REQ_ID=7f6d3128df70] [REQUEST][START] GET /index.php/How-It-Works/Setting-Financial-Goals

[1 occurrence(s)]
DEBUG --> [REQ_ID=7f6d3128df70] [FILTER_BEFORE] /index.php/How-It-Works/Setting-Financial-Goals

[1 occurrence(s)]
DEBUG --> [REQ_ID=7f6d3128df70] [ROUTE] Controller=\App\Modules\Blog\Controllers\HowItWorksController Method=show

[1 occurrence(s)]
DEBUG --> [REQ_ID=7f6d3128df70] [LIFECYCLE][START] GET https://www.mymiwallet.com/index.php/How-It-Works/Setting-Financial-Goals

[1 occurrence(s)]
DEBUG --> [CSRF] token name=csrf_test_name hash=94d1ff2de664d7217c69f0958371b74b

[1 occurrence(s)]
DEBUG --> [REQ_ID=e8af3a658cf4] [INIT] App\Modules\Blog\Controllers\HowItWorksController::GET

[1 occurrence(s)]
DEBUG --> [REQ_ID=e8af3a658cf4] [METHOD_ENTRY] show

[1 occurrence(s)]
DEBUG --> [HOW_IT_WORKS] slug=setting-financial-goals

[1 occurrence(s)]
DEBUG --> [REQ_ID=7f6d3128df70] [FILTER_AFTER]

[1 occurrence(s)]
DEBUG --> [REQ_ID=7f6d3128df70] [LIFECYCLE][END] status=200 duration_ms=583.72 memory_delta=2097152

[1 occurrence(s)]
DEBUG --> [REQ_ID=7f6d3128df70] [REQUEST][END]

[1 occurrence(s)]
DEBUG --> [REQ_ID=d769ae7e437e] [REQUEST][START] GET /index.php/Premium_Features/Brokerage-Integrations

[1 occurrence(s)]
DEBUG --> [REQ_ID=d769ae7e437e] [REQUEST][END]

[1 occurrence(s)]
DEBUG --> [REQ_ID=3e3ded7f8dbc] [REQUEST][START] GET /index.php/API/Management/Run-CRON-Tasks

[1 occurrence(s)]
DEBUG --> [REQ_ID=3e3ded7f8dbc] [FILTER_BEFORE] /index.php/API/Management/Run-CRON-Tasks

[1 occurrence(s)]
DEBUG --> [REQ_ID=3e3ded7f8dbc] [ROUTE] Controller=\App\Modules\APIs\Controllers\ManagementAPIController Method=Run_CRON_Tasks

[1 occurrence(s)]
DEBUG --> [REQ_ID=3e3ded7f8dbc] [LIFECYCLE][START] GET https://www.mymiwallet.com/index.php/API/Management/Run-CRON-Tasks

[1 occurrence(s)]
DEBUG --> [REQ_ID=3e3ded7f8dbc] [REQUEST][END]

[1 occurrence(s)]
DEBUG --> [REQ_ID=aafeafa1110e] [REQUEST][START] GET /index.php/Beta/register

[1 occurrence(s)]
DEBUG --> [REQ_ID=aafeafa1110e] [REQUEST][END]

[1 occurrence(s)]
DEBUG --> [REQ_ID=efb6e7e65df8] [REQUEST][START] GET /index.php/API/Alerts/fetchEmailAlerts

[1 occurrence(s)]
DEBUG --> [REQ_ID=efb6e7e65df8] [FILTER_BEFORE] /index.php/API/Alerts/fetchEmailAlerts

[1 occurrence(s)]
DEBUG --> [REQ_ID=efb6e7e65df8] [ROUTE] Controller=\App\Modules\APIs\Controllers\AlertsAPIController Method=fetchEmailAlerts

[1 occurrence(s)]
DEBUG --> [REQ_ID=efb6e7e65df8] [LIFECYCLE][START] GET https://www.mymiwallet.com/index.php/API/Alerts/fetchEmailAlerts

[1 occurrence(s)]
DEBUG --> [REQ_ID=efb6e7e65df8] [REQUEST][END]

[1 occurrence(s)]
DEBUG --> [REQ_ID=418fb25d3d1d] [REQUEST][START] GET /

[1 occurrence(s)]
DEBUG --> [REQ_ID=418fb25d3d1d] [FILTER_BEFORE] /

[1 occurrence(s)]
DEBUG --> [REQ_ID=418fb25d3d1d] [ROUTE] Controller=\App\Controllers\Home Method=index

[1 occurrence(s)]
DEBUG --> [REQ_ID=418fb25d3d1d] [LIFECYCLE][START] GET https://www.mymiwallet.com/index.php/

[1 occurrence(s)]
DEBUG --> [CSRF] token name=csrf_test_name hash=0e1289824198bcdc37a864702895f167

[1 occurrence(s)]
DEBUG --> [REQ_ID=d064e2e187d7] [INIT] App\Controllers\Home::GET

[1 occurrence(s)]
DEBUG --> [REQ_ID=d064e2e187d7] [VIEW_RENDER] themes/public/home

[1 occurrence(s)]
DEBUG --> [REQ_ID=418fb25d3d1d] [FILTER_AFTER]

[1 occurrence(s)]
DEBUG --> [REQ_ID=418fb25d3d1d] [LIFECYCLE][END] status=200 duration_ms=624.36 memory_delta=4194304

[1 occurrence(s)]
DEBUG --> [REQ_ID=418fb25d3d1d] [REQUEST][END]

[1 occurrence(s)]
DEBUG --> [REQ_ID=3ee6832ee693] [REQUEST][START] GET /index.php/Management/Marketing/Content/Listing

[1 occurrence(s)]
DEBUG --> [REQ_ID=3ee6832ee693] [FILTER_BEFORE] /index.php/Management/Marketing/Content/Listing

[1 occurrence(s)]
DEBUG --> [REQ_ID=3ee6832ee693] [ROUTE] Controller=\App\Modules\Management\Controllers\MarketingAdminController Method=contentListing

[1 occurrence(s)]
DEBUG --> [REQ_ID=3ee6832ee693] [LIFECYCLE][START] GET https://www.mymiwallet.com/index.php/Management/Marketing/Content/Listing

[1 occurrence(s)]
DEBUG --> [CSRF] token name=csrf_test_name hash=6602dff2953a13ff42a24a01ce58d8af

[1 occurrence(s)]
DEBUG --> [REQ_ID=3ee6832ee693] [REQUEST][END]

[1 occurrence(s)]
DEBUG --> [REQ_ID=8f239f6bf703] [REQUEST][START] GET /index.php/login

[1 occurrence(s)]
DEBUG --> [REQ_ID=8f239f6bf703] [FILTER_BEFORE] /index.php/login

[1 occurrence(s)]
DEBUG --> [REQ_ID=8f239f6bf703] [ROUTE] Controller=\App\Controllers\AuthController Method=login

[1 occurrence(s)]
DEBUG --> [REQ_ID=8f239f6bf703] [LIFECYCLE][START] GET https://www.mymiwallet.com/index.php/login

[1 occurrence(s)]
DEBUG --> [CSRF] token name=csrf_test_name hash=650a0c2435826b2ef42a7878ef93c636

[1 occurrence(s)]
DEBUG --> [REQ_ID=479df4444636] [INIT] App\Controllers\AuthController::GET

[1 occurrence(s)]
DEBUG --> [REQ_ID=8f239f6bf703] [FILTER_AFTER]

[1 occurrence(s)]
DEBUG --> [REQ_ID=8f239f6bf703] [LIFECYCLE][END] status=200 duration_ms=102.80 memory_delta=0

[1 occurrence(s)]
DEBUG --> [REQ_ID=8f239f6bf703] [REQUEST][END]

[1 occurrence(s)]
DEBUG --> [REQ_ID=515eab34e7c3] [REQUEST][START] GET /

[1 occurrence(s)]
DEBUG --> [REQ_ID=515eab34e7c3] [FILTER_BEFORE] /

[1 occurrence(s)]
DEBUG --> [REQ_ID=515eab34e7c3] [ROUTE] Controller=\App\Controllers\Home Method=index

[1 occurrence(s)]
DEBUG --> [REQ_ID=515eab34e7c3] [LIFECYCLE][START] GET https://www.mymiwallet.com/index.php/

[2 occurrence(s)]
DEBUG --> [CSRF] token name=csrf_test_name hash=2a520b33e344fa86eb48e2f20824138d

[1 occurrence(s)]
DEBUG --> [REQ_ID=02b0d9f59eca] [INIT] App\Controllers\Home::GET

[1 occurrence(s)]
DEBUG --> [REQ_ID=02b0d9f59eca] [VIEW_RENDER] themes/public/home

[1 occurrence(s)]
DEBUG --> [REQ_ID=515eab34e7c3] [FILTER_AFTER]

[1 occurrence(s)]
DEBUG --> [REQ_ID=515eab34e7c3] [LIFECYCLE][END] status=200 duration_ms=693.52 memory_delta=6291456

[1 occurrence(s)]
DEBUG --> [REQ_ID=515eab34e7c3] [REQUEST][END]

[1 occurrence(s)]
DEBUG --> [REQ_ID=d17ebafea86f] [REQUEST][START] GET /index.php/How-It-Works/Investment-Dashboard

[1 occurrence(s)]
DEBUG --> [REQ_ID=d17ebafea86f] [FILTER_BEFORE] /index.php/How-It-Works/Investment-Dashboard

[1 occurrence(s)]
DEBUG --> [REQ_ID=d17ebafea86f] [ROUTE] Controller=\App\Modules\Blog\Controllers\HowItWorksController Method=show

[1 occurrence(s)]
DEBUG --> [REQ_ID=d17ebafea86f] [LIFECYCLE][START] GET https://www.mymiwallet.com/index.php/How-It-Works/Investment-Dashboard

[1 occurrence(s)]
DEBUG --> [REQ_ID=4fcb2ee05906] [INIT] App\Modules\Blog\Controllers\HowItWorksController::GET

[1 occurrence(s)]
DEBUG --> [REQ_ID=4fcb2ee05906] [METHOD_ENTRY] show

[1 occurrence(s)]
DEBUG --> [HOW_IT_WORKS] slug=investment-dashboard

[1 occurrence(s)]
DEBUG --> [REQ_ID=d17ebafea86f] [FILTER_AFTER]

[1 occurrence(s)]
DEBUG --> [REQ_ID=d17ebafea86f] [LIFECYCLE][END] status=200 duration_ms=589.49 memory_delta=2097152

[1 occurrence(s)]
DEBUG --> [REQ_ID=d17ebafea86f] [REQUEST][END]

[1 occurrence(s)]
DEBUG --> [REQ_ID=062638602b4c] [REQUEST][START] GET /index.php/Support

[1 occurrence(s)]
DEBUG --> [REQ_ID=062638602b4c] [FILTER_BEFORE] /index.php/Support

[1 occurrence(s)]
DEBUG --> [REQ_ID=062638602b4c] [ROUTE] Controller=\App\Modules\Support\Controllers\SupportController Method=index

[1 occurrence(s)]
DEBUG --> [REQ_ID=062638602b4c] [LIFECYCLE][START] GET https://www.mymiwallet.com/index.php/Support

[1 occurrence(s)]
DEBUG --> [CSRF] token name=csrf_test_name hash=6be414604397f3ee3e3475fade1809ea

[1 occurrence(s)]
DEBUG --> [REQ_ID=5bcd84e5e1dc] [INIT] App\Modules\Support\Controllers\SupportController::GET

[1 occurrence(s)]
DEBUG --> [REQ_ID=5bcd84e5e1dc] [METHOD_ENTRY] index

[1 occurrence(s)]
DEBUG --> [REQ_ID=5bcd84e5e1dc] [VIEW_RENDER] SupportModule\Views\Support\index

[1 occurrence(s)]
DEBUG --> [REQ_ID=062638602b4c] [FILTER_AFTER]

[1 occurrence(s)]
DEBUG --> [REQ_ID=062638602b4c] [LIFECYCLE][END] status=200 duration_ms=198.80 memory_delta=0

[1 occurrence(s)]
DEBUG --> [REQ_ID=062638602b4c] [REQUEST][END]

[1 occurrence(s)]
DEBUG --> [REQ_ID=275ceb51666f] [REQUEST][START] GET /

[1 occurrence(s)]
DEBUG --> [REQ_ID=275ceb51666f] [FILTER_BEFORE] /

[1 occurrence(s)]
DEBUG --> [REQ_ID=275ceb51666f] [ROUTE] Controller=\App\Controllers\Home Method=index

[1 occurrence(s)]
DEBUG --> [REQ_ID=275ceb51666f] [LIFECYCLE][START] GET https://www.mymiwallet.com/index.php/

[1 occurrence(s)]
DEBUG --> [CSRF] token name=csrf_test_name hash=790ffd4543eb4d9d348d4a8d309b56a3

[1 occurrence(s)]
DEBUG --> [REQ_ID=56d28066f46e] [INIT] App\Controllers\Home::GET

[1 occurrence(s)]
DEBUG --> [REQ_ID=56d28066f46e] [VIEW_RENDER] themes/public/home

[1 occurrence(s)]
DEBUG --> [REQ_ID=275ceb51666f] [FILTER_AFTER]

[1 occurrence(s)]
DEBUG --> [REQ_ID=275ceb51666f] [LIFECYCLE][END] status=200 duration_ms=579.31 memory_delta=6291456

[1 occurrence(s)]
DEBUG --> [REQ_ID=275ceb51666f] [REQUEST][END]

[1 occurrence(s)]
DEBUG --> [REQ_ID=cb5d8728ca5a] [REQUEST][START] GET /index.php/Premium-Features/Due-Diligence-Database

[1 occurrence(s)]
DEBUG --> [REQ_ID=cb5d8728ca5a] [REQUEST][END]

[1 occurrence(s)]
DEBUG --> [REQ_ID=a827c773312c] [REQUEST][START] GET /index.php/API/Management/Run-CRON-Tasks

[1 occurrence(s)]
DEBUG --> [REQ_ID=a827c773312c] [FILTER_BEFORE] /index.php/API/Management/Run-CRON-Tasks

[1 occurrence(s)]
DEBUG --> [REQ_ID=a827c773312c] [ROUTE] Controller=\App\Modules\APIs\Controllers\ManagementAPIController Method=Run_CRON_Tasks

[1 occurrence(s)]
DEBUG --> [REQ_ID=a827c773312c] [LIFECYCLE][START] GET https://www.mymiwallet.com/index.php/API/Management/Run-CRON-Tasks

[1 occurrence(s)]
DEBUG --> [REQ_ID=a827c773312c] [REQUEST][END]

[1 occurrence(s)]
DEBUG --> [REQ_ID=d9a994568ff6] [REQUEST][START] GET /

[1 occurrence(s)]
DEBUG --> [REQ_ID=d9a994568ff6] [FILTER_BEFORE] /

[1 occurrence(s)]
DEBUG --> [REQ_ID=d9a994568ff6] [ROUTE] Controller=\App\Controllers\Home Method=index

[1 occurrence(s)]
DEBUG --> [REQ_ID=d9a994568ff6] [LIFECYCLE][START] GET https://www.mymiwallet.com/index.php/

[1 occurrence(s)]
DEBUG --> [CSRF] token name=csrf_test_name hash=ca2373da63b22e18c8334ec49c25fb01

[1 occurrence(s)]
DEBUG --> [REQ_ID=a69e1a6379f5] [INIT] App\Controllers\Home::GET

[1 occurrence(s)]
DEBUG --> [REQ_ID=a69e1a6379f5] [VIEW_RENDER] themes/public/home

[1 occurrence(s)]
DEBUG --> [REQ_ID=d9a994568ff6] [FILTER_AFTER]

[1 occurrence(s)]
DEBUG --> [REQ_ID=d9a994568ff6] [LIFECYCLE][END] status=200 duration_ms=820.26 memory_delta=6291456

[1 occurrence(s)]
DEBUG --> [REQ_ID=d9a994568ff6] [REQUEST][END]

[1 occurrence(s)]
DEBUG --> [REQ_ID=fdde85dff306] [REQUEST][START] GET /

[1 occurrence(s)]
DEBUG --> [REQ_ID=fdde85dff306] [FILTER_BEFORE] /

[1 occurrence(s)]
DEBUG --> [REQ_ID=fdde85dff306] [ROUTE] Controller=\App\Controllers\Home Method=index

[1 occurrence(s)]
DEBUG --> [REQ_ID=fdde85dff306] [LIFECYCLE][START] GET https://www.mymiwallet.com/index.php/

[1 occurrence(s)]
DEBUG --> [CSRF] token name=csrf_test_name hash=083730b3e734da7518e4e1b9fad0285b

[1 occurrence(s)]
DEBUG --> [REQ_ID=590c6cefc066] [INIT] App\Controllers\Home::GET

[1 occurrence(s)]
DEBUG --> [REQ_ID=590c6cefc066] [VIEW_RENDER] themes/public/home

[1 occurrence(s)]
DEBUG --> [REQ_ID=fdde85dff306] [FILTER_AFTER]

[1 occurrence(s)]
DEBUG --> [REQ_ID=fdde85dff306] [LIFECYCLE][END] status=200 duration_ms=548.87 memory_delta=2097152

[1 occurrence(s)]
DEBUG --> [REQ_ID=fdde85dff306] [REQUEST][END]

[1 occurrence(s)]
DEBUG --> [REQ_ID=ccc1922e1693] [REQUEST][START] GET /

[1 occurrence(s)]
DEBUG --> [REQ_ID=ccc1922e1693] [FILTER_BEFORE] /

[1 occurrence(s)]
DEBUG --> [REQ_ID=ccc1922e1693] [ROUTE] Controller=\App\Controllers\Home Method=index

[1 occurrence(s)]
DEBUG --> [REQ_ID=ccc1922e1693] [LIFECYCLE][START] GET https://www.mymiwallet.com/index.php/

[1 occurrence(s)]
DEBUG --> [CSRF] token name=csrf_test_name hash=f7c40eb64b3c807998a148594fe39d90

[1 occurrence(s)]
DEBUG --> [REQ_ID=9f899cb70da6] [INIT] App\Controllers\Home::GET

[1 occurrence(s)]
DEBUG --> [REQ_ID=9f899cb70da6] [VIEW_RENDER] themes/public/home

[1 occurrence(s)]
DEBUG --> [REQ_ID=ccc1922e1693] [FILTER_AFTER]

[1 occurrence(s)]
DEBUG --> [REQ_ID=ccc1922e1693] [LIFECYCLE][END] status=200 duration_ms=673.25 memory_delta=2097152

[1 occurrence(s)]
DEBUG --> [REQ_ID=ccc1922e1693] [REQUEST][END]

[1 occurrence(s)]
DEBUG --> [REQ_ID=f0c96c938280] [REQUEST][START] GET /

[1 occurrence(s)]
DEBUG --> [REQ_ID=f0c96c938280] [FILTER_BEFORE] /

[1 occurrence(s)]
DEBUG --> [REQ_ID=f0c96c938280] [ROUTE] Controller=\App\Controllers\Home Method=index

[1 occurrence(s)]
DEBUG --> [REQ_ID=f0c96c938280] [LIFECYCLE][START] GET https://www.mymiwallet.com/index.php/

[1 occurrence(s)]
DEBUG --> [CSRF] token name=csrf_test_name hash=4cecbd4c2e79e6d9a8700d27cf5c8030

[1 occurrence(s)]
DEBUG --> [REQ_ID=015682565357] [INIT] App\Controllers\Home::GET

[1 occurrence(s)]
DEBUG --> [REQ_ID=015682565357] [VIEW_RENDER] themes/public/home

[1 occurrence(s)]
DEBUG --> [REQ_ID=f0c96c938280] [FILTER_AFTER]

[1 occurrence(s)]
DEBUG --> [REQ_ID=f0c96c938280] [LIFECYCLE][END] status=200 duration_ms=565.74 memory_delta=2097152

[1 occurrence(s)]
DEBUG --> [REQ_ID=f0c96c938280] [REQUEST][END]

[1 occurrence(s)]
DEBUG --> [REQ_ID=35624da47fcb] [REQUEST][START] GET /

[1 occurrence(s)]
DEBUG --> [REQ_ID=35624da47fcb] [FILTER_BEFORE] /

[1 occurrence(s)]
DEBUG --> [REQ_ID=35624da47fcb] [ROUTE] Controller=\App\Controllers\Home Method=index

[1 occurrence(s)]
DEBUG --> [REQ_ID=35624da47fcb] [LIFECYCLE][START] GET https://www.mymiwallet.com/index.php/

[1 occurrence(s)]
DEBUG --> [CSRF] token name=csrf_test_name hash=e9203a43e73fd1f640e955ecc85de787

[1 occurrence(s)]
DEBUG --> [REQ_ID=d62e1e05988e] [INIT] App\Controllers\Home::GET

[1 occurrence(s)]
DEBUG --> [REQ_ID=d62e1e05988e] [VIEW_RENDER] themes/public/home

[1 occurrence(s)]
DEBUG --> [REQ_ID=35624da47fcb] [FILTER_AFTER]

[1 occurrence(s)]
DEBUG --> [REQ_ID=35624da47fcb] [LIFECYCLE][END] status=200 duration_ms=630.85 memory_delta=2097152

[1 occurrence(s)]
DEBUG --> [REQ_ID=35624da47fcb] [REQUEST][END]

[1 occurrence(s)]
DEBUG --> [REQ_ID=c660eb9548ee] [REQUEST][START] GET /

[1 occurrence(s)]
DEBUG --> [REQ_ID=c660eb9548ee] [FILTER_BEFORE] /

[1 occurrence(s)]
DEBUG --> [REQ_ID=c660eb9548ee] [ROUTE] Controller=\App\Controllers\Home Method=index

[1 occurrence(s)]
DEBUG --> [REQ_ID=c660eb9548ee] [LIFECYCLE][START] GET https://www.mymiwallet.com/index.php/

[1 occurrence(s)]
DEBUG --> [CSRF] token name=csrf_test_name hash=3f3c6f00bab7367c0a2f5406f76da0d2

[1 occurrence(s)]
DEBUG --> [REQ_ID=c6dccae660ca] [INIT] App\Controllers\Home::GET

[1 occurrence(s)]
DEBUG --> [REQ_ID=c6dccae660ca] [VIEW_RENDER] themes/public/home

[1 occurrence(s)]
DEBUG --> [REQ_ID=c660eb9548ee] [FILTER_AFTER]

[1 occurrence(s)]
DEBUG --> [REQ_ID=c660eb9548ee] [LIFECYCLE][END] status=200 duration_ms=623.58 memory_delta=6291456

[1 occurrence(s)]
DEBUG --> [REQ_ID=c660eb9548ee] [REQUEST][END]

[1 occurrence(s)]
DEBUG --> [REQ_ID=b027a1dbffca] [REQUEST][START] GET /index.php/How-It-Works

[1 occurrence(s)]
DEBUG --> [REQ_ID=b027a1dbffca] [FILTER_BEFORE] /index.php/How-It-Works

[1 occurrence(s)]
DEBUG --> [REQ_ID=b027a1dbffca] [ROUTE] Controller=\App\Modules\Blog\Controllers\HowItWorksController Method=index

[1 occurrence(s)]
DEBUG --> [REQ_ID=b027a1dbffca] [LIFECYCLE][START] GET https://www.mymiwallet.com/index.php/How-It-Works

[1 occurrence(s)]
DEBUG --> [CSRF] token name=csrf_test_name hash=51c27f3d4d2bfcb244345a5ac8a6b5c2

[1 occurrence(s)]
DEBUG --> [REQ_ID=865bcf989ca6] [INIT] App\Modules\Blog\Controllers\HowItWorksController::GET

[1 occurrence(s)]
DEBUG --> [REQ_ID=865bcf989ca6] [METHOD_ENTRY] index

[1 occurrence(s)]
DEBUG --> [HOW_IT_WORKS] slug=overview

[1 occurrence(s)]
DEBUG --> [MetaService] slug=how-it-works pageName= cacheHit= path=DB

[1 occurrence(s)]
DEBUG --> [REQ_ID=b027a1dbffca] [FILTER_AFTER]

[1 occurrence(s)]
DEBUG --> [REQ_ID=b027a1dbffca] [LIFECYCLE][END] status=200 duration_ms=741.96 memory_delta=6291456

[1 occurrence(s)]
DEBUG --> [REQ_ID=b027a1dbffca] [REQUEST][END]

[1 occurrence(s)]
DEBUG --> [REQ_ID=d792c9737eec] [REQUEST][START] GET /index.php/API/Alerts/fetchEmailAlerts

[1 occurrence(s)]
DEBUG --> [REQ_ID=d792c9737eec] [FILTER_BEFORE] /index.php/API/Alerts/fetchEmailAlerts

[1 occurrence(s)]
DEBUG --> [REQ_ID=d792c9737eec] [ROUTE] Controller=\App\Modules\APIs\Controllers\AlertsAPIController Method=fetchEmailAlerts

[1 occurrence(s)]
DEBUG --> [REQ_ID=d792c9737eec] [LIFECYCLE][START] GET https://www.mymiwallet.com/index.php/API/Alerts/fetchEmailAlerts

[1 occurrence(s)]
DEBUG --> [REQ_ID=d792c9737eec] [REQUEST][END]

[1 occurrence(s)]
DEBUG --> [REQ_ID=5fffbd676bf6] [REQUEST][START] GET /

[1 occurrence(s)]
DEBUG --> [REQ_ID=5fffbd676bf6] [FILTER_BEFORE] /

[1 occurrence(s)]
DEBUG --> [REQ_ID=5fffbd676bf6] [ROUTE] Controller=\App\Controllers\Home Method=index

[1 occurrence(s)]
DEBUG --> [REQ_ID=5fffbd676bf6] [LIFECYCLE][START] GET https://www.mymiwallet.com/index.php/

[1 occurrence(s)]
DEBUG --> [CSRF] token name=csrf_test_name hash=c375e1b3c372622464a98afe45eeb7eb

[1 occurrence(s)]
DEBUG --> [REQ_ID=e708ff4b8bdb] [INIT] App\Controllers\Home::GET

[1 occurrence(s)]
DEBUG --> [REQ_ID=e708ff4b8bdb] [VIEW_RENDER] themes/public/home

[1 occurrence(s)]
DEBUG --> [REQ_ID=5fffbd676bf6] [FILTER_AFTER]

[1 occurrence(s)]
DEBUG --> [REQ_ID=5fffbd676bf6] [LIFECYCLE][END] status=200 duration_ms=562.34 memory_delta=4194304

[1 occurrence(s)]
DEBUG --> [REQ_ID=5fffbd676bf6] [REQUEST][END]

[1 occurrence(s)]
DEBUG --> [REQ_ID=b0693ecd6b00] [REQUEST][START] GET /index.php/Account/Billing

[1 occurrence(s)]
DEBUG --> [REQ_ID=b0693ecd6b00] [FILTER_BEFORE] /index.php/Account/Billing

[1 occurrence(s)]
DEBUG --> [REQ_ID=b0693ecd6b00] [ROUTE] Controller=\App\Modules\User\Controllers\DashboardController Method=billing

[1 occurrence(s)]
DEBUG --> [REQ_ID=b0693ecd6b00] [LIFECYCLE][START] GET https://www.mymiwallet.com/index.php/Account/Billing

[1 occurrence(s)]
DEBUG --> [CSRF] token name=csrf_test_name hash=f6c1449e95fde04189cf6f943c750b8b

[1 occurrence(s)]
DEBUG --> [REQ_ID=b0693ecd6b00] [REQUEST][END]

[1 occurrence(s)]
DEBUG --> [REQ_ID=a3ae165dd11f] [REQUEST][START] GET /index.php/login

[1 occurrence(s)]
DEBUG --> [REQ_ID=a3ae165dd11f] [FILTER_BEFORE] /index.php/login

[1 occurrence(s)]
DEBUG --> [REQ_ID=a3ae165dd11f] [ROUTE] Controller=\App\Controllers\AuthController Method=login

[1 occurrence(s)]
DEBUG --> [REQ_ID=a3ae165dd11f] [LIFECYCLE][START] GET https://www.mymiwallet.com/index.php/login

[1 occurrence(s)]
DEBUG --> [CSRF] token name=csrf_test_name hash=a01b595f66d48b0f0f5cb0cb0f133d77

[1 occurrence(s)]
DEBUG --> [REQ_ID=a690db1a6ff8] [INIT] App\Controllers\AuthController::GET

[1 occurrence(s)]
DEBUG --> [REQ_ID=a3ae165dd11f] [FILTER_AFTER]

[1 occurrence(s)]
DEBUG --> [REQ_ID=a3ae165dd11f] [LIFECYCLE][END] status=200 duration_ms=52.05 memory_delta=0

[1 occurrence(s)]
DEBUG --> [REQ_ID=a3ae165dd11f] [REQUEST][END]

[1 occurrence(s)]
DEBUG --> [REQ_ID=c295a588cf00] [REQUEST][START] GET /index.php/Blog/Personal-Budgeting/The-Importance-of-Personal-Financial-Budgeting

[1 occurrence(s)]
DEBUG --> [REQ_ID=c295a588cf00] [REQUEST][END]

[1 occurrence(s)]
DEBUG --> [REQ_ID=5d36ba473d63] [REQUEST][START] GET /index.php/Management/API

[1 occurrence(s)]
DEBUG --> [REQ_ID=5d36ba473d63] [FILTER_BEFORE] /index.php/Management/API

[1 occurrence(s)]
DEBUG --> [REQ_ID=5d36ba473d63] [ROUTE] Controller=\App\Modules\Management\Controllers\APIAdminController Method=index

[1 occurrence(s)]
DEBUG --> [REQ_ID=5d36ba473d63] [LIFECYCLE][START] GET https://www.mymiwallet.com/index.php/Management/API

[1 occurrence(s)]
DEBUG --> [CSRF] token name=csrf_test_name hash=e8be1c2baa3a5b2efd4924d04fcc22a9

[1 occurrence(s)]
DEBUG --> [REQ_ID=5d36ba473d63] [REQUEST][END]

[1 occurrence(s)]
DEBUG --> [REQ_ID=57e37b5f54c6] [REQUEST][START] GET /index.php/login

[1 occurrence(s)]
DEBUG --> [REQ_ID=57e37b5f54c6] [FILTER_BEFORE] /index.php/login

[1 occurrence(s)]
DEBUG --> [REQ_ID=57e37b5f54c6] [ROUTE] Controller=\App\Controllers\AuthController Method=login

[1 occurrence(s)]
DEBUG --> [REQ_ID=57e37b5f54c6] [LIFECYCLE][START] GET https://www.mymiwallet.com/index.php/login

[1 occurrence(s)]
DEBUG --> [CSRF] token name=csrf_test_name hash=278b774d3cbec0a8f00d7ff0f76b1721

[1 occurrence(s)]
DEBUG --> [REQ_ID=74cbc5ddba62] [INIT] App\Controllers\AuthController::GET

[1 occurrence(s)]
DEBUG --> [REQ_ID=57e37b5f54c6] [FILTER_AFTER]

[1 occurrence(s)]
DEBUG --> [REQ_ID=57e37b5f54c6] [LIFECYCLE][END] status=200 duration_ms=104.09 memory_delta=0

[1 occurrence(s)]
DEBUG --> [REQ_ID=57e37b5f54c6] [REQUEST][END]

[1 occurrence(s)]
DEBUG --> [REQ_ID=d001b10f8e89] [REQUEST][START] GET /index.php/Management/Wallets

[1 occurrence(s)]
DEBUG --> [REQ_ID=d001b10f8e89] [FILTER_BEFORE] /index.php/Management/Wallets

[1 occurrence(s)]
DEBUG --> [REQ_ID=d001b10f8e89] [ROUTE] Controller=\App\Modules\Management\Controllers\WalletsController Method=index

[1 occurrence(s)]
DEBUG --> [REQ_ID=d001b10f8e89] [LIFECYCLE][START] GET https://www.mymiwallet.com/index.php/Management/Wallets

[1 occurrence(s)]
DEBUG --> [CSRF] token name=csrf_test_name hash=0cde6a3f0bf0d72a2412411aa5a1d99f

[1 occurrence(s)]
DEBUG --> [REQ_ID=d001b10f8e89] [REQUEST][END]

[1 occurrence(s)]
DEBUG --> [REQ_ID=23e6feb519ee] [REQUEST][START] GET /index.php/login

[1 occurrence(s)]
DEBUG --> [REQ_ID=23e6feb519ee] [FILTER_BEFORE] /index.php/login

[1 occurrence(s)]
DEBUG --> [REQ_ID=23e6feb519ee] [ROUTE] Controller=\App\Controllers\AuthController Method=login

[1 occurrence(s)]
DEBUG --> [REQ_ID=23e6feb519ee] [LIFECYCLE][START] GET https://www.mymiwallet.com/index.php/login

[1 occurrence(s)]
DEBUG --> [CSRF] token name=csrf_test_name hash=9e4dca629667b61429c4ee9b82df2fb6

[1 occurrence(s)]
DEBUG --> [REQ_ID=1e7e04ff6748] [INIT] App\Controllers\AuthController::GET

[1 occurrence(s)]
DEBUG --> [REQ_ID=23e6feb519ee] [FILTER_AFTER]

[1 occurrence(s)]
DEBUG --> [REQ_ID=23e6feb519ee] [LIFECYCLE][END] status=200 duration_ms=165.35 memory_delta=0

[1 occurrence(s)]
DEBUG --> [REQ_ID=23e6feb519ee] [REQUEST][END]

[1 occurrence(s)]
DEBUG --> [REQ_ID=c4a00dedb267] [REQUEST][START] GET /index.php/API/Management/Run-CRON-Tasks

[1 occurrence(s)]
DEBUG --> [REQ_ID=c4a00dedb267] [FILTER_BEFORE] /index.php/API/Management/Run-CRON-Tasks

[1 occurrence(s)]
DEBUG --> [REQ_ID=c4a00dedb267] [ROUTE] Controller=\App\Modules\APIs\Controllers\ManagementAPIController Method=Run_CRON_Tasks

[1 occurrence(s)]
DEBUG --> [REQ_ID=c4a00dedb267] [LIFECYCLE][START] GET https://www.mymiwallet.com/index.php/API/Management/Run-CRON-Tasks

[1 occurrence(s)]
DEBUG --> [REQ_ID=c4a00dedb267] [REQUEST][END]


---------------------------
LEVEL: INFO
---------------------------

[1 occurrence(s)]
INFO --> [REQ_ID=460e0ce31b02] [PERF] Execution time=0.053393

[1 occurrence(s)]
INFO --> [REQ_ID=e9d16a693f55] [MEMORY][controller-start] 4194304

[1 occurrence(s)]
INFO --> [REQ_ID=e9d16a693f55] [MEMORY][commonData:start] 6291456

[1 occurrence(s)]
INFO --> [REQ_ID=e9d16a693f55] [MEMORY][commonData:start] 8388608

[11 occurrence(s)]
INFO --> themesMemory usage: 8388608

[1 occurrence(s)]
INFO --> [REQ_ID=e9d16a693f55] [PERF] Execution time=0.633018

[1 occurrence(s)]
INFO --> [REQ_ID=40f0d096c94e] [PERF] Execution time=0.644694

[1 occurrence(s)]
INFO --> [REQ_ID=d1c633563aff] [PERF] Execution time=0.200871

[1 occurrence(s)]
INFO --> [REQ_ID=527b648cb34f] [PERF] Execution time=0.038638

[1 occurrence(s)]
INFO --> [REQ_ID=8a229cc50d35] [MEMORY][controller-start] 4194304

[1 occurrence(s)]
INFO --> [REQ_ID=8a229cc50d35] [MEMORY][commonData:start] 6291456

[1 occurrence(s)]
INFO --> [REQ_ID=8a229cc50d35] [PERF] Execution time=0.765136

[1 occurrence(s)]
INFO --> [REQ_ID=96892c943884] [PERF] Execution time=0.803151

[1 occurrence(s)]
INFO --> [REQ_ID=57bff07924fe] [PERF] Execution time=0.084412

[1 occurrence(s)]
INFO --> [REQ_ID=3a37a52f1b14] [MEMORY][controller-start] 4194304

[1 occurrence(s)]
INFO --> [REQ_ID=3a37a52f1b14] [MEMORY][commonData:start] 6291456

[1 occurrence(s)]
INFO --> [REQ_ID=3a37a52f1b14] [MEMORY][commonData:start] 8388608

[1 occurrence(s)]
INFO --> [REQ_ID=3a37a52f1b14] [PERF] Execution time=0.582613

[1 occurrence(s)]
INFO --> [REQ_ID=e35e022cd978] [PERF] Execution time=0.600941

[1 occurrence(s)]
INFO --> [REQ_ID=bc8107d9faae] [PERF] Execution time=0.051621

[1 occurrence(s)]
INFO --> [REQ_ID=561ef7283743] [MEMORY][controller-start] 4194304

[1 occurrence(s)]
INFO --> [REQ_ID=561ef7283743] [PERF] Execution time=0.124527

[1 occurrence(s)]
INFO --> [REQ_ID=be7a2ee17f33] [PERF] Execution time=0.138376

[1 occurrence(s)]
INFO --> [REQ_ID=f783479a5af6] [PERF] Execution time=0.034022

[1 occurrence(s)]
INFO --> [REQ_ID=2b9e5cfda6e9] [MEMORY][controller-start] 4194304

[2 occurrence(s)]
INFO --> [REQ_ID=2b9e5cfda6e9] [MEMORY][commonData:start] 8388608

[1 occurrence(s)]
INFO --> Premium entitlement guest: user_id= route=/index.php/Preview/Alert/IMNN feature= tier=free status=free allowed=yes reason=Guest access allowed for this feature.

[1 occurrence(s)]
INFO --> AlertsModel L404 - Alert updated successfully for ID 9368: Array

[1 occurrence(s)]
INFO --> 🔄 Trying AlphaVantage for IMNN...

[1 occurrence(s)]
INFO --> ✅ Alert snapshot inserted for IMNN with trade_id 9368

[1 occurrence(s)]
INFO --> [REQ_ID=2b9e5cfda6e9] [PERF] Execution time=0.814467

[1 occurrence(s)]
INFO --> [REQ_ID=872ef0dcb6b1] [PERF] Execution time=0.855842

[1 occurrence(s)]
INFO --> [REQ_ID=636c5f50ac59] [PERF] Execution time=0.050525

[1 occurrence(s)]
INFO --> [REQ_ID=8d4490c129c7] [PERF] Execution time=0.033343

[1 occurrence(s)]
INFO --> [REQ_ID=519bc856cfb6] [PERF] Execution time=0.043319

[1 occurrence(s)]
INFO --> REDIRECTED ROUTE at https://www.mymiwallet.com/Investments/Trade-Tracker

[1 occurrence(s)]
INFO --> [REQ_ID=b14b388ffb06] [PERF] Execution time=0.039524

[1 occurrence(s)]
INFO --> [REQ_ID=0c07b0255c47] [MEMORY][controller-start] 4194304

[1 occurrence(s)]
INFO --> [REQ_ID=0c07b0255c47] [MEMORY][commonData:start] 6291456

[1 occurrence(s)]
INFO --> [REQ_ID=0c07b0255c47] [MEMORY][commonData:start] 10485760

[11 occurrence(s)]
INFO --> themesMemory usage: 10485760

[1 occurrence(s)]
INFO --> [REQ_ID=0c07b0255c47] [PERF] Execution time=0.656623

[1 occurrence(s)]
INFO --> [REQ_ID=6873fba8f66e] [PERF] Execution time=0.693124

[1 occurrence(s)]
INFO --> [REQ_ID=530ae76b08d8] [PERF] Execution time=0.017372

[1 occurrence(s)]
INFO --> [REQ_ID=f0e54ef7709b] [MEMORY][controller-start] 4194304

[1 occurrence(s)]
INFO --> [REQ_ID=f0e54ef7709b] [PERF] Execution time=0.102361

[1 occurrence(s)]
INFO --> [REQ_ID=36237abaf4a6] [PERF] Execution time=0.114867

[1 occurrence(s)]
INFO --> [REQ_ID=fe6bb65446c6] [PERF] Execution time=0.304159

[1 occurrence(s)]
INFO --> [REQ_ID=b83f76ed2dec] [PERF] Execution time=0.020789

[1 occurrence(s)]
INFO --> [REQ_ID=027983f48c5b] [PERF] Execution time=0.013393

[1 occurrence(s)]
INFO --> [REQ_ID=0e1037375b89] [MEMORY][controller-start] 4194304

[1 occurrence(s)]
INFO --> [REQ_ID=0e1037375b89] [MEMORY][commonData:start] 6291456

[1 occurrence(s)]
INFO --> [REQ_ID=0e1037375b89] [PERF] Execution time=0.735582

[1 occurrence(s)]
INFO --> [REQ_ID=7b3541505164] [PERF] Execution time=0.773635

[1 occurrence(s)]
INFO --> [REQ_ID=e3e464b72e48] [PERF] Execution time=0.046299

[1 occurrence(s)]
INFO --> [REQ_ID=5bb7fa661d2c] [PERF] Execution time=0.056132

[1 occurrence(s)]
INFO --> [REQ_ID=f9381e8dfa8f] [MEMORY][controller-start] 4194304

[1 occurrence(s)]
INFO --> [REQ_ID=f9381e8dfa8f] [PERF] Execution time=0.074493

[1 occurrence(s)]
INFO --> [REQ_ID=00aaf18053a8] [PERF] Execution time=0.087242

[1 occurrence(s)]
INFO --> [REQ_ID=d33986e213b8] [MEMORY][controller-start] 4194304

[1 occurrence(s)]
INFO --> [REQ_ID=d33986e213b8] [MEMORY][commonData:start] 6291456

[1 occurrence(s)]
INFO --> [REQ_ID=d33986e213b8] [PERF] Execution time=0.681215

[1 occurrence(s)]
INFO --> [REQ_ID=0f5e975b43a7] [PERF] Execution time=0.719817

[1 occurrence(s)]
INFO --> [REQ_ID=5cf5639e5739] [PERF] Execution time=0.021825

[1 occurrence(s)]
INFO --> [REQ_ID=9c5cea8a3952] [PERF] Execution time=0.039656

[1 occurrence(s)]
INFO --> [REQ_ID=291549f1b17c] [PERF] Execution time=0.017137

[1 occurrence(s)]
INFO --> [REQ_ID=17983a4aa9c4] [MEMORY][controller-start] 4194304

[1 occurrence(s)]
INFO --> [REQ_ID=17983a4aa9c4] [PERF] Execution time=0.039895

[1 occurrence(s)]
INFO --> [REQ_ID=a2b6f142bd38] [PERF] Execution time=0.054490

[1 occurrence(s)]
INFO --> REDIRECTED ROUTE at https://www.mymiwallet.com/Budget/Account-Manager

[1 occurrence(s)]
INFO --> [REQ_ID=217bcec297b6] [PERF] Execution time=0.037592

[1 occurrence(s)]
INFO --> [REQ_ID=e91981c37de8] [PERF] Execution time=0.042215

[1 occurrence(s)]
INFO --> [REQ_ID=a32f7dfae789] [PERF] Execution time=0.035239

[1 occurrence(s)]
INFO --> [REQ_ID=7cb30097fc16] [PERF] Execution time=0.020765

[1 occurrence(s)]
INFO --> [REQ_ID=759f826792ff] [MEMORY][controller-start] 4194304

[1 occurrence(s)]
INFO --> [REQ_ID=759f826792ff] [PERF] Execution time=0.117427

[1 occurrence(s)]
INFO --> [REQ_ID=71bf741596c8] [PERF] Execution time=0.129993

[1 occurrence(s)]
INFO --> [REQ_ID=e3b22956c365] [PERF] Execution time=0.010563

[1 occurrence(s)]
INFO --> [REQ_ID=61edfdffa0cc] [MEMORY][controller-start] 4194304

[1 occurrence(s)]
INFO --> [REQ_ID=61edfdffa0cc] [PERF] Execution time=0.090213

[1 occurrence(s)]
INFO --> [REQ_ID=ded9a7f68436] [PERF] Execution time=0.098917

[1 occurrence(s)]
INFO --> [REQ_ID=5e7d7cc6748e] [PERF] Execution time=0.051470

[1 occurrence(s)]
INFO --> [REQ_ID=848e320cf230] [MEMORY][controller-start] 4194304

[1 occurrence(s)]
INFO --> [REQ_ID=848e320cf230] [PERF] Execution time=0.068524

[1 occurrence(s)]
INFO --> [REQ_ID=60e929804c53] [PERF] Execution time=0.081382

[1 occurrence(s)]
INFO --> [REQ_ID=7adde5f0066c] [MEMORY][controller-start] 4194304

[1 occurrence(s)]
INFO --> [REQ_ID=7adde5f0066c] [MEMORY][commonData:start] 6291456

[1 occurrence(s)]
INFO --> [REQ_ID=7adde5f0066c] [PERF] Execution time=0.739179

[1 occurrence(s)]
INFO --> [REQ_ID=5289b65a3fd4] [PERF] Execution time=0.749885

[1 occurrence(s)]
INFO --> [REQ_ID=fa910506c2da] [PERF] Execution time=0.050697

[1 occurrence(s)]
INFO --> [REQ_ID=dfd176b344da] [MEMORY][controller-start] 4194304

[1 occurrence(s)]
INFO --> [REQ_ID=dfd176b344da] [PERF] Execution time=0.034426

[1 occurrence(s)]
INFO --> [REQ_ID=57dcd815f107] [PERF] Execution time=0.046401

[1 occurrence(s)]
INFO --> [REQ_ID=e1fdb64cd4ec] [PERF] Execution time=0.012241

[1 occurrence(s)]
INFO --> [REQ_ID=7ea0717b2d3b] [MEMORY][controller-start] 4194304

[1 occurrence(s)]
INFO --> [REQ_ID=7ea0717b2d3b] [PERF] Execution time=0.315222

[1 occurrence(s)]
INFO --> [REQ_ID=f05577c6d57e] [PERF] Execution time=0.326010

[1 occurrence(s)]
INFO --> [REQ_ID=1198faf2965d] [PERF] Execution time=0.035410

[1 occurrence(s)]
INFO --> [REQ_ID=e09578720d8c] [PERF] Execution time=0.019475

[1 occurrence(s)]
INFO --> [REQ_ID=5e047c39f987] [MEMORY][controller-start] 4194304

[1 occurrence(s)]
INFO --> [REQ_ID=5e047c39f987] [PERF] Execution time=0.054411

[1 occurrence(s)]
INFO --> [REQ_ID=309b6a0bd1e0] [PERF] Execution time=0.068905

[1 occurrence(s)]
INFO --> [REQ_ID=17f1258affff] [PERF] Execution time=0.011967

[1 occurrence(s)]
INFO --> [REQ_ID=582f070a26a5] [MEMORY][controller-start] 4194304

[1 occurrence(s)]
INFO --> [REQ_ID=582f070a26a5] [PERF] Execution time=0.159427

[1 occurrence(s)]
INFO --> [REQ_ID=3b4954185c4c] [PERF] Execution time=0.169073

[1 occurrence(s)]
INFO --> [REQ_ID=cdacfcbd611b] [MEMORY][controller-start] 4194304

[1 occurrence(s)]
INFO --> [REQ_ID=cdacfcbd611b] [MEMORY][commonData:start] 6291456

[1 occurrence(s)]
INFO --> [REQ_ID=cdacfcbd611b] [PERF] Execution time=0.630662

[1 occurrence(s)]
INFO --> [REQ_ID=649bb469b718] [PERF] Execution time=0.641432

[1 occurrence(s)]
INFO --> [REQ_ID=50fafddf6455] [PERF] Execution time=0.054695

[1 occurrence(s)]
INFO --> [REQ_ID=dc0c85f55abb] [PERF] Execution time=0.036911

[1 occurrence(s)]
INFO --> [REQ_ID=efc97e0798e6] [PERF] Execution time=0.044310

[1 occurrence(s)]
INFO --> [REQ_ID=cc4820827772] [MEMORY][controller-start] 4194304

[1 occurrence(s)]
INFO --> [REQ_ID=cc4820827772] [MEMORY][commonData:start] 6291456

[1 occurrence(s)]
INFO --> [REQ_ID=cc4820827772] [MEMORY][commonData:start] 10485760

[1 occurrence(s)]
INFO --> [REQ_ID=cc4820827772] [PERF] Execution time=0.699707

[1 occurrence(s)]
INFO --> [REQ_ID=1f0a05bcbff6] [PERF] Execution time=0.737159

[1 occurrence(s)]
INFO --> [REQ_ID=28c80c0207b7] [PERF] Execution time=0.055702

[1 occurrence(s)]
INFO --> [REQ_ID=472ee9ac8c6a] [PERF] Execution time=0.010313

[1 occurrence(s)]
INFO --> [REQ_ID=a24908f6ac33] [MEMORY][controller-start] 4194304

[1 occurrence(s)]
INFO --> [REQ_ID=a24908f6ac33] [MEMORY][commonData:start] 6291456

[1 occurrence(s)]
INFO --> [REQ_ID=a24908f6ac33] [MEMORY][commonData:start] 8388608

[1 occurrence(s)]
INFO --> [REQ_ID=a24908f6ac33] [PERF] Execution time=0.765675

[1 occurrence(s)]
INFO --> [REQ_ID=6c40106c0077] [PERF] Execution time=0.780290

[1 occurrence(s)]
INFO --> [REQ_ID=b62de4a4398e] [MEMORY][controller-start] 4194304

[1 occurrence(s)]
INFO --> [REQ_ID=b62de4a4398e] [MEMORY][commonData:start] 6291456

[1 occurrence(s)]
INFO --> [REQ_ID=b62de4a4398e] [MEMORY][commonData:start] 10485760

[1 occurrence(s)]
INFO --> [REQ_ID=b62de4a4398e] [PERF] Execution time=0.717828

[1 occurrence(s)]
INFO --> [REQ_ID=d64cdd296e8d] [PERF] Execution time=0.759585

[1 occurrence(s)]
INFO --> [REQ_ID=9332861bb7f6] [PERF] Execution time=0.050968

[1 occurrence(s)]
INFO --> [REQ_ID=03e9f07f7f3e] [MEMORY][controller-start] 4194304

[1 occurrence(s)]
INFO --> [REQ_ID=03e9f07f7f3e] [PERF] Execution time=0.061292

[1 occurrence(s)]
INFO --> [REQ_ID=e6d29202bccd] [PERF] Execution time=0.075011

[1 occurrence(s)]
INFO --> [REQ_ID=9291962a-c426-400e-83b6-f9eaab50d1c3] [PERF] Execution time=0.010772

[1 occurrence(s)]
INFO --> [REQ_ID=e446dedc21eb] [PERF] Execution time=0.045969

[1 occurrence(s)]
INFO --> [REQ_ID=d55b55c4784b] [MEMORY][controller-start] 4194304

[1 occurrence(s)]
INFO --> [REQ_ID=d55b55c4784b] [MEMORY][commonData:start] 6291456

[1 occurrence(s)]
INFO --> [REQ_ID=d55b55c4784b] [MEMORY][commonData:start] 8388608

[1 occurrence(s)]
INFO --> [REQ_ID=d55b55c4784b] [PERF] Execution time=0.631970

[1 occurrence(s)]
INFO --> [REQ_ID=adc0f9a89346] [PERF] Execution time=0.645116

[1 occurrence(s)]
INFO --> [REQ_ID=93e04ccd3a15] [PERF] Execution time=0.018577

[1 occurrence(s)]
INFO --> [REQ_ID=0f461db03083] [MEMORY][controller-start] 4194304

[1 occurrence(s)]
INFO --> [REQ_ID=0f461db03083] [PERF] Execution time=0.413559

[1 occurrence(s)]
INFO --> [REQ_ID=aa6c55ee2155] [PERF] Execution time=0.429688

[1 occurrence(s)]
INFO --> [REQ_ID=65953023d0e0] [PERF] Execution time=0.008786

[1 occurrence(s)]
INFO --> [REQ_ID=375338f21b7c] [MEMORY][controller-start] 4194304

[1 occurrence(s)]
INFO --> [REQ_ID=375338f21b7c] [MEMORY][commonData:start] 6291456

[1 occurrence(s)]
INFO --> [REQ_ID=375338f21b7c] [MEMORY][commonData:start] 10485760

[1 occurrence(s)]
INFO --> [REQ_ID=375338f21b7c] [PERF] Execution time=0.686918

[1 occurrence(s)]
INFO --> [REQ_ID=1de588b96bee] [PERF] Execution time=0.724272

[1 occurrence(s)]
INFO --> [REQ_ID=6d81ae7543a4] [PERF] Execution time=0.053306

[1 occurrence(s)]
INFO --> [REQ_ID=bb6ede6c2e99] [MEMORY][controller-start] 4194304

[1 occurrence(s)]
INFO --> [REQ_ID=bb6ede6c2e99] [PERF] Execution time=0.062074

[1 occurrence(s)]
INFO --> [REQ_ID=680f695edd21] [PERF] Execution time=0.075155

[1 occurrence(s)]
INFO --> [REQ_ID=2d4756e840dc] [MEMORY][controller-start] 4194304

[1 occurrence(s)]
INFO --> [REQ_ID=2d4756e840dc] [MEMORY][commonData:start] 6291456

[1 occurrence(s)]
INFO --> [REQ_ID=2d4756e840dc] [MEMORY][commonData:start] 10485760

[1 occurrence(s)]
INFO --> [REQ_ID=2d4756e840dc] [PERF] Execution time=0.699721

[1 occurrence(s)]
INFO --> [REQ_ID=f619328973eb] [PERF] Execution time=0.740693

[1 occurrence(s)]
INFO --> [REQ_ID=e8af3a658cf4] [MEMORY][controller-start] 6291456

[1 occurrence(s)]
INFO --> [REQ_ID=e8af3a658cf4] [MEMORY][commonData:start] 6291456

[1 occurrence(s)]
INFO --> [REQ_ID=e8af3a658cf4] [PERF] Execution time=0.584308

[1 occurrence(s)]
INFO --> [REQ_ID=7f6d3128df70] [PERF] Execution time=0.598598

[2 occurrence(s)]
INFO --> REDIRECTED ROUTE at https://www.mymiwallet.com/Features/Brokerage-Integrations

[1 occurrence(s)]
INFO --> [REQ_ID=d769ae7e437e] [PERF] Execution time=0.038258

[1 occurrence(s)]
INFO --> [REQ_ID=3e3ded7f8dbc] [PERF] Execution time=0.053553

[1 occurrence(s)]
INFO --> [REQ_ID=aafeafa1110e] [PERF] Execution time=0.036305

[1 occurrence(s)]
INFO --> [REQ_ID=efb6e7e65df8] [PERF] Execution time=0.042929

[1 occurrence(s)]
INFO --> [REQ_ID=d064e2e187d7] [MEMORY][controller-start] 4194304

[1 occurrence(s)]
INFO --> [REQ_ID=d064e2e187d7] [MEMORY][commonData:start] 6291456

[1 occurrence(s)]
INFO --> [REQ_ID=d064e2e187d7] [MEMORY][commonData:start] 8388608

[1 occurrence(s)]
INFO --> [REQ_ID=d064e2e187d7] [PERF] Execution time=0.627360

[1 occurrence(s)]
INFO --> [REQ_ID=418fb25d3d1d] [PERF] Execution time=0.640506

[1 occurrence(s)]
INFO --> [REQ_ID=3ee6832ee693] [PERF] Execution time=0.058284

[1 occurrence(s)]
INFO --> [REQ_ID=479df4444636] [MEMORY][controller-start] 4194304

[1 occurrence(s)]
INFO --> [REQ_ID=479df4444636] [PERF] Execution time=0.106552

[1 occurrence(s)]
INFO --> [REQ_ID=8f239f6bf703] [PERF] Execution time=0.120413

[1 occurrence(s)]
INFO --> [REQ_ID=02b0d9f59eca] [MEMORY][controller-start] 4194304

[1 occurrence(s)]
INFO --> [REQ_ID=02b0d9f59eca] [MEMORY][commonData:start] 6291456

[1 occurrence(s)]
INFO --> [REQ_ID=02b0d9f59eca] [MEMORY][commonData:start] 10485760

[1 occurrence(s)]
INFO --> [REQ_ID=02b0d9f59eca] [PERF] Execution time=0.695451

[1 occurrence(s)]
INFO --> [REQ_ID=515eab34e7c3] [PERF] Execution time=0.733662

[1 occurrence(s)]
INFO --> [REQ_ID=4fcb2ee05906] [MEMORY][controller-start] 6291456

[1 occurrence(s)]
INFO --> [REQ_ID=4fcb2ee05906] [MEMORY][commonData:start] 6291456

[1 occurrence(s)]
INFO --> [REQ_ID=4fcb2ee05906] [PERF] Execution time=0.589519

[1 occurrence(s)]
INFO --> [REQ_ID=d17ebafea86f] [PERF] Execution time=0.600788

[1 occurrence(s)]
INFO --> [REQ_ID=5bcd84e5e1dc] [MEMORY][controller-start] 6291456

[2 occurrence(s)]
INFO --> [REQ_ID=5bcd84e5e1dc] [MEMORY][commonData:start] 6291456

[1 occurrence(s)]
INFO --> themesMemory usage: 6291456

[1 occurrence(s)]
INFO --> [REQ_ID=5bcd84e5e1dc] [PERF] Execution time=0.198848

[1 occurrence(s)]
INFO --> [REQ_ID=062638602b4c] [PERF] Execution time=0.211852

[1 occurrence(s)]
INFO --> [REQ_ID=56d28066f46e] [MEMORY][controller-start] 4194304

[1 occurrence(s)]
INFO --> [REQ_ID=56d28066f46e] [MEMORY][commonData:start] 6291456

[1 occurrence(s)]
INFO --> [REQ_ID=56d28066f46e] [MEMORY][commonData:start] 10485760

[1 occurrence(s)]
INFO --> [REQ_ID=56d28066f46e] [PERF] Execution time=0.583364

[1 occurrence(s)]
INFO --> [REQ_ID=275ceb51666f] [PERF] Execution time=0.620947

[1 occurrence(s)]
INFO --> [REQ_ID=cb5d8728ca5a] [PERF] Execution time=0.036678

[1 occurrence(s)]
INFO --> [REQ_ID=a827c773312c] [PERF] Execution time=0.059974

[1 occurrence(s)]
INFO --> [REQ_ID=a69e1a6379f5] [MEMORY][controller-start] 4194304

[1 occurrence(s)]
INFO --> [REQ_ID=a69e1a6379f5] [MEMORY][commonData:start] 6291456

[1 occurrence(s)]
INFO --> [REQ_ID=a69e1a6379f5] [MEMORY][commonData:start] 10485760

[1 occurrence(s)]
INFO --> [REQ_ID=a69e1a6379f5] [PERF] Execution time=0.821923

[1 occurrence(s)]
INFO --> [REQ_ID=d9a994568ff6] [PERF] Execution time=0.858774

[1 occurrence(s)]
INFO --> [REQ_ID=590c6cefc066] [MEMORY][controller-start] 6291456

[1 occurrence(s)]
INFO --> [REQ_ID=590c6cefc066] [MEMORY][commonData:start] 6291456

[1 occurrence(s)]
INFO --> [REQ_ID=590c6cefc066] [MEMORY][commonData:start] 8388608

[1 occurrence(s)]
INFO --> [REQ_ID=590c6cefc066] [PERF] Execution time=0.548846

[1 occurrence(s)]
INFO --> [REQ_ID=fdde85dff306] [PERF] Execution time=0.558888

[1 occurrence(s)]
INFO --> [REQ_ID=9f899cb70da6] [MEMORY][controller-start] 6291456

[1 occurrence(s)]
INFO --> [REQ_ID=9f899cb70da6] [MEMORY][commonData:start] 6291456

[1 occurrence(s)]
INFO --> [REQ_ID=9f899cb70da6] [MEMORY][commonData:start] 8388608

[1 occurrence(s)]
INFO --> [REQ_ID=9f899cb70da6] [PERF] Execution time=0.673570

[1 occurrence(s)]
INFO --> [REQ_ID=ccc1922e1693] [PERF] Execution time=0.683389

[1 occurrence(s)]
INFO --> [REQ_ID=015682565357] [MEMORY][controller-start] 6291456

[1 occurrence(s)]
INFO --> [REQ_ID=015682565357] [MEMORY][commonData:start] 6291456

[1 occurrence(s)]
INFO --> [REQ_ID=015682565357] [MEMORY][commonData:start] 8388608

[1 occurrence(s)]
INFO --> [REQ_ID=015682565357] [PERF] Execution time=0.565790

[1 occurrence(s)]
INFO --> [REQ_ID=f0c96c938280] [PERF] Execution time=0.576746

[1 occurrence(s)]
INFO --> [REQ_ID=d62e1e05988e] [MEMORY][controller-start] 6291456

[1 occurrence(s)]
INFO --> [REQ_ID=d62e1e05988e] [MEMORY][commonData:start] 6291456

[1 occurrence(s)]
INFO --> [REQ_ID=d62e1e05988e] [MEMORY][commonData:start] 8388608

[1 occurrence(s)]
INFO --> [REQ_ID=d62e1e05988e] [PERF] Execution time=0.631045

[1 occurrence(s)]
INFO --> [REQ_ID=35624da47fcb] [PERF] Execution time=0.641829

[1 occurrence(s)]
INFO --> [REQ_ID=c6dccae660ca] [MEMORY][controller-start] 4194304

[1 occurrence(s)]
INFO --> [REQ_ID=c6dccae660ca] [MEMORY][commonData:start] 6291456

[1 occurrence(s)]
INFO --> [REQ_ID=c6dccae660ca] [MEMORY][commonData:start] 10485760

[1 occurrence(s)]
INFO --> [REQ_ID=c6dccae660ca] [PERF] Execution time=0.625286

[1 occurrence(s)]
INFO --> [REQ_ID=c660eb9548ee] [PERF] Execution time=0.663642

[1 occurrence(s)]
INFO --> [REQ_ID=865bcf989ca6] [MEMORY][controller-start] 4194304

[1 occurrence(s)]
INFO --> [REQ_ID=865bcf989ca6] [MEMORY][commonData:start] 6291456

[1 occurrence(s)]
INFO --> [REQ_ID=865bcf989ca6] [PERF] Execution time=0.743420

[1 occurrence(s)]
INFO --> [REQ_ID=b027a1dbffca] [PERF] Execution time=0.782210

[1 occurrence(s)]
INFO --> [REQ_ID=d792c9737eec] [PERF] Execution time=0.018400

[1 occurrence(s)]
INFO --> [REQ_ID=e708ff4b8bdb] [MEMORY][controller-start] 4194304

[1 occurrence(s)]
INFO --> [REQ_ID=e708ff4b8bdb] [MEMORY][commonData:start] 6291456

[1 occurrence(s)]
INFO --> [REQ_ID=e708ff4b8bdb] [MEMORY][commonData:start] 8388608

[1 occurrence(s)]
INFO --> [REQ_ID=e708ff4b8bdb] [PERF] Execution time=0.562839

[1 occurrence(s)]
INFO --> [REQ_ID=5fffbd676bf6] [PERF] Execution time=0.573962

[1 occurrence(s)]
INFO --> [REQ_ID=b0693ecd6b00] [PERF] Execution time=0.050143

[1 occurrence(s)]
INFO --> [REQ_ID=a690db1a6ff8] [MEMORY][controller-start] 4194304

[1 occurrence(s)]
INFO --> [REQ_ID=a690db1a6ff8] [PERF] Execution time=0.055977

[1 occurrence(s)]
INFO --> [REQ_ID=a3ae165dd11f] [PERF] Execution time=0.068946

[1 occurrence(s)]
INFO --> [REQ_ID=c295a588cf00] [PERF] Execution time=0.036272

[1 occurrence(s)]
INFO --> [REQ_ID=5d36ba473d63] [PERF] Execution time=0.017295

[1 occurrence(s)]
INFO --> [REQ_ID=74cbc5ddba62] [MEMORY][controller-start] 4194304

[1 occurrence(s)]
INFO --> [REQ_ID=74cbc5ddba62] [PERF] Execution time=0.107683

[1 occurrence(s)]
INFO --> [REQ_ID=57e37b5f54c6] [PERF] Execution time=0.121152

[1 occurrence(s)]
INFO --> [REQ_ID=d001b10f8e89] [PERF] Execution time=0.046164

[1 occurrence(s)]
INFO --> [REQ_ID=1e7e04ff6748] [MEMORY][controller-start] 4194304

[1 occurrence(s)]
INFO --> [REQ_ID=1e7e04ff6748] [PERF] Execution time=0.168719

[1 occurrence(s)]
INFO --> [REQ_ID=23e6feb519ee] [PERF] Execution time=0.185100

[1 occurrence(s)]
INFO --> [REQ_ID=c4a00dedb267] [PERF] Execution time=0.086201

[1 occurrence(s)]
INFO --> [SPARK_START] App\Commands\AIOps\Run

[3 occurrence(s)]
INFO --> [SPARK_MEMORY] 16777216

[1 occurrence(s)]
INFO --> [spark:aiops:run] Intent

[1 occurrence(s)]
INFO --> [spark:ops:work] Started

[1 occurrence(s)]
INFO --> [SPARK_START] App\Commands\Ops\Work

[1 occurrence(s)]
INFO --> [spark:ops:work] Intent

[1 occurrence(s)]
INFO --> [spark:ops:work] Completed

[1 occurrence(s)]
INFO --> [SPARK_COMPLETE] App\Commands\Ops\Work duration=0.030288

[1 occurrence(s)]
INFO --> [SPARK_MEMORY] 18874368

[1 occurrence(s)]
INFO --> [AIOPS][SPARK][GOVERNANCE][spark:logs:summarize] Started

[1 occurrence(s)]
INFO --> [SPARK_START] App\Commands\Logs\Summarize

[1 occurrence(s)]
INFO --> [spark:logs:summarize] Intent


---------------------------
LEVEL: NOTICE
---------------------------

[1 occurrence(s)]
NOTICE --> [HOW_IT_WORKS] Unknown slug fallback: automated-financial-insights

[1 occurrence(s)]
NOTICE --> [HOW_IT_WORKS] Unknown slug fallback: overview


---------------------------
LEVEL: ERROR
---------------------------

[4 occurrence(s)]
ERROR --> [404_ROUTE]


===============================================
   HERE'S THE NEW STUFF
   (No previous timestamp recorded – nothing treated as new)
===============================================

---- CONFIG LINT ----
✅ Services::cache
✅ Services::responsecache
✅ Services::session
✅ Services::email
✅ Services::logger
✅ Services::validation
✅ Services::renderer
