===============================================
   MyMI Wallet — Log Summary for 2026-02-23
   Auto-generated by logs:summarize command
   Grouped by (LEVEL + message)
===============================================

Last processed up to: 2026-02-23 22:00:03

---------------------------
LEVEL: DEBUG
---------------------------

[440 occurrence(s)]
DEBUG --> Session: Class initialized using 'CodeIgniter\Session\Handlers\FileHandler' driver.

[1 occurrence(s)]
DEBUG --> App\Modules\User\Controllers\AlertsController initController executed

[143 occurrence(s)]
DEBUG --> MyMIUser L52 - initialized (first log).

[168 occurrence(s)]
DEBUG --> MyMICoin: guest context detected; skipping user-specific preload.

[2 occurrence(s)]
DEBUG --> MyMIInvestments: no session user detected; skipping personalized hydration.

[2 occurrence(s)]
DEBUG --> MyMIMarketing: Pscrape library not installed; Google search scraping will use fallback.

[2 occurrence(s)]
DEBUG --> MyMIAlerts: no authenticated user context detected.

[89 occurrence(s)]
DEBUG --> App\Controllers\Home initController executed

[37 occurrence(s)]
DEBUG --> [MetaService] slug= pageName= cacheHit= path=FALLBACK

[1 occurrence(s)]
DEBUG --> LOGGER TEST DEBUG - 00:42:35

[17 occurrence(s)]
DEBUG --> [MetaService] slug= pageName=Home cacheHit= path=DB

[34 occurrence(s)]
DEBUG --> App\Modules\Blog\Controllers\HowItWorksController initController executed

[1 occurrence(s)]
DEBUG --> App\Modules\Management\Controllers\MarketingAdminController initController executed

[1 occurrence(s)]
DEBUG --> MarketingController initialized. Memory: 6291456

[1 occurrence(s)]
DEBUG --> LOGGER TEST DEBUG - 01:22:38

[1 occurrence(s)]
DEBUG --> LOGGER TEST DEBUG - 01:41:30

[66 occurrence(s)]
DEBUG --> [MetaService] slug= pageName=Home cacheHit=1 path=CACHE

[46 occurrence(s)]
DEBUG --> [MetaService] slug= pageName= cacheHit=1 path=CACHE

[1 occurrence(s)]
DEBUG --> LOGGER TEST DEBUG - 01:55:34

[1 occurrence(s)]
DEBUG --> LOG_HEALTHCHECK debug marker=9ebeadcc7e7b

[1 occurrence(s)]
DEBUG --> LOGGER TEST DEBUG - 02:41:55

[1 occurrence(s)]
DEBUG --> LOGGER TEST DEBUG - 03:22:56

[1 occurrence(s)]
DEBUG --> LOGGER TEST DEBUG - 03:50:20

[128 occurrence(s)]
DEBUG --> App\Controllers\AuthController initController executed

[1 occurrence(s)]
DEBUG --> LOG_HEALTHCHECK debug marker=cc36ec4af89a

[1 occurrence(s)]
DEBUG --> LOGGER TEST DEBUG - 04:05:57

[1 occurrence(s)]
DEBUG --> LOGGER TEST DEBUG - 04:13:37

[1 occurrence(s)]
DEBUG --> LOGGER TEST DEBUG - 04:15:07

[1 occurrence(s)]
DEBUG --> LOGGER TEST DEBUG - 04:25:40

[3 occurrence(s)]
DEBUG --> [MetaService] slug=how-it-works pageName= cacheHit= path=DB

[3 occurrence(s)]
DEBUG --> [MetaService] slug=how-it-works pageName= cacheHit=1 path=CACHE

[1 occurrence(s)]
DEBUG --> LOGGER TEST DEBUG - 05:16:10

[1 occurrence(s)]
DEBUG --> Auth attemptLogin() called with login identifier: Kundnani Nicky Gope SCAM NSFX, remember: false

[2 occurrence(s)]
DEBUG --> Auth attemptLogin() called. redirect_url in session: https://www.mymiwallet.com/index.php/How-It-Works/Investment-Dashboard

[2 occurrence(s)]
DEBUG --> Auth credentials normalised for attempt using key "username"

[1 occurrence(s)]
DEBUG --> Auth attempt failed for identifier Kundnani Nicky Gope SCAM NSFX. Error: This user account is not yet activated. <a href="https://www.mymiwallet.com/index.php/resend-activate-account?login=Kundnani%2BNicky%2BGope%2BSCAM%2BNSFX">Resend activation message one more time.</a>

[1 occurrence(s)]
DEBUG --> LOGGER TEST DEBUG - 05:20:18

[1 occurrence(s)]
DEBUG --> LOGGER TEST DEBUG - 06:00:00

[1 occurrence(s)]
DEBUG --> LOG_HEALTHCHECK debug marker=d7a3d637c561

[1 occurrence(s)]
DEBUG --> LOGGER TEST DEBUG - 06:05:54

[1 occurrence(s)]
DEBUG --> LOGGER TEST DEBUG - 06:51:09

[1 occurrence(s)]
DEBUG --> LOGGER TEST DEBUG - 06:53:35

[1 occurrence(s)]
DEBUG --> LOGGER TEST DEBUG - 06:53:36

[1 occurrence(s)]
DEBUG --> LOGGER TEST DEBUG - 06:53:38

[1 occurrence(s)]
DEBUG --> LOGGER TEST DEBUG - 06:53:39

[1 occurrence(s)]
DEBUG --> LOGGER TEST DEBUG - 06:53:40

[1 occurrence(s)]
DEBUG --> LOGGER TEST DEBUG - 06:53:41

[1 occurrence(s)]
DEBUG --> LOGGER TEST DEBUG - 07:22:16

[1 occurrence(s)]
DEBUG --> LOGGER TEST DEBUG - 07:27:39

[1 occurrence(s)]
DEBUG --> LOGGER TEST DEBUG - 07:29:50

[1 occurrence(s)]
DEBUG --> Auth attemptLogin() called with login identifier: u.ru.lof.e.bex62.7@gmail.com, remember: true

[1 occurrence(s)]
DEBUG --> Auth attemptLogin() called. redirect_url in session: https://www.mymiwallet.com/index.php/How-It-Works/Registering-An-Account

[6 occurrence(s)]
DEBUG --> Auth credentials normalised for attempt using key "email"

[1 occurrence(s)]
DEBUG --> Auth attempt failed for identifier u.ru.lof.e.bex62.7@gmail.com. Error: Unable to log you in. Please check your password.

[14 occurrence(s)]
DEBUG --> App\Modules\Support\Controllers\AccountSupportController initController executed

[1 occurrence(s)]
DEBUG --> LOGGER TEST DEBUG - 07:33:06

[1 occurrence(s)]
DEBUG --> LOG_HEALTHCHECK debug marker=8c4fbed62a0d

[1 occurrence(s)]
DEBUG --> LOGGER TEST DEBUG - 08:16:38

[1 occurrence(s)]
DEBUG --> LOGGER TEST DEBUG - 08:23:02

[1 occurrence(s)]
DEBUG --> LOGGER TEST DEBUG - 08:23:19

[1 occurrence(s)]
DEBUG --> LOGGER TEST DEBUG - 08:23:47

[2 occurrence(s)]
DEBUG --> LOGGER TEST DEBUG - 08:23:48

[2 occurrence(s)]
DEBUG --> LOGGER TEST DEBUG - 08:23:50

[1 occurrence(s)]
DEBUG --> LOGGER TEST DEBUG - 08:23:51

[1 occurrence(s)]
DEBUG --> LOGGER TEST DEBUG - 08:24:27

[1 occurrence(s)]
DEBUG --> LOGGER TEST DEBUG - 08:30:49

[1 occurrence(s)]
DEBUG --> [MetaService] slug=getting-started pageName= cacheHit= path=DB

[1 occurrence(s)]
DEBUG --> [MetaService] slug=getting-started pageName=Getting Started cacheHit= path=DB

[1 occurrence(s)]
DEBUG --> LOGGER TEST DEBUG - 09:26:12

[1 occurrence(s)]
DEBUG --> LOG_HEALTHCHECK debug marker=6cd348b8e3c3

[3 occurrence(s)]
DEBUG --> [MetaService] slug=terms-of-service pageName= cacheHit= path=DB

[3 occurrence(s)]
DEBUG --> [MetaService] slug=terms-of-service pageName=Terms of Service cacheHit= path=DB

[1 occurrence(s)]
DEBUG --> LOGGER TEST DEBUG - 10:09:47

[1 occurrence(s)]
DEBUG --> LOGGER TEST DEBUG - 10:14:34

[1 occurrence(s)]
DEBUG --> LOG_HEALTHCHECK debug marker=16c34e64e383

[1 occurrence(s)]
DEBUG --> LOGGER TEST DEBUG - 12:03:32

[1 occurrence(s)]
DEBUG --> LOGGER TEST DEBUG - 13:20:59

[1 occurrence(s)]
DEBUG --> LOGGER TEST DEBUG - 13:36:17

[1 occurrence(s)]
DEBUG --> LOGGER TEST DEBUG - 13:39:49

[1 occurrence(s)]
DEBUG --> Auth attemptLogin() called with login identifier: h.e.rr.er.a2.3.a.ng.el@gmail.com, remember: false

[5 occurrence(s)]
DEBUG --> Auth attemptLogin() called. redirect_url in session: https://www.mymiwallet.com/index.php/Free/register

[1 occurrence(s)]
DEBUG --> Auth attempt failed for identifier h.e.rr.er.a2.3.a.ng.el@gmail.com. Error: Unable to log you in. Please check your password.

[1 occurrence(s)]
DEBUG --> LOG_HEALTHCHECK debug marker=bfaecd1432d7

[1 occurrence(s)]
DEBUG --> LOGGER TEST DEBUG - 14:03:46

[1 occurrence(s)]
DEBUG --> LOGGER TEST DEBUG - 14:08:30

[1 occurrence(s)]
DEBUG --> LOGGER TEST DEBUG - 14:21:08

[1 occurrence(s)]
DEBUG --> LOGGER TEST DEBUG - 14:36:39

[1 occurrence(s)]
DEBUG --> LOGGER TEST DEBUG - 14:53:54

[1 occurrence(s)]
DEBUG --> LOGGER TEST DEBUG - 14:59:39

[1 occurrence(s)]
DEBUG --> LOGGER TEST DEBUG - 14:59:40

[1 occurrence(s)]
DEBUG --> LOGGER TEST DEBUG - 15:19:09

[1 occurrence(s)]
DEBUG --> LOGGER TEST DEBUG - 15:34:57

[1 occurrence(s)]
DEBUG --> LOGGER TEST DEBUG - 15:35:05

[1 occurrence(s)]
DEBUG --> LOGGER TEST DEBUG - 15:51:31

[1 occurrence(s)]
DEBUG --> LOGGER TEST DEBUG - 15:53:59

[1 occurrence(s)]
DEBUG --> LOGGER TEST DEBUG - 15:54:30

[1 occurrence(s)]
DEBUG --> LOG_HEALTHCHECK debug marker=4b45ff9d1fd7

[1 occurrence(s)]
DEBUG --> LOGGER TEST DEBUG - 16:04:54

[1 occurrence(s)]
DEBUG --> LOGGER TEST DEBUG - 16:15:24

[1 occurrence(s)]
DEBUG --> LOGGER TEST DEBUG - 16:27:38

[1 occurrence(s)]
DEBUG --> [MetaService] slug=apex/referral pageName= cacheHit= path=DB

[1 occurrence(s)]
DEBUG --> LOGGER TEST DEBUG - 16:47:34

[1 occurrence(s)]
DEBUG --> [MetaService] slug=apex/referral pageName=Apex Referral cacheHit= path=DB

[1 occurrence(s)]
DEBUG --> LOGGER TEST DEBUG - 17:05:57

[1 occurrence(s)]
DEBUG --> LOGGER TEST DEBUG - 17:11:01

[1 occurrence(s)]
DEBUG --> LOGGER TEST DEBUG - 17:27:28

[2 occurrence(s)]
DEBUG --> App\Modules\Support\Controllers\SupportController initController executed

[1 occurrence(s)]
DEBUG --> LOGGER TEST DEBUG - 17:37:38

[1 occurrence(s)]
DEBUG --> Auth attemptLogin() called with login identifier: contact@tysons-dental.com, remember: false

[1 occurrence(s)]
DEBUG --> Auth attempt failed for identifier contact@tysons-dental.com. Error: Unable to log you in. Please check your password.

[1 occurrence(s)]
DEBUG --> LOG_HEALTHCHECK debug marker=f4f8672b8e6f

[1 occurrence(s)]
DEBUG --> LOGGER TEST DEBUG - 18:04:36

[1 occurrence(s)]
DEBUG --> LOGGER TEST DEBUG - 18:07:40

[1 occurrence(s)]
DEBUG --> LOGGER TEST DEBUG - 18:29:17

[1 occurrence(s)]
DEBUG --> LOGGER TEST DEBUG - 18:29:26

[1 occurrence(s)]
DEBUG --> LOGGER TEST DEBUG - 18:39:06

[1 occurrence(s)]
DEBUG --> Auth attemptLogin() called with login identifier: steve@kellercars.com, remember: false

[1 occurrence(s)]
DEBUG --> Auth attempt failed for identifier steve@kellercars.com. Error: Unable to log you in. Please check your password.

[1 occurrence(s)]
DEBUG --> LOG_HEALTHCHECK debug marker=fab3df9bafff

[1 occurrence(s)]
DEBUG --> LOGGER TEST DEBUG - 20:04:07

[1 occurrence(s)]
DEBUG --> LOGGER TEST DEBUG - 20:22:53

[2 occurrence(s)]
DEBUG --> App\Modules\Blog\Controllers\PersonalBudgetingController initController executed

[1 occurrence(s)]
DEBUG --> LOGGER TEST DEBUG - 20:27:37

[1 occurrence(s)]
DEBUG --> LOGGER TEST DEBUG - 20:28:05

[1 occurrence(s)]
DEBUG --> Auth attemptLogin() called with login identifier: stacy.l.hensley@imegcorp.com, remember: true

[1 occurrence(s)]
DEBUG --> Auth attempt failed for identifier stacy.l.hensley@imegcorp.com. Error: Unable to log you in. Please check your password.

[1 occurrence(s)]
DEBUG --> LOGGER TEST DEBUG - 20:41:59

[1 occurrence(s)]
DEBUG --> LOGGER TEST DEBUG - 20:45:50

[1 occurrence(s)]
DEBUG --> LOGGER TEST DEBUG - 21:00:37

[1 occurrence(s)]
DEBUG --> Auth attemptLogin() called with login identifier: BrianWrofs, remember: false

[1 occurrence(s)]
DEBUG --> Auth attempt failed for identifier BrianWrofs. Error: This user account is not yet activated. <a href="https://www.mymiwallet.com/index.php/resend-activate-account?login=BrianWrofs">Resend activation message one more time.</a>

[1 occurrence(s)]
DEBUG --> LOGGER TEST DEBUG - 21:14:40

[1 occurrence(s)]
DEBUG --> LOGGER TEST DEBUG - 21:22:20

[1 occurrence(s)]
DEBUG --> LOG_HEALTHCHECK debug marker=3666b04a20b8

[1 occurrence(s)]
DEBUG --> LOGGER TEST DEBUG - 22:11:13

[1 occurrence(s)]
DEBUG --> LOGGER TEST DEBUG - 22:19:32

[1 occurrence(s)]
DEBUG --> LOGGER TEST DEBUG - 22:32:58

[1 occurrence(s)]
DEBUG --> LOGGER TEST DEBUG - 22:33:03

[1 occurrence(s)]
DEBUG --> LOGGER TEST DEBUG - 22:37:06

[1 occurrence(s)]
DEBUG --> Auth attemptLogin() called with login identifier: dionm.i.k.e.l6.8@gmail.com, remember: true

[1 occurrence(s)]
DEBUG --> Auth attempt failed for identifier dionm.i.k.e.l6.8@gmail.com. Error: Unable to log you in. Please check your credentials.

[1 occurrence(s)]
DEBUG --> [MetaService] slug=privacy-policy pageName= cacheHit= path=DB

[1 occurrence(s)]
DEBUG --> [MetaService] slug=privacy-policy pageName=Privacy Policy cacheHit= path=DB


---------------------------
LEVEL: INFO
---------------------------

[95 occurrence(s)]
INFO --> [spark:ops:work] Started

[12 occurrence(s)]
INFO --> [spark:aiops:run] Intent

[4 occurrence(s)]
INFO --> [spark:config:clear] Intent

[1 occurrence(s)]
INFO --> [spark:spark-reset] Intent

[1 occurrence(s)]
INFO --> AlertsModel L404 - Alert updated successfully for ID 7405: Array

[1 occurrence(s)]
INFO --> 🔄 Trying AlphaVantage for GRAB...

[1 occurrence(s)]
INFO --> ✅ Alert snapshot inserted for GRAB with trade_id 7405

[31 occurrence(s)]
INFO --> themesMemory usage: 8388608

[93 occurrence(s)]
INFO --> [spark:ops:work] Intent

[93 occurrence(s)]
INFO --> [spark:ops:work] Completed

[69 occurrence(s)]
INFO --> themesMemory usage: 10485760

[12 occurrence(s)]
INFO --> [AIOPS][SPARK][GOVERNANCE][spark:logs:summarize] Started

[12 occurrence(s)]
INFO --> [spark:logs:summarize] Intent

[11 occurrence(s)]
INFO --> [AIOPS][SPARK][GOVERNANCE][spark:logs:summarize] Completed

[11 occurrence(s)]
INFO --> [spark:app:healthcheck] Started

[11 occurrence(s)]
INFO --> [spark:app:healthcheck] Intent

[1 occurrence(s)]
INFO --> LOG_HEALTHCHECK info marker=9ebeadcc7e7b

[11 occurrence(s)]
INFO --> [spark:app:healthcheck] Completed

[1 occurrence(s)]
INFO --> LOG_HEALTHCHECK info marker=cc36ec4af89a

[10 occurrence(s)]
INFO --> themesMemory usage: 12582912

[22 occurrence(s)]
INFO --> CSRF token verified.

[8 occurrence(s)]
INFO --> [REGISTRATION] Submission received

[8 occurrence(s)]
INFO --> MailService queued email

[8 occurrence(s)]
INFO --> [REGISTRATION] Validation passed (basic fields)

[8 occurrence(s)]
INFO --> [REGISTRATION] Validation passed (password fields)

[1 occurrence(s)]
INFO --> Registration created user_id=11667, email=investor@volunteplo.com.ua, username=Kundnani Nicky Gope SCAM NSFX, active=, requiresActivation=1, loginIdentifier=username

[8 occurrence(s)]
INFO --> [REGISTRATION] User record created

[1 occurrence(s)]
INFO --> OnboardingProgressService: created onboarding record for user_id=11667

[1 occurrence(s)]
INFO --> Registration succeeded for investor@volunteplo.com.ua (event a30742b49d188795)

[8 occurrence(s)]
INFO --> [REGISTRATION] Activation email queued

[1 occurrence(s)]
INFO --> Registration redirecting to success guide for user_id=11667

[8 occurrence(s)]
INFO --> AuthController::registerSuccess view rendered.

[8 occurrence(s)]
INFO --> AuthController L93: Auth:attemptLogin started.

[8 occurrence(s)]
INFO --> AuthController L104: Auth:attemptLogin rules: {"login":"required","password":"required"}

[1 occurrence(s)]
INFO --> AuthController L132: Auth:attemptLogin Login Variables: login: required, remember: false, ip: 146.19.125.48, ua: Mozilla/5.0 (Windows NT 10.0; Win64; x64) AppleWebKit/537.36 (KHTML, like Gecko) Chrome/103.0.0.0 Safari/537.36 OpenWave/97.4.2043.44

[1 occurrence(s)]
INFO --> LOG_HEALTHCHECK info marker=d7a3d637c561

[1 occurrence(s)]
INFO --> Registration created user_id=11668, email=u.ru.lof.e.bex62.7@gmail.com, username=WUddIavKNOcGNfqtduAXatzk, active=, requiresActivation=1, loginIdentifier=username

[1 occurrence(s)]
INFO --> OnboardingProgressService: created onboarding record for user_id=11668

[1 occurrence(s)]
INFO --> Registration succeeded for u.ru.lof.e.bex62.7@gmail.com (event 00f84462686470df)

[1 occurrence(s)]
INFO --> Registration redirecting to success guide for user_id=11668

[1 occurrence(s)]
INFO --> AuthController L132: Auth:attemptLogin Login Variables: login: required, remember: true, ip: 185.220.101.4, ua: "Mozilla/5.0 (Macintosh; Intel Mac OS X 10_15_7) AppleWebKit/537.36 (KHTML, like Gecko) Chrome/142.0.0.0 Safari/537.36"

[2 occurrence(s)]
INFO --> [AUTH] Password reset requested

[2 occurrence(s)]
INFO --> [AUTH] Password reset email sent

[10 occurrence(s)]
INFO --> themesMemory usage: 4194304

[6 occurrence(s)]
INFO --> [REGISTRATION] Form loaded

[1 occurrence(s)]
INFO --> LOG_HEALTHCHECK info marker=8c4fbed62a0d

[1 occurrence(s)]
INFO --> LOG_HEALTHCHECK info marker=6cd348b8e3c3

[1 occurrence(s)]
INFO --> LOG_HEALTHCHECK info marker=16c34e64e383

[1 occurrence(s)]
INFO --> Registration created user_id=11669, email=h.e.rr.er.a2.3.a.ng.el@gmail.com, username=QrJnFFckMzKtMVmxKrxdK, active=, requiresActivation=1, loginIdentifier=username

[1 occurrence(s)]
INFO --> OnboardingProgressService: created onboarding record for user_id=11669

[1 occurrence(s)]
INFO --> Registration succeeded for h.e.rr.er.a2.3.a.ng.el@gmail.com (event baefd5e53493f542)

[1 occurrence(s)]
INFO --> Registration redirecting to success guide for user_id=11669

[1 occurrence(s)]
INFO --> AuthController L132: Auth:attemptLogin Login Variables: login: required, remember: false, ip: 45.80.158.249, ua: "Mozilla/5.0 (Macintosh; Intel Mac OS X 10_15_7) AppleWebKit/537.36 (KHTML, like Gecko) Chrome/142.0.0.0 Safari/537.36"

[3 occurrence(s)]
INFO --> [SUPPORT] Account help requested

[3 occurrence(s)]
INFO --> [SUPPORT] Account help outcome

[1 occurrence(s)]
INFO --> LOG_HEALTHCHECK info marker=bfaecd1432d7

[1 occurrence(s)]
INFO --> Registration created user_id=11670, email=levine.jay@att.net, username=PHNdOAGJSGtqUATsKF, active=, requiresActivation=1, loginIdentifier=username

[1 occurrence(s)]
INFO --> OnboardingProgressService: created onboarding record for user_id=11670

[1 occurrence(s)]
INFO --> Registration succeeded for levine.jay@att.net (event 02963e597c4cf13c)

[1 occurrence(s)]
INFO --> Registration redirecting to success guide for user_id=11670

[1 occurrence(s)]
INFO --> LOG_HEALTHCHECK info marker=4b45ff9d1fd7

[3 occurrence(s)]
INFO --> themesMemory usage: 6291456

[1 occurrence(s)]
INFO --> Registration created user_id=11671, email=contact@tysons-dental.com, username=sUTXCoUiSvskCiJhLOzCsYgw, active=, requiresActivation=1, loginIdentifier=username

[1 occurrence(s)]
INFO --> OnboardingProgressService: created onboarding record for user_id=11671

[1 occurrence(s)]
INFO --> Registration succeeded for contact@tysons-dental.com (event c57977032fb00302)

[1 occurrence(s)]
INFO --> Registration redirecting to success guide for user_id=11671

[1 occurrence(s)]
INFO --> AuthController L132: Auth:attemptLogin Login Variables: login: required, remember: false, ip: 124.198.132.52, ua: "Mozilla/5.0 (Macintosh; Intel Mac OS X 10_15_7) AppleWebKit/537.36 (KHTML, like Gecko) Chrome/142.0.0.0 Safari/537.36"

[1 occurrence(s)]
INFO --> LOG_HEALTHCHECK info marker=f4f8672b8e6f

[1 occurrence(s)]
INFO --> Registration created user_id=11672, email=steve@kellercars.com, username=JUvjYdEkbdqZygdgK, active=, requiresActivation=1, loginIdentifier=username

[1 occurrence(s)]
INFO --> OnboardingProgressService: created onboarding record for user_id=11672

[1 occurrence(s)]
INFO --> Registration succeeded for steve@kellercars.com (event 7dd1013b6a1ef92c)

[1 occurrence(s)]
INFO --> Registration redirecting to success guide for user_id=11672

[1 occurrence(s)]
INFO --> AuthController L132: Auth:attemptLogin Login Variables: login: required, remember: false, ip: 107.189.30.86, ua: "Mozilla/5.0 (Macintosh; Intel Mac OS X 10_15_7) AppleWebKit/537.36 (KHTML, like Gecko) Chrome/142.0.0.0 Safari/537.36"

[1 occurrence(s)]
INFO --> LOG_HEALTHCHECK info marker=fab3df9bafff

[3 occurrence(s)]
INFO --> themesMemory usage: 14680064

[1 occurrence(s)]
INFO --> Registration created user_id=11673, email=stacy.l.hensley@imegcorp.com, username=EAwcaAPCYRPpklHunZPt, active=, requiresActivation=1, loginIdentifier=username

[1 occurrence(s)]
INFO --> OnboardingProgressService: created onboarding record for user_id=11673

[1 occurrence(s)]
INFO --> Registration succeeded for stacy.l.hensley@imegcorp.com (event 00836fea818ba74a)

[1 occurrence(s)]
INFO --> Registration redirecting to success guide for user_id=11673

[1 occurrence(s)]
INFO --> [ACTIVATION] Activation link hit

[1 occurrence(s)]
INFO --> AuthController L132: Auth:attemptLogin Login Variables: login: required, remember: true, ip: 178.162.175.5, ua: "Mozilla/5.0 (Macintosh; Intel Mac OS X 10_15_7) AppleWebKit/537.36 (KHTML, like Gecko) Chrome/142.0.0.0 Safari/537.36"

[1 occurrence(s)]
INFO --> Registration created user_id=11674, email=allzionmail@gmail.com, username=BrianWrofs, active=, requiresActivation=1, loginIdentifier=username

[1 occurrence(s)]
INFO --> OnboardingProgressService: created onboarding record for user_id=11674

[1 occurrence(s)]
INFO --> Registration succeeded for allzionmail@gmail.com (event 4843d7d6c5ab6aaf)

[1 occurrence(s)]
INFO --> Registration redirecting to success guide for user_id=11674

[1 occurrence(s)]
INFO --> AuthController L132: Auth:attemptLogin Login Variables: login: required, remember: false, ip: 188.233.10.123, ua: Mozilla/5.0 (Windows NT 10.0; Win64; x64) AppleWebKit/537.36 (KHTML, like Gecko) Chrome/103.0.5042.0 Safari/537.36

[1 occurrence(s)]
INFO --> LOG_HEALTHCHECK info marker=3666b04a20b8

[1 occurrence(s)]
INFO --> AuthController L132: Auth:attemptLogin Login Variables: login: required, remember: true, ip: 109.69.67.17, ua: "Mozilla/5.0 (Macintosh; Intel Mac OS X 10_15_7) AppleWebKit/537.36 (KHTML, like Gecko) Chrome/142.0.0.0 Safari/537.36"


---------------------------
LEVEL: NOTICE
---------------------------

[1 occurrence(s)]
NOTICE --> LOG_HEALTHCHECK probe marker=9ebeadcc7e7b

[1 occurrence(s)]
NOTICE --> LOG_HEALTHCHECK probe marker=cc36ec4af89a

[1 occurrence(s)]
NOTICE --> LOG_HEALTHCHECK probe marker=d7a3d637c561

[1 occurrence(s)]
NOTICE --> LOG_HEALTHCHECK probe marker=8c4fbed62a0d

[1 occurrence(s)]
NOTICE --> LOG_HEALTHCHECK probe marker=6cd348b8e3c3

[1 occurrence(s)]
NOTICE --> LOG_HEALTHCHECK probe marker=16c34e64e383

[1 occurrence(s)]
NOTICE --> LOG_HEALTHCHECK probe marker=bfaecd1432d7

[1 occurrence(s)]
NOTICE --> LOG_HEALTHCHECK probe marker=4b45ff9d1fd7

[1 occurrence(s)]
NOTICE --> LOG_HEALTHCHECK probe marker=f4f8672b8e6f

[1 occurrence(s)]
NOTICE --> LOG_HEALTHCHECK probe marker=fab3df9bafff

[1 occurrence(s)]
NOTICE --> LOG_HEALTHCHECK probe marker=3666b04a20b8


---------------------------
LEVEL: WARNING
---------------------------

[54 occurrence(s)]
WARNING --> MyMIWallets initialized without numeric user context.

[93 occurrence(s)]
WARNING --> [DEPRECATED] str_starts_with(): Passing null to parameter #1 ($haystack) of type string is deprecated in APPPATH/Commands/Ops/Work.php on line 114.

[1 occurrence(s)]
WARNING --> 404 route miss: https://www.mymiwallet.com/index.php/Dashboard/onboarding/recurring-expense | referrer: none

[8 occurrence(s)]
WARNING --> [AUTH] Login failure

[8 occurrence(s)]
WARNING --> [AUTH] Login failed

[9 occurrence(s)]
WARNING --> 404 route miss: https://www.mymiwallet.com/index.php/ | referrer: none

[6 occurrence(s)]
WARNING --> 404 route miss: https://www.mymiwallet.com/index.php/Investments/News | referrer: none

[6 occurrence(s)]
WARNING --> 404 route miss: https://www.mymiwallet.com/index.php/Customer-Support | referrer: none

[5 occurrence(s)]
WARNING --> 404 route miss: https://www.mymiwallet.com/index.php/Profile | referrer: none

[1 occurrence(s)]
WARNING --> 404 route miss: https://www.mymiwallet.com/index.php/Features/Advanced-Investment-Portfoio-Manager | referrer: https://www.mymiwallet.com/index.php/How-It-Works/MyMI-Gold

[1 occurrence(s)]
WARNING --> 404 route miss: https://www.mymiwallet.com/index.php/How-To-Guides | referrer: https://www.mymiwallet.com/index.php/How-It-Works/MyMI-Gold

[1 occurrence(s)]
WARNING --> 404 route miss: https://www.mymiwallet.com/index.php/Premium-Features/Wallets | referrer: https://www.mymiwallet.com/index.php/How-It-Works/MyMI-Gold

[3 occurrence(s)]
WARNING --> 404 route miss: https://www.mymiwallet.com/index.php/Legal/Privacy-Policy | referrer: none

[2 occurrence(s)]
WARNING --> 404 route miss: https://www.mymiwallet.com/index.php/Legal/Terms-And-Conditions | referrer: none

[1 occurrence(s)]
WARNING --> 404 route miss: https://www.mymiwallet.com/index.php/Premium-Features/Advanced-Trade-Tracker | referrer: https://www.mymiwallet.com/index.php/How-It-Works/MyMI-Gold

[1 occurrence(s)]
WARNING --> 404 route miss: https://www.mymiwallet.com/index.php/ | referrer: http://mymiwallet.com/

[1 occurrence(s)]
WARNING --> 404 route miss: https://www.mymiwallet.com/index.php/Premium-Features/Due-Diligence-Database | referrer: https://www.mymiwallet.com/index.php/How-It-Works/MyMI-Gold


---------------------------
LEVEL: ERROR
---------------------------

[2 occurrence(s)]
ERROR --> guard_uri_placeholders failed: Class "Config\MyMIDBLoggerHandler" not found

[2 occurrence(s)]
ERROR --> pre_system URI guard failed: Class "Config\MyMIDBLoggerHandler" not found

[1 occurrence(s)]
ERROR --> LOGGER TEST ERROR - 00:42:35

[1 occurrence(s)]
ERROR --> Unknown column 'count' in 'field list'

[1 occurrence(s)]
ERROR --> LOGGER TEST ERROR - 01:22:38

[1 occurrence(s)]
ERROR --> LOGGER TEST ERROR - 01:41:30

[1 occurrence(s)]
ERROR --> LOGGER TEST ERROR - 01:55:34

[1 occurrence(s)]
ERROR --> LOGGER TEST ERROR - 02:41:55

[1 occurrence(s)]
ERROR --> LOGGER TEST ERROR - 03:22:56

[1 occurrence(s)]
ERROR --> LOGGER TEST ERROR - 03:50:20

[1 occurrence(s)]
ERROR --> LOGGER TEST ERROR - 04:05:57

[1 occurrence(s)]
ERROR --> LOGGER TEST ERROR - 04:13:37

[1 occurrence(s)]
ERROR --> LOGGER TEST ERROR - 04:15:07

[1 occurrence(s)]
ERROR --> LOGGER TEST ERROR - 04:25:40

[1 occurrence(s)]
ERROR --> LOGGER TEST ERROR - 05:16:10

[1 occurrence(s)]
ERROR --> LOGGER TEST ERROR - 05:20:18

[1 occurrence(s)]
ERROR --> LOGGER TEST ERROR - 06:00:00

[1 occurrence(s)]
ERROR --> LOGGER TEST ERROR - 06:05:54

[1 occurrence(s)]
ERROR --> LOGGER TEST ERROR - 06:51:09

[1 occurrence(s)]
ERROR --> LOGGER TEST ERROR - 06:53:35

[1 occurrence(s)]
ERROR --> LOGGER TEST ERROR - 06:53:36

[1 occurrence(s)]
ERROR --> LOGGER TEST ERROR - 06:53:38

[1 occurrence(s)]
ERROR --> LOGGER TEST ERROR - 06:53:39

[1 occurrence(s)]
ERROR --> LOGGER TEST ERROR - 06:53:40

[1 occurrence(s)]
ERROR --> LOGGER TEST ERROR - 06:53:41

[1 occurrence(s)]
ERROR --> LOGGER TEST ERROR - 07:22:16

[1 occurrence(s)]
ERROR --> LOGGER TEST ERROR - 07:27:39

[1 occurrence(s)]
ERROR --> LOGGER TEST ERROR - 07:29:50

[1 occurrence(s)]
ERROR --> LOGGER TEST ERROR - 07:33:06

[1 occurrence(s)]
ERROR --> LOGGER TEST ERROR - 08:16:38

[1 occurrence(s)]
ERROR --> LOGGER TEST ERROR - 08:23:02

[1 occurrence(s)]
ERROR --> LOGGER TEST ERROR - 08:23:19

[1 occurrence(s)]
ERROR --> LOGGER TEST ERROR - 08:23:47

[2 occurrence(s)]
ERROR --> LOGGER TEST ERROR - 08:23:48

[2 occurrence(s)]
ERROR --> LOGGER TEST ERROR - 08:23:50

[1 occurrence(s)]
ERROR --> LOGGER TEST ERROR - 08:23:51

[1 occurrence(s)]
ERROR --> LOGGER TEST ERROR - 08:24:27

[1 occurrence(s)]
ERROR --> LOGGER TEST ERROR - 08:30:49

[1 occurrence(s)]
ERROR --> LOGGER TEST ERROR - 09:26:12

[1 occurrence(s)]
ERROR --> LOGGER TEST ERROR - 10:09:47

[1 occurrence(s)]
ERROR --> LOGGER TEST ERROR - 10:14:34

[1 occurrence(s)]
ERROR --> LOGGER TEST ERROR - 12:03:32

[1 occurrence(s)]
ERROR --> LOGGER TEST ERROR - 13:20:59

[1 occurrence(s)]
ERROR --> LOGGER TEST ERROR - 13:36:17

[1 occurrence(s)]
ERROR --> LOGGER TEST ERROR - 13:39:49

[1 occurrence(s)]
ERROR --> LOGGER TEST ERROR - 14:03:46

[1 occurrence(s)]
ERROR --> LOGGER TEST ERROR - 14:08:30

[1 occurrence(s)]
ERROR --> LOGGER TEST ERROR - 14:21:08

[1 occurrence(s)]
ERROR --> LOGGER TEST ERROR - 14:36:39

[1 occurrence(s)]
ERROR --> LOGGER TEST ERROR - 14:53:54

[1 occurrence(s)]
ERROR --> LOGGER TEST ERROR - 14:59:39

[1 occurrence(s)]
ERROR --> LOGGER TEST ERROR - 14:59:40

[1 occurrence(s)]
ERROR --> LOGGER TEST ERROR - 15:19:09

[1 occurrence(s)]
ERROR --> LOGGER TEST ERROR - 15:34:57

[1 occurrence(s)]
ERROR --> LOGGER TEST ERROR - 15:35:05

[1 occurrence(s)]
ERROR --> LOGGER TEST ERROR - 15:51:31

[1 occurrence(s)]
ERROR --> LOGGER TEST ERROR - 15:53:59

[1 occurrence(s)]
ERROR --> LOGGER TEST ERROR - 15:54:30

[1 occurrence(s)]
ERROR --> LOGGER TEST ERROR - 16:04:54

[1 occurrence(s)]
ERROR --> LOGGER TEST ERROR - 16:15:24

[1 occurrence(s)]
ERROR --> LOGGER TEST ERROR - 16:27:38

[1 occurrence(s)]
ERROR --> LOGGER TEST ERROR - 16:47:34

[1 occurrence(s)]
ERROR --> LOGGER TEST ERROR - 17:05:57

[1 occurrence(s)]
ERROR --> LOGGER TEST ERROR - 17:11:01

[1 occurrence(s)]
ERROR --> LOGGER TEST ERROR - 17:27:28

[1 occurrence(s)]
ERROR --> LOGGER TEST ERROR - 17:37:38

[1 occurrence(s)]
ERROR --> LOGGER TEST ERROR - 18:04:36

[1 occurrence(s)]
ERROR --> LOGGER TEST ERROR - 18:07:40

[1 occurrence(s)]
ERROR --> LOGGER TEST ERROR - 18:29:17

[1 occurrence(s)]
ERROR --> LOGGER TEST ERROR - 18:29:26

[1 occurrence(s)]
ERROR --> LOGGER TEST ERROR - 18:39:06

[1 occurrence(s)]
ERROR --> LOGGER TEST ERROR - 20:04:07

[1 occurrence(s)]
ERROR --> LOGGER TEST ERROR - 20:22:53

[1 occurrence(s)]
ERROR --> LOGGER TEST ERROR - 20:27:37

[1 occurrence(s)]
ERROR --> LOGGER TEST ERROR - 20:28:05

[1 occurrence(s)]
ERROR --> [ACTIVATION] Activation failed: user not found

[1 occurrence(s)]
ERROR --> LOGGER TEST ERROR - 20:41:59

[1 occurrence(s)]
ERROR --> LOGGER TEST ERROR - 20:45:50

[1 occurrence(s)]
ERROR --> LOGGER TEST ERROR - 21:00:37

[1 occurrence(s)]
ERROR --> LOGGER TEST ERROR - 21:14:40

[1 occurrence(s)]
ERROR --> LOGGER TEST ERROR - 21:22:20

[1 occurrence(s)]
ERROR --> LOGGER TEST ERROR - 22:11:13

[1 occurrence(s)]
ERROR --> LOGGER TEST ERROR - 22:19:32

[1 occurrence(s)]
ERROR --> LOGGER TEST ERROR - 22:32:58

[1 occurrence(s)]
ERROR --> LOGGER TEST ERROR - 22:33:03

[1 occurrence(s)]
ERROR --> LOGGER TEST ERROR - 22:37:06


---------------------------
LEVEL: CRITICAL
---------------------------

[4 occurrence(s)]
CRITICAL --> Error: Class "Config\MyMIDBLoggerHandler" not found

[4 occurrence(s)]
CRITICAL --> ErrorException: Uncaught Error: Class "Config\MyMIDBLoggerHandler" not found in /home/mymiteam/mymiwallet/site/current/vendor/codeigniter4/framework/system/Log/Logger.php:261

[1 occurrence(s)]
CRITICAL --> Error: Class "App\Libraries\Logging\MyMIDBLoggerHandler" not found

[1 occurrence(s)]
CRITICAL --> ErrorException: Uncaught Error: Class "App\Libraries\Logging\MyMIDBLoggerHandler" not found in /home/mymiteam/mymiwallet/site/current/vendor/codeigniter4/framework/system/Log/Logger.php:261

[1 occurrence(s)]
CRITICAL --> ErrorException: Allowed memory size of 536870912 bytes exhausted (tried to allocate 4194312 bytes)

[1 occurrence(s)]
CRITICAL --> CodeIgniter\Database\Exceptions\DatabaseException: Unknown column 'count' in 'field list'

[1 occurrence(s)]
CRITICAL --> [Caused by] CodeIgniter\Database\Exceptions\DatabaseException: Unknown column 'count' in 'field list'

[1 occurrence(s)]
CRITICAL --> [Caused by] mysqli_sql_exception: Unknown column 'count' in 'field list'

[38 occurrence(s)]
CRITICAL --> CodeIgniter\Exceptions\PageNotFoundException: Page Not Found


===============================================
   HERE'S THE NEW STUFF
   (Entries logged AFTER 2026-02-23 22:00:03)
===============================================

---------------------------
LEVEL: DEBUG (NEW)
---------------------------

[1 NEW occurrence(s)]
DEBUG --> LOG_HEALTHCHECK debug marker=3666b04a20b8

[48 NEW occurrence(s)]
DEBUG --> Session: Class initialized using 'CodeIgniter\Session\Handlers\FileHandler' driver.

[7 NEW occurrence(s)]
DEBUG --> App\Controllers\Home initController executed

[11 NEW occurrence(s)]
DEBUG --> MyMIUser L52 - initialized (first log).

[2 NEW occurrence(s)]
DEBUG --> [MetaService] slug= pageName= cacheHit= path=FALLBACK

[1 NEW occurrence(s)]
DEBUG --> LOGGER TEST DEBUG - 22:11:13

[4 NEW occurrence(s)]
DEBUG --> [MetaService] slug= pageName=Home cacheHit=1 path=CACHE

[3 NEW occurrence(s)]
DEBUG --> [MetaService] slug= pageName= cacheHit=1 path=CACHE

[1 NEW occurrence(s)]
DEBUG --> LOGGER TEST DEBUG - 22:19:32

[1 NEW occurrence(s)]
DEBUG --> [MetaService] slug= pageName=Home cacheHit= path=DB

[1 NEW occurrence(s)]
DEBUG --> LOGGER TEST DEBUG - 22:32:58

[1 NEW occurrence(s)]
DEBUG --> LOGGER TEST DEBUG - 22:33:03

[1 NEW occurrence(s)]
DEBUG --> LOGGER TEST DEBUG - 22:37:06

[16 NEW occurrence(s)]
DEBUG --> App\Controllers\AuthController initController executed

[3 NEW occurrence(s)]
DEBUG --> App\Modules\Blog\Controllers\HowItWorksController initController executed

[12 NEW occurrence(s)]
DEBUG --> MyMICoin: guest context detected; skipping user-specific preload.

[1 NEW occurrence(s)]
DEBUG --> Auth attemptLogin() called with login identifier: dionm.i.k.e.l6.8@gmail.com, remember: true

[1 NEW occurrence(s)]
DEBUG --> Auth attemptLogin() called. redirect_url in session: https://www.mymiwallet.com/index.php/Free/register

[1 NEW occurrence(s)]
DEBUG --> Auth credentials normalised for attempt using key "email"

[1 NEW occurrence(s)]
DEBUG --> Auth attempt failed for identifier dionm.i.k.e.l6.8@gmail.com. Error: Unable to log you in. Please check your credentials.

[1 NEW occurrence(s)]
DEBUG --> App\Modules\Support\Controllers\AccountSupportController initController executed

[1 NEW occurrence(s)]
DEBUG --> [MetaService] slug=privacy-policy pageName= cacheHit= path=DB

[1 NEW occurrence(s)]
DEBUG --> [MetaService] slug=privacy-policy pageName=Privacy Policy cacheHit= path=DB

[1 NEW occurrence(s)]
DEBUG --> [MetaService] slug=terms-of-service pageName= cacheHit= path=DB

[1 NEW occurrence(s)]
DEBUG --> [MetaService] slug=terms-of-service pageName=Terms of Service cacheHit= path=DB

[1 NEW occurrence(s)]
DEBUG --> [MetaService] slug=how-it-works pageName= cacheHit= path=DB

[1 NEW occurrence(s)]
DEBUG --> [MetaService] slug=how-it-works pageName= cacheHit=1 path=CACHE


---------------------------
LEVEL: INFO (NEW)
---------------------------

[1 NEW occurrence(s)]
INFO --> [spark:app:healthcheck] Started

[1 NEW occurrence(s)]
INFO --> [spark:app:healthcheck] Intent

[1 NEW occurrence(s)]
INFO --> LOG_HEALTHCHECK info marker=3666b04a20b8

[1 NEW occurrence(s)]
INFO --> [spark:app:healthcheck] Completed

[7 NEW occurrence(s)]
INFO --> themesMemory usage: 10485760

[6 NEW occurrence(s)]
INFO --> [spark:ops:work] Started

[6 NEW occurrence(s)]
INFO --> [spark:ops:work] Intent

[6 NEW occurrence(s)]
INFO --> [spark:ops:work] Completed

[2 NEW occurrence(s)]
INFO --> themesMemory usage: 8388608

[2 NEW occurrence(s)]
INFO --> CSRF token verified.

[1 NEW occurrence(s)]
INFO --> AuthController L93: Auth:attemptLogin started.

[1 NEW occurrence(s)]
INFO --> AuthController L104: Auth:attemptLogin rules: {"login":"required","password":"required"}

[1 NEW occurrence(s)]
INFO --> AuthController L132: Auth:attemptLogin Login Variables: login: required, remember: true, ip: 109.69.67.17, ua: "Mozilla/5.0 (Macintosh; Intel Mac OS X 10_15_7) AppleWebKit/537.36 (KHTML, like Gecko) Chrome/142.0.0.0 Safari/537.36"

[1 NEW occurrence(s)]
INFO --> [REGISTRATION] Form loaded

[1 NEW occurrence(s)]
INFO --> themesMemory usage: 4194304

[1 NEW occurrence(s)]
INFO --> [AIOPS][SPARK][GOVERNANCE][spark:logs:summarize] Started

[1 NEW occurrence(s)]
INFO --> [spark:logs:summarize] Intent


---------------------------
LEVEL: NOTICE (NEW)
---------------------------

[1 NEW occurrence(s)]
NOTICE --> LOG_HEALTHCHECK probe marker=3666b04a20b8


---------------------------
LEVEL: WARNING (NEW)
---------------------------

[6 NEW occurrence(s)]
WARNING --> [DEPRECATED] str_starts_with(): Passing null to parameter #1 ($haystack) of type string is deprecated in APPPATH/Commands/Ops/Work.php on line 114.

[4 NEW occurrence(s)]
WARNING --> MyMIWallets initialized without numeric user context.

[1 NEW occurrence(s)]
WARNING --> [AUTH] Login failure

[1 NEW occurrence(s)]
WARNING --> [AUTH] Login failed

[1 NEW occurrence(s)]
WARNING --> 404 route miss: https://www.mymiwallet.com/index.php/Investments/News | referrer: none

[1 NEW occurrence(s)]
WARNING --> 404 route miss: https://www.mymiwallet.com/index.php/Customer-Support | referrer: none

[1 NEW occurrence(s)]
WARNING --> 404 route miss: https://www.mymiwallet.com/index.php/Profile | referrer: none

[1 NEW occurrence(s)]
WARNING --> 404 route miss: https://www.mymiwallet.com/index.php/Legal/Terms-And-Conditions | referrer: none

[1 NEW occurrence(s)]
WARNING --> 404 route miss: https://www.mymiwallet.com/index.php/Legal/Privacy-Policy | referrer: none


---------------------------
LEVEL: ERROR (NEW)
---------------------------

[1 NEW occurrence(s)]
ERROR --> LOGGER TEST ERROR - 22:11:13

[1 NEW occurrence(s)]
ERROR --> LOGGER TEST ERROR - 22:19:32

[1 NEW occurrence(s)]
ERROR --> LOGGER TEST ERROR - 22:32:58

[1 NEW occurrence(s)]
ERROR --> LOGGER TEST ERROR - 22:33:03

[1 NEW occurrence(s)]
ERROR --> LOGGER TEST ERROR - 22:37:06


---------------------------
LEVEL: CRITICAL (NEW)
---------------------------

[5 NEW occurrence(s)]
CRITICAL --> CodeIgniter\Exceptions\PageNotFoundException: Page Not Found


---- CONFIG LINT ----
✅ Services::cache
✅ Services::responsecache
✅ Services::session
✅ Services::email
✅ Services::logger
✅ Services::validation
✅ Services::renderer
