===============================================
   MyMI Wallet — Log Summary for 2026-02-13
   Auto-generated by logs:summarize command
   Grouped by (LEVEL + message)
===============================================

Last processed up to: 2026-02-13 18:00:03

---------------------------
LEVEL: ERROR
---------------------------

[1 occurrence(s)]
ERROR --> LOG_HEALTHCHECK file probe marker=6d0efa8c55f6

[1 occurrence(s)]
ERROR --> LOG_HEALTHCHECK file probe marker=ddcaf9039974

[1 occurrence(s)]
ERROR --> LOG_HEALTHCHECK file probe marker=220ca8209bad

[1 occurrence(s)]
ERROR --> LOG_HEALTHCHECK file probe marker=8df05598c52a

[1 occurrence(s)]
ERROR --> LOG_HEALTHCHECK file probe marker=82c64afc8b45

[1 occurrence(s)]
ERROR --> LOG_HEALTHCHECK file probe marker=d28498752939

[1 occurrence(s)]
ERROR --> LOG_HEALTHCHECK file probe marker=fbcf36c81edf

[1 occurrence(s)]
ERROR --> LOG_HEALTHCHECK file probe marker=703365b78ca6

[1 occurrence(s)]
ERROR --> LOG_HEALTHCHECK file probe marker=202f2e065791

[1 occurrence(s)]
ERROR --> LOG_HEALTHCHECK file probe marker=97b8cb2a10e1

[1 occurrence(s)]
ERROR --> LOG_HEALTHCHECK file probe marker=125b0652c4de


===============================================
   HERE'S THE NEW STUFF
   (Entries logged AFTER 2026-02-13 18:00:03)
===============================================

---------------------------
LEVEL: ERROR (NEW)
---------------------------

[1 NEW occurrence(s)]
ERROR --> LOG_HEALTHCHECK file probe marker=125b0652c4de


---- CONFIG LINT ----
✅ Services::cache
✅ Services::responsecache
✅ Services::session
✅ Services::email
✅ Services::logger
✅ Services::validation
✅ Services::renderer
