===============================================
   MyMI Wallet — Log Summary for 2026-03-18
   Auto-generated by logs:summarize command
   Grouped by (LEVEL + message)
===============================================

Last processed up to: <none> (first run for this date)

---------------------------
LEVEL: DEBUG
---------------------------

[1 occurrence(s)]
DEBUG --> [REQ_ID=ea7df80b85fa] [REQUEST][START] GET /index.php/API/Management/Run-CRON-Tasks

[128 occurrence(s)]
DEBUG --> Session: Class initialized using 'CodeIgniter\Session\Handlers\FileHandler' driver.

[1 occurrence(s)]
DEBUG --> [REQ_ID=ea7df80b85fa] [FILTER_BEFORE] /index.php/API/Management/Run-CRON-Tasks

[1 occurrence(s)]
DEBUG --> [REQ_ID=ea7df80b85fa] [ROUTE] Controller=\App\Modules\Management\Controllers\ManagementAPIController Method=Run_CRON_Tasks

[1 occurrence(s)]
DEBUG --> [REQ_ID=ea7df80b85fa] [LIFECYCLE][START] GET https://www.mymiwallet.com/index.php/API/Management/Run-CRON-Tasks

[1 occurrence(s)]
DEBUG --> [REQ_ID=ea7df80b85fa] [REQUEST][END]

[1 occurrence(s)]
DEBUG --> [REQ_ID=cdd07053821b] [REQUEST][START] HEAD /

[1 occurrence(s)]
DEBUG --> [REQ_ID=76b5ad68bac0] [REQUEST][START] HEAD /

[1 occurrence(s)]
DEBUG --> [REQ_ID=c1fa42f308c8] [REQUEST][START] GET /index.php/How-It-Works

[1 occurrence(s)]
DEBUG --> [REQ_ID=c1fa42f308c8] [REQUEST][END]

[1 occurrence(s)]
DEBUG --> [REQ_ID=ba103fa85222] [REQUEST][START] GET /

[1 occurrence(s)]
DEBUG --> [REQ_ID=ba103fa85222] [FILTER_BEFORE] /

[1 occurrence(s)]
DEBUG --> [REQ_ID=ba103fa85222] [ROUTE] Controller=\App\Controllers\Home Method=index

[1 occurrence(s)]
DEBUG --> [REQ_ID=ba103fa85222] [LIFECYCLE][START] GET https://www.mymiwallet.com/index.php/

[1 occurrence(s)]
DEBUG --> [CSRF] token name=csrf_test_name hash=3e989b0e49411078454ec026b6f63db9

[1 occurrence(s)]
DEBUG --> [REQ_ID=5c0708010a7e] [INIT] App\Controllers\Home::GET

[16 occurrence(s)]
DEBUG --> MyMIUser L52 - initialized (first log).

[9 occurrence(s)]
DEBUG --> [MetaService] slug= pageName= cacheHit= path=FALLBACK

[1 occurrence(s)]
DEBUG --> [REQ_ID=5c0708010a7e] [VIEW_RENDER] themes/public/home

[11 occurrence(s)]
DEBUG --> [MetaService] slug= pageName=Home cacheHit=1 path=CACHE

[1 occurrence(s)]
DEBUG --> [REQ_ID=ba103fa85222] [FILTER_AFTER]

[1 occurrence(s)]
DEBUG --> [REQ_ID=ba103fa85222] [LIFECYCLE][END] status=200 duration_ms=897.81 memory_delta=4194304

[1 occurrence(s)]
DEBUG --> [REQ_ID=ba103fa85222] [REQUEST][END]

[1 occurrence(s)]
DEBUG --> [REQ_ID=299e71e69cf8] [REQUEST][START] HEAD /

[1 occurrence(s)]
DEBUG --> [REQ_ID=27e1f9e4b36a] [REQUEST][START] GET /index.php/API/Alerts/fetchEmailAlerts

[1 occurrence(s)]
DEBUG --> [REQ_ID=27e1f9e4b36a] [FILTER_BEFORE] /index.php/API/Alerts/fetchEmailAlerts

[1 occurrence(s)]
DEBUG --> [REQ_ID=27e1f9e4b36a] [ROUTE] Controller=\App\Modules\APIs\Controllers\AlertsAPIController Method=fetchEmailAlerts

[1 occurrence(s)]
DEBUG --> [REQ_ID=27e1f9e4b36a] [LIFECYCLE][START] GET https://www.mymiwallet.com/index.php/API/Alerts/fetchEmailAlerts

[1 occurrence(s)]
DEBUG --> [REQ_ID=27e1f9e4b36a] [REQUEST][END]

[1 occurrence(s)]
DEBUG --> [REQ_ID=ae21775d539f] [REQUEST][START] HEAD /

[1 occurrence(s)]
DEBUG --> [REQ_ID=041aea4b30f7] [REQUEST][START] GET /

[1 occurrence(s)]
DEBUG --> [REQ_ID=041aea4b30f7] [FILTER_BEFORE] /

[1 occurrence(s)]
DEBUG --> [REQ_ID=041aea4b30f7] [ROUTE] Controller=\App\Controllers\Home Method=index

[1 occurrence(s)]
DEBUG --> [REQ_ID=041aea4b30f7] [LIFECYCLE][START] GET https://www.mymiwallet.com/index.php/

[1 occurrence(s)]
DEBUG --> [CSRF] token name=csrf_test_name hash=887cb85ea7620ddcaa53fd07bf0064b7

[1 occurrence(s)]
DEBUG --> [REQ_ID=f70ef6faed17] [INIT] App\Controllers\Home::GET

[6 occurrence(s)]
DEBUG --> [MetaService] slug= pageName= cacheHit=1 path=CACHE

[1 occurrence(s)]
DEBUG --> [REQ_ID=f70ef6faed17] [VIEW_RENDER] themes/public/home

[1 occurrence(s)]
DEBUG --> [REQ_ID=041aea4b30f7] [FILTER_AFTER]

[1 occurrence(s)]
DEBUG --> [REQ_ID=041aea4b30f7] [LIFECYCLE][END] status=200 duration_ms=840.64 memory_delta=4194304

[1 occurrence(s)]
DEBUG --> [REQ_ID=041aea4b30f7] [REQUEST][END]

[1 occurrence(s)]
DEBUG --> [REQ_ID=a1fbcf1bda53] [REQUEST][START] GET /

[1 occurrence(s)]
DEBUG --> [REQ_ID=a1fbcf1bda53] [FILTER_BEFORE] /

[1 occurrence(s)]
DEBUG --> [REQ_ID=a1fbcf1bda53] [ROUTE] Controller=\App\Controllers\Home Method=index

[1 occurrence(s)]
DEBUG --> [REQ_ID=a1fbcf1bda53] [LIFECYCLE][START] GET https://www.mymiwallet.com/index.php/

[1 occurrence(s)]
DEBUG --> [CSRF] token name=csrf_test_name hash=e3a65467b2614178bf05c5b858e8f129

[1 occurrence(s)]
DEBUG --> [REQ_ID=dfdf3d04fca5] [INIT] App\Controllers\Home::GET

[1 occurrence(s)]
DEBUG --> [REQ_ID=dfdf3d04fca5] [VIEW_RENDER] themes/public/home

[1 occurrence(s)]
DEBUG --> [REQ_ID=a1fbcf1bda53] [FILTER_AFTER]

[1 occurrence(s)]
DEBUG --> [REQ_ID=a1fbcf1bda53] [LIFECYCLE][END] status=200 duration_ms=692.48 memory_delta=2097152

[1 occurrence(s)]
DEBUG --> [REQ_ID=a1fbcf1bda53] [REQUEST][END]

[1 occurrence(s)]
DEBUG --> [REQ_ID=4c0532262ba0] [REQUEST][START] HEAD /

[1 occurrence(s)]
DEBUG --> [REQ_ID=6bc816261194] [REQUEST][START] HEAD /

[1 occurrence(s)]
DEBUG --> [REQ_ID=743be9fb417d] [REQUEST][START] HEAD /

[1 occurrence(s)]
DEBUG --> [REQ_ID=fb3ff08ccc6d] [REQUEST][START] HEAD /

[1 occurrence(s)]
DEBUG --> [REQ_ID=f8d7c27b2065] [REQUEST][START] HEAD /

[1 occurrence(s)]
DEBUG --> [REQ_ID=c402018645da] [REQUEST][START] HEAD /

[1 occurrence(s)]
DEBUG --> [REQ_ID=bf9fee54bd43] [REQUEST][START] HEAD /

[1 occurrence(s)]
DEBUG --> [REQ_ID=205c3d206b09] [REQUEST][START] HEAD /

[1 occurrence(s)]
DEBUG --> [REQ_ID=b8c8d8c1f154] [REQUEST][START] GET /index.php/API/Management/Run-CRON-Tasks

[1 occurrence(s)]
DEBUG --> [REQ_ID=b8c8d8c1f154] [FILTER_BEFORE] /index.php/API/Management/Run-CRON-Tasks

[1 occurrence(s)]
DEBUG --> [REQ_ID=b8c8d8c1f154] [ROUTE] Controller=\App\Modules\Management\Controllers\ManagementAPIController Method=Run_CRON_Tasks

[1 occurrence(s)]
DEBUG --> [REQ_ID=b8c8d8c1f154] [LIFECYCLE][START] GET https://www.mymiwallet.com/index.php/API/Management/Run-CRON-Tasks

[1 occurrence(s)]
DEBUG --> [REQ_ID=b8c8d8c1f154] [REQUEST][END]

[1 occurrence(s)]
DEBUG --> [REQ_ID=f75fe666b344] [REQUEST][START] HEAD /

[1 occurrence(s)]
DEBUG --> [REQ_ID=74e1e0325042] [REQUEST][START] HEAD /

[1 occurrence(s)]
DEBUG --> [REQ_ID=e1b068306847] [REQUEST][START] HEAD /

[1 occurrence(s)]
DEBUG --> [REQ_ID=ce3d52c029a2] [REQUEST][START] GET /index.php/API/Alerts/fetchEmailAlerts

[1 occurrence(s)]
DEBUG --> [REQ_ID=ce3d52c029a2] [FILTER_BEFORE] /index.php/API/Alerts/fetchEmailAlerts

[1 occurrence(s)]
DEBUG --> [REQ_ID=ce3d52c029a2] [ROUTE] Controller=\App\Modules\APIs\Controllers\AlertsAPIController Method=fetchEmailAlerts

[1 occurrence(s)]
DEBUG --> [REQ_ID=ce3d52c029a2] [LIFECYCLE][START] GET https://www.mymiwallet.com/index.php/API/Alerts/fetchEmailAlerts

[1 occurrence(s)]
DEBUG --> [REQ_ID=ce3d52c029a2] [REQUEST][END]

[1 occurrence(s)]
DEBUG --> [REQ_ID=d8d4d174cea8] [REQUEST][START] HEAD /

[1 occurrence(s)]
DEBUG --> [REQ_ID=e53ae6d24546] [REQUEST][START] HEAD /

[1 occurrence(s)]
DEBUG --> [REQ_ID=6348bc348aea] [REQUEST][START] HEAD /

[1 occurrence(s)]
DEBUG --> [REQ_ID=aad22236f3dd] [REQUEST][START] GET /

[1 occurrence(s)]
DEBUG --> [REQ_ID=aad22236f3dd] [FILTER_BEFORE] /

[1 occurrence(s)]
DEBUG --> [REQ_ID=aad22236f3dd] [ROUTE] Controller=\App\Controllers\Home Method=index

[1 occurrence(s)]
DEBUG --> [REQ_ID=aad22236f3dd] [LIFECYCLE][START] GET https://www.mymiwallet.com/index.php/

[1 occurrence(s)]
DEBUG --> [CSRF] token name=csrf_test_name hash=6c235fb1b593c3895ce0e43cdc9fc7d7

[1 occurrence(s)]
DEBUG --> [REQ_ID=fef9d3fef6a7] [INIT] App\Controllers\Home::GET

[1 occurrence(s)]
DEBUG --> [REQ_ID=fef9d3fef6a7] [VIEW_RENDER] themes/public/home

[4 occurrence(s)]
DEBUG --> [MetaService] slug= pageName=Home cacheHit= path=DB

[1 occurrence(s)]
DEBUG --> [REQ_ID=aad22236f3dd] [FILTER_AFTER]

[1 occurrence(s)]
DEBUG --> [REQ_ID=aad22236f3dd] [LIFECYCLE][END] status=200 duration_ms=1,072.67 memory_delta=4194304

[1 occurrence(s)]
DEBUG --> [REQ_ID=aad22236f3dd] [REQUEST][END]

[1 occurrence(s)]
DEBUG --> [REQ_ID=a7ff700275c4] [REQUEST][START] HEAD /

[1 occurrence(s)]
DEBUG --> [REQ_ID=e8d107ee089b] [REQUEST][START] HEAD /

[1 occurrence(s)]
DEBUG --> [REQ_ID=e9bf820188d6] [REQUEST][START] GET /

[1 occurrence(s)]
DEBUG --> [REQ_ID=e9bf820188d6] [FILTER_BEFORE] /

[1 occurrence(s)]
DEBUG --> [REQ_ID=e9bf820188d6] [ROUTE] Controller=\App\Controllers\Home Method=index

[1 occurrence(s)]
DEBUG --> [REQ_ID=e9bf820188d6] [LIFECYCLE][START] GET https://www.mymiwallet.com/index.php/

[1 occurrence(s)]
DEBUG --> [CSRF] token name=csrf_test_name hash=8b1c0ac6165566c79d7bf9339dd10500

[1 occurrence(s)]
DEBUG --> [REQ_ID=0939c1010ce6] [INIT] App\Controllers\Home::GET

[1 occurrence(s)]
DEBUG --> [REQ_ID=0939c1010ce6] [VIEW_RENDER] themes/public/home

[1 occurrence(s)]
DEBUG --> [REQ_ID=e9bf820188d6] [FILTER_AFTER]

[1 occurrence(s)]
DEBUG --> [REQ_ID=e9bf820188d6] [LIFECYCLE][END] status=200 duration_ms=916.88 memory_delta=4194304

[1 occurrence(s)]
DEBUG --> [REQ_ID=e9bf820188d6] [REQUEST][END]

[1 occurrence(s)]
DEBUG --> [REQ_ID=330d82fcdd8c] [REQUEST][START] HEAD /

[1 occurrence(s)]
DEBUG --> [REQ_ID=883d2971cf5b] [REQUEST][START] HEAD /

[1 occurrence(s)]
DEBUG --> [REQ_ID=8d4c0124797c] [REQUEST][START] HEAD /

[1 occurrence(s)]
DEBUG --> [REQ_ID=483d5fefe9e0] [REQUEST][START] HEAD /

[1 occurrence(s)]
DEBUG --> [REQ_ID=184b9fa5e9bf] [REQUEST][START] GET /index.php/API/Management/Run-CRON-Tasks

[1 occurrence(s)]
DEBUG --> [REQ_ID=184b9fa5e9bf] [FILTER_BEFORE] /index.php/API/Management/Run-CRON-Tasks

[1 occurrence(s)]
DEBUG --> [REQ_ID=184b9fa5e9bf] [ROUTE] Controller=\App\Modules\Management\Controllers\ManagementAPIController Method=Run_CRON_Tasks

[1 occurrence(s)]
DEBUG --> [REQ_ID=184b9fa5e9bf] [LIFECYCLE][START] GET https://www.mymiwallet.com/index.php/API/Management/Run-CRON-Tasks

[1 occurrence(s)]
DEBUG --> [REQ_ID=184b9fa5e9bf] [REQUEST][END]

[1 occurrence(s)]
DEBUG --> [REQ_ID=57430f7de039] [REQUEST][START] HEAD /

[1 occurrence(s)]
DEBUG --> [REQ_ID=c9a8c322fcf9] [REQUEST][START] GET /index.php/login

[1 occurrence(s)]
DEBUG --> [REQ_ID=c9a8c322fcf9] [REQUEST][END]

[1 occurrence(s)]
DEBUG --> [REQ_ID=4260f97b537d] [REQUEST][START] HEAD /

[1 occurrence(s)]
DEBUG --> [REQ_ID=a7dc93258800] [REQUEST][START] GET /

[1 occurrence(s)]
DEBUG --> [REQ_ID=a7dc93258800] [REQUEST][END]

[1 occurrence(s)]
DEBUG --> [REQ_ID=92a7a89198e7] [REQUEST][START] GET /

[1 occurrence(s)]
DEBUG --> [REQ_ID=92a7a89198e7] [FILTER_BEFORE] /

[1 occurrence(s)]
DEBUG --> [REQ_ID=92a7a89198e7] [ROUTE] Controller=\App\Controllers\Home Method=index

[1 occurrence(s)]
DEBUG --> [REQ_ID=92a7a89198e7] [LIFECYCLE][START] GET https://www.mymiwallet.com/index.php/

[1 occurrence(s)]
DEBUG --> [CSRF] token name=csrf_test_name hash=ad16e0c1af4a50495230ba22be47737b

[1 occurrence(s)]
DEBUG --> [REQ_ID=c09bea077308] [INIT] App\Controllers\Home::GET

[1 occurrence(s)]
DEBUG --> [REQ_ID=c09bea077308] [VIEW_RENDER] themes/public/home

[1 occurrence(s)]
DEBUG --> [REQ_ID=92a7a89198e7] [FILTER_AFTER]

[1 occurrence(s)]
DEBUG --> [REQ_ID=92a7a89198e7] [LIFECYCLE][END] status=200 duration_ms=791.27 memory_delta=4194304

[1 occurrence(s)]
DEBUG --> [REQ_ID=92a7a89198e7] [REQUEST][END]

[1 occurrence(s)]
DEBUG --> [REQ_ID=cbfeb0f5b91b] [REQUEST][START] HEAD /

[1 occurrence(s)]
DEBUG --> [REQ_ID=edb9b59ddf88] [REQUEST][START] GET /index.php/API/Alerts/fetchEmailAlerts

[1 occurrence(s)]
DEBUG --> [REQ_ID=edb9b59ddf88] [FILTER_BEFORE] /index.php/API/Alerts/fetchEmailAlerts

[1 occurrence(s)]
DEBUG --> [REQ_ID=edb9b59ddf88] [ROUTE] Controller=\App\Modules\APIs\Controllers\AlertsAPIController Method=fetchEmailAlerts

[1 occurrence(s)]
DEBUG --> [REQ_ID=edb9b59ddf88] [LIFECYCLE][START] GET https://www.mymiwallet.com/index.php/API/Alerts/fetchEmailAlerts

[1 occurrence(s)]
DEBUG --> [REQ_ID=edb9b59ddf88] [REQUEST][END]

[1 occurrence(s)]
DEBUG --> [REQ_ID=9f0c5d0d18c8] [REQUEST][START] HEAD /

[1 occurrence(s)]
DEBUG --> [REQ_ID=9103754d3f91] [REQUEST][START] HEAD /

[1 occurrence(s)]
DEBUG --> [REQ_ID=c5f5128991ed] [REQUEST][START] HEAD /

[1 occurrence(s)]
DEBUG --> [REQ_ID=70ec7c19f838] [REQUEST][START] HEAD /

[1 occurrence(s)]
DEBUG --> [REQ_ID=b84e683d004f] [REQUEST][START] GET /

[1 occurrence(s)]
DEBUG --> [REQ_ID=b84e683d004f] [REQUEST][END]

[1 occurrence(s)]
DEBUG --> [REQ_ID=5417c7ae9f22] [REQUEST][START] HEAD /

[1 occurrence(s)]
DEBUG --> [REQ_ID=ce77f0455e19] [REQUEST][START] HEAD /

[1 occurrence(s)]
DEBUG --> [REQ_ID=1f17c36a446f] [REQUEST][START] HEAD /

[1 occurrence(s)]
DEBUG --> [REQ_ID=8c0fd6b13b5c] [REQUEST][START] HEAD /

[1 occurrence(s)]
DEBUG --> [REQ_ID=e6f32ef821a7] [REQUEST][START] HEAD /

[1 occurrence(s)]
DEBUG --> [REQ_ID=fe0747a68d5f] [REQUEST][START] GET /index.php/API/Management/Run-CRON-Tasks

[1 occurrence(s)]
DEBUG --> [REQ_ID=fe0747a68d5f] [FILTER_BEFORE] /index.php/API/Management/Run-CRON-Tasks

[1 occurrence(s)]
DEBUG --> [REQ_ID=fe0747a68d5f] [ROUTE] Controller=\App\Modules\Management\Controllers\ManagementAPIController Method=Run_CRON_Tasks

[1 occurrence(s)]
DEBUG --> [REQ_ID=fe0747a68d5f] [LIFECYCLE][START] GET https://www.mymiwallet.com/index.php/API/Management/Run-CRON-Tasks

[1 occurrence(s)]
DEBUG --> [REQ_ID=fe0747a68d5f] [REQUEST][END]

[1 occurrence(s)]
DEBUG --> [REQ_ID=ceb1d3ac99b2] [REQUEST][START] HEAD /

[1 occurrence(s)]
DEBUG --> [REQ_ID=24aeb03f6c2e] [REQUEST][START] HEAD /

[1 occurrence(s)]
DEBUG --> [REQ_ID=f9f05202d2cc] [REQUEST][START] HEAD /

[1 occurrence(s)]
DEBUG --> [REQ_ID=4deb498396ee] [REQUEST][START] GET /

[1 occurrence(s)]
DEBUG --> [REQ_ID=4deb498396ee] [FILTER_BEFORE] /

[1 occurrence(s)]
DEBUG --> [REQ_ID=4deb498396ee] [ROUTE] Controller=\App\Controllers\Home Method=index

[1 occurrence(s)]
DEBUG --> [REQ_ID=4deb498396ee] [LIFECYCLE][START] GET https://www.mymiwallet.com/index.php/

[1 occurrence(s)]
DEBUG --> [CSRF] token name=csrf_test_name hash=e543d56f38c47fd59f7d857bd58a600e

[1 occurrence(s)]
DEBUG --> [REQ_ID=24bc5a807a10] [INIT] App\Controllers\Home::GET

[1 occurrence(s)]
DEBUG --> [REQ_ID=24bc5a807a10] [VIEW_RENDER] themes/public/home

[1 occurrence(s)]
DEBUG --> [REQ_ID=4deb498396ee] [FILTER_AFTER]

[1 occurrence(s)]
DEBUG --> [REQ_ID=4deb498396ee] [LIFECYCLE][END] status=200 duration_ms=889.16 memory_delta=4194304

[1 occurrence(s)]
DEBUG --> [REQ_ID=4deb498396ee] [REQUEST][END]

[1 occurrence(s)]
DEBUG --> [REQ_ID=eb09e121150a] [REQUEST][START] GET /index.php/API/Alerts/fetchEmailAlerts

[1 occurrence(s)]
DEBUG --> [REQ_ID=eb09e121150a] [FILTER_BEFORE] /index.php/API/Alerts/fetchEmailAlerts

[1 occurrence(s)]
DEBUG --> [REQ_ID=eb09e121150a] [ROUTE] Controller=\App\Modules\APIs\Controllers\AlertsAPIController Method=fetchEmailAlerts

[1 occurrence(s)]
DEBUG --> [REQ_ID=eb09e121150a] [LIFECYCLE][START] GET https://www.mymiwallet.com/index.php/API/Alerts/fetchEmailAlerts

[1 occurrence(s)]
DEBUG --> [REQ_ID=eb09e121150a] [REQUEST][END]

[1 occurrence(s)]
DEBUG --> [REQ_ID=6e42450d3647] [REQUEST][START] HEAD /

[1 occurrence(s)]
DEBUG --> [REQ_ID=dbc12bd1e0f8] [REQUEST][START] HEAD /

[1 occurrence(s)]
DEBUG --> [REQ_ID=47d13cefa2d9] [REQUEST][START] GET /index.php/Account/Billing

[1 occurrence(s)]
DEBUG --> [REQ_ID=47d13cefa2d9] [REQUEST][END]

[1 occurrence(s)]
DEBUG --> [REQ_ID=f177ffc0a690] [REQUEST][START] GET /index.php/login

[1 occurrence(s)]
DEBUG --> [REQ_ID=f177ffc0a690] [FILTER_BEFORE] /index.php/login

[1 occurrence(s)]
DEBUG --> [REQ_ID=f177ffc0a690] [ROUTE] Controller=\App\Controllers\AuthController Method=login

[1 occurrence(s)]
DEBUG --> [REQ_ID=f177ffc0a690] [LIFECYCLE][START] GET https://www.mymiwallet.com/index.php/login

[1 occurrence(s)]
DEBUG --> [CSRF] token name=csrf_test_name hash=3988b4200043a35fad03f73377c15c55

[1 occurrence(s)]
DEBUG --> [REQ_ID=1bdc67f9a7ca] [INIT] App\Controllers\AuthController::GET

[1 occurrence(s)]
DEBUG --> [REQ_ID=f177ffc0a690] [FILTER_AFTER]

[1 occurrence(s)]
DEBUG --> [REQ_ID=f177ffc0a690] [LIFECYCLE][END] status=200 duration_ms=80.19 memory_delta=0

[1 occurrence(s)]
DEBUG --> [REQ_ID=f177ffc0a690] [REQUEST][END]

[1 occurrence(s)]
DEBUG --> [REQ_ID=172546fb3434] [REQUEST][START] HEAD /

[1 occurrence(s)]
DEBUG --> [REQ_ID=c8aacf7f1b08] [REQUEST][START] GET /

[1 occurrence(s)]
DEBUG --> [REQ_ID=c8aacf7f1b08] [FILTER_BEFORE] /

[1 occurrence(s)]
DEBUG --> [REQ_ID=c8aacf7f1b08] [ROUTE] Controller=\App\Controllers\Home Method=index

[1 occurrence(s)]
DEBUG --> [REQ_ID=c8aacf7f1b08] [LIFECYCLE][START] GET https://www.mymiwallet.com/index.php/

[1 occurrence(s)]
DEBUG --> [CSRF] token name=csrf_test_name hash=e7ce85fec4374b1f864242590d39119a

[1 occurrence(s)]
DEBUG --> [REQ_ID=da22c7ae2777] [INIT] App\Controllers\Home::GET

[1 occurrence(s)]
DEBUG --> [REQ_ID=da22c7ae2777] [VIEW_RENDER] themes/public/home

[1 occurrence(s)]
DEBUG --> [REQ_ID=c8aacf7f1b08] [FILTER_AFTER]

[1 occurrence(s)]
DEBUG --> [REQ_ID=c8aacf7f1b08] [LIFECYCLE][END] status=200 duration_ms=904.40 memory_delta=4194304

[1 occurrence(s)]
DEBUG --> [REQ_ID=c8aacf7f1b08] [REQUEST][END]

[1 occurrence(s)]
DEBUG --> [REQ_ID=fc93f873c3d3] [REQUEST][START] HEAD /

[1 occurrence(s)]
DEBUG --> [REQ_ID=a22b6c632aad] [REQUEST][START] HEAD /

[1 occurrence(s)]
DEBUG --> [REQ_ID=0e465154efd0] [REQUEST][START] HEAD /

[1 occurrence(s)]
DEBUG --> [REQ_ID=3567fa03f338] [REQUEST][START] HEAD /

[1 occurrence(s)]
DEBUG --> [REQ_ID=4cf32a968a98] [REQUEST][START] GET /index.php/Knowledgebase/Investor-Profile

[1 occurrence(s)]
DEBUG --> [REQ_ID=4cf32a968a98] [REQUEST][END]

[1 occurrence(s)]
DEBUG --> [REQ_ID=1a6e5e0b9174] [REQUEST][START] HEAD /

[1 occurrence(s)]
DEBUG --> [REQ_ID=3327d5be2e94] [REQUEST][START] HEAD /

[1 occurrence(s)]
DEBUG --> [REQ_ID=1c6cd396ae27] [REQUEST][START] GET /index.php/How-It-Works/Personal-Budgeting

[1 occurrence(s)]
DEBUG --> [REQ_ID=1c6cd396ae27] [REQUEST][END]

[1 occurrence(s)]
DEBUG --> [REQ_ID=9b5c97390d8d] [REQUEST][START] GET /index.php/API/Management/Run-CRON-Tasks

[1 occurrence(s)]
DEBUG --> [REQ_ID=9b5c97390d8d] [FILTER_BEFORE] /index.php/API/Management/Run-CRON-Tasks

[1 occurrence(s)]
DEBUG --> [REQ_ID=9b5c97390d8d] [ROUTE] Controller=\App\Modules\Management\Controllers\ManagementAPIController Method=Run_CRON_Tasks

[1 occurrence(s)]
DEBUG --> [REQ_ID=9b5c97390d8d] [LIFECYCLE][START] GET https://www.mymiwallet.com/index.php/API/Management/Run-CRON-Tasks

[1 occurrence(s)]
DEBUG --> [REQ_ID=9b5c97390d8d] [REQUEST][END]

[1 occurrence(s)]
DEBUG --> [REQ_ID=b519fe0de650] [REQUEST][START] HEAD /

[1 occurrence(s)]
DEBUG --> [REQ_ID=20a50dba0d2e] [REQUEST][START] HEAD /

[1 occurrence(s)]
DEBUG --> [REQ_ID=dfc45ee06e28] [REQUEST][START] HEAD /

[1 occurrence(s)]
DEBUG --> [REQ_ID=a0c0aed19c47] [REQUEST][START] GET /index.php/API/Alerts/fetchEmailAlerts

[1 occurrence(s)]
DEBUG --> [REQ_ID=a0c0aed19c47] [FILTER_BEFORE] /index.php/API/Alerts/fetchEmailAlerts

[1 occurrence(s)]
DEBUG --> [REQ_ID=a0c0aed19c47] [ROUTE] Controller=\App\Modules\APIs\Controllers\AlertsAPIController Method=fetchEmailAlerts

[1 occurrence(s)]
DEBUG --> [REQ_ID=a0c0aed19c47] [LIFECYCLE][START] GET https://www.mymiwallet.com/index.php/API/Alerts/fetchEmailAlerts

[1 occurrence(s)]
DEBUG --> [REQ_ID=a0c0aed19c47] [REQUEST][END]

[1 occurrence(s)]
DEBUG --> [REQ_ID=4a9a320ce13b] [REQUEST][START] HEAD /

[1 occurrence(s)]
DEBUG --> [REQ_ID=8337400cea8b] [REQUEST][START] HEAD /

[1 occurrence(s)]
DEBUG --> [REQ_ID=cdbfc0d04fb7] [REQUEST][START] HEAD /

[1 occurrence(s)]
DEBUG --> [REQ_ID=40f2fb2433a6] [REQUEST][START] HEAD /

[1 occurrence(s)]
DEBUG --> [REQ_ID=335aa6ab2951] [REQUEST][START] HEAD /

[1 occurrence(s)]
DEBUG --> [REQ_ID=dc3c284fb857] [REQUEST][START] HEAD /

[1 occurrence(s)]
DEBUG --> [REQ_ID=3e98f40a322a] [REQUEST][START] GET /

[1 occurrence(s)]
DEBUG --> [REQ_ID=3e98f40a322a] [FILTER_BEFORE] /

[1 occurrence(s)]
DEBUG --> [REQ_ID=3e98f40a322a] [ROUTE] Controller=\App\Controllers\Home Method=index

[1 occurrence(s)]
DEBUG --> [REQ_ID=3e98f40a322a] [LIFECYCLE][START] GET https://www.mymiwallet.com/index.php/

[1 occurrence(s)]
DEBUG --> [CSRF] token name=csrf_test_name hash=f1160ecb72c5ae6d22468fe4eccfaa5f

[1 occurrence(s)]
DEBUG --> [REQ_ID=617ba4b30b71] [INIT] App\Controllers\Home::GET

[1 occurrence(s)]
DEBUG --> [REQ_ID=617ba4b30b71] [VIEW_RENDER] themes/public/home

[1 occurrence(s)]
DEBUG --> [REQ_ID=3e98f40a322a] [FILTER_AFTER]

[1 occurrence(s)]
DEBUG --> [REQ_ID=3e98f40a322a] [LIFECYCLE][END] status=200 duration_ms=1,120.98 memory_delta=4194304

[1 occurrence(s)]
DEBUG --> [REQ_ID=3e98f40a322a] [REQUEST][END]

[1 occurrence(s)]
DEBUG --> [REQ_ID=3eadd2bb2fa4] [REQUEST][START] HEAD /

[1 occurrence(s)]
DEBUG --> [REQ_ID=51ad42a6c706] [REQUEST][START] HEAD /

[1 occurrence(s)]
DEBUG --> [REQ_ID=5a782d35edfe] [REQUEST][START] HEAD /

[1 occurrence(s)]
DEBUG --> [REQ_ID=fc721102dea1] [REQUEST][START] GET /index.php/API/Management/Run-CRON-Tasks

[1 occurrence(s)]
DEBUG --> [REQ_ID=fc721102dea1] [FILTER_BEFORE] /index.php/API/Management/Run-CRON-Tasks

[1 occurrence(s)]
DEBUG --> [REQ_ID=fc721102dea1] [ROUTE] Controller=\App\Modules\Management\Controllers\ManagementAPIController Method=Run_CRON_Tasks

[1 occurrence(s)]
DEBUG --> [REQ_ID=fc721102dea1] [LIFECYCLE][START] GET https://www.mymiwallet.com/index.php/API/Management/Run-CRON-Tasks

[1 occurrence(s)]
DEBUG --> [REQ_ID=fc721102dea1] [REQUEST][END]

[1 occurrence(s)]
DEBUG --> [REQ_ID=2657fa8f6622] [REQUEST][START] HEAD /

[1 occurrence(s)]
DEBUG --> [REQ_ID=2fbbe213a3c9] [REQUEST][START] HEAD /

[1 occurrence(s)]
DEBUG --> [REQ_ID=659d2b605d4c] [REQUEST][START] HEAD /

[1 occurrence(s)]
DEBUG --> [REQ_ID=98367144b429] [REQUEST][START] GET /index.php/API/Alerts/fetchEmailAlerts

[1 occurrence(s)]
DEBUG --> [REQ_ID=98367144b429] [FILTER_BEFORE] /index.php/API/Alerts/fetchEmailAlerts

[1 occurrence(s)]
DEBUG --> [REQ_ID=98367144b429] [ROUTE] Controller=\App\Modules\APIs\Controllers\AlertsAPIController Method=fetchEmailAlerts

[1 occurrence(s)]
DEBUG --> [REQ_ID=98367144b429] [LIFECYCLE][START] GET https://www.mymiwallet.com/index.php/API/Alerts/fetchEmailAlerts

[1 occurrence(s)]
DEBUG --> [REQ_ID=98367144b429] [REQUEST][END]

[1 occurrence(s)]
DEBUG --> [REQ_ID=63d7ff77ac31] [REQUEST][START] HEAD /

[1 occurrence(s)]
DEBUG --> [REQ_ID=9b93b01c1fd7] [REQUEST][START] HEAD /

[1 occurrence(s)]
DEBUG --> [REQ_ID=fa1f2496a1fe] [REQUEST][START] GET /index.php/How-It-Works/MyMI-Gold

[1 occurrence(s)]
DEBUG --> [REQ_ID=fa1f2496a1fe] [FILTER_BEFORE] /index.php/How-It-Works/MyMI-Gold

[1 occurrence(s)]
DEBUG --> [REQ_ID=fa1f2496a1fe] [ROUTE] Controller=\App\Modules\Blog\Controllers\HowItWorksController Method=MyMIGold

[1 occurrence(s)]
DEBUG --> [REQ_ID=fa1f2496a1fe] [LIFECYCLE][START] GET https://www.mymiwallet.com/index.php/How-It-Works/MyMI-Gold

[1 occurrence(s)]
DEBUG --> [CSRF] token name=csrf_test_name hash=0b8a77000f698bef83eed5fc53f64d4b

[1 occurrence(s)]
DEBUG --> [REQ_ID=938bdc0766b8] [INIT] App\Modules\Blog\Controllers\HowItWorksController::GET

[1 occurrence(s)]
DEBUG --> [REQ_ID=938bdc0766b8] [METHOD_ENTRY] MyMIGold

[1 occurrence(s)]
DEBUG --> [SERVICE] App\Services\BudgetService ::setUserId

[3 occurrence(s)]
DEBUG --> MyMICoin: guest context detected; skipping user-specific preload.

[1 occurrence(s)]
DEBUG --> [MetaService] slug=how-it-works/mymi-gold pageName= cacheHit= path=DB

[1 occurrence(s)]
DEBUG --> [REQ_ID=fa1f2496a1fe] [FILTER_AFTER]

[1 occurrence(s)]
DEBUG --> [REQ_ID=fa1f2496a1fe] [LIFECYCLE][END] status=200 duration_ms=974.99 memory_delta=4194304

[1 occurrence(s)]
DEBUG --> [REQ_ID=fa1f2496a1fe] [REQUEST][END]

[1 occurrence(s)]
DEBUG --> [REQ_ID=881132f88aa0] [REQUEST][START] GET /

[1 occurrence(s)]
DEBUG --> [REQ_ID=881132f88aa0] [REQUEST][END]

[1 occurrence(s)]
DEBUG --> [REQ_ID=d64f34a04e92] [REQUEST][START] HEAD /

[1 occurrence(s)]
DEBUG --> [REQ_ID=b5c61b27425e] [REQUEST][START] HEAD /

[1 occurrence(s)]
DEBUG --> [REQ_ID=f13987c2276b] [REQUEST][START] GET /

[1 occurrence(s)]
DEBUG --> [REQ_ID=f13987c2276b] [FILTER_BEFORE] /

[1 occurrence(s)]
DEBUG --> [REQ_ID=f13987c2276b] [ROUTE] Controller=\App\Controllers\Home Method=index

[1 occurrence(s)]
DEBUG --> [REQ_ID=f13987c2276b] [LIFECYCLE][START] GET https://www.mymiwallet.com/index.php/

[1 occurrence(s)]
DEBUG --> [CSRF] token name=csrf_test_name hash=964bc3109eb64a3079d34089a87e1e79

[1 occurrence(s)]
DEBUG --> [REQ_ID=4766e29294bd] [INIT] App\Controllers\Home::GET

[1 occurrence(s)]
DEBUG --> [REQ_ID=4766e29294bd] [VIEW_RENDER] themes/public/home

[1 occurrence(s)]
DEBUG --> [REQ_ID=f13987c2276b] [FILTER_AFTER]

[1 occurrence(s)]
DEBUG --> [REQ_ID=f13987c2276b] [LIFECYCLE][END] status=200 duration_ms=848.14 memory_delta=4194304

[1 occurrence(s)]
DEBUG --> [REQ_ID=f13987c2276b] [REQUEST][END]

[1 occurrence(s)]
DEBUG --> [REQ_ID=34911a5b2ccc] [REQUEST][START] HEAD /

[1 occurrence(s)]
DEBUG --> [REQ_ID=0f619d654dad] [REQUEST][START] HEAD /

[1 occurrence(s)]
DEBUG --> [REQ_ID=df736a936339] [REQUEST][START] HEAD /

[1 occurrence(s)]
DEBUG --> [REQ_ID=7c7e11496f83] [REQUEST][START] GET /

[1 occurrence(s)]
DEBUG --> [REQ_ID=7c7e11496f83] [FILTER_BEFORE] /

[1 occurrence(s)]
DEBUG --> [REQ_ID=7c7e11496f83] [ROUTE] Controller=\App\Controllers\Home Method=index

[1 occurrence(s)]
DEBUG --> [REQ_ID=7c7e11496f83] [LIFECYCLE][START] GET https://www.mymiwallet.com/index.php/

[2 occurrence(s)]
DEBUG --> [CSRF] token name=csrf_test_name hash=560973565fd277ef5c0488c2d1cd3c41

[1 occurrence(s)]
DEBUG --> [REQ_ID=56a5f7cb0795] [INIT] App\Controllers\Home::GET

[1 occurrence(s)]
DEBUG --> [REQ_ID=56a5f7cb0795] [VIEW_RENDER] themes/public/home

[1 occurrence(s)]
DEBUG --> [REQ_ID=7c7e11496f83] [FILTER_AFTER]

[1 occurrence(s)]
DEBUG --> [REQ_ID=7c7e11496f83] [LIFECYCLE][END] status=200 duration_ms=931.77 memory_delta=4194304

[1 occurrence(s)]
DEBUG --> [REQ_ID=7c7e11496f83] [REQUEST][END]

[1 occurrence(s)]
DEBUG --> [REQ_ID=47131153e598] [REQUEST][START] GET /

[1 occurrence(s)]
DEBUG --> [REQ_ID=47131153e598] [FILTER_BEFORE] /

[1 occurrence(s)]
DEBUG --> [REQ_ID=47131153e598] [ROUTE] Controller=\App\Controllers\Home Method=index

[1 occurrence(s)]
DEBUG --> [REQ_ID=47131153e598] [LIFECYCLE][START] GET https://www.mymiwallet.com/index.php/

[1 occurrence(s)]
DEBUG --> [REQ_ID=5b90fbb44dea] [INIT] App\Controllers\Home::GET

[1 occurrence(s)]
DEBUG --> [REQ_ID=5b90fbb44dea] [VIEW_RENDER] themes/public/home

[1 occurrence(s)]
DEBUG --> [REQ_ID=47131153e598] [FILTER_AFTER]

[1 occurrence(s)]
DEBUG --> [REQ_ID=47131153e598] [LIFECYCLE][END] status=200 duration_ms=823.80 memory_delta=4194304

[1 occurrence(s)]
DEBUG --> [REQ_ID=47131153e598] [REQUEST][END]

[1 occurrence(s)]
DEBUG --> [REQ_ID=cf601e3be67f] [REQUEST][START] HEAD /

[1 occurrence(s)]
DEBUG --> [REQ_ID=1e902ae18d4b] [REQUEST][START] HEAD /

[1 occurrence(s)]
DEBUG --> [REQ_ID=f543309f3c3e] [REQUEST][START] GET /index.php/API/Management/Run-CRON-Tasks

[1 occurrence(s)]
DEBUG --> [REQ_ID=f543309f3c3e] [FILTER_BEFORE] /index.php/API/Management/Run-CRON-Tasks

[1 occurrence(s)]
DEBUG --> [REQ_ID=f543309f3c3e] [ROUTE] Controller=\App\Modules\Management\Controllers\ManagementAPIController Method=Run_CRON_Tasks

[1 occurrence(s)]
DEBUG --> [REQ_ID=f543309f3c3e] [LIFECYCLE][START] GET https://www.mymiwallet.com/index.php/API/Management/Run-CRON-Tasks

[1 occurrence(s)]
DEBUG --> [REQ_ID=f543309f3c3e] [REQUEST][END]

[1 occurrence(s)]
DEBUG --> [REQ_ID=d1b2ee7982ae] [REQUEST][START] HEAD /

[1 occurrence(s)]
DEBUG --> [REQ_ID=d2126d6f775d] [REQUEST][START] GET /

[1 occurrence(s)]
DEBUG --> [REQ_ID=d2126d6f775d] [FILTER_BEFORE] /

[1 occurrence(s)]
DEBUG --> [REQ_ID=d2126d6f775d] [ROUTE] Controller=\App\Controllers\Home Method=index

[1 occurrence(s)]
DEBUG --> [REQ_ID=d2126d6f775d] [LIFECYCLE][START] GET https://www.mymiwallet.com/index.php/

[1 occurrence(s)]
DEBUG --> [CSRF] token name=csrf_test_name hash=893bc0ebb5368620b523412465eacf2f

[1 occurrence(s)]
DEBUG --> [REQ_ID=aa3c2aade299] [INIT] App\Controllers\Home::GET

[1 occurrence(s)]
DEBUG --> [REQ_ID=aa3c2aade299] [VIEW_RENDER] themes/public/home

[1 occurrence(s)]
DEBUG --> [REQ_ID=d2126d6f775d] [FILTER_AFTER]

[1 occurrence(s)]
DEBUG --> [REQ_ID=d2126d6f775d] [LIFECYCLE][END] status=200 duration_ms=1,080.25 memory_delta=4194304

[1 occurrence(s)]
DEBUG --> [REQ_ID=d2126d6f775d] [REQUEST][END]

[1 occurrence(s)]
DEBUG --> [REQ_ID=944c8e6b17b8] [REQUEST][START] HEAD /

[1 occurrence(s)]
DEBUG --> [REQ_ID=f4ffcd0de10b] [REQUEST][START] HEAD /

[1 occurrence(s)]
DEBUG --> [REQ_ID=349c31889815] [REQUEST][START] GET /index.php/API/Alerts/fetchEmailAlerts

[1 occurrence(s)]
DEBUG --> [REQ_ID=349c31889815] [FILTER_BEFORE] /index.php/API/Alerts/fetchEmailAlerts

[1 occurrence(s)]
DEBUG --> [REQ_ID=349c31889815] [ROUTE] Controller=\App\Modules\APIs\Controllers\AlertsAPIController Method=fetchEmailAlerts

[1 occurrence(s)]
DEBUG --> [REQ_ID=349c31889815] [LIFECYCLE][START] GET https://www.mymiwallet.com/index.php/API/Alerts/fetchEmailAlerts

[1 occurrence(s)]
DEBUG --> [REQ_ID=349c31889815] [REQUEST][END]

[1 occurrence(s)]
DEBUG --> [REQ_ID=4a6f3b340e50] [REQUEST][START] HEAD /

[1 occurrence(s)]
DEBUG --> [REQ_ID=565572f7fe35] [REQUEST][START] HEAD /

[1 occurrence(s)]
DEBUG --> [REQ_ID=4809d842ea4d] [REQUEST][START] HEAD /

[1 occurrence(s)]
DEBUG --> [REQ_ID=02e0c4170f13] [REQUEST][START] GET /index.php/How-It-Works/Registering-An-Account

[1 occurrence(s)]
DEBUG --> [REQ_ID=02e0c4170f13] [REQUEST][END]

[1 occurrence(s)]
DEBUG --> [REQ_ID=e3f2ddba0777] [REQUEST][START] HEAD /

[1 occurrence(s)]
DEBUG --> [REQ_ID=5b439f305cc5] [REQUEST][START] HEAD /

[1 occurrence(s)]
DEBUG --> [REQ_ID=0af5967af4ea] [REQUEST][START] GET /index.php/How-It-Works/MyMI-Exchange

[1 occurrence(s)]
DEBUG --> [REQ_ID=0af5967af4ea] [REQUEST][END]

[1 occurrence(s)]
DEBUG --> [REQ_ID=9a0d1d4cc633] [REQUEST][START] GET /

[1 occurrence(s)]
DEBUG --> [REQ_ID=9a0d1d4cc633] [FILTER_BEFORE] /

[1 occurrence(s)]
DEBUG --> [REQ_ID=9a0d1d4cc633] [ROUTE] Controller=\App\Controllers\Home Method=index

[1 occurrence(s)]
DEBUG --> [REQ_ID=9a0d1d4cc633] [LIFECYCLE][START] GET https://www.mymiwallet.com/index.php/

[1 occurrence(s)]
DEBUG --> [CSRF] token name=csrf_test_name hash=0aa5d2a920d15af817083bdb2fab8201

[1 occurrence(s)]
DEBUG --> [REQ_ID=cac4a63e1edd] [INIT] App\Controllers\Home::GET

[1 occurrence(s)]
DEBUG --> [REQ_ID=cac4a63e1edd] [VIEW_RENDER] themes/public/home

[1 occurrence(s)]
DEBUG --> [REQ_ID=9a0d1d4cc633] [FILTER_AFTER]

[1 occurrence(s)]
DEBUG --> [REQ_ID=9a0d1d4cc633] [LIFECYCLE][END] status=200 duration_ms=996.70 memory_delta=4194304

[1 occurrence(s)]
DEBUG --> [REQ_ID=9a0d1d4cc633] [REQUEST][END]

[1 occurrence(s)]
DEBUG --> [REQ_ID=18bd3024fc2a] [REQUEST][START] HEAD /

[1 occurrence(s)]
DEBUG --> [REQ_ID=fb9b0447426d] [REQUEST][START] GET /index.php/Knowledgebase/Assets

[1 occurrence(s)]
DEBUG --> [REQ_ID=fb9b0447426d] [REQUEST][END]

[1 occurrence(s)]
DEBUG --> [REQ_ID=257b5797da01] [REQUEST][START] GET /index.php/Account/Notifications

[1 occurrence(s)]
DEBUG --> [REQ_ID=257b5797da01] [REQUEST][END]

[1 occurrence(s)]
DEBUG --> [REQ_ID=4caab0086aed] [REQUEST][START] GET /

[1 occurrence(s)]
DEBUG --> [REQ_ID=4caab0086aed] [FILTER_BEFORE] /

[1 occurrence(s)]
DEBUG --> [REQ_ID=4caab0086aed] [ROUTE] Controller=\App\Controllers\Home Method=index

[1 occurrence(s)]
DEBUG --> [REQ_ID=4caab0086aed] [LIFECYCLE][START] GET https://www.mymiwallet.com/index.php/

[1 occurrence(s)]
DEBUG --> [CSRF] token name=csrf_test_name hash=5b7ff8789070bff3cf66a51205dc3ac5

[1 occurrence(s)]
DEBUG --> [REQ_ID=546c668590ff] [INIT] App\Controllers\Home::GET

[1 occurrence(s)]
DEBUG --> [REQ_ID=546c668590ff] [VIEW_RENDER] themes/public/home

[1 occurrence(s)]
DEBUG --> [REQ_ID=4caab0086aed] [FILTER_AFTER]

[1 occurrence(s)]
DEBUG --> [REQ_ID=4caab0086aed] [LIFECYCLE][END] status=200 duration_ms=941.60 memory_delta=4194304

[1 occurrence(s)]
DEBUG --> [REQ_ID=4caab0086aed] [REQUEST][END]

[1 occurrence(s)]
DEBUG --> [REQ_ID=669a54f83136] [REQUEST][START] HEAD /

[1 occurrence(s)]
DEBUG --> [REQ_ID=6ed348b54ab0] [REQUEST][START] HEAD /

[1 occurrence(s)]
DEBUG --> [REQ_ID=f944b5d591f3] [REQUEST][START] HEAD /

[1 occurrence(s)]
DEBUG --> [REQ_ID=cb02f28e4445] [REQUEST][START] GET /index.php/API/Management/Run-CRON-Tasks

[1 occurrence(s)]
DEBUG --> [REQ_ID=cb02f28e4445] [FILTER_BEFORE] /index.php/API/Management/Run-CRON-Tasks

[1 occurrence(s)]
DEBUG --> [REQ_ID=cb02f28e4445] [ROUTE] Controller=\App\Modules\Management\Controllers\ManagementAPIController Method=Run_CRON_Tasks

[1 occurrence(s)]
DEBUG --> [REQ_ID=cb02f28e4445] [LIFECYCLE][START] GET https://www.mymiwallet.com/index.php/API/Management/Run-CRON-Tasks

[1 occurrence(s)]
DEBUG --> [REQ_ID=cb02f28e4445] [REQUEST][END]


---------------------------
LEVEL: INFO
---------------------------

[1 occurrence(s)]
INFO --> [REQ_ID=ea7df80b85fa] [PERF] Execution time=0.061238

[1 occurrence(s)]
INFO --> [REQ_ID=c1fa42f308c8] [PERF] Execution time=0.021487

[1 occurrence(s)]
INFO --> [REQ_ID=5c0708010a7e] [MEMORY][controller-start] 6291456

[1 occurrence(s)]
INFO --> [REQ_ID=5c0708010a7e] [MEMORY][commonData:start] 6291456

[1 occurrence(s)]
INFO --> [REQ_ID=5c0708010a7e] [MEMORY][commonData:start] 10485760

[8 occurrence(s)]
INFO --> themesMemory usage: 10485760

[1 occurrence(s)]
INFO --> [REQ_ID=5c0708010a7e] [PERF] Execution time=0.895933

[1 occurrence(s)]
INFO --> [REQ_ID=ba103fa85222] [PERF] Execution time=0.936936

[1 occurrence(s)]
INFO --> [REQ_ID=27e1f9e4b36a] [PERF] Execution time=0.047666

[1 occurrence(s)]
INFO --> [REQ_ID=f70ef6faed17] [MEMORY][controller-start] 6291456

[1 occurrence(s)]
INFO --> [REQ_ID=f70ef6faed17] [MEMORY][commonData:start] 6291456

[1 occurrence(s)]
INFO --> [REQ_ID=f70ef6faed17] [MEMORY][commonData:start] 10485760

[1 occurrence(s)]
INFO --> [REQ_ID=f70ef6faed17] [PERF] Execution time=0.838174

[1 occurrence(s)]
INFO --> [REQ_ID=041aea4b30f7] [PERF] Execution time=0.878598

[1 occurrence(s)]
INFO --> [REQ_ID=dfdf3d04fca5] [MEMORY][controller-start] 6291456

[1 occurrence(s)]
INFO --> [REQ_ID=dfdf3d04fca5] [MEMORY][commonData:start] 6291456

[1 occurrence(s)]
INFO --> [REQ_ID=dfdf3d04fca5] [MEMORY][commonData:start] 8388608

[8 occurrence(s)]
INFO --> themesMemory usage: 8388608

[1 occurrence(s)]
INFO --> [REQ_ID=dfdf3d04fca5] [PERF] Execution time=0.692273

[1 occurrence(s)]
INFO --> [REQ_ID=a1fbcf1bda53] [PERF] Execution time=0.702481

[1 occurrence(s)]
INFO --> [REQ_ID=b8c8d8c1f154] [PERF] Execution time=0.047460

[1 occurrence(s)]
INFO --> [REQ_ID=ce3d52c029a2] [PERF] Execution time=0.044870

[1 occurrence(s)]
INFO --> [REQ_ID=fef9d3fef6a7] [MEMORY][controller-start] 6291456

[1 occurrence(s)]
INFO --> [REQ_ID=fef9d3fef6a7] [MEMORY][commonData:start] 6291456

[1 occurrence(s)]
INFO --> [REQ_ID=fef9d3fef6a7] [MEMORY][commonData:start] 10485760

[1 occurrence(s)]
INFO --> [REQ_ID=fef9d3fef6a7] [PERF] Execution time=1.070629

[1 occurrence(s)]
INFO --> [REQ_ID=aad22236f3dd] [PERF] Execution time=1.110068

[1 occurrence(s)]
INFO --> [REQ_ID=0939c1010ce6] [MEMORY][controller-start] 6291456

[1 occurrence(s)]
INFO --> [REQ_ID=0939c1010ce6] [MEMORY][commonData:start] 6291456

[1 occurrence(s)]
INFO --> [REQ_ID=0939c1010ce6] [MEMORY][commonData:start] 10485760

[1 occurrence(s)]
INFO --> [REQ_ID=0939c1010ce6] [PERF] Execution time=0.914668

[1 occurrence(s)]
INFO --> [REQ_ID=e9bf820188d6] [PERF] Execution time=0.964561

[1 occurrence(s)]
INFO --> [REQ_ID=184b9fa5e9bf] [PERF] Execution time=0.047371

[1 occurrence(s)]
INFO --> [REQ_ID=c9a8c322fcf9] [PERF] Execution time=0.041721

[1 occurrence(s)]
INFO --> [REQ_ID=a7dc93258800] [PERF] Execution time=0.040900

[1 occurrence(s)]
INFO --> [REQ_ID=c09bea077308] [MEMORY][controller-start] 4194304

[1 occurrence(s)]
INFO --> [REQ_ID=c09bea077308] [MEMORY][commonData:start] 6291456

[1 occurrence(s)]
INFO --> [REQ_ID=c09bea077308] [MEMORY][commonData:start] 8388608

[1 occurrence(s)]
INFO --> [REQ_ID=c09bea077308] [PERF] Execution time=0.789283

[1 occurrence(s)]
INFO --> [REQ_ID=92a7a89198e7] [PERF] Execution time=0.800814

[1 occurrence(s)]
INFO --> [REQ_ID=edb9b59ddf88] [PERF] Execution time=0.044946

[1 occurrence(s)]
INFO --> [REQ_ID=b84e683d004f] [PERF] Execution time=0.038318

[1 occurrence(s)]
INFO --> [REQ_ID=fe0747a68d5f] [PERF] Execution time=0.035964

[1 occurrence(s)]
INFO --> [REQ_ID=24bc5a807a10] [MEMORY][controller-start] 6291456

[1 occurrence(s)]
INFO --> [REQ_ID=24bc5a807a10] [MEMORY][commonData:start] 6291456

[1 occurrence(s)]
INFO --> [REQ_ID=24bc5a807a10] [MEMORY][commonData:start] 10485760

[1 occurrence(s)]
INFO --> [REQ_ID=24bc5a807a10] [PERF] Execution time=0.886617

[1 occurrence(s)]
INFO --> [REQ_ID=4deb498396ee] [PERF] Execution time=0.944553

[1 occurrence(s)]
INFO --> [REQ_ID=eb09e121150a] [PERF] Execution time=0.017704

[1 occurrence(s)]
INFO --> [REQ_ID=47d13cefa2d9] [PERF] Execution time=0.041865

[1 occurrence(s)]
INFO --> [REQ_ID=1bdc67f9a7ca] [MEMORY][controller-start] 4194304

[1 occurrence(s)]
INFO --> [REQ_ID=1bdc67f9a7ca] [PERF] Execution time=0.076521

[1 occurrence(s)]
INFO --> [REQ_ID=f177ffc0a690] [PERF] Execution time=0.094327

[1 occurrence(s)]
INFO --> [REQ_ID=da22c7ae2777] [MEMORY][controller-start] 6291456

[1 occurrence(s)]
INFO --> [REQ_ID=da22c7ae2777] [MEMORY][commonData:start] 6291456

[1 occurrence(s)]
INFO --> [REQ_ID=da22c7ae2777] [MEMORY][commonData:start] 10485760

[1 occurrence(s)]
INFO --> [REQ_ID=da22c7ae2777] [PERF] Execution time=0.902374

[1 occurrence(s)]
INFO --> [REQ_ID=c8aacf7f1b08] [PERF] Execution time=0.944412

[1 occurrence(s)]
INFO --> [REQ_ID=4cf32a968a98] [PERF] Execution time=0.021158

[1 occurrence(s)]
INFO --> [REQ_ID=1c6cd396ae27] [PERF] Execution time=0.021733

[1 occurrence(s)]
INFO --> [REQ_ID=9b5c97390d8d] [PERF] Execution time=0.043290

[1 occurrence(s)]
INFO --> [REQ_ID=a0c0aed19c47] [PERF] Execution time=0.045408

[1 occurrence(s)]
INFO --> [REQ_ID=617ba4b30b71] [MEMORY][controller-start] 4194304

[1 occurrence(s)]
INFO --> [REQ_ID=617ba4b30b71] [MEMORY][commonData:start] 6291456

[1 occurrence(s)]
INFO --> [REQ_ID=617ba4b30b71] [MEMORY][commonData:start] 8388608

[1 occurrence(s)]
INFO --> [REQ_ID=617ba4b30b71] [PERF] Execution time=1.119043

[1 occurrence(s)]
INFO --> [REQ_ID=3e98f40a322a] [PERF] Execution time=1.139625

[1 occurrence(s)]
INFO --> [REQ_ID=fc721102dea1] [PERF] Execution time=0.047494

[1 occurrence(s)]
INFO --> [REQ_ID=98367144b429] [PERF] Execution time=0.045670

[1 occurrence(s)]
INFO --> [REQ_ID=938bdc0766b8] [MEMORY][controller-start] 4194304

[1 occurrence(s)]
INFO --> [REQ_ID=938bdc0766b8] [MEMORY][commonData:start] 6291456

[1 occurrence(s)]
INFO --> [REQ_ID=938bdc0766b8] [PERF] Execution time=0.972831

[1 occurrence(s)]
INFO --> [REQ_ID=fa1f2496a1fe] [PERF] Execution time=0.998634

[1 occurrence(s)]
INFO --> [REQ_ID=881132f88aa0] [PERF] Execution time=0.010239

[1 occurrence(s)]
INFO --> [REQ_ID=4766e29294bd] [MEMORY][controller-start] 6291456

[1 occurrence(s)]
INFO --> [REQ_ID=4766e29294bd] [MEMORY][commonData:start] 6291456

[1 occurrence(s)]
INFO --> [REQ_ID=4766e29294bd] [MEMORY][commonData:start] 10485760

[1 occurrence(s)]
INFO --> [REQ_ID=4766e29294bd] [PERF] Execution time=0.846217

[1 occurrence(s)]
INFO --> [REQ_ID=f13987c2276b] [PERF] Execution time=0.886238

[1 occurrence(s)]
INFO --> [REQ_ID=56a5f7cb0795] [MEMORY][controller-start] 4194304

[1 occurrence(s)]
INFO --> [REQ_ID=56a5f7cb0795] [MEMORY][commonData:start] 4194304

[1 occurrence(s)]
INFO --> [REQ_ID=56a5f7cb0795] [MEMORY][commonData:start] 8388608

[1 occurrence(s)]
INFO --> [REQ_ID=56a5f7cb0795] [PERF] Execution time=0.929165

[1 occurrence(s)]
INFO --> [REQ_ID=7c7e11496f83] [PERF] Execution time=0.956072

[1 occurrence(s)]
INFO --> [REQ_ID=5b90fbb44dea] [MEMORY][controller-start] 4194304

[1 occurrence(s)]
INFO --> [REQ_ID=5b90fbb44dea] [MEMORY][commonData:start] 4194304

[1 occurrence(s)]
INFO --> [REQ_ID=5b90fbb44dea] [MEMORY][commonData:start] 8388608

[1 occurrence(s)]
INFO --> [REQ_ID=5b90fbb44dea] [PERF] Execution time=0.823628

[1 occurrence(s)]
INFO --> [REQ_ID=47131153e598] [PERF] Execution time=0.832889

[1 occurrence(s)]
INFO --> [REQ_ID=f543309f3c3e] [PERF] Execution time=0.036987

[1 occurrence(s)]
INFO --> [REQ_ID=aa3c2aade299] [MEMORY][controller-start] 4194304

[1 occurrence(s)]
INFO --> [REQ_ID=aa3c2aade299] [MEMORY][commonData:start] 6291456

[1 occurrence(s)]
INFO --> [REQ_ID=aa3c2aade299] [MEMORY][commonData:start] 8388608

[1 occurrence(s)]
INFO --> [REQ_ID=aa3c2aade299] [PERF] Execution time=1.077458

[1 occurrence(s)]
INFO --> [REQ_ID=d2126d6f775d] [PERF] Execution time=1.160421

[1 occurrence(s)]
INFO --> [REQ_ID=349c31889815] [PERF] Execution time=0.063514

[1 occurrence(s)]
INFO --> [REQ_ID=02e0c4170f13] [PERF] Execution time=0.055917

[1 occurrence(s)]
INFO --> [REQ_ID=0af5967af4ea] [PERF] Execution time=0.020960

[1 occurrence(s)]
INFO --> [REQ_ID=cac4a63e1edd] [MEMORY][controller-start] 6291456

[1 occurrence(s)]
INFO --> [REQ_ID=cac4a63e1edd] [MEMORY][commonData:start] 6291456

[1 occurrence(s)]
INFO --> [REQ_ID=cac4a63e1edd] [MEMORY][commonData:start] 10485760

[1 occurrence(s)]
INFO --> [REQ_ID=cac4a63e1edd] [PERF] Execution time=0.994829

[1 occurrence(s)]
INFO --> [REQ_ID=9a0d1d4cc633] [PERF] Execution time=1.035737

[1 occurrence(s)]
INFO --> [REQ_ID=fb9b0447426d] [PERF] Execution time=0.012894

[1 occurrence(s)]
INFO --> [REQ_ID=257b5797da01] [PERF] Execution time=0.041237

[1 occurrence(s)]
INFO --> [REQ_ID=546c668590ff] [MEMORY][controller-start] 4194304

[1 occurrence(s)]
INFO --> [REQ_ID=546c668590ff] [MEMORY][commonData:start] 6291456

[1 occurrence(s)]
INFO --> [REQ_ID=546c668590ff] [MEMORY][commonData:start] 8388608

[1 occurrence(s)]
INFO --> [REQ_ID=546c668590ff] [PERF] Execution time=0.939621

[1 occurrence(s)]
INFO --> [REQ_ID=4caab0086aed] [PERF] Execution time=0.951769

[1 occurrence(s)]
INFO --> [SPARK_START] App\Commands\AIOps\Run

[4 occurrence(s)]
INFO --> [SPARK_MEMORY] 18874368

[1 occurrence(s)]
INFO --> [spark:aiops:run] Intent

[1 occurrence(s)]
INFO --> [spark:ops:work] Started

[1 occurrence(s)]
INFO --> [SPARK_START] App\Commands\Ops\Work

[1 occurrence(s)]
INFO --> [spark:ops:work] Intent

[1 occurrence(s)]
INFO --> [REQ_ID=cb02f28e4445] [PERF] Execution time=0.094447

[1 occurrence(s)]
INFO --> [spark:ops:work] Completed

[1 occurrence(s)]
INFO --> [SPARK_COMPLETE] App\Commands\Ops\Work duration=0.275094

[1 occurrence(s)]
INFO --> [AIOPS][SPARK][GOVERNANCE][spark:logs:summarize] Started

[1 occurrence(s)]
INFO --> [SPARK_START] App\Commands\Logs\Summarize

[1 occurrence(s)]
INFO --> [spark:logs:summarize] Intent


---------------------------
LEVEL: WARNING
---------------------------

[84 occurrence(s)]
WARNING --> [404] URI=https://www.mymiwallet.com/index.php/

[84 occurrence(s)]
WARNING --> 404 route miss: https://www.mymiwallet.com/index.php/ | referrer: http://67.205.42.220

[1 occurrence(s)]
WARNING --> MyMIWallets initialized without numeric user context.


---------------------------
LEVEL: CRITICAL
---------------------------

[84 occurrence(s)]
CRITICAL --> CodeIgniter\Exceptions\PageNotFoundException: Page Not Found

[84 occurrence(s)]
CRITICAL --> [EXCEPTION] Page Not Found File=/home/mymiteam/mymiwallet/site/current/vendor/codeigniter4/framework/system/CodeIgniter.php Line=1001


===============================================
   HERE'S THE NEW STUFF
   (No previous timestamp recorded – nothing treated as new)
===============================================

---- CONFIG LINT ----
✅ Services::cache
✅ Services::responsecache
✅ Services::session
✅ Services::email
✅ Services::logger
✅ Services::validation
✅ Services::renderer
