===============================================
   MyMI Wallet — Log Summary for 2026-02-16
   Auto-generated by logs:summarize command
   Grouped by (LEVEL + message)
===============================================

Last processed up to: 2026-02-16 10:00:03

---------------------------
LEVEL: INFO
---------------------------

[1 occurrence(s)]
INFO --> LOG_HEALTHCHECK file probe marker=fb29e5ed5e8f

[1 occurrence(s)]
INFO --> LOG_HEALTHCHECK file probe marker=1c288b52c8a0

[1 occurrence(s)]
INFO --> LOG_HEALTHCHECK file probe marker=e4b0c00f94d6

[1 occurrence(s)]
INFO --> LOG_HEALTHCHECK file probe marker=c3c20e448290

[1 occurrence(s)]
INFO --> LOG_HEALTHCHECK file probe marker=bd277bf5e4fb


---------------------------
LEVEL: ERROR
---------------------------

[1 occurrence(s)]
ERROR --> LOG_HEALTHCHECK file probe marker=8969fb982bca


===============================================
   HERE'S THE NEW STUFF
   (Entries logged AFTER 2026-02-16 10:00:03)
===============================================

---------------------------
LEVEL: INFO (NEW)
---------------------------

[1 NEW occurrence(s)]
INFO --> LOG_HEALTHCHECK file probe marker=bd277bf5e4fb


---- CONFIG LINT ----
✅ Services::cache
✅ Services::responsecache
✅ Services::session
✅ Services::email
✅ Services::logger
✅ Services::validation
✅ Services::renderer
