===============================================
   MyMI Wallet — Log Summary for 2026-04-05
   Auto-generated by logs:summarize command
   Grouped by (LEVEL + message)
===============================================

Last processed up to: <none> (first run for this date)

---------------------------
LEVEL: DEBUG
---------------------------

[1 occurrence(s)]
DEBUG --> [REQ_ID=293d0ec10a38] [REQUEST][START] GET /index.php/API/Management/Run-CRON-Tasks

[62 occurrence(s)]
DEBUG --> Session: Class initialized using 'CodeIgniter\Session\Handlers\FileHandler' driver.

[1 occurrence(s)]
DEBUG --> [REQ_ID=293d0ec10a38] [FILTER_BEFORE] /index.php/API/Management/Run-CRON-Tasks

[1 occurrence(s)]
DEBUG --> [REQ_ID=293d0ec10a38] [ROUTE] Controller=\App\Modules\APIs\Controllers\ManagementAPIController Method=Run_CRON_Tasks

[1 occurrence(s)]
DEBUG --> [REQ_ID=293d0ec10a38] [LIFECYCLE][START] GET https://www.mymiwallet.com/index.php/API/Management/Run-CRON-Tasks

[1 occurrence(s)]
DEBUG --> [REQ_ID=293d0ec10a38] [REQUEST][END]

[1 occurrence(s)]
DEBUG --> [REQ_ID=85777e43bc72] [REQUEST][START] GET /index.php/API/Alerts/fetchEmailAlerts

[1 occurrence(s)]
DEBUG --> [REQ_ID=85777e43bc72] [FILTER_BEFORE] /index.php/API/Alerts/fetchEmailAlerts

[1 occurrence(s)]
DEBUG --> [REQ_ID=85777e43bc72] [ROUTE] Controller=\App\Modules\APIs\Controllers\AlertsAPIController Method=fetchEmailAlerts

[1 occurrence(s)]
DEBUG --> [REQ_ID=85777e43bc72] [LIFECYCLE][START] GET https://www.mymiwallet.com/index.php/API/Alerts/fetchEmailAlerts

[1 occurrence(s)]
DEBUG --> [REQ_ID=85777e43bc72] [REQUEST][END]

[1 occurrence(s)]
DEBUG --> [REQ_ID=b063ec50cfbb] [REQUEST][START] GET /

[1 occurrence(s)]
DEBUG --> [REQ_ID=b063ec50cfbb] [REQUEST][END]

[1 occurrence(s)]
DEBUG --> [REQ_ID=156096bf4cc8] [REQUEST][START] GET /index.php/Dashboard

[1 occurrence(s)]
DEBUG --> [REQ_ID=156096bf4cc8] [FILTER_BEFORE] /index.php/Dashboard

[1 occurrence(s)]
DEBUG --> [REQ_ID=156096bf4cc8] [ROUTE] Controller=\App\Modules\User\Controllers\DashboardController Method=index

[1 occurrence(s)]
DEBUG --> [REQ_ID=156096bf4cc8] [LIFECYCLE][START] GET https://www.mymiwallet.com/index.php/Dashboard

[1 occurrence(s)]
DEBUG --> [CSRF] token name=csrf_test_name hash=0941a25384e233d0d30a8c6b24737560

[1 occurrence(s)]
DEBUG --> [REQ_ID=156096bf4cc8] [REQUEST][END]

[1 occurrence(s)]
DEBUG --> [REQ_ID=35134932d05a] [REQUEST][START] GET /index.php/API/Investments/getForecastAccuracySummary?window=7d

[1 occurrence(s)]
DEBUG --> [REQ_ID=35134932d05a] [FILTER_BEFORE] /index.php/API/Investments/getForecastAccuracySummary?window=7d

[1 occurrence(s)]
DEBUG --> [REQ_ID=35134932d05a] [ROUTE] Controller=\App\Modules\APIs\Controllers\InvestmentsAPIController Method=getForecastAccuracySummary

[1 occurrence(s)]
DEBUG --> [REQ_ID=35134932d05a] [LIFECYCLE][START] GET https://www.mymiwallet.com/index.php/API/Investments/getForecastAccuracySummary?window=7d

[1 occurrence(s)]
DEBUG --> [REQ_ID=8fb89788f43e] [INIT] App\Modules\APIs\Controllers\InvestmentsAPIController::GET

[22 occurrence(s)]
DEBUG --> [TRACE]

[5 occurrence(s)]
DEBUG --> MyMIInvestments: no session user detected; skipping personalized hydration.

[5 occurrence(s)]
DEBUG --> MyMICoin initialized ONCE

[5 occurrence(s)]
DEBUG --> MyMICoin: guest context detected; skipping user-specific preload.

[5 occurrence(s)]
DEBUG --> MyMIMarketing: Pscrape library not installed; Google search scraping will use fallback.

[17 occurrence(s)]
DEBUG --> MyMIUser L52 - initialized (first log).

[1 occurrence(s)]
DEBUG --> [REQ_ID=35134932d05a] [FILTER_AFTER]

[1 occurrence(s)]
DEBUG --> [REQ_ID=35134932d05a] [LIFECYCLE][END] status=302 duration_ms=110.87 memory_delta=2097152

[1 occurrence(s)]
DEBUG --> [REQ_ID=35134932d05a] [REQUEST][END]

[1 occurrence(s)]
DEBUG --> [REQ_ID=7d969f720837] [REQUEST][START] GET /index.php/ops/health

[1 occurrence(s)]
DEBUG --> [REQ_ID=7d969f720837] [FILTER_BEFORE] /index.php/ops/health

[1 occurrence(s)]
DEBUG --> [REQ_ID=7d969f720837] [ROUTE] Controller=\App\Controllers\OpsHealthController Method=index

[1 occurrence(s)]
DEBUG --> [REQ_ID=7d969f720837] [LIFECYCLE][START] GET https://www.mymiwallet.com/index.php/ops/health

[1 occurrence(s)]
DEBUG --> [CSRF] token name=csrf_test_name hash=7e31c5afb01643b472b630b1085da7ac

[1 occurrence(s)]
DEBUG --> [REQ_ID=7d969f720837] [REQUEST][END]

[1 occurrence(s)]
DEBUG --> [REQ_ID=70ca8e07334f] [REQUEST][START] GET /index.php/Memberships

[1 occurrence(s)]
DEBUG --> [REQ_ID=70ca8e07334f] [FILTER_BEFORE] /index.php/Memberships

[1 occurrence(s)]
DEBUG --> [REQ_ID=70ca8e07334f] [ROUTE] Controller=\App\Controllers\Home Method=memberships

[1 occurrence(s)]
DEBUG --> [REQ_ID=70ca8e07334f] [LIFECYCLE][START] GET https://www.mymiwallet.com/index.php/Memberships

[3 occurrence(s)]
DEBUG --> [CSRF] token name=csrf_test_name hash=67b58c2b6895fbb5b5900aa2d7d17405

[1 occurrence(s)]
DEBUG --> [REQ_ID=277567e242ac] [INIT] App\Controllers\Home::GET

[1 occurrence(s)]
DEBUG --> [MetaService] slug=memberships pageName= cacheHit= path=DB

[1 occurrence(s)]
DEBUG --> [REQ_ID=277567e242ac] [VIEW_RENDER] themes/public/memberships

[1 occurrence(s)]
DEBUG --> [MetaService] slug=memberships pageName=Memberships cacheHit= path=DB

[1 occurrence(s)]
DEBUG --> [REQ_ID=70ca8e07334f] [FILTER_AFTER]

[1 occurrence(s)]
DEBUG --> [REQ_ID=70ca8e07334f] [LIFECYCLE][END] status=200 duration_ms=579.23 memory_delta=4194304

[1 occurrence(s)]
DEBUG --> [REQ_ID=70ca8e07334f] [REQUEST][END]

[1 occurrence(s)]
DEBUG --> [REQ_ID=041198faff9e] [REQUEST][START] GET /index.php/API/Investments/getConfidenceHeatmap?timeframe=5m&window=60

[1 occurrence(s)]
DEBUG --> [REQ_ID=041198faff9e] [FILTER_BEFORE] /index.php/API/Investments/getConfidenceHeatmap?timeframe=5m&window=60

[1 occurrence(s)]
DEBUG --> [REQ_ID=041198faff9e] [ROUTE] Controller=\App\Modules\APIs\Controllers\InvestmentsAPIController Method=getConfidenceHeatmap

[1 occurrence(s)]
DEBUG --> [REQ_ID=041198faff9e] [LIFECYCLE][START] GET https://www.mymiwallet.com/index.php/API/Investments/getConfidenceHeatmap?timeframe=5m&window=60

[1 occurrence(s)]
DEBUG --> [REQ_ID=787aa43ddf41] [INIT] App\Modules\APIs\Controllers\InvestmentsAPIController::GET

[1 occurrence(s)]
DEBUG --> [REQ_ID=041198faff9e] [FILTER_AFTER]

[1 occurrence(s)]
DEBUG --> [REQ_ID=041198faff9e] [LIFECYCLE][END] status=302 duration_ms=26.63 memory_delta=0

[1 occurrence(s)]
DEBUG --> [REQ_ID=041198faff9e] [REQUEST][END]

[1 occurrence(s)]
DEBUG --> [REQ_ID=b443de07486e] [REQUEST][START] GET /index.php/Memberships

[1 occurrence(s)]
DEBUG --> [REQ_ID=a7665639f6df] [REQUEST][START] GET /index.php/API/Investments/getConfidenceHeatmap?timeframe=all&window=6h

[1 occurrence(s)]
DEBUG --> [REQ_ID=b443de07486e] [FILTER_BEFORE] /index.php/Memberships

[1 occurrence(s)]
DEBUG --> [REQ_ID=b443de07486e] [ROUTE] Controller=\App\Controllers\Home Method=memberships

[1 occurrence(s)]
DEBUG --> [REQ_ID=b443de07486e] [LIFECYCLE][START] GET https://www.mymiwallet.com/index.php/Memberships

[1 occurrence(s)]
DEBUG --> [REQ_ID=72fd17ee5c19] [REQUEST][START] GET /index.php/API/Investments/getForecastHighlights

[1 occurrence(s)]
DEBUG --> [REQ_ID=31c8c9d16b06] [INIT] App\Controllers\Home::GET

[1 occurrence(s)]
DEBUG --> [REQ_ID=a7665639f6df] [FILTER_BEFORE] /index.php/API/Investments/getConfidenceHeatmap?timeframe=all&window=6h

[1 occurrence(s)]
DEBUG --> [REQ_ID=a7665639f6df] [ROUTE] Controller=\App\Modules\APIs\Controllers\InvestmentsAPIController Method=getConfidenceHeatmap

[1 occurrence(s)]
DEBUG --> [REQ_ID=a7665639f6df] [LIFECYCLE][START] GET https://www.mymiwallet.com/index.php/API/Investments/getConfidenceHeatmap?timeframe=all&window=6h

[1 occurrence(s)]
DEBUG --> [REQ_ID=f572697a6c93] [INIT] App\Modules\APIs\Controllers\InvestmentsAPIController::GET

[1 occurrence(s)]
DEBUG --> [REQ_ID=72fd17ee5c19] [FILTER_BEFORE] /index.php/API/Investments/getForecastHighlights

[1 occurrence(s)]
DEBUG --> [REQ_ID=72fd17ee5c19] [ROUTE] Controller=\App\Modules\APIs\Controllers\InvestmentsAPIController Method=getForecastHighlights

[1 occurrence(s)]
DEBUG --> [REQ_ID=72fd17ee5c19] [LIFECYCLE][START] GET https://www.mymiwallet.com/index.php/API/Investments/getForecastHighlights

[1 occurrence(s)]
DEBUG --> [REQ_ID=dbf93ebcc754] [INIT] App\Modules\APIs\Controllers\InvestmentsAPIController::GET

[1 occurrence(s)]
DEBUG --> [REQ_ID=a7665639f6df] [FILTER_AFTER]

[1 occurrence(s)]
DEBUG --> [REQ_ID=a7665639f6df] [LIFECYCLE][END] status=302 duration_ms=166.01 memory_delta=4194304

[1 occurrence(s)]
DEBUG --> [REQ_ID=a7665639f6df] [REQUEST][END]

[2 occurrence(s)]
DEBUG --> [MetaService] slug=memberships pageName= cacheHit=1 path=CACHE

[1 occurrence(s)]
DEBUG --> [REQ_ID=31c8c9d16b06] [VIEW_RENDER] themes/public/memberships

[2 occurrence(s)]
DEBUG --> [MetaService] slug=memberships pageName=Memberships cacheHit=1 path=CACHE

[1 occurrence(s)]
DEBUG --> [REQ_ID=b443de07486e] [FILTER_AFTER]

[1 occurrence(s)]
DEBUG --> [REQ_ID=b443de07486e] [LIFECYCLE][END] status=200 duration_ms=529.04 memory_delta=4194304

[1 occurrence(s)]
DEBUG --> [REQ_ID=b443de07486e] [REQUEST][END]

[1 occurrence(s)]
DEBUG --> [REQ_ID=2b800902a726] [REQUEST][START] GET /index.php/Memberships

[1 occurrence(s)]
DEBUG --> [REQ_ID=2b800902a726] [FILTER_BEFORE] /index.php/Memberships

[1 occurrence(s)]
DEBUG --> [REQ_ID=2b800902a726] [ROUTE] Controller=\App\Controllers\Home Method=memberships

[1 occurrence(s)]
DEBUG --> [REQ_ID=2b800902a726] [LIFECYCLE][START] GET https://www.mymiwallet.com/index.php/Memberships

[1 occurrence(s)]
DEBUG --> [REQ_ID=fe54b4083336] [INIT] App\Controllers\Home::GET

[1 occurrence(s)]
DEBUG --> [REQ_ID=72fd17ee5c19] [FILTER_AFTER]

[1 occurrence(s)]
DEBUG --> [REQ_ID=72fd17ee5c19] [LIFECYCLE][END] status=200 duration_ms=636.62 memory_delta=4194304

[1 occurrence(s)]
DEBUG --> [REQ_ID=72fd17ee5c19] [REQUEST][END]

[1 occurrence(s)]
DEBUG --> [REQ_ID=3ce4773d87bf] [REQUEST][START] GET /index.php/API/Investments/getForecastHighlights

[1 occurrence(s)]
DEBUG --> [REQ_ID=3ce4773d87bf] [FILTER_BEFORE] /index.php/API/Investments/getForecastHighlights

[1 occurrence(s)]
DEBUG --> [REQ_ID=3ce4773d87bf] [ROUTE] Controller=\App\Modules\APIs\Controllers\InvestmentsAPIController Method=getForecastHighlights

[1 occurrence(s)]
DEBUG --> [REQ_ID=3ce4773d87bf] [LIFECYCLE][START] GET https://www.mymiwallet.com/index.php/API/Investments/getForecastHighlights

[1 occurrence(s)]
DEBUG --> [REQ_ID=3db46bd9adc5] [INIT] App\Modules\APIs\Controllers\InvestmentsAPIController::GET

[1 occurrence(s)]
DEBUG --> [REQ_ID=3ce4773d87bf] [FILTER_AFTER]

[1 occurrence(s)]
DEBUG --> [REQ_ID=3ce4773d87bf] [LIFECYCLE][END] status=200 duration_ms=14.11 memory_delta=0

[1 occurrence(s)]
DEBUG --> [REQ_ID=3ce4773d87bf] [REQUEST][END]

[1 occurrence(s)]
DEBUG --> [REQ_ID=fe54b4083336] [VIEW_RENDER] themes/public/memberships

[1 occurrence(s)]
DEBUG --> [REQ_ID=2b800902a726] [FILTER_AFTER]

[1 occurrence(s)]
DEBUG --> [REQ_ID=2b800902a726] [LIFECYCLE][END] status=200 duration_ms=520.43 memory_delta=2097152

[1 occurrence(s)]
DEBUG --> [REQ_ID=2b800902a726] [REQUEST][END]

[1 occurrence(s)]
DEBUG --> [REQ_ID=fab631fd53e6] [REQUEST][START] GET /index.php/API/Management/Run-CRON-Tasks

[1 occurrence(s)]
DEBUG --> [REQ_ID=fab631fd53e6] [FILTER_BEFORE] /index.php/API/Management/Run-CRON-Tasks

[1 occurrence(s)]
DEBUG --> [REQ_ID=fab631fd53e6] [ROUTE] Controller=\App\Modules\APIs\Controllers\ManagementAPIController Method=Run_CRON_Tasks

[1 occurrence(s)]
DEBUG --> [REQ_ID=fab631fd53e6] [LIFECYCLE][START] GET https://www.mymiwallet.com/index.php/API/Management/Run-CRON-Tasks

[1 occurrence(s)]
DEBUG --> [REQ_ID=fab631fd53e6] [REQUEST][END]

[1 occurrence(s)]
DEBUG --> [REQ_ID=8a81a45818e5] [REQUEST][START] GET /

[1 occurrence(s)]
DEBUG --> [REQ_ID=8a81a45818e5] [REQUEST][END]

[1 occurrence(s)]
DEBUG --> [REQ_ID=90b1a7a5075c] [REQUEST][START] GET /index.php/API/Alerts/fetchEmailAlerts

[1 occurrence(s)]
DEBUG --> [REQ_ID=90b1a7a5075c] [FILTER_BEFORE] /index.php/API/Alerts/fetchEmailAlerts

[1 occurrence(s)]
DEBUG --> [REQ_ID=90b1a7a5075c] [ROUTE] Controller=\App\Modules\APIs\Controllers\AlertsAPIController Method=fetchEmailAlerts

[1 occurrence(s)]
DEBUG --> [REQ_ID=90b1a7a5075c] [LIFECYCLE][START] GET https://www.mymiwallet.com/index.php/API/Alerts/fetchEmailAlerts

[1 occurrence(s)]
DEBUG --> [REQ_ID=90b1a7a5075c] [REQUEST][END]

[1 occurrence(s)]
DEBUG --> [REQ_ID=8625f0578ef0] [REQUEST][START] GET /index.php/Management/Projects

[1 occurrence(s)]
DEBUG --> [REQ_ID=8625f0578ef0] [REQUEST][END]

[1 occurrence(s)]
DEBUG --> [aiops:status] resolved remote config

[1 occurrence(s)]
DEBUG --> [aiops:status] remote health response

[1 occurrence(s)]
DEBUG --> [REQ_ID=c7b384265d35] [REQUEST][START] GET /index.php/Blog/News-And-Updates/Integrating-With-Plaid

[1 occurrence(s)]
DEBUG --> [REQ_ID=c7b384265d35] [REQUEST][END]

[1 occurrence(s)]
DEBUG --> [REQ_ID=0afd0e19a5f6] [REQUEST][START] GET /

[1 occurrence(s)]
DEBUG --> [REQ_ID=0afd0e19a5f6] [REQUEST][END]

[1 occurrence(s)]
DEBUG --> [REQ_ID=25205700d32f] [REQUEST][START] GET /index.php/Legal/Privacy-Policy

[1 occurrence(s)]
DEBUG --> [REQ_ID=25205700d32f] [FILTER_BEFORE] /index.php/Legal/Privacy-Policy

[1 occurrence(s)]
DEBUG --> [REQ_ID=25205700d32f] [ROUTE] Controller=\App\Controllers\Home Method=privacyPolicy

[1 occurrence(s)]
DEBUG --> [REQ_ID=25205700d32f] [LIFECYCLE][START] GET https://www.mymiwallet.com/index.php/Legal/Privacy-Policy

[1 occurrence(s)]
DEBUG --> [CSRF] token name=csrf_test_name hash=927a94c5d0900cd2a6177794d72cadcc

[1 occurrence(s)]
DEBUG --> [REQ_ID=25205700d32f] [REQUEST][END]

[1 occurrence(s)]
DEBUG --> [REQ_ID=c357551b09a6] [REQUEST][START] GET /index.php/login

[1 occurrence(s)]
DEBUG --> [REQ_ID=c357551b09a6] [FILTER_BEFORE] /index.php/login

[1 occurrence(s)]
DEBUG --> [REQ_ID=c357551b09a6] [ROUTE] Controller=\App\Controllers\AuthController Method=login

[1 occurrence(s)]
DEBUG --> [REQ_ID=c357551b09a6] [LIFECYCLE][START] GET https://www.mymiwallet.com/index.php/login

[1 occurrence(s)]
DEBUG --> [CSRF] token name=csrf_test_name hash=9f76a90e3f2d3daf299ed822dae94521

[1 occurrence(s)]
DEBUG --> [REQ_ID=3f4e74935f91] [INIT] App\Controllers\AuthController::GET

[1 occurrence(s)]
DEBUG --> [REQ_ID=c357551b09a6] [FILTER_AFTER]

[1 occurrence(s)]
DEBUG --> [REQ_ID=c357551b09a6] [LIFECYCLE][END] status=200 duration_ms=27.53 memory_delta=0

[1 occurrence(s)]
DEBUG --> [REQ_ID=c357551b09a6] [REQUEST][END]

[1 occurrence(s)]
DEBUG --> [REQ_ID=6e247c00f757] [REQUEST][START] GET /

[1 occurrence(s)]
DEBUG --> [REQ_ID=6e247c00f757] [FILTER_BEFORE] /

[1 occurrence(s)]
DEBUG --> [REQ_ID=6e247c00f757] [ROUTE] Controller=\App\Controllers\Home Method=index

[1 occurrence(s)]
DEBUG --> [REQ_ID=6e247c00f757] [LIFECYCLE][START] GET https://www.mymiwallet.com/index.php/

[1 occurrence(s)]
DEBUG --> [CSRF] token name=csrf_test_name hash=44523b336f16bfd9e003990431926945

[1 occurrence(s)]
DEBUG --> [REQ_ID=808480ac7f6a] [INIT] App\Controllers\Home::GET

[6 occurrence(s)]
DEBUG --> [MetaService] slug= pageName= cacheHit= path=FALLBACK

[1 occurrence(s)]
DEBUG --> [REQ_ID=808480ac7f6a] [VIEW_RENDER] themes/public/home

[3 occurrence(s)]
DEBUG --> [MetaService] slug= pageName=Home cacheHit= path=DB

[1 occurrence(s)]
DEBUG --> [REQ_ID=6e247c00f757] [FILTER_AFTER]

[1 occurrence(s)]
DEBUG --> [REQ_ID=6e247c00f757] [LIFECYCLE][END] status=200 duration_ms=702.75 memory_delta=6291456

[1 occurrence(s)]
DEBUG --> [REQ_ID=6e247c00f757] [REQUEST][END]

[1 occurrence(s)]
DEBUG --> [REQ_ID=900a890fabbf] [REQUEST][START] GET /

[1 occurrence(s)]
DEBUG --> [REQ_ID=900a890fabbf] [FILTER_BEFORE] /

[1 occurrence(s)]
DEBUG --> [REQ_ID=900a890fabbf] [ROUTE] Controller=\App\Controllers\Home Method=index

[1 occurrence(s)]
DEBUG --> [REQ_ID=900a890fabbf] [LIFECYCLE][START] GET https://www.mymiwallet.com/index.php/

[1 occurrence(s)]
DEBUG --> [CSRF] token name=csrf_test_name hash=bfb9a1a3fee0c559f4a1b6be5e0b88bd

[1 occurrence(s)]
DEBUG --> [REQ_ID=99cece207591] [INIT] App\Controllers\Home::GET

[3 occurrence(s)]
DEBUG --> [MetaService] slug= pageName= cacheHit=1 path=CACHE

[1 occurrence(s)]
DEBUG --> [REQ_ID=99cece207591] [VIEW_RENDER] themes/public/home

[6 occurrence(s)]
DEBUG --> [MetaService] slug= pageName=Home cacheHit=1 path=CACHE

[1 occurrence(s)]
DEBUG --> [REQ_ID=900a890fabbf] [FILTER_AFTER]

[1 occurrence(s)]
DEBUG --> [REQ_ID=900a890fabbf] [LIFECYCLE][END] status=200 duration_ms=742.77 memory_delta=6291456

[1 occurrence(s)]
DEBUG --> [REQ_ID=900a890fabbf] [REQUEST][END]

[1 occurrence(s)]
DEBUG --> [REQ_ID=d796ec8735cf] [REQUEST][START] GET /index.php/Projects

[1 occurrence(s)]
DEBUG --> [REQ_ID=d796ec8735cf] [REQUEST][END]

[1 occurrence(s)]
DEBUG --> [REQ_ID=9daefa059b8d] [REQUEST][START] GET /index.php/API/Management/Run-CRON-Tasks

[1 occurrence(s)]
DEBUG --> [REQ_ID=9daefa059b8d] [FILTER_BEFORE] /index.php/API/Management/Run-CRON-Tasks

[1 occurrence(s)]
DEBUG --> [REQ_ID=9daefa059b8d] [ROUTE] Controller=\App\Modules\APIs\Controllers\ManagementAPIController Method=Run_CRON_Tasks

[1 occurrence(s)]
DEBUG --> [REQ_ID=9daefa059b8d] [LIFECYCLE][START] GET https://www.mymiwallet.com/index.php/API/Management/Run-CRON-Tasks

[1 occurrence(s)]
DEBUG --> [REQ_ID=9daefa059b8d] [REQUEST][END]

[1 occurrence(s)]
DEBUG --> [REQ_ID=41301c896ef6] [REQUEST][START] GET /index.php/Management/Projects

[1 occurrence(s)]
DEBUG --> [REQ_ID=41301c896ef6] [REQUEST][END]

[1 occurrence(s)]
DEBUG --> [REQ_ID=af17f07a9601] [REQUEST][START] GET /index.php/Knowledgebase

[1 occurrence(s)]
DEBUG --> [REQ_ID=af17f07a9601] [REQUEST][END]

[1 occurrence(s)]
DEBUG --> [REQ_ID=2e04cae5389c] [REQUEST][START] GET /index.php/API/Alerts/fetchEmailAlerts

[1 occurrence(s)]
DEBUG --> [REQ_ID=2e04cae5389c] [FILTER_BEFORE] /index.php/API/Alerts/fetchEmailAlerts

[1 occurrence(s)]
DEBUG --> [REQ_ID=2e04cae5389c] [ROUTE] Controller=\App\Modules\APIs\Controllers\AlertsAPIController Method=fetchEmailAlerts

[1 occurrence(s)]
DEBUG --> [REQ_ID=2e04cae5389c] [LIFECYCLE][START] GET https://www.mymiwallet.com/index.php/API/Alerts/fetchEmailAlerts

[1 occurrence(s)]
DEBUG --> [REQ_ID=2e04cae5389c] [REQUEST][END]

[1 occurrence(s)]
DEBUG --> [REQ_ID=c13264f5c188] [REQUEST][START] GET /index.php/Management/Marketing/Video-Creator

[1 occurrence(s)]
DEBUG --> [REQ_ID=c13264f5c188] [REQUEST][END]

[1 occurrence(s)]
DEBUG --> [REQ_ID=1b15432b2503] [REQUEST][START] GET /index.php/How-It-Works/marketing

[1 occurrence(s)]
DEBUG --> [REQ_ID=1b15432b2503] [REQUEST][END]

[1 occurrence(s)]
DEBUG --> [REQ_ID=6b4851255a36] [REQUEST][START] GET /

[1 occurrence(s)]
DEBUG --> [REQ_ID=6b4851255a36] [FILTER_BEFORE] /

[1 occurrence(s)]
DEBUG --> [REQ_ID=6b4851255a36] [ROUTE] Controller=\App\Controllers\Home Method=index

[1 occurrence(s)]
DEBUG --> [REQ_ID=6b4851255a36] [LIFECYCLE][START] GET https://www.mymiwallet.com/index.php/

[1 occurrence(s)]
DEBUG --> [CSRF] token name=csrf_test_name hash=d60f3393bc725e8b945311591177bae5

[1 occurrence(s)]
DEBUG --> [REQ_ID=3b36cd80ef75] [INIT] App\Controllers\Home::GET

[1 occurrence(s)]
DEBUG --> [REQ_ID=3b36cd80ef75] [VIEW_RENDER] themes/public/home

[1 occurrence(s)]
DEBUG --> [REQ_ID=6b4851255a36] [FILTER_AFTER]

[1 occurrence(s)]
DEBUG --> [REQ_ID=6b4851255a36] [LIFECYCLE][END] status=200 duration_ms=753.66 memory_delta=6291456

[1 occurrence(s)]
DEBUG --> [REQ_ID=6b4851255a36] [REQUEST][END]

[1 occurrence(s)]
DEBUG --> [REQ_ID=2eb00e737dc3] [REQUEST][START] GET /index.php/How-It-Works/MyMI-Gold

[1 occurrence(s)]
DEBUG --> [REQ_ID=2eb00e737dc3] [REQUEST][END]

[1 occurrence(s)]
DEBUG --> [REQ_ID=fd34fcb6bed5] [REQUEST][START] GET /index.php/API/Management/Run-CRON-Tasks

[1 occurrence(s)]
DEBUG --> [REQ_ID=fd34fcb6bed5] [FILTER_BEFORE] /index.php/API/Management/Run-CRON-Tasks

[1 occurrence(s)]
DEBUG --> [REQ_ID=fd34fcb6bed5] [ROUTE] Controller=\App\Modules\APIs\Controllers\ManagementAPIController Method=Run_CRON_Tasks

[1 occurrence(s)]
DEBUG --> [REQ_ID=fd34fcb6bed5] [LIFECYCLE][START] GET https://www.mymiwallet.com/index.php/API/Management/Run-CRON-Tasks

[1 occurrence(s)]
DEBUG --> [REQ_ID=fd34fcb6bed5] [REQUEST][END]

[1 occurrence(s)]
DEBUG --> [REQ_ID=3753bdf4e3ea] [REQUEST][START] GET /index.php/Budget/Financial-Forecaster

[1 occurrence(s)]
DEBUG --> [REQ_ID=3753bdf4e3ea] [REQUEST][END]

[1 occurrence(s)]
DEBUG --> [REQ_ID=bafb992d0e4f] [REQUEST][START] GET /index.php/Assets

[1 occurrence(s)]
DEBUG --> [REQ_ID=bafb992d0e4f] [REQUEST][END]

[1 occurrence(s)]
DEBUG --> [REQ_ID=b618698782d0] [REQUEST][START] GET /index.php/API/Alerts/fetchEmailAlerts

[1 occurrence(s)]
DEBUG --> [REQ_ID=b618698782d0] [FILTER_BEFORE] /index.php/API/Alerts/fetchEmailAlerts

[1 occurrence(s)]
DEBUG --> [REQ_ID=b618698782d0] [ROUTE] Controller=\App\Modules\APIs\Controllers\AlertsAPIController Method=fetchEmailAlerts

[1 occurrence(s)]
DEBUG --> [REQ_ID=b618698782d0] [LIFECYCLE][START] GET https://www.mymiwallet.com/index.php/API/Alerts/fetchEmailAlerts

[1 occurrence(s)]
DEBUG --> [REQ_ID=b618698782d0] [REQUEST][END]

[1 occurrence(s)]
DEBUG --> [REQ_ID=be44d44c6de9] [REQUEST][START] GET /index.php/Account/Connected-Accounts

[1 occurrence(s)]
DEBUG --> [REQ_ID=be44d44c6de9] [FILTER_BEFORE] /index.php/Account/Connected-Accounts

[1 occurrence(s)]
DEBUG --> [REQ_ID=be44d44c6de9] [ROUTE] Controller=\App\Modules\User\Controllers\DashboardController Method=connectedAccounts

[1 occurrence(s)]
DEBUG --> [REQ_ID=be44d44c6de9] [LIFECYCLE][START] GET https://www.mymiwallet.com/index.php/Account/Connected-Accounts

[1 occurrence(s)]
DEBUG --> [CSRF] token name=csrf_test_name hash=51d0e7f5c141bc1173401f76b3d1dc2b

[1 occurrence(s)]
DEBUG --> [REQ_ID=be44d44c6de9] [REQUEST][END]

[1 occurrence(s)]
DEBUG --> [REQ_ID=b0662ec9c543] [REQUEST][START] GET /index.php/login

[1 occurrence(s)]
DEBUG --> [REQ_ID=b0662ec9c543] [FILTER_BEFORE] /index.php/login

[1 occurrence(s)]
DEBUG --> [REQ_ID=b0662ec9c543] [ROUTE] Controller=\App\Controllers\AuthController Method=login

[1 occurrence(s)]
DEBUG --> [REQ_ID=b0662ec9c543] [LIFECYCLE][START] GET https://www.mymiwallet.com/index.php/login

[1 occurrence(s)]
DEBUG --> [CSRF] token name=csrf_test_name hash=485192ebf2b99459a066b967d2a533a0

[1 occurrence(s)]
DEBUG --> [REQ_ID=e22ccbab6bd2] [INIT] App\Controllers\AuthController::GET

[1 occurrence(s)]
DEBUG --> [REQ_ID=b0662ec9c543] [FILTER_AFTER]

[1 occurrence(s)]
DEBUG --> [REQ_ID=b0662ec9c543] [LIFECYCLE][END] status=200 duration_ms=68.66 memory_delta=0

[1 occurrence(s)]
DEBUG --> [REQ_ID=b0662ec9c543] [REQUEST][END]

[1 occurrence(s)]
DEBUG --> [REQ_ID=a4e6a98d4f06] [REQUEST][START] GET /index.php/Account/Connected-Accounts

[1 occurrence(s)]
DEBUG --> [REQ_ID=a4e6a98d4f06] [FILTER_BEFORE] /index.php/Account/Connected-Accounts

[1 occurrence(s)]
DEBUG --> [REQ_ID=a4e6a98d4f06] [ROUTE] Controller=\App\Modules\User\Controllers\DashboardController Method=connectedAccounts

[1 occurrence(s)]
DEBUG --> [REQ_ID=a4e6a98d4f06] [LIFECYCLE][START] GET https://www.mymiwallet.com/index.php/Account/Connected-Accounts

[1 occurrence(s)]
DEBUG --> [CSRF] token name=csrf_test_name hash=ad0f2fc21647840550a2467a1c37ad2d

[1 occurrence(s)]
DEBUG --> [REQ_ID=a4e6a98d4f06] [REQUEST][END]

[1 occurrence(s)]
DEBUG --> [REQ_ID=7ec883d460fb] [REQUEST][START] GET /index.php/login

[1 occurrence(s)]
DEBUG --> [REQ_ID=7ec883d460fb] [FILTER_BEFORE] /index.php/login

[1 occurrence(s)]
DEBUG --> [REQ_ID=7ec883d460fb] [ROUTE] Controller=\App\Controllers\AuthController Method=login

[1 occurrence(s)]
DEBUG --> [REQ_ID=7ec883d460fb] [LIFECYCLE][START] GET https://www.mymiwallet.com/index.php/login

[1 occurrence(s)]
DEBUG --> [CSRF] token name=csrf_test_name hash=1963ce9a05796b09c22acea5b2d36216

[1 occurrence(s)]
DEBUG --> [REQ_ID=0452c9db213c] [INIT] App\Controllers\AuthController::GET

[1 occurrence(s)]
DEBUG --> [REQ_ID=7ec883d460fb] [FILTER_AFTER]

[1 occurrence(s)]
DEBUG --> [REQ_ID=7ec883d460fb] [LIFECYCLE][END] status=200 duration_ms=20.04 memory_delta=0

[1 occurrence(s)]
DEBUG --> [REQ_ID=7ec883d460fb] [REQUEST][END]

[1 occurrence(s)]
DEBUG --> [REQ_ID=643c0a56ba26] [REQUEST][START] GET /index.php/Account/Connected-Accounts

[1 occurrence(s)]
DEBUG --> [REQ_ID=643c0a56ba26] [REQUEST][END]

[1 occurrence(s)]
DEBUG --> [REQ_ID=f84a06b1a4e7] [REQUEST][START] GET /

[1 occurrence(s)]
DEBUG --> [REQ_ID=f84a06b1a4e7] [FILTER_BEFORE] /

[1 occurrence(s)]
DEBUG --> [REQ_ID=f84a06b1a4e7] [ROUTE] Controller=\App\Controllers\Home Method=index

[1 occurrence(s)]
DEBUG --> [REQ_ID=f84a06b1a4e7] [LIFECYCLE][START] GET https://www.mymiwallet.com/index.php/

[1 occurrence(s)]
DEBUG --> [CSRF] token name=csrf_test_name hash=6bac5666c9425fa922817ab9c10a9bda

[1 occurrence(s)]
DEBUG --> [REQ_ID=f002a41c801b] [INIT] App\Controllers\Home::GET

[1 occurrence(s)]
DEBUG --> [REQ_ID=f002a41c801b] [VIEW_RENDER] themes/public/home

[1 occurrence(s)]
DEBUG --> [REQ_ID=f84a06b1a4e7] [FILTER_AFTER]

[1 occurrence(s)]
DEBUG --> [REQ_ID=f84a06b1a4e7] [LIFECYCLE][END] status=200 duration_ms=590.93 memory_delta=4194304

[1 occurrence(s)]
DEBUG --> [REQ_ID=f84a06b1a4e7] [REQUEST][END]

[1 occurrence(s)]
DEBUG --> [REQ_ID=3daed2bdc12b] [REQUEST][START] GET /index.php/Blog/Investing/Tips-For-Effective-Investment-Portfolio-Management

[1 occurrence(s)]
DEBUG --> [REQ_ID=3daed2bdc12b] [REQUEST][END]

[1 occurrence(s)]
DEBUG --> [REQ_ID=15dc5c0cb71f] [REQUEST][START] GET /

[1 occurrence(s)]
DEBUG --> [REQ_ID=15dc5c0cb71f] [FILTER_BEFORE] /

[1 occurrence(s)]
DEBUG --> [REQ_ID=15dc5c0cb71f] [ROUTE] Controller=\App\Controllers\Home Method=index

[1 occurrence(s)]
DEBUG --> [REQ_ID=15dc5c0cb71f] [LIFECYCLE][START] GET https://www.mymiwallet.com/index.php/

[1 occurrence(s)]
DEBUG --> [CSRF] token name=csrf_test_name hash=fff6b6b30fc263d8c82737b61e940920

[1 occurrence(s)]
DEBUG --> [REQ_ID=9c133c2b6ca0] [INIT] App\Controllers\Home::GET

[1 occurrence(s)]
DEBUG --> [REQ_ID=9c133c2b6ca0] [VIEW_RENDER] themes/public/home

[1 occurrence(s)]
DEBUG --> [REQ_ID=15dc5c0cb71f] [FILTER_AFTER]

[1 occurrence(s)]
DEBUG --> [REQ_ID=15dc5c0cb71f] [LIFECYCLE][END] status=200 duration_ms=926.65 memory_delta=6291456

[1 occurrence(s)]
DEBUG --> [REQ_ID=15dc5c0cb71f] [REQUEST][END]

[1 occurrence(s)]
DEBUG --> [REQ_ID=bfe771922bc5] [REQUEST][START] GET /index.php/API/Management/Run-CRON-Tasks

[1 occurrence(s)]
DEBUG --> [REQ_ID=bfe771922bc5] [FILTER_BEFORE] /index.php/API/Management/Run-CRON-Tasks

[1 occurrence(s)]
DEBUG --> [REQ_ID=bfe771922bc5] [ROUTE] Controller=\App\Modules\APIs\Controllers\ManagementAPIController Method=Run_CRON_Tasks

[1 occurrence(s)]
DEBUG --> [REQ_ID=bfe771922bc5] [LIFECYCLE][START] GET https://www.mymiwallet.com/index.php/API/Management/Run-CRON-Tasks

[1 occurrence(s)]
DEBUG --> [REQ_ID=bfe771922bc5] [REQUEST][END]

[1 occurrence(s)]
DEBUG --> [REQ_ID=f23d06f7b1b2] [REQUEST][START] GET /index.php/Management/Users

[1 occurrence(s)]
DEBUG --> [REQ_ID=f23d06f7b1b2] [FILTER_BEFORE] /index.php/Management/Users

[1 occurrence(s)]
DEBUG --> [REQ_ID=f23d06f7b1b2] [ROUTE] Controller=\App\Modules\Management\Controllers\UsersController Method=index

[1 occurrence(s)]
DEBUG --> [REQ_ID=f23d06f7b1b2] [LIFECYCLE][START] GET https://www.mymiwallet.com/index.php/Management/Users

[1 occurrence(s)]
DEBUG --> [CSRF] token name=csrf_test_name hash=797a8b771f2578eb362e39afa2b0584e

[1 occurrence(s)]
DEBUG --> [REQ_ID=f23d06f7b1b2] [REQUEST][END]

[1 occurrence(s)]
DEBUG --> [REQ_ID=52d3e46c6781] [REQUEST][START] GET /index.php/login

[1 occurrence(s)]
DEBUG --> [REQ_ID=52d3e46c6781] [FILTER_BEFORE] /index.php/login

[1 occurrence(s)]
DEBUG --> [REQ_ID=52d3e46c6781] [ROUTE] Controller=\App\Controllers\AuthController Method=login

[1 occurrence(s)]
DEBUG --> [REQ_ID=52d3e46c6781] [LIFECYCLE][START] GET https://www.mymiwallet.com/index.php/login

[1 occurrence(s)]
DEBUG --> [CSRF] token name=csrf_test_name hash=f3d53d7ad142f5ed36446b33d4ee0e09

[1 occurrence(s)]
DEBUG --> [REQ_ID=9ffc4afdd698] [INIT] App\Controllers\AuthController::GET

[1 occurrence(s)]
DEBUG --> [REQ_ID=52d3e46c6781] [FILTER_AFTER]

[1 occurrence(s)]
DEBUG --> [REQ_ID=52d3e46c6781] [LIFECYCLE][END] status=200 duration_ms=37.68 memory_delta=0

[1 occurrence(s)]
DEBUG --> [REQ_ID=52d3e46c6781] [REQUEST][END]

[1 occurrence(s)]
DEBUG --> [REQ_ID=00a13b6421dd] [REQUEST][START] GET /index.php/API/Alerts/fetchEmailAlerts

[1 occurrence(s)]
DEBUG --> [REQ_ID=00a13b6421dd] [FILTER_BEFORE] /index.php/API/Alerts/fetchEmailAlerts

[1 occurrence(s)]
DEBUG --> [REQ_ID=00a13b6421dd] [ROUTE] Controller=\App\Modules\APIs\Controllers\AlertsAPIController Method=fetchEmailAlerts

[1 occurrence(s)]
DEBUG --> [REQ_ID=00a13b6421dd] [LIFECYCLE][START] GET https://www.mymiwallet.com/index.php/API/Alerts/fetchEmailAlerts

[1 occurrence(s)]
DEBUG --> [REQ_ID=00a13b6421dd] [REQUEST][END]

[1 occurrence(s)]
DEBUG --> [REQ_ID=39a635e7395f] [REQUEST][START] GET /

[1 occurrence(s)]
DEBUG --> [REQ_ID=39a635e7395f] [FILTER_BEFORE] /

[1 occurrence(s)]
DEBUG --> [REQ_ID=39a635e7395f] [ROUTE] Controller=\App\Controllers\Home Method=index

[1 occurrence(s)]
DEBUG --> [REQ_ID=39a635e7395f] [LIFECYCLE][START] GET https://www.mymiwallet.com/index.php/

[1 occurrence(s)]
DEBUG --> [CSRF] token name=csrf_test_name hash=6541a8d100ae6d0087a990a5dcd86cde

[1 occurrence(s)]
DEBUG --> [REQ_ID=e0d08bca25eb] [INIT] App\Controllers\Home::GET

[1 occurrence(s)]
DEBUG --> [REQ_ID=e0d08bca25eb] [VIEW_RENDER] themes/public/home

[1 occurrence(s)]
DEBUG --> [REQ_ID=39a635e7395f] [FILTER_AFTER]

[1 occurrence(s)]
DEBUG --> [REQ_ID=39a635e7395f] [LIFECYCLE][END] status=200 duration_ms=565.92 memory_delta=6291456

[1 occurrence(s)]
DEBUG --> [REQ_ID=39a635e7395f] [REQUEST][END]

[1 occurrence(s)]
DEBUG --> [REQ_ID=00b376fe7010] [REQUEST][START] GET /

[1 occurrence(s)]
DEBUG --> [REQ_ID=00b376fe7010] [FILTER_BEFORE] /

[1 occurrence(s)]
DEBUG --> [REQ_ID=00b376fe7010] [ROUTE] Controller=\App\Controllers\Home Method=index

[1 occurrence(s)]
DEBUG --> [REQ_ID=00b376fe7010] [LIFECYCLE][START] GET https://www.mymiwallet.com/index.php/

[1 occurrence(s)]
DEBUG --> [CSRF] token name=csrf_test_name hash=d82b99c84322235dfdbef7b77cb1faf1

[1 occurrence(s)]
DEBUG --> [REQ_ID=55450bc99b16] [INIT] App\Controllers\Home::GET

[1 occurrence(s)]
DEBUG --> [REQ_ID=55450bc99b16] [VIEW_RENDER] themes/public/home

[1 occurrence(s)]
DEBUG --> [REQ_ID=00b376fe7010] [FILTER_AFTER]

[1 occurrence(s)]
DEBUG --> [REQ_ID=00b376fe7010] [LIFECYCLE][END] status=200 duration_ms=508.39 memory_delta=2097152

[1 occurrence(s)]
DEBUG --> [REQ_ID=00b376fe7010] [REQUEST][END]

[1 occurrence(s)]
DEBUG --> [REQ_ID=eb938e7989e4] [REQUEST][START] GET /index.php/Announcements

[1 occurrence(s)]
DEBUG --> [REQ_ID=eb938e7989e4] [REQUEST][END]

[1 occurrence(s)]
DEBUG --> [REQ_ID=59e7c5e3990e] [REQUEST][START] GET /

[1 occurrence(s)]
DEBUG --> [REQ_ID=59e7c5e3990e] [FILTER_BEFORE] /

[1 occurrence(s)]
DEBUG --> [REQ_ID=59e7c5e3990e] [ROUTE] Controller=\App\Controllers\Home Method=index

[1 occurrence(s)]
DEBUG --> [REQ_ID=59e7c5e3990e] [LIFECYCLE][START] GET https://www.mymiwallet.com/index.php/

[1 occurrence(s)]
DEBUG --> [CSRF] token name=csrf_test_name hash=240cf55459846a3153dcc12f29af7451

[1 occurrence(s)]
DEBUG --> [REQ_ID=22c80efba27b] [INIT] App\Controllers\Home::GET

[1 occurrence(s)]
DEBUG --> [REQ_ID=22c80efba27b] [VIEW_RENDER] themes/public/home

[1 occurrence(s)]
DEBUG --> [REQ_ID=59e7c5e3990e] [FILTER_AFTER]

[1 occurrence(s)]
DEBUG --> [REQ_ID=59e7c5e3990e] [LIFECYCLE][END] status=200 duration_ms=696.18 memory_delta=6291456

[1 occurrence(s)]
DEBUG --> [REQ_ID=59e7c5e3990e] [REQUEST][END]

[1 occurrence(s)]
DEBUG --> [REQ_ID=785b052fdc8e] [REQUEST][START] GET /

[1 occurrence(s)]
DEBUG --> [REQ_ID=785b052fdc8e] [FILTER_BEFORE] /

[1 occurrence(s)]
DEBUG --> [REQ_ID=785b052fdc8e] [ROUTE] Controller=\App\Controllers\Home Method=index

[1 occurrence(s)]
DEBUG --> [REQ_ID=785b052fdc8e] [LIFECYCLE][START] GET https://www.mymiwallet.com/index.php/

[1 occurrence(s)]
DEBUG --> [CSRF] token name=csrf_test_name hash=29f207bd380af53837155f01ecdb0576

[1 occurrence(s)]
DEBUG --> [REQ_ID=10a1e77d5332] [INIT] App\Controllers\Home::GET

[1 occurrence(s)]
DEBUG --> [REQ_ID=10a1e77d5332] [VIEW_RENDER] themes/public/home

[1 occurrence(s)]
DEBUG --> [REQ_ID=785b052fdc8e] [FILTER_AFTER]

[1 occurrence(s)]
DEBUG --> [REQ_ID=785b052fdc8e] [LIFECYCLE][END] status=200 duration_ms=621.37 memory_delta=6291456

[1 occurrence(s)]
DEBUG --> [REQ_ID=785b052fdc8e] [REQUEST][END]

[1 occurrence(s)]
DEBUG --> [REQ_ID=9ed4f99332c1] [REQUEST][START] GET /index.php/API/Management/Run-CRON-Tasks

[1 occurrence(s)]
DEBUG --> [REQ_ID=9ed4f99332c1] [FILTER_BEFORE] /index.php/API/Management/Run-CRON-Tasks

[1 occurrence(s)]
DEBUG --> [REQ_ID=9ed4f99332c1] [ROUTE] Controller=\App\Modules\APIs\Controllers\ManagementAPIController Method=Run_CRON_Tasks

[1 occurrence(s)]
DEBUG --> [REQ_ID=9ed4f99332c1] [LIFECYCLE][START] GET https://www.mymiwallet.com/index.php/API/Management/Run-CRON-Tasks

[1 occurrence(s)]
DEBUG --> [REQ_ID=9ed4f99332c1] [REQUEST][END]

[1 occurrence(s)]
DEBUG --> [REQ_ID=4734ad8c7ed8] [REQUEST][START] GET /index.php/API/Alerts/fetchEmailAlerts

[1 occurrence(s)]
DEBUG --> [REQ_ID=4734ad8c7ed8] [FILTER_BEFORE] /index.php/API/Alerts/fetchEmailAlerts

[1 occurrence(s)]
DEBUG --> [REQ_ID=4734ad8c7ed8] [ROUTE] Controller=\App\Modules\APIs\Controllers\AlertsAPIController Method=fetchEmailAlerts

[1 occurrence(s)]
DEBUG --> [REQ_ID=4734ad8c7ed8] [LIFECYCLE][START] GET https://www.mymiwallet.com/index.php/API/Alerts/fetchEmailAlerts

[1 occurrence(s)]
DEBUG --> [REQ_ID=4734ad8c7ed8] [REQUEST][END]

[1 occurrence(s)]
DEBUG --> [REQ_ID=444922073b01] [REQUEST][START] GET /index.php/Wallets

[1 occurrence(s)]
DEBUG --> [REQ_ID=444922073b01] [REQUEST][END]

[1 occurrence(s)]
DEBUG --> [REQ_ID=2399f3ccb4f7] [REQUEST][START] GET /index.php/API/Management/Run-CRON-Tasks

[1 occurrence(s)]
DEBUG --> [REQ_ID=2399f3ccb4f7] [FILTER_BEFORE] /index.php/API/Management/Run-CRON-Tasks

[1 occurrence(s)]
DEBUG --> [REQ_ID=2399f3ccb4f7] [ROUTE] Controller=\App\Modules\APIs\Controllers\ManagementAPIController Method=Run_CRON_Tasks

[1 occurrence(s)]
DEBUG --> [REQ_ID=2399f3ccb4f7] [LIFECYCLE][START] GET https://www.mymiwallet.com/index.php/API/Management/Run-CRON-Tasks

[1 occurrence(s)]
DEBUG --> [REQ_ID=2399f3ccb4f7] [REQUEST][END]

[1 occurrence(s)]
DEBUG --> [REQ_ID=15bf9b7dda1c] [REQUEST][START] GET /index.php/forgot

[1 occurrence(s)]
DEBUG --> [REQ_ID=15bf9b7dda1c] [REQUEST][END]

[1 occurrence(s)]
DEBUG --> [REQ_ID=7ea6d7da653a] [REQUEST][START] GET /index.php/Knowledge-Base/Assets

[1 occurrence(s)]
DEBUG --> [REQ_ID=7ea6d7da653a] [REQUEST][END]

[1 occurrence(s)]
DEBUG --> [REQ_ID=73a7799cae15] [REQUEST][START] GET /index.php/API/Alerts/fetchEmailAlerts

[1 occurrence(s)]
DEBUG --> [REQ_ID=73a7799cae15] [FILTER_BEFORE] /index.php/API/Alerts/fetchEmailAlerts

[1 occurrence(s)]
DEBUG --> [REQ_ID=73a7799cae15] [ROUTE] Controller=\App\Modules\APIs\Controllers\AlertsAPIController Method=fetchEmailAlerts

[1 occurrence(s)]
DEBUG --> [REQ_ID=73a7799cae15] [LIFECYCLE][START] GET https://www.mymiwallet.com/index.php/API/Alerts/fetchEmailAlerts

[1 occurrence(s)]
DEBUG --> [REQ_ID=73a7799cae15] [REQUEST][END]

[1 occurrence(s)]
DEBUG --> [REQ_ID=08bb4acacb63] [REQUEST][START] GET /index.php/login

[1 occurrence(s)]
DEBUG --> [REQ_ID=08bb4acacb63] [FILTER_BEFORE] /index.php/login

[1 occurrence(s)]
DEBUG --> [REQ_ID=08bb4acacb63] [ROUTE] Controller=\App\Controllers\AuthController Method=login

[1 occurrence(s)]
DEBUG --> [REQ_ID=08bb4acacb63] [LIFECYCLE][START] GET https://www.mymiwallet.com/index.php/login

[1 occurrence(s)]
DEBUG --> [CSRF] token name=csrf_test_name hash=a3f6e57e92039b15e53709605b79c066

[1 occurrence(s)]
DEBUG --> [REQ_ID=1d8f2debe9bf] [INIT] App\Controllers\AuthController::GET

[1 occurrence(s)]
DEBUG --> [REQ_ID=08bb4acacb63] [FILTER_AFTER]

[1 occurrence(s)]
DEBUG --> [REQ_ID=08bb4acacb63] [LIFECYCLE][END] status=200 duration_ms=123.05 memory_delta=2097152

[1 occurrence(s)]
DEBUG --> [REQ_ID=08bb4acacb63] [REQUEST][END]

[1 occurrence(s)]
DEBUG --> [REQ_ID=7d340464a3a1] [REQUEST][START] GET /index.php/API/Management/Run-CRON-Tasks

[1 occurrence(s)]
DEBUG --> [REQ_ID=7d340464a3a1] [FILTER_BEFORE] /index.php/API/Management/Run-CRON-Tasks

[1 occurrence(s)]
DEBUG --> [REQ_ID=7d340464a3a1] [ROUTE] Controller=\App\Modules\APIs\Controllers\ManagementAPIController Method=Run_CRON_Tasks

[1 occurrence(s)]
DEBUG --> [REQ_ID=7d340464a3a1] [LIFECYCLE][START] GET https://www.mymiwallet.com/index.php/API/Management/Run-CRON-Tasks

[1 occurrence(s)]
DEBUG --> [REQ_ID=7d340464a3a1] [REQUEST][END]


---------------------------
LEVEL: INFO
---------------------------

[1 occurrence(s)]
INFO --> [REQ_ID=293d0ec10a38] [PERF] Execution time=0.055276

[1 occurrence(s)]
INFO --> [REQ_ID=85777e43bc72] [PERF] Execution time=0.042732

[1 occurrence(s)]
INFO --> [REQ_ID=b063ec50cfbb] [PERF] Execution time=0.046173

[1 occurrence(s)]
INFO --> [REQ_ID=156096bf4cc8] [PERF] Execution time=0.027388

[1 occurrence(s)]
INFO --> [REQ_ID=8fb89788f43e] [MEMORY][controller-start] 4194304

[1 occurrence(s)]
INFO --> Premium entitlement guest: user_id= route=/index.php/API/Investments/getForecastAccuracySummary feature=investments.analytics tier=free status=free allowed=no reason=You must be logged in to use this feature.

[1 occurrence(s)]
INFO --> [REQ_ID=8fb89788f43e] [PERF] Execution time=0.115079

[1 occurrence(s)]
INFO --> [REQ_ID=35134932d05a] [PERF] Execution time=0.126585

[1 occurrence(s)]
INFO --> [REQ_ID=7d969f720837] [PERF] Execution time=0.013106

[1 occurrence(s)]
INFO --> [REQ_ID=277567e242ac] [MEMORY][controller-start] 4194304

[1 occurrence(s)]
INFO --> [REQ_ID=277567e242ac] [MEMORY][commonData:start] 4194304

[1 occurrence(s)]
INFO --> [REQ_ID=277567e242ac] [MEMORY][commonData:start] 8388608

[5 occurrence(s)]
INFO --> themesMemory usage: 8388608

[1 occurrence(s)]
INFO --> [REQ_ID=277567e242ac] [PERF] Execution time=0.579246

[1 occurrence(s)]
INFO --> [REQ_ID=70ca8e07334f] [PERF] Execution time=0.589940

[1 occurrence(s)]
INFO --> [REQ_ID=787aa43ddf41] [MEMORY][controller-start] 6291456

[2 occurrence(s)]
INFO --> Premium entitlement guest: user_id= route=/index.php/API/Investments/getConfidenceHeatmap feature=investments.analytics tier=free status=free allowed=no reason=You must be logged in to use this feature.

[1 occurrence(s)]
INFO --> [REQ_ID=787aa43ddf41] [PERF] Execution time=0.026226

[1 occurrence(s)]
INFO --> [REQ_ID=041198faff9e] [PERF] Execution time=0.037503

[1 occurrence(s)]
INFO --> [REQ_ID=31c8c9d16b06] [MEMORY][controller-start] 4194304

[1 occurrence(s)]
INFO --> [REQ_ID=31c8c9d16b06] [MEMORY][commonData:start] 4194304

[1 occurrence(s)]
INFO --> [REQ_ID=f572697a6c93] [MEMORY][controller-start] 4194304

[1 occurrence(s)]
INFO --> [REQ_ID=dbf93ebcc754] [MEMORY][controller-start] 4194304

[1 occurrence(s)]
INFO --> [REQ_ID=f572697a6c93] [PERF] Execution time=0.168322

[1 occurrence(s)]
INFO --> [REQ_ID=a7665639f6df] [PERF] Execution time=0.235975

[1 occurrence(s)]
INFO --> [REQ_ID=31c8c9d16b06] [MEMORY][commonData:start] 8388608

[1 occurrence(s)]
INFO --> [REQ_ID=31c8c9d16b06] [PERF] Execution time=0.529121

[1 occurrence(s)]
INFO --> [REQ_ID=b443de07486e] [PERF] Execution time=0.557945

[1 occurrence(s)]
INFO --> [REQ_ID=fe54b4083336] [MEMORY][controller-start] 6291456

[1 occurrence(s)]
INFO --> [REQ_ID=fe54b4083336] [MEMORY][commonData:start] 6291456

[1 occurrence(s)]
INFO --> [REQ_ID=dbf93ebcc754] [PERF] Execution time=0.639383

[1 occurrence(s)]
INFO --> [REQ_ID=72fd17ee5c19] [PERF] Execution time=0.699583

[1 occurrence(s)]
INFO --> [REQ_ID=3db46bd9adc5] [MEMORY][controller-start] 4194304

[1 occurrence(s)]
INFO --> [REQ_ID=3db46bd9adc5] [PERF] Execution time=0.014320

[1 occurrence(s)]
INFO --> [REQ_ID=3ce4773d87bf] [PERF] Execution time=0.023852

[1 occurrence(s)]
INFO --> [REQ_ID=fe54b4083336] [MEMORY][commonData:start] 8388608

[1 occurrence(s)]
INFO --> [REQ_ID=fe54b4083336] [PERF] Execution time=0.520473

[1 occurrence(s)]
INFO --> [REQ_ID=2b800902a726] [PERF] Execution time=0.529985

[2 occurrence(s)]
INFO --> [SPARK_START] App\Commands\AIOps\Status

[6 occurrence(s)]
INFO --> [SPARK_MEMORY] 16777216

[2 occurrence(s)]
INFO --> [spark:aiops:status] Intent

[1 occurrence(s)]
INFO --> [SPARK_COMPLETE] App\Commands\AIOps\Status duration=4.415071

[2 occurrence(s)]
INFO --> [SPARK_MEMORY] 18874368

[1 occurrence(s)]
INFO --> [REQ_ID=fab631fd53e6] [PERF] Execution time=0.054791

[1 occurrence(s)]
INFO --> [REQ_ID=8a81a45818e5] [PERF] Execution time=0.035954

[1 occurrence(s)]
INFO --> [REQ_ID=90b1a7a5075c] [PERF] Execution time=0.048477

[1 occurrence(s)]
INFO --> [REQ_ID=8625f0578ef0] [PERF] Execution time=0.011809

[1 occurrence(s)]
INFO --> [SPARK_COMPLETE] App\Commands\AIOps\Status duration=0.309507

[1 occurrence(s)]
INFO --> [REQ_ID=c7b384265d35] [PERF] Execution time=0.038519

[1 occurrence(s)]
INFO --> [REQ_ID=0afd0e19a5f6] [PERF] Execution time=0.010217

[1 occurrence(s)]
INFO --> [REQ_ID=25205700d32f] [PERF] Execution time=0.017106

[1 occurrence(s)]
INFO --> [REQ_ID=3f4e74935f91] [MEMORY][controller-start] 4194304

[1 occurrence(s)]
INFO --> [REQ_ID=3f4e74935f91] [PERF] Execution time=0.031419

[1 occurrence(s)]
INFO --> [REQ_ID=c357551b09a6] [PERF] Execution time=0.044340

[1 occurrence(s)]
INFO --> [REQ_ID=808480ac7f6a] [MEMORY][controller-start] 4194304

[1 occurrence(s)]
INFO --> [REQ_ID=808480ac7f6a] [MEMORY][commonData:start] 6291456

[1 occurrence(s)]
INFO --> [REQ_ID=808480ac7f6a] [MEMORY][commonData:start] 10485760

[7 occurrence(s)]
INFO --> themesMemory usage: 10485760

[1 occurrence(s)]
INFO --> [REQ_ID=808480ac7f6a] [PERF] Execution time=0.704284

[1 occurrence(s)]
INFO --> [REQ_ID=6e247c00f757] [PERF] Execution time=0.740897

[1 occurrence(s)]
INFO --> [REQ_ID=99cece207591] [MEMORY][controller-start] 4194304

[1 occurrence(s)]
INFO --> [REQ_ID=99cece207591] [MEMORY][commonData:start] 6291456

[1 occurrence(s)]
INFO --> [REQ_ID=99cece207591] [MEMORY][commonData:start] 10485760

[1 occurrence(s)]
INFO --> [REQ_ID=99cece207591] [PERF] Execution time=0.744358

[1 occurrence(s)]
INFO --> [REQ_ID=900a890fabbf] [PERF] Execution time=0.782139

[1 occurrence(s)]
INFO --> [REQ_ID=d796ec8735cf] [PERF] Execution time=0.037349

[1 occurrence(s)]
INFO --> [REQ_ID=9daefa059b8d] [PERF] Execution time=0.055933

[1 occurrence(s)]
INFO --> [REQ_ID=41301c896ef6] [PERF] Execution time=0.032548

[1 occurrence(s)]
INFO --> [REQ_ID=af17f07a9601] [PERF] Execution time=0.037627

[1 occurrence(s)]
INFO --> [REQ_ID=2e04cae5389c] [PERF] Execution time=0.041615

[1 occurrence(s)]
INFO --> [REQ_ID=c13264f5c188] [PERF] Execution time=0.042441

[1 occurrence(s)]
INFO --> [REQ_ID=1b15432b2503] [PERF] Execution time=0.036040

[1 occurrence(s)]
INFO --> [REQ_ID=3b36cd80ef75] [MEMORY][controller-start] 4194304

[1 occurrence(s)]
INFO --> [REQ_ID=3b36cd80ef75] [MEMORY][commonData:start] 6291456

[1 occurrence(s)]
INFO --> [REQ_ID=3b36cd80ef75] [MEMORY][commonData:start] 10485760

[1 occurrence(s)]
INFO --> [REQ_ID=3b36cd80ef75] [PERF] Execution time=0.756022

[1 occurrence(s)]
INFO --> [REQ_ID=6b4851255a36] [PERF] Execution time=0.793159

[1 occurrence(s)]
INFO --> [REQ_ID=2eb00e737dc3] [PERF] Execution time=0.034459

[1 occurrence(s)]
INFO --> [REQ_ID=fd34fcb6bed5] [PERF] Execution time=0.055629

[1 occurrence(s)]
INFO --> [REQ_ID=3753bdf4e3ea] [PERF] Execution time=0.016779

[1 occurrence(s)]
INFO --> [REQ_ID=bafb992d0e4f] [PERF] Execution time=0.035868

[1 occurrence(s)]
INFO --> [REQ_ID=b618698782d0] [PERF] Execution time=0.179845

[1 occurrence(s)]
INFO --> [REQ_ID=be44d44c6de9] [PERF] Execution time=0.052628

[1 occurrence(s)]
INFO --> [REQ_ID=e22ccbab6bd2] [MEMORY][controller-start] 4194304

[1 occurrence(s)]
INFO --> [REQ_ID=e22ccbab6bd2] [PERF] Execution time=0.070776

[1 occurrence(s)]
INFO --> [REQ_ID=b0662ec9c543] [PERF] Execution time=0.086310

[1 occurrence(s)]
INFO --> [REQ_ID=a4e6a98d4f06] [PERF] Execution time=0.016148

[1 occurrence(s)]
INFO --> [REQ_ID=0452c9db213c] [MEMORY][controller-start] 4194304

[1 occurrence(s)]
INFO --> [REQ_ID=0452c9db213c] [PERF] Execution time=0.019444

[1 occurrence(s)]
INFO --> [REQ_ID=7ec883d460fb] [PERF] Execution time=0.029966

[1 occurrence(s)]
INFO --> [REQ_ID=643c0a56ba26] [PERF] Execution time=0.038215

[1 occurrence(s)]
INFO --> [REQ_ID=f002a41c801b] [MEMORY][controller-start] 4194304

[1 occurrence(s)]
INFO --> [REQ_ID=f002a41c801b] [MEMORY][commonData:start] 6291456

[1 occurrence(s)]
INFO --> [REQ_ID=f002a41c801b] [MEMORY][commonData:start] 8388608

[1 occurrence(s)]
INFO --> [REQ_ID=f002a41c801b] [PERF] Execution time=0.592488

[1 occurrence(s)]
INFO --> [REQ_ID=f84a06b1a4e7] [PERF] Execution time=0.605666

[1 occurrence(s)]
INFO --> [REQ_ID=3daed2bdc12b] [PERF] Execution time=0.040442

[1 occurrence(s)]
INFO --> [REQ_ID=9c133c2b6ca0] [MEMORY][controller-start] 4194304

[1 occurrence(s)]
INFO --> [REQ_ID=9c133c2b6ca0] [MEMORY][commonData:start] 6291456

[1 occurrence(s)]
INFO --> [REQ_ID=9c133c2b6ca0] [MEMORY][commonData:start] 10485760

[1 occurrence(s)]
INFO --> [REQ_ID=9c133c2b6ca0] [PERF] Execution time=0.928629

[1 occurrence(s)]
INFO --> [REQ_ID=15dc5c0cb71f] [PERF] Execution time=0.967062

[1 occurrence(s)]
INFO --> [REQ_ID=bfe771922bc5] [PERF] Execution time=0.056390

[1 occurrence(s)]
INFO --> [REQ_ID=f23d06f7b1b2] [PERF] Execution time=0.045764

[1 occurrence(s)]
INFO --> [REQ_ID=9ffc4afdd698] [MEMORY][controller-start] 4194304

[1 occurrence(s)]
INFO --> [REQ_ID=9ffc4afdd698] [PERF] Execution time=0.040955

[1 occurrence(s)]
INFO --> [REQ_ID=52d3e46c6781] [PERF] Execution time=0.059139

[1 occurrence(s)]
INFO --> [REQ_ID=00a13b6421dd] [PERF] Execution time=0.042518

[1 occurrence(s)]
INFO --> [REQ_ID=e0d08bca25eb] [MEMORY][controller-start] 4194304

[1 occurrence(s)]
INFO --> [REQ_ID=e0d08bca25eb] [MEMORY][commonData:start] 6291456

[1 occurrence(s)]
INFO --> [REQ_ID=e0d08bca25eb] [MEMORY][commonData:start] 10485760

[1 occurrence(s)]
INFO --> [REQ_ID=e0d08bca25eb] [PERF] Execution time=0.570884

[1 occurrence(s)]
INFO --> [REQ_ID=39a635e7395f] [PERF] Execution time=0.610213

[1 occurrence(s)]
INFO --> [REQ_ID=55450bc99b16] [MEMORY][controller-start] 6291456

[1 occurrence(s)]
INFO --> [REQ_ID=55450bc99b16] [MEMORY][commonData:start] 6291456

[1 occurrence(s)]
INFO --> [REQ_ID=55450bc99b16] [MEMORY][commonData:start] 8388608

[1 occurrence(s)]
INFO --> [REQ_ID=55450bc99b16] [PERF] Execution time=0.508421

[1 occurrence(s)]
INFO --> [REQ_ID=00b376fe7010] [PERF] Execution time=0.518534

[1 occurrence(s)]
INFO --> [REQ_ID=eb938e7989e4] [PERF] Execution time=0.045245

[1 occurrence(s)]
INFO --> [REQ_ID=22c80efba27b] [MEMORY][controller-start] 4194304

[1 occurrence(s)]
INFO --> [REQ_ID=22c80efba27b] [MEMORY][commonData:start] 6291456

[1 occurrence(s)]
INFO --> [REQ_ID=22c80efba27b] [MEMORY][commonData:start] 10485760

[1 occurrence(s)]
INFO --> [REQ_ID=22c80efba27b] [PERF] Execution time=0.697747

[1 occurrence(s)]
INFO --> [REQ_ID=59e7c5e3990e] [PERF] Execution time=0.736225

[1 occurrence(s)]
INFO --> [REQ_ID=10a1e77d5332] [MEMORY][controller-start] 4194304

[1 occurrence(s)]
INFO --> [REQ_ID=10a1e77d5332] [MEMORY][commonData:start] 6291456

[1 occurrence(s)]
INFO --> [REQ_ID=10a1e77d5332] [MEMORY][commonData:start] 10485760

[1 occurrence(s)]
INFO --> [REQ_ID=10a1e77d5332] [PERF] Execution time=0.623097

[1 occurrence(s)]
INFO --> [REQ_ID=785b052fdc8e] [PERF] Execution time=0.660684

[1 occurrence(s)]
INFO --> [REQ_ID=9ed4f99332c1] [PERF] Execution time=0.050396

[1 occurrence(s)]
INFO --> [REQ_ID=4734ad8c7ed8] [PERF] Execution time=0.041951

[1 occurrence(s)]
INFO --> [REQ_ID=444922073b01] [PERF] Execution time=0.040468

[1 occurrence(s)]
INFO --> [REQ_ID=2399f3ccb4f7] [PERF] Execution time=0.054922

[1 occurrence(s)]
INFO --> [REQ_ID=15bf9b7dda1c] [PERF] Execution time=0.034604

[1 occurrence(s)]
INFO --> [REQ_ID=7ea6d7da653a] [PERF] Execution time=0.099860

[1 occurrence(s)]
INFO --> [REQ_ID=73a7799cae15] [PERF] Execution time=0.042028

[1 occurrence(s)]
INFO --> [REQ_ID=1d8f2debe9bf] [MEMORY][controller-start] 4194304

[1 occurrence(s)]
INFO --> [REQ_ID=1d8f2debe9bf] [PERF] Execution time=0.125073

[1 occurrence(s)]
INFO --> [REQ_ID=08bb4acacb63] [PERF] Execution time=0.164930

[1 occurrence(s)]
INFO --> [SPARK_START] App\Commands\AIOps\Run

[1 occurrence(s)]
INFO --> [spark:ops:work] Started

[1 occurrence(s)]
INFO --> [spark:aiops:run] Intent

[1 occurrence(s)]
INFO --> [SPARK_START] App\Commands\Ops\Work

[1 occurrence(s)]
INFO --> [spark:ops:work] Intent

[1 occurrence(s)]
INFO --> [REQ_ID=7d340464a3a1] [PERF] Execution time=0.088707

[1 occurrence(s)]
INFO --> [spark:ops:work] Completed

[1 occurrence(s)]
INFO --> [SPARK_COMPLETE] App\Commands\Ops\Work duration=0.260038

[1 occurrence(s)]
INFO --> [AIOPS][SPARK][GOVERNANCE][spark:logs:summarize] Started

[1 occurrence(s)]
INFO --> [SPARK_START] App\Commands\Logs\Summarize

[1 occurrence(s)]
INFO --> [spark:logs:summarize] Intent


---------------------------
LEVEL: WARNING
---------------------------

[1 occurrence(s)]
WARNING --> Premium access denied: feature=investments.analytics route=/index.php/API/Investments/getForecastAccuracySummary user_id= tier=free status=free

[2 occurrence(s)]
WARNING --> Premium access denied: feature=investments.analytics route=/index.php/API/Investments/getConfidenceHeatmap user_id= tier=free status=free


---------------------------
LEVEL: ERROR
---------------------------

[1 occurrence(s)]
ERROR --> [404_ROUTE]


===============================================
   HERE'S THE NEW STUFF
   (No previous timestamp recorded – nothing treated as new)
===============================================

---- CONFIG LINT ----
✅ Services::cache
✅ Services::responsecache
✅ Services::session
✅ Services::email
✅ Services::logger
✅ Services::validation
✅ Services::renderer
