===============================================
   MyMI Wallet — Log Summary for 2026-02-18
   Auto-generated by logs:summarize command
   Grouped by (LEVEL + message)
===============================================

<<<<<<< Updated upstream
Last processed up to: 2026-02-18 18:00:04
||||||| constructed merge base
Last processed up to: 2026-02-18 10:00:04
=======
Last processed up to: 2026-02-18 16:00:04
>>>>>>> Stashed changes

---------------------------
LEVEL: INFO
---------------------------

[1 occurrence(s)]
INFO --> LOG_HEALTHCHECK file probe marker=06539f10dd84

[1 occurrence(s)]
INFO --> LOG_HEALTHCHECK file probe marker=1f7981fe0453

[1 occurrence(s)]
INFO --> LOG_HEALTHCHECK file probe marker=b84e1bf4b9f8

[1 occurrence(s)]
INFO --> LOG_HEALTHCHECK file probe marker=abdddf8bd678

[1 occurrence(s)]
INFO --> LOG_HEALTHCHECK file probe marker=2ba2d0a2f348

[1 occurrence(s)]
INFO --> LOG_HEALTHCHECK file probe marker=1567618143fd

[1 occurrence(s)]
INFO --> LOG_HEALTHCHECK file probe marker=f1a176dfc8f4

<<<<<<< Updated upstream
[1 occurrence(s)]
INFO --> LOG_HEALTHCHECK file probe marker=1d218334f602

[1 occurrence(s)]
INFO --> LOG_HEALTHCHECK file probe marker=37762ac82a37

[1 occurrence(s)]
INFO --> LOG_HEALTHCHECK file probe marker=3bcb897d5984

||||||| constructed merge base
=======
[1 occurrence(s)]
INFO --> LOG_HEALTHCHECK file probe marker=1d218334f602

[1 occurrence(s)]
INFO --> LOG_HEALTHCHECK file probe marker=37762ac82a37

>>>>>>> Stashed changes

===============================================
   HERE'S THE NEW STUFF
<<<<<<< Updated upstream
   (Entries logged AFTER 2026-02-18 18:00:04)
||||||| constructed merge base
   (Entries logged AFTER 2026-02-18 10:00:04)
=======
   (Entries logged AFTER 2026-02-18 16:00:04)
>>>>>>> Stashed changes
===============================================

---------------------------
LEVEL: INFO (NEW)
---------------------------

[1 NEW occurrence(s)]
<<<<<<< Updated upstream
INFO --> LOG_HEALTHCHECK file probe marker=3bcb897d5984
||||||| constructed merge base
INFO --> LOG_HEALTHCHECK file probe marker=f1a176dfc8f4
=======
INFO --> LOG_HEALTHCHECK file probe marker=37762ac82a37
>>>>>>> Stashed changes


---- CONFIG LINT ----
✅ Services::cache
✅ Services::responsecache
✅ Services::session
✅ Services::email
✅ Services::logger
✅ Services::validation
✅ Services::renderer
