===============================================
   MyMI Wallet — Log Summary for 2026-02-21
   Auto-generated by logs:summarize command
   Grouped by (LEVEL + message)
===============================================

Last processed up to: 2026-02-21 02:00:03

---------------------------
LEVEL: DEBUG
---------------------------

[1 occurrence(s)]
DEBUG --> LOG_HEALTHCHECK debug marker=e885eeffa4c0

[1 occurrence(s)]
DEBUG --> LOG_HEALTHCHECK debug marker=5a5695193df0

[1 occurrence(s)]
DEBUG --> LOG_HEALTHCHECK debug marker=9f96365cc85a

[1 occurrence(s)]
DEBUG --> Session: Initialization under CLI aborted.

[1 occurrence(s)]
DEBUG --> MyMIMarketing: Pscrape library not installed; Google search scraping will use fallback.


---------------------------
LEVEL: INFO
---------------------------

[4 occurrence(s)]
INFO --> [spark:aiops:run] Intent

[12 occurrence(s)]
INFO --> [spark:ops:work] Started

[12 occurrence(s)]
INFO --> [spark:ops:work] Intent

[12 occurrence(s)]
INFO --> [spark:ops:work] Completed

[4 occurrence(s)]
INFO --> [AIOPS][SPARK][GOVERNANCE][spark:logs:summarize] Started

[4 occurrence(s)]
INFO --> [spark:logs:summarize] Intent

[3 occurrence(s)]
INFO --> [AIOPS][SPARK][GOVERNANCE][spark:logs:summarize] Completed

[3 occurrence(s)]
INFO --> [spark:app:healthcheck] Started

[3 occurrence(s)]
INFO --> [spark:app:healthcheck] Intent

[1 occurrence(s)]
INFO --> LOG_HEALTHCHECK info marker=e885eeffa4c0

[3 occurrence(s)]
INFO --> [spark:app:healthcheck] Completed

[1 occurrence(s)]
INFO --> [spark:chat:audit] Intent

[1 occurrence(s)]
INFO --> [spark:chat:status] Intent

[2 occurrence(s)]
INFO --> [spark:aiops:priority:build] Intent

[2 occurrence(s)]
INFO --> [spark:aiops:backlog] Intent

[1 occurrence(s)]
INFO --> LOG_HEALTHCHECK info marker=5a5695193df0

[1 occurrence(s)]
INFO --> LOG_HEALTHCHECK info marker=9f96365cc85a

[1 occurrence(s)]
INFO --> [spark:aiops:auto:run] Intent


===============================================
   HERE'S THE NEW STUFF
   (Entries logged AFTER 2026-02-21 02:00:03)
===============================================

---------------------------
LEVEL: DEBUG (NEW)
---------------------------

[1 NEW occurrence(s)]
DEBUG --> LOG_HEALTHCHECK debug marker=9f96365cc85a

[1 NEW occurrence(s)]
DEBUG --> Session: Initialization under CLI aborted.

[1 NEW occurrence(s)]
DEBUG --> MyMIMarketing: Pscrape library not installed; Google search scraping will use fallback.


---------------------------
LEVEL: INFO (NEW)
---------------------------

[1 NEW occurrence(s)]
INFO --> [spark:app:healthcheck] Started

[1 NEW occurrence(s)]
INFO --> [spark:app:healthcheck] Intent

[1 NEW occurrence(s)]
INFO --> LOG_HEALTHCHECK info marker=9f96365cc85a

[1 NEW occurrence(s)]
INFO --> [spark:app:healthcheck] Completed

[3 NEW occurrence(s)]
INFO --> [spark:ops:work] Started

[3 NEW occurrence(s)]
INFO --> [spark:ops:work] Intent

[3 NEW occurrence(s)]
INFO --> [spark:ops:work] Completed

[1 NEW occurrence(s)]
INFO --> [spark:aiops:priority:build] Intent

[1 NEW occurrence(s)]
INFO --> [spark:aiops:auto:run] Intent

[1 NEW occurrence(s)]
INFO --> [spark:aiops:backlog] Intent

[1 NEW occurrence(s)]
INFO --> [spark:aiops:run] Intent

[1 NEW occurrence(s)]
INFO --> [AIOPS][SPARK][GOVERNANCE][spark:logs:summarize] Started

[1 NEW occurrence(s)]
INFO --> [spark:logs:summarize] Intent


---- CONFIG LINT ----
✅ Services::cache
✅ Services::responsecache
✅ Services::session
✅ Services::email
✅ Services::logger
✅ Services::validation
✅ Services::renderer
