===============================================
   MyMI Wallet — Log Summary for 2026-02-15
   Auto-generated by logs:summarize command
   Grouped by (LEVEL + message)
===============================================

Last processed up to: 2026-02-15 18:00:04

---------------------------
LEVEL: ERROR
---------------------------

[1 occurrence(s)]
ERROR --> LOG_HEALTHCHECK file probe marker=928f4dc37911

[1 occurrence(s)]
ERROR --> LOG_HEALTHCHECK file probe marker=aa54b4a6dedb

[1 occurrence(s)]
ERROR --> LOG_HEALTHCHECK file probe marker=7b43319bc8d9


===============================================
   HERE'S THE NEW STUFF
   (Entries logged AFTER 2026-02-15 18:00:04)
===============================================

---------------------------
LEVEL: ERROR (NEW)
---------------------------

[1 NEW occurrence(s)]
ERROR --> LOG_HEALTHCHECK file probe marker=7b43319bc8d9


---- CONFIG LINT ----
✅ Services::cache
✅ Services::responsecache
✅ Services::session
✅ Services::email
✅ Services::logger
✅ Services::validation
✅ Services::renderer
