===============================================
   MyMI Wallet — Log Summary for 2026-02-25
   Auto-generated by logs:summarize command
   Grouped by (LEVEL + message)
===============================================

Last processed up to: 2026-02-25 20:00:03

---------------------------
LEVEL: DEBUG
---------------------------

[542 occurrence(s)]
DEBUG --> Session: Class initialized using 'CodeIgniter\Session\Handlers\FileHandler' driver.

[1 occurrence(s)]
DEBUG --> LOG_HEALTHCHECK debug marker=29f4c7809321

[184 occurrence(s)]
DEBUG --> App\Controllers\AuthController initController executed

[50 occurrence(s)]
DEBUG --> App\Modules\Blog\Controllers\HowItWorksController initController executed

[163 occurrence(s)]
DEBUG --> MyMIUser L52 - initialized (first log).

[264 occurrence(s)]
DEBUG --> MyMICoin: guest context detected; skipping user-specific preload.

[78 occurrence(s)]
DEBUG --> App\Controllers\Home initController executed

[37 occurrence(s)]
DEBUG --> [MetaService] slug= pageName= cacheHit= path=FALLBACK

[17 occurrence(s)]
DEBUG --> [MetaService] slug= pageName=Home cacheHit= path=DB

[1 occurrence(s)]
DEBUG --> LOG_HEALTHCHECK debug marker=11cd05bfa986

[3 occurrence(s)]
DEBUG --> App\Modules\User\Controllers\AlertsController initController executed

[6 occurrence(s)]
DEBUG --> MyMIInvestments: no session user detected; skipping personalized hydration.

[6 occurrence(s)]
DEBUG --> MyMIMarketing: Pscrape library not installed; Google search scraping will use fallback.

[6 occurrence(s)]
DEBUG --> MyMIAlerts: no authenticated user context detected.

[1 occurrence(s)]
DEBUG --> TwelveData batch response error: **symbol** or **figi** parameter is missing or invalid. Please provide a valid symbol according to API documentation: https://twelvedata.com/docs#reference-data

[1 occurrence(s)]
DEBUG --> Marketstack fallback failed: 22 : The requested URL returned error: 403

[34 occurrence(s)]
DEBUG --> [MetaService] slug= pageName= cacheHit=1 path=CACHE

[54 occurrence(s)]
DEBUG --> [MetaService] slug= pageName=Home cacheHit=1 path=CACHE

[2 occurrence(s)]
DEBUG --> Auth attemptLogin() called with login identifier: Franksmits, remember: false

[1 occurrence(s)]
DEBUG --> Auth attemptLogin() called. redirect_url in session: https://www.mymiwallet.com/index.php/How-It-Works/Investment-Dashboard

[2 occurrence(s)]
DEBUG --> Auth credentials normalised for attempt using key "username"

[1 occurrence(s)]
DEBUG --> Auth attempt failed for identifier Franksmits. Error: This user account is not yet activated. <a href="https://www.mymiwallet.com/index.php/resend-activate-account?login=Franksmits">Resend activation message one more time.</a>

[1 occurrence(s)]
DEBUG --> [ACTIVATION] Token validated for user

[1 occurrence(s)]
DEBUG --> LOG_HEALTHCHECK debug marker=759199265022

[1 occurrence(s)]
DEBUG --> Auth attemptLogin() called. redirect_url in session: none

[1 occurrence(s)]
DEBUG --> Auth attempt succeeded for identifier Franksmits. logged_in(): yes, user_id(): 11684

[1 occurrence(s)]
DEBUG --> Auth attempt succeeded. logged_in(): yes, user_id(): 11684

[1 occurrence(s)]
DEBUG --> Auth attemptLogin() - session user_id set to: 11684

[1 occurrence(s)]
DEBUG --> Auth redirect destination: https://www.mymiwallet.com/index.php/Dashboard

[3 occurrence(s)]
DEBUG --> App\Modules\User\Controllers\DashboardController initController executed

[2 occurrence(s)]
DEBUG --> [DASHBOARD] Enter

[2 occurrence(s)]
DEBUG --> 📰 Daily dashboard news window 2026-02-25 00:00:00 -> 2026-02-25 23:59:59 returned 0 rows

[2 occurrence(s)]
DEBUG --> [SETUP] Status computed

[1 occurrence(s)]
DEBUG --> No default Solana wallet for user 11684; provisioning...

[1 occurrence(s)]
DEBUG --> Auth attemptLogin() called with login identifier: jcrowley@cdklaw.com, remember: true

[2 occurrence(s)]
DEBUG --> Auth attemptLogin() called. redirect_url in session: https://www.mymiwallet.com/index.php/How-It-Works/Investor-Profile

[7 occurrence(s)]
DEBUG --> Auth credentials normalised for attempt using key "email"

[1 occurrence(s)]
DEBUG --> Auth attempt failed for identifier jcrowley@cdklaw.com. Error: Unable to log you in. Please check your password.

[20 occurrence(s)]
DEBUG --> App\Modules\Support\Controllers\AccountSupportController initController executed

[1 occurrence(s)]
DEBUG --> LOG_HEALTHCHECK debug marker=f0fea39c9bd2

[4 occurrence(s)]
DEBUG --> [MetaService] slug=terms-of-service pageName= cacheHit= path=DB

[4 occurrence(s)]
DEBUG --> [MetaService] slug=terms-of-service pageName=Terms of Service cacheHit= path=DB

[2 occurrence(s)]
DEBUG --> [MetaService] slug=how-it-works pageName= cacheHit= path=DB

[2 occurrence(s)]
DEBUG --> [MetaService] slug=how-it-works pageName= cacheHit=1 path=CACHE

[4 occurrence(s)]
DEBUG --> App\Modules\Support\Controllers\SupportController initController executed

[2 occurrence(s)]
DEBUG --> [MetaService] slug=privacy-policy pageName= cacheHit= path=DB

[2 occurrence(s)]
DEBUG --> [MetaService] slug=privacy-policy pageName=Privacy Policy cacheHit= path=DB

[1 occurrence(s)]
DEBUG --> LOG_HEALTHCHECK debug marker=301648a15a04

[1 occurrence(s)]
DEBUG --> LOG_HEALTHCHECK debug marker=564ac779cee3

[1 occurrence(s)]
DEBUG --> Auth attemptLogin() called with login identifier: kent@ebersoldinc.com, remember: false

[5 occurrence(s)]
DEBUG --> Auth attemptLogin() called. redirect_url in session: https://www.mymiwallet.com/index.php/Free/register

[1 occurrence(s)]
DEBUG --> Auth attempt failed for identifier kent@ebersoldinc.com. Error: Unable to log you in. Please check your password.

[1 occurrence(s)]
DEBUG --> LOG_HEALTHCHECK debug marker=b448ed855e31

[1 occurrence(s)]
DEBUG --> Auth attemptLogin() called with login identifier: d.eean.dt.erry1989@gmail.com, remember: true

[1 occurrence(s)]
DEBUG --> Auth attempt failed for identifier d.eean.dt.erry1989@gmail.com. Error: Unable to log you in. Please check your password.

[3 occurrence(s)]
DEBUG --> App\Modules\User\Controllers\BudgetController initController executed

[3 occurrence(s)]
DEBUG --> BudgetController L53 Initialized with cuID: 2

[3 occurrence(s)]
DEBUG --> BudgetController::constructor - sanitizedCacheKey exists? YES

[2 occurrence(s)]
DEBUG --> BudgetController::commonData snapshot: {"cuID":2,"cuEmail":"admin@timothyburks.com","totalAccountBalance":0,"nonce":{"script":"nonce=\"dbde84b4b47869353ed82844ba49a98e\"","style":"nonce=\"dbde84b4b47869353ed82844ba49a98e\""}}

[2 occurrence(s)]
DEBUG --> BudgetController::commonData snapshot: {"cuID":2,"cuEmail":"admin@timothyburks.com","totalAccountBalance":0,"nonce":{"script":"nonce=\"8d7c9a287442187abbda4cd10aa04a69\"","style":"nonce=\"8d7c9a287442187abbda4cd10aa04a69\""}}

[2 occurrence(s)]
DEBUG --> BudgetController::commonData snapshot: {"cuID":2,"cuEmail":"admin@timothyburks.com","totalAccountBalance":0,"nonce":{"script":"nonce=\"dd244b180b329875c42166793bb16160\"","style":"nonce=\"dd244b180b329875c42166793bb16160\""}}

[1 occurrence(s)]
DEBUG --> LOG_HEALTHCHECK debug marker=15d699233f9e

[1 occurrence(s)]
DEBUG --> Auth attemptLogin() called with login identifier: ellen@kreke.com, remember: false

[1 occurrence(s)]
DEBUG --> Auth attempt failed for identifier ellen@kreke.com. Error: Unable to log you in. Please check your password.

[2 occurrence(s)]
DEBUG --> App\Modules\Blog\Controllers\PersonalBudgetingController initController executed

[1 occurrence(s)]
DEBUG --> LOG_HEALTHCHECK debug marker=f2c19dbe1638

[1 occurrence(s)]
DEBUG --> [MetaService] slug=how-it-works/account-settings pageName= cacheHit= path=DB

[1 occurrence(s)]
DEBUG --> [MetaService] slug=how-it-works/account-settings pageName= cacheHit=1 path=CACHE

[1 occurrence(s)]
DEBUG --> Auth attemptLogin() called with login identifier: stefanieegner@t-online.de, remember: true

[1 occurrence(s)]
DEBUG --> Auth attempt failed for identifier stefanieegner@t-online.de. Error: Unable to log you in. Please check your password.

[1 occurrence(s)]
DEBUG --> LOG_HEALTHCHECK debug marker=716ef9dd1fa4

[1 occurrence(s)]
DEBUG --> Auth attemptLogin() called with login identifier: korin.brahm@cooperindustries.com, remember: true

[1 occurrence(s)]
DEBUG --> Auth attempt failed for identifier korin.brahm@cooperindustries.com. Error: Unable to log you in. Please check your password.

[1 occurrence(s)]
DEBUG --> LOG_HEALTHCHECK debug marker=319530e87cfd

[1 occurrence(s)]
DEBUG --> Auth attemptLogin() called with login identifier: greg@dinistinis.com, remember: true

[1 occurrence(s)]
DEBUG --> Auth attempt failed for identifier greg@dinistinis.com. Error: Unable to log you in. Please check your password.

[1 occurrence(s)]
DEBUG --> [MetaService] slug=getting-started pageName= cacheHit= path=DB

[1 occurrence(s)]
DEBUG --> [MetaService] slug=getting-started pageName=Getting Started cacheHit= path=DB


---------------------------
LEVEL: INFO
---------------------------

[12 occurrence(s)]
INFO --> [spark:aiops:run] Intent

[90 occurrence(s)]
INFO --> [spark:ops:work] Started

[90 occurrence(s)]
INFO --> [spark:ops:work] Intent

[90 occurrence(s)]
INFO --> [spark:ops:work] Completed

[16 occurrence(s)]
INFO --> [AIOPS][SPARK][GOVERNANCE][spark:logs:summarize] Started

[16 occurrence(s)]
INFO --> [spark:logs:summarize] Intent

[15 occurrence(s)]
INFO --> [AIOPS][SPARK][GOVERNANCE][spark:logs:summarize] Completed

[11 occurrence(s)]
INFO --> [spark:app:healthcheck] Started

[11 occurrence(s)]
INFO --> [spark:app:healthcheck] Intent

[1 occurrence(s)]
INFO --> LOG_HEALTHCHECK info marker=29f4c7809321

[11 occurrence(s)]
INFO --> [spark:app:healthcheck] Completed

[9 occurrence(s)]
INFO --> themesMemory usage: 12582912

[69 occurrence(s)]
INFO --> themesMemory usage: 10485760

[2 occurrence(s)]
INFO --> [spark:config:clear] Intent

[1 occurrence(s)]
INFO --> [spark:spark-reset] Intent

[26 occurrence(s)]
INFO --> themesMemory usage: 8388608

[1 occurrence(s)]
INFO --> LOG_HEALTHCHECK info marker=11cd05bfa986

[11 occurrence(s)]
INFO --> themesMemory usage: 14680064

[27 occurrence(s)]
INFO --> CSRF token verified.

[10 occurrence(s)]
INFO --> [REGISTRATION] Submission received

[12 occurrence(s)]
INFO --> MailService queued email

[8 occurrence(s)]
INFO --> [REGISTRATION] Validation passed (basic fields)

[8 occurrence(s)]
INFO --> [REGISTRATION] Validation passed (password fields)

[1 occurrence(s)]
INFO --> Registration created user_id=11684, email=kimberlygarcia1931@gmx.com, username=Franksmits, active=, requiresActivation=1, loginIdentifier=username

[8 occurrence(s)]
INFO --> [REGISTRATION] User record created

[1 occurrence(s)]
INFO --> OnboardingProgressService: created onboarding record for user_id=11684

[1 occurrence(s)]
INFO --> Registration succeeded for kimberlygarcia1931@gmx.com (event 8867512576def2e7)

[7 occurrence(s)]
INFO --> [REGISTRATION] Activation email queued

[1 occurrence(s)]
INFO --> Registration redirecting to success guide for user_id=11684

[7 occurrence(s)]
INFO --> AuthController::registerSuccess view rendered.

[9 occurrence(s)]
INFO --> AuthController L93: Auth:attemptLogin started.

[9 occurrence(s)]
INFO --> AuthController L104: Auth:attemptLogin rules: {"login":"required","password":"required"}

[1 occurrence(s)]
INFO --> AuthController L132: Auth:attemptLogin Login Variables: login: required, remember: false, ip: 142.111.126.8, ua: Mozilla/5.0 (Windows NT 10.0; Win64; x64) AppleWebKit/537.36 (KHTML, like Gecko) Chrome/131.0.0.0 Safari/537.36 Avast/131.0.0.0

[3 occurrence(s)]
INFO --> [ACTIVATION] Activation link hit

[1 occurrence(s)]
INFO --> [ACTIVATION] Account activated

[1 occurrence(s)]
INFO --> [ACTIVATION] Redirect issued

[1 occurrence(s)]
INFO --> LOG_HEALTHCHECK info marker=759199265022

[1 occurrence(s)]
INFO --> AuthController L132: Auth:attemptLogin Login Variables: login: required, remember: false, ip: 191.101.188.168, ua: Mozilla/5.0 (Windows NT 10.0; Win64; x64) AppleWebKit/537.36 (KHTML, like Gecko) Chrome/130.0.0.0 Safari/537.36 CCleaner/130.0.0.0

[1 occurrence(s)]
INFO --> [AUTH] Login success

[1 occurrence(s)]
INFO --> OnboardingProgressService: first verified login recorded for user_id=11684

[1 occurrence(s)]
INFO --> OnboardingProgressService: walkthrough started for user_id=11684

[1 occurrence(s)]
INFO --> Auth attemptLogin() onboarding walkthrough queued for user_id=11684

[2 occurrence(s)]
INFO --> DashboardController L72 - $checkingSummary: 0

[1 occurrence(s)]
INFO --> DashboardController: onboarding walkthrough modal triggered for user_id=11684

[2 occurrence(s)]
INFO --> getSolanaData: invalid address param

[9 occurrence(s)]
INFO --> themesMemory usage: 6291456

[1 occurrence(s)]
INFO --> Registration created user_id=11685, email=jcrowley@cdklaw.com, username=pBQJOldeCLRpcCMYrDr, active=, requiresActivation=1, loginIdentifier=username

[1 occurrence(s)]
INFO --> OnboardingProgressService: created onboarding record for user_id=11685

[1 occurrence(s)]
INFO --> Registration failure alert throttled.

[1 occurrence(s)]
INFO --> AuthController L132: Auth:attemptLogin Login Variables: login: required, remember: true, ip: 185.220.101.20, ua: "Mozilla/5.0 (Macintosh; Intel Mac OS X 10_15_7) AppleWebKit/537.36 (KHTML, like Gecko) Chrome/142.0.0.0 Safari/537.36"

[2 occurrence(s)]
INFO --> [AUTH] Password reset requested

[2 occurrence(s)]
INFO --> [AUTH] Password reset email sent

[12 occurrence(s)]
INFO --> themesMemory usage: 4194304

[5 occurrence(s)]
INFO --> [REGISTRATION] Form loaded

[1 occurrence(s)]
INFO --> LOG_HEALTHCHECK info marker=f0fea39c9bd2

[1 occurrence(s)]
INFO --> LOG_HEALTHCHECK info marker=301648a15a04

[1 occurrence(s)]
INFO --> LOG_HEALTHCHECK info marker=564ac779cee3

[1 occurrence(s)]
INFO --> Registration created user_id=11686, email=kent@ebersoldinc.com, username=XfGEJjFnLhrPUQWDdCz, active=, requiresActivation=1, loginIdentifier=username

[1 occurrence(s)]
INFO --> OnboardingProgressService: created onboarding record for user_id=11686

[1 occurrence(s)]
INFO --> Registration succeeded for kent@ebersoldinc.com (event 8a4ca5d7f7755b7d)

[1 occurrence(s)]
INFO --> Registration redirecting to success guide for user_id=11686

[1 occurrence(s)]
INFO --> AuthController L132: Auth:attemptLogin Login Variables: login: required, remember: false, ip: 171.25.193.235, ua: "Mozilla/5.0 (Macintosh; Intel Mac OS X 10_15_7) AppleWebKit/537.36 (KHTML, like Gecko) Chrome/142.0.0.0 Safari/537.36"

[1 occurrence(s)]
INFO --> LOG_HEALTHCHECK info marker=b448ed855e31

[1 occurrence(s)]
INFO --> Registration created user_id=11687, email=d.eean.dt.erry1989@gmail.com, username=cRFmKyTuMoAZZqxqdPnGNDyl, active=, requiresActivation=1, loginIdentifier=username

[1 occurrence(s)]
INFO --> OnboardingProgressService: created onboarding record for user_id=11687

[1 occurrence(s)]
INFO --> Registration succeeded for d.eean.dt.erry1989@gmail.com (event a440807b309ae205)

[1 occurrence(s)]
INFO --> Registration redirecting to success guide for user_id=11687

[1 occurrence(s)]
INFO --> AuthController L132: Auth:attemptLogin Login Variables: login: required, remember: true, ip: 185.100.87.41, ua: "Mozilla/5.0 (Macintosh; Intel Mac OS X 10_15_7) AppleWebKit/537.36 (KHTML, like Gecko) Chrome/142.0.0.0 Safari/537.36"

[5 occurrence(s)]
INFO --> [SUPPORT] Account help requested

[5 occurrence(s)]
INFO --> [SUPPORT] Account help outcome

[3 occurrence(s)]
INFO --> $uri: https://www.mymiwallet.com/index.php/Budget/Add/Income

[3 occurrence(s)]
INFO --> $formMode: Add

[1 occurrence(s)]
INFO --> LOG_HEALTHCHECK info marker=15d699233f9e

[1 occurrence(s)]
INFO --> Registration created user_id=11688, email=ellen@kreke.com, username=jaHrIwKBxxyKekaxJqQhkc, active=, requiresActivation=1, loginIdentifier=username

[1 occurrence(s)]
INFO --> OnboardingProgressService: created onboarding record for user_id=11688

[1 occurrence(s)]
INFO --> Registration succeeded for ellen@kreke.com (event 8e2027f11beb2adc)

[1 occurrence(s)]
INFO --> Registration redirecting to success guide for user_id=11688

[1 occurrence(s)]
INFO --> AuthController L132: Auth:attemptLogin Login Variables: login: required, remember: false, ip: 185.220.101.105, ua: "Mozilla/5.0 (Macintosh; Intel Mac OS X 10_15_7) AppleWebKit/537.36 (KHTML, like Gecko) Chrome/142.0.0.0 Safari/537.36"

[1 occurrence(s)]
INFO --> AlertsModel L404 - Alert updated successfully for ID 7405: Array

[1 occurrence(s)]
INFO --> 🔄 Trying AlphaVantage for GRAB...

[1 occurrence(s)]
INFO --> ✅ Alert snapshot inserted for GRAB with trade_id 7405

[1 occurrence(s)]
INFO --> LOG_HEALTHCHECK info marker=f2c19dbe1638

[1 occurrence(s)]
INFO --> Registration created user_id=11689, email=stefanieegner@t-online.de, username=rgdNZUniVMqeYMtmJNCj, active=, requiresActivation=1, loginIdentifier=username

[1 occurrence(s)]
INFO --> OnboardingProgressService: created onboarding record for user_id=11689

[1 occurrence(s)]
INFO --> Registration succeeded for stefanieegner@t-online.de (event 0e7f4080ed12c3fd)

[1 occurrence(s)]
INFO --> Registration redirecting to success guide for user_id=11689

[1 occurrence(s)]
INFO --> AuthController L132: Auth:attemptLogin Login Variables: login: required, remember: true, ip: 185.220.101.168, ua: "Mozilla/5.0 (Macintosh; Intel Mac OS X 10_15_7) AppleWebKit/537.36 (KHTML, like Gecko) Chrome/142.0.0.0 Safari/537.36"

[1 occurrence(s)]
INFO --> LOG_HEALTHCHECK info marker=716ef9dd1fa4

[1 occurrence(s)]
INFO --> Registration created user_id=11690, email=korin.brahm@cooperindustries.com, username=epMbIgEzzmlUFAKSCZuFKb, active=, requiresActivation=1, loginIdentifier=username

[1 occurrence(s)]
INFO --> OnboardingProgressService: created onboarding record for user_id=11690

[1 occurrence(s)]
INFO --> Registration succeeded for korin.brahm@cooperindustries.com (event 8d364331f7fd6442)

[1 occurrence(s)]
INFO --> Registration redirecting to success guide for user_id=11690

[1 occurrence(s)]
INFO --> AuthController L132: Auth:attemptLogin Login Variables: login: required, remember: true, ip: 45.9.156.192, ua: "Mozilla/5.0 (Macintosh; Intel Mac OS X 10_15_7) AppleWebKit/537.36 (KHTML, like Gecko) Chrome/142.0.0.0 Safari/537.36"

[1 occurrence(s)]
INFO --> LOG_HEALTHCHECK info marker=319530e87cfd

[1 occurrence(s)]
INFO --> Registration created user_id=11691, email=greg@dinistinis.com, username=pymWyKIqcfDEiiFBzDnypbBI, active=, requiresActivation=1, loginIdentifier=username

[1 occurrence(s)]
INFO --> OnboardingProgressService: created onboarding record for user_id=11691

[1 occurrence(s)]
INFO --> Registration succeeded for greg@dinistinis.com (event e277324270f5afe7)

[1 occurrence(s)]
INFO --> Registration redirecting to success guide for user_id=11691

[1 occurrence(s)]
INFO --> AuthController L132: Auth:attemptLogin Login Variables: login: required, remember: true, ip: 185.220.101.8, ua: "Mozilla/5.0 (Macintosh; Intel Mac OS X 10_15_7) AppleWebKit/537.36 (KHTML, like Gecko) Chrome/142.0.0.0 Safari/537.36"


---------------------------
LEVEL: NOTICE
---------------------------

[1 occurrence(s)]
NOTICE --> LOG_HEALTHCHECK probe marker=29f4c7809321

[1 occurrence(s)]
NOTICE --> LOG_HEALTHCHECK probe marker=11cd05bfa986

[1 occurrence(s)]
NOTICE --> LOG_HEALTHCHECK probe marker=759199265022

[1 occurrence(s)]
NOTICE --> LOG_HEALTHCHECK probe marker=f0fea39c9bd2

[1 occurrence(s)]
NOTICE --> LOG_HEALTHCHECK probe marker=301648a15a04

[1 occurrence(s)]
NOTICE --> LOG_HEALTHCHECK probe marker=564ac779cee3

[1 occurrence(s)]
NOTICE --> LOG_HEALTHCHECK probe marker=b448ed855e31

[1 occurrence(s)]
NOTICE --> LOG_HEALTHCHECK probe marker=15d699233f9e

[1 occurrence(s)]
NOTICE --> LOG_HEALTHCHECK probe marker=f2c19dbe1638

[1 occurrence(s)]
NOTICE --> LOG_HEALTHCHECK probe marker=716ef9dd1fa4

[1 occurrence(s)]
NOTICE --> LOG_HEALTHCHECK probe marker=319530e87cfd


---------------------------
LEVEL: WARNING
---------------------------

[82 occurrence(s)]
WARNING --> MyMIWallets initialized without numeric user context.

[1 occurrence(s)]
WARNING --> 404 route miss: https://www.mymiwallet.com/index.php/Budget/Financial-Advisors | referrer: none

[2 occurrence(s)]
WARNING --> 404 route miss: https://www.mymiwallet.com/index.php/How-To-Guides | referrer: none

[1 occurrence(s)]
WARNING --> 404 route miss: https://www.mymiwallet.com/index.php/Premium-Features/Due-Diligence-Database | referrer: none

[8 occurrence(s)]
WARNING --> [AUTH] Login failure

[8 occurrence(s)]
WARNING --> [AUTH] Login failed

[2 occurrence(s)]
WARNING --> [REGISTRATION] Validation failed (basic fields)

[2 occurrence(s)]
WARNING --> 404 route miss: https://www.mymiwallet.com/index.php/ | referrer: none

[1 occurrence(s)]
WARNING --> 404 route miss: https://www.mymiwallet.com/index.php/Budget/Financial-Institute | referrer: none

[1 occurrence(s)]
WARNING --> 404 route miss: https://www.mymiwallet.com/index.php/Premium_Features/Brokerage-Integrations | referrer: none

[1 occurrence(s)]
WARNING --> 404 route miss: https://www.mymiwallet.com/index.php/Management/Docs | referrer: none

[1 occurrence(s)]
WARNING --> 404 route miss: https://www.mymiwallet.com/index.php/images/ci4-earnings.png | referrer: https://www.mymiwallet.com/index.php/How-It-Works/earnings

[1 occurrence(s)]
WARNING --> 404 route miss: https://www.mymiwallet.com/index.php/Premium-Features/Wallets | referrer: none

[1 occurrence(s)]
WARNING --> 404 route miss: https://www.mymiwallet.com/index.php/auth/resend-activation | referrer: none

[1 occurrence(s)]
WARNING --> 404 route miss: https://www.mymiwallet.com/index.php/ | referrer: http://mymiwallet.com/


---------------------------
LEVEL: ERROR
---------------------------

[2 occurrence(s)]
ERROR --> DashboardController::index failed to load executive summary: Cache key contains reserved characters {}()/\@:

[1 occurrence(s)]
ERROR --> Table 'mymiwallet.bf_squeeze_scorecards' doesn't exist

[1 occurrence(s)]
ERROR --> Email: Unable to send email using SMTP. Your server might not be configured to send mail using this method.

[1 occurrence(s)]
ERROR --> 220 pdx1-sub0-mail-a203.dreamhost.com ESMTP

[1 occurrence(s)]
ERROR --> Registration failed: Failed to send activation message to: jcrowley@cdklaw.com

[1 occurrence(s)]
ERROR --> [REGISTRATION] Activation email failed to send

[2 occurrence(s)]
ERROR --> Registration failed: {"username":"The username field must contain a unique value.","email":"The email field must contain a unique value."}

[2 occurrence(s)]
ERROR --> [ACTIVATION] Activation failed: user not found


---------------------------
LEVEL: CRITICAL
---------------------------

[2 occurrence(s)]
CRITICAL --> Error: Class "App\Services\AiOps\FormIntelligenceService" not found

[1 occurrence(s)]
CRITICAL --> Error: Class "App\Models\AiOps\FormTestModel" not found

[13 occurrence(s)]
CRITICAL --> CodeIgniter\Exceptions\PageNotFoundException: Page Not Found

[1 occurrence(s)]
CRITICAL --> ArgumentCountError: Too few arguments to function CodeIgniter\CLI\BaseCommand::__construct(), 0 passed in /home/mymiteam/mymiwallet/site/current/app/Commands/AIOps/WorkerLogs.php on line 59 and exactly 2 expected


===============================================
   HERE'S THE NEW STUFF
   (Entries logged AFTER 2026-02-25 20:00:03)
===============================================

---------------------------
LEVEL: DEBUG (NEW)
---------------------------

[59 NEW occurrence(s)]
DEBUG --> Session: Class initialized using 'CodeIgniter\Session\Handlers\FileHandler' driver.

[12 NEW occurrence(s)]
DEBUG --> App\Controllers\Home initController executed

[21 NEW occurrence(s)]
DEBUG --> MyMIUser L52 - initialized (first log).

[6 NEW occurrence(s)]
DEBUG --> [MetaService] slug= pageName= cacheHit=1 path=CACHE

[10 NEW occurrence(s)]
DEBUG --> [MetaService] slug= pageName=Home cacheHit=1 path=CACHE

[5 NEW occurrence(s)]
DEBUG --> [MetaService] slug= pageName= cacheHit= path=FALLBACK

[18 NEW occurrence(s)]
DEBUG --> App\Controllers\AuthController initController executed

[1 NEW occurrence(s)]
DEBUG --> Auth attemptLogin() called with login identifier: greg@dinistinis.com, remember: true

[1 NEW occurrence(s)]
DEBUG --> Auth attemptLogin() called. redirect_url in session: https://www.mymiwallet.com/index.php/Free/register

[1 NEW occurrence(s)]
DEBUG --> Auth credentials normalised for attempt using key "email"

[1 NEW occurrence(s)]
DEBUG --> Auth attempt failed for identifier greg@dinistinis.com. Error: Unable to log you in. Please check your password.

[6 NEW occurrence(s)]
DEBUG --> App\Modules\Blog\Controllers\HowItWorksController initController executed

[27 NEW occurrence(s)]
DEBUG --> MyMICoin: guest context detected; skipping user-specific preload.

[3 NEW occurrence(s)]
DEBUG --> App\Modules\Support\Controllers\AccountSupportController initController executed

[1 NEW occurrence(s)]
DEBUG --> [MetaService] slug= pageName=Home cacheHit= path=DB

[1 NEW occurrence(s)]
DEBUG --> [MetaService] slug=getting-started pageName= cacheHit= path=DB

[1 NEW occurrence(s)]
DEBUG --> [MetaService] slug=getting-started pageName=Getting Started cacheHit= path=DB


---------------------------
LEVEL: INFO (NEW)
---------------------------

[15 NEW occurrence(s)]
INFO --> themesMemory usage: 10485760

[8 NEW occurrence(s)]
INFO --> [spark:ops:work] Started

[8 NEW occurrence(s)]
INFO --> [spark:ops:work] Intent

[8 NEW occurrence(s)]
INFO --> [spark:ops:work] Completed

[3 NEW occurrence(s)]
INFO --> CSRF token verified.

[1 NEW occurrence(s)]
INFO --> [REGISTRATION] Submission received

[1 NEW occurrence(s)]
INFO --> MailService queued email

[1 NEW occurrence(s)]
INFO --> [REGISTRATION] Validation passed (basic fields)

[1 NEW occurrence(s)]
INFO --> [REGISTRATION] Validation passed (password fields)

[1 NEW occurrence(s)]
INFO --> Registration created user_id=11691, email=greg@dinistinis.com, username=pymWyKIqcfDEiiFBzDnypbBI, active=, requiresActivation=1, loginIdentifier=username

[1 NEW occurrence(s)]
INFO --> [REGISTRATION] User record created

[1 NEW occurrence(s)]
INFO --> OnboardingProgressService: created onboarding record for user_id=11691

[1 NEW occurrence(s)]
INFO --> Registration succeeded for greg@dinistinis.com (event e277324270f5afe7)

[1 NEW occurrence(s)]
INFO --> [REGISTRATION] Activation email queued

[1 NEW occurrence(s)]
INFO --> Registration redirecting to success guide for user_id=11691

[1 NEW occurrence(s)]
INFO --> AuthController::registerSuccess view rendered.

[1 NEW occurrence(s)]
INFO --> AuthController L93: Auth:attemptLogin started.

[1 NEW occurrence(s)]
INFO --> AuthController L104: Auth:attemptLogin rules: {"login":"required","password":"required"}

[1 NEW occurrence(s)]
INFO --> AuthController L132: Auth:attemptLogin Login Variables: login: required, remember: true, ip: 185.220.101.8, ua: "Mozilla/5.0 (Macintosh; Intel Mac OS X 10_15_7) AppleWebKit/537.36 (KHTML, like Gecko) Chrome/142.0.0.0 Safari/537.36"

[1 NEW occurrence(s)]
INFO --> themesMemory usage: 8388608

[1 NEW occurrence(s)]
INFO --> [SUPPORT] Account help requested

[1 NEW occurrence(s)]
INFO --> [SUPPORT] Account help outcome

[1 NEW occurrence(s)]
INFO --> themesMemory usage: 4194304

[1 NEW occurrence(s)]
INFO --> [REGISTRATION] Form loaded

[1 NEW occurrence(s)]
INFO --> [spark:aiops:run] Intent

[1 NEW occurrence(s)]
INFO --> [AIOPS][SPARK][GOVERNANCE][spark:logs:summarize] Started

[1 NEW occurrence(s)]
INFO --> [spark:logs:summarize] Intent


---------------------------
LEVEL: WARNING (NEW)
---------------------------

[1 NEW occurrence(s)]
WARNING --> 404 route miss: https://www.mymiwallet.com/index.php/auth/resend-activation | referrer: none

[1 NEW occurrence(s)]
WARNING --> [AUTH] Login failure

[1 NEW occurrence(s)]
WARNING --> [AUTH] Login failed

[9 NEW occurrence(s)]
WARNING --> MyMIWallets initialized without numeric user context.

[1 NEW occurrence(s)]
WARNING --> 404 route miss: https://www.mymiwallet.com/index.php/ | referrer: http://mymiwallet.com/


---------------------------
LEVEL: CRITICAL (NEW)
---------------------------

[2 NEW occurrence(s)]
CRITICAL --> CodeIgniter\Exceptions\PageNotFoundException: Page Not Found


---- CONFIG LINT ----
✅ Services::cache
✅ Services::responsecache
✅ Services::session
✅ Services::email
✅ Services::logger
✅ Services::validation
✅ Services::renderer
