===============================================
   MyMI Wallet — Log Summary for 2026-02-08
   Auto-generated by logs:summarize command
   Grouped by (LEVEL + message)
===============================================

Last processed up to: <none> (first run for this date)

---------------------------
LEVEL: INFO
---------------------------

[1 occurrence(s)]
INFO --> [spark:logs:summarize] Started

[1 occurrence(s)]
INFO --> [spark:logs:summarize] Intent


---------------------------
LEVEL: WARNING
---------------------------

[2 occurrence(s)]
WARNING --> [DEPRECATED] Passing lowercase HTTP method "get" is deprecated. Use uppercase HTTP method like "GET". in SYSTEMPATH/Router/RouteCollection.php on line 1026.

[2 occurrence(s)]
WARNING --> [DEPRECATED] Passing lowercase HTTP method "post" is deprecated. Use uppercase HTTP method like "POST". in SYSTEMPATH/Router/RouteCollection.php on line 1026.


---------------------------
LEVEL: CRITICAL
---------------------------

[4 occurrence(s)]
CRITICAL --> ErrorException: include_once(/home/mymiteam/mymiwallet/site/current/vendor/codeigniter4/framework/system/Helpers/kint_helper.php): Failed to open stream: No such file or directory


===============================================
   HERE'S THE NEW STUFF
   (No previous timestamp recorded – nothing treated as new)
===============================================

---- CONFIG LINT ----
✅ Services::cache
✅ Services::responsecache
✅ Services::session
✅ Services::email
✅ Services::logger
✅ Services::validation
✅ Services::renderer
