===============================================
   MyMI Wallet — Log Summary for 2026-03-13
   Auto-generated by logs:summarize command
   Grouped by (LEVEL + message)
===============================================

Last processed up to: <none> (first run for this date)

---------------------------
LEVEL: DEBUG
---------------------------

[1 occurrence(s)]
DEBUG --> [REQ_ID=065da31e376d] [REQUEST][START] GET /index.php/API/Management/Run-CRON-Tasks

[159 occurrence(s)]
DEBUG --> Session: Class initialized using 'CodeIgniter\Session\Handlers\FileHandler' driver.

[1 occurrence(s)]
DEBUG --> [REQ_ID=065da31e376d] [FILTER_BEFORE] /index.php/API/Management/Run-CRON-Tasks

[1 occurrence(s)]
DEBUG --> [REQ_ID=065da31e376d] [ROUTE] Controller=\App\Modules\Management\Controllers\ManagementAPIController Method=Run_CRON_Tasks

[1 occurrence(s)]
DEBUG --> [REQ_ID=065da31e376d] [LIFECYCLE][START] GET https://www.mymiwallet.com/index.php/API/Management/Run-CRON-Tasks

[1 occurrence(s)]
DEBUG --> [REQ_ID=065da31e376d] [REQUEST][END]

[1 occurrence(s)]
DEBUG --> [REQ_ID=cbfd7a57291f] [REQUEST][START] HEAD /

[1 occurrence(s)]
DEBUG --> [REQ_ID=ede0f2dca30d] [REQUEST][START] HEAD /

[1 occurrence(s)]
DEBUG --> [REQ_ID=0589f9c992f4] [REQUEST][START] HEAD /

[1 occurrence(s)]
DEBUG --> [REQ_ID=a6ee49c49dbd] [REQUEST][START] GET /index.php/API/Alerts/fetchEmailAlerts

[1 occurrence(s)]
DEBUG --> [REQ_ID=a6ee49c49dbd] [FILTER_BEFORE] /index.php/API/Alerts/fetchEmailAlerts

[1 occurrence(s)]
DEBUG --> [REQ_ID=a6ee49c49dbd] [ROUTE] Controller=\App\Modules\APIs\Controllers\AlertsAPIController Method=fetchEmailAlerts

[1 occurrence(s)]
DEBUG --> [REQ_ID=a6ee49c49dbd] [LIFECYCLE][START] GET https://www.mymiwallet.com/index.php/API/Alerts/fetchEmailAlerts

[1 occurrence(s)]
DEBUG --> [REQ_ID=a6ee49c49dbd] [REQUEST][END]

[1 occurrence(s)]
DEBUG --> [REQ_ID=e4b87848de5e] [REQUEST][START] HEAD /

[1 occurrence(s)]
DEBUG --> [REQ_ID=4571d8fd30c5] [REQUEST][START] HEAD /

[1 occurrence(s)]
DEBUG --> [REQ_ID=7d00516f76ac] [REQUEST][START] GET /

[1 occurrence(s)]
DEBUG --> [REQ_ID=7d00516f76ac] [FILTER_BEFORE] /

[1 occurrence(s)]
DEBUG --> [REQ_ID=7d00516f76ac] [ROUTE] Controller=\App\Controllers\Home Method=index

[1 occurrence(s)]
DEBUG --> [REQ_ID=7d00516f76ac] [LIFECYCLE][START] GET https://www.mymiwallet.com/index.php/

[1 occurrence(s)]
DEBUG --> [CSRF] token name=csrf_test_name hash=7e8c020d06dcae1ff7f56e7b50ea0332

[1 occurrence(s)]
DEBUG --> [REQ_ID=f7440949abc5] [INIT] App\Controllers\Home::GET

[20 occurrence(s)]
DEBUG --> MyMIUser L52 - initialized (first log).

[8 occurrence(s)]
DEBUG --> [MetaService] slug= pageName= cacheHit= path=FALLBACK

[1 occurrence(s)]
DEBUG --> [REQ_ID=f7440949abc5] [VIEW_RENDER] themes/public/home

[4 occurrence(s)]
DEBUG --> [MetaService] slug= pageName=Home cacheHit= path=DB

[1 occurrence(s)]
DEBUG --> [REQ_ID=7d00516f76ac] [FILTER_AFTER]

[1 occurrence(s)]
DEBUG --> [REQ_ID=7d00516f76ac] [LIFECYCLE][END] status=200 duration_ms=828.94 memory_delta=4194304

[1 occurrence(s)]
DEBUG --> [REQ_ID=7d00516f76ac] [REQUEST][END]

[1 occurrence(s)]
DEBUG --> [REQ_ID=002f75c12012] [REQUEST][START] HEAD /

[1 occurrence(s)]
DEBUG --> [REQ_ID=8ae33140b2a3] [REQUEST][START] HEAD /

[1 occurrence(s)]
DEBUG --> [REQ_ID=1589bfa6146a] [REQUEST][START] HEAD /

[1 occurrence(s)]
DEBUG --> [REQ_ID=0717366c6b47] [REQUEST][START] HEAD /

[1 occurrence(s)]
DEBUG --> [REQ_ID=a4ad56bc2097] [REQUEST][START] HEAD /

[1 occurrence(s)]
DEBUG --> [REQ_ID=3ea6533a62a5] [REQUEST][START] GET /

[1 occurrence(s)]
DEBUG --> [REQ_ID=3ea6533a62a5] [FILTER_BEFORE] /

[1 occurrence(s)]
DEBUG --> [REQ_ID=3ea6533a62a5] [ROUTE] Controller=\App\Controllers\Home Method=index

[1 occurrence(s)]
DEBUG --> [REQ_ID=3ea6533a62a5] [LIFECYCLE][START] GET https://www.mymiwallet.com/index.php/

[1 occurrence(s)]
DEBUG --> [CSRF] token name=csrf_test_name hash=8fb9078e64443c11adb62a4cd7d5d099

[1 occurrence(s)]
DEBUG --> [REQ_ID=b182836c1d99] [INIT] App\Controllers\Home::GET

[1 occurrence(s)]
DEBUG --> [REQ_ID=b182836c1d99] [VIEW_RENDER] themes/public/home

[7 occurrence(s)]
DEBUG --> [MetaService] slug= pageName=Home cacheHit=1 path=CACHE

[1 occurrence(s)]
DEBUG --> [REQ_ID=3ea6533a62a5] [FILTER_AFTER]

[1 occurrence(s)]
DEBUG --> [REQ_ID=3ea6533a62a5] [LIFECYCLE][END] status=200 duration_ms=809.35 memory_delta=4194304

[1 occurrence(s)]
DEBUG --> [REQ_ID=3ea6533a62a5] [REQUEST][END]

[1 occurrence(s)]
DEBUG --> [REQ_ID=a81fcac1a541] [REQUEST][START] HEAD /

[1 occurrence(s)]
DEBUG --> [REQ_ID=3e7d950657d5] [REQUEST][START] GET /

[1 occurrence(s)]
DEBUG --> [REQ_ID=3e7d950657d5] [FILTER_BEFORE] /

[1 occurrence(s)]
DEBUG --> [REQ_ID=3e7d950657d5] [ROUTE] Controller=\App\Controllers\Home Method=index

[1 occurrence(s)]
DEBUG --> [REQ_ID=3e7d950657d5] [LIFECYCLE][START] GET https://www.mymiwallet.com/index.php/

[1 occurrence(s)]
DEBUG --> [CSRF] token name=csrf_test_name hash=4d986496caaec7e196bd7178c2cc44f9

[1 occurrence(s)]
DEBUG --> [REQ_ID=52a8cd761efc] [INIT] App\Controllers\Home::GET

[3 occurrence(s)]
DEBUG --> [MetaService] slug= pageName= cacheHit=1 path=CACHE

[1 occurrence(s)]
DEBUG --> [REQ_ID=52a8cd761efc] [VIEW_RENDER] themes/public/home

[1 occurrence(s)]
DEBUG --> [REQ_ID=3e7d950657d5] [FILTER_AFTER]

[1 occurrence(s)]
DEBUG --> [REQ_ID=3e7d950657d5] [LIFECYCLE][END] status=200 duration_ms=933.62 memory_delta=4194304

[1 occurrence(s)]
DEBUG --> [REQ_ID=3e7d950657d5] [REQUEST][END]

[1 occurrence(s)]
DEBUG --> [REQ_ID=c5ced589b449] [REQUEST][START] HEAD /

[1 occurrence(s)]
DEBUG --> [REQ_ID=1c51441be32a] [REQUEST][START] GET /index.php/API/Management/Run-CRON-Tasks

[1 occurrence(s)]
DEBUG --> [REQ_ID=1c51441be32a] [FILTER_BEFORE] /index.php/API/Management/Run-CRON-Tasks

[1 occurrence(s)]
DEBUG --> [REQ_ID=1c51441be32a] [ROUTE] Controller=\App\Modules\Management\Controllers\ManagementAPIController Method=Run_CRON_Tasks

[1 occurrence(s)]
DEBUG --> [REQ_ID=1c51441be32a] [LIFECYCLE][START] GET https://www.mymiwallet.com/index.php/API/Management/Run-CRON-Tasks

[1 occurrence(s)]
DEBUG --> [REQ_ID=1c51441be32a] [REQUEST][END]

[1 occurrence(s)]
DEBUG --> [REQ_ID=9a6a3ec23990] [REQUEST][START] HEAD /

[1 occurrence(s)]
DEBUG --> [REQ_ID=6d2e1f752459] [REQUEST][START] HEAD /

[1 occurrence(s)]
DEBUG --> [REQ_ID=ee077142ea23] [REQUEST][START] HEAD /

[1 occurrence(s)]
DEBUG --> [REQ_ID=1b31ee5de765] [REQUEST][START] GET /index.php/API/Alerts/fetchEmailAlerts

[1 occurrence(s)]
DEBUG --> [REQ_ID=1b31ee5de765] [FILTER_BEFORE] /index.php/API/Alerts/fetchEmailAlerts

[1 occurrence(s)]
DEBUG --> [REQ_ID=1b31ee5de765] [ROUTE] Controller=\App\Modules\APIs\Controllers\AlertsAPIController Method=fetchEmailAlerts

[1 occurrence(s)]
DEBUG --> [REQ_ID=1b31ee5de765] [LIFECYCLE][START] GET https://www.mymiwallet.com/index.php/API/Alerts/fetchEmailAlerts

[1 occurrence(s)]
DEBUG --> [REQ_ID=1b31ee5de765] [REQUEST][END]

[1 occurrence(s)]
DEBUG --> [REQ_ID=44e98bd19f28] [REQUEST][START] HEAD /

[1 occurrence(s)]
DEBUG --> [REQ_ID=08b77339df04] [REQUEST][START] HEAD /

[1 occurrence(s)]
DEBUG --> [REQ_ID=b8b83a4b4f5e] [REQUEST][START] HEAD /

[1 occurrence(s)]
DEBUG --> [REQ_ID=c4669a214fad] [REQUEST][START] HEAD /

[1 occurrence(s)]
DEBUG --> [REQ_ID=9622f84d3a13] [REQUEST][START] HEAD /

[1 occurrence(s)]
DEBUG --> [REQ_ID=ce50bc2e6d41] [REQUEST][START] HEAD /

[1 occurrence(s)]
DEBUG --> [REQ_ID=659eab22442e] [REQUEST][START] HEAD /

[1 occurrence(s)]
DEBUG --> [REQ_ID=55694b3b7612] [REQUEST][START] HEAD /

[1 occurrence(s)]
DEBUG --> [REQ_ID=95e650579dbe] [REQUEST][START] GET /

[1 occurrence(s)]
DEBUG --> [REQ_ID=95e650579dbe] [FILTER_BEFORE] /

[1 occurrence(s)]
DEBUG --> [REQ_ID=95e650579dbe] [ROUTE] Controller=\App\Controllers\Home Method=index

[1 occurrence(s)]
DEBUG --> [REQ_ID=95e650579dbe] [LIFECYCLE][START] GET https://www.mymiwallet.com/index.php/

[1 occurrence(s)]
DEBUG --> [CSRF] token name=csrf_test_name hash=8f60c18d6cd3e5c7ea3a81a03d6ae327

[1 occurrence(s)]
DEBUG --> [REQ_ID=1bc157c9c7d5] [INIT] App\Controllers\Home::GET

[1 occurrence(s)]
DEBUG --> [REQ_ID=1bc157c9c7d5] [VIEW_RENDER] themes/public/home

[1 occurrence(s)]
DEBUG --> [REQ_ID=95e650579dbe] [FILTER_AFTER]

[1 occurrence(s)]
DEBUG --> [REQ_ID=95e650579dbe] [LIFECYCLE][END] status=200 duration_ms=636.48 memory_delta=4194304

[1 occurrence(s)]
DEBUG --> [REQ_ID=95e650579dbe] [REQUEST][END]

[1 occurrence(s)]
DEBUG --> [REQ_ID=76278b9c6183] [REQUEST][START] HEAD /

[1 occurrence(s)]
DEBUG --> [REQ_ID=c6b21a85e411] [REQUEST][START] GET /index.php/API/Management/Run-CRON-Tasks

[1 occurrence(s)]
DEBUG --> [REQ_ID=c6b21a85e411] [FILTER_BEFORE] /index.php/API/Management/Run-CRON-Tasks

[1 occurrence(s)]
DEBUG --> [REQ_ID=c6b21a85e411] [ROUTE] Controller=\App\Modules\Management\Controllers\ManagementAPIController Method=Run_CRON_Tasks

[1 occurrence(s)]
DEBUG --> [REQ_ID=c6b21a85e411] [LIFECYCLE][START] GET https://www.mymiwallet.com/index.php/API/Management/Run-CRON-Tasks

[1 occurrence(s)]
DEBUG --> [REQ_ID=c6b21a85e411] [REQUEST][END]

[1 occurrence(s)]
DEBUG --> [REQ_ID=5d51fcfd336d] [REQUEST][START] HEAD /

[1 occurrence(s)]
DEBUG --> [REQ_ID=e0900da9755b] [REQUEST][START] HEAD /

[1 occurrence(s)]
DEBUG --> [REQ_ID=3535707cb297] [REQUEST][START] HEAD /

[1 occurrence(s)]
DEBUG --> [REQ_ID=430ae39dfe3c] [REQUEST][START] GET /index.php/API/Alerts/fetchEmailAlerts

[1 occurrence(s)]
DEBUG --> [REQ_ID=430ae39dfe3c] [FILTER_BEFORE] /index.php/API/Alerts/fetchEmailAlerts

[1 occurrence(s)]
DEBUG --> [REQ_ID=430ae39dfe3c] [ROUTE] Controller=\App\Modules\APIs\Controllers\AlertsAPIController Method=fetchEmailAlerts

[1 occurrence(s)]
DEBUG --> [REQ_ID=430ae39dfe3c] [LIFECYCLE][START] GET https://www.mymiwallet.com/index.php/API/Alerts/fetchEmailAlerts

[1 occurrence(s)]
DEBUG --> [REQ_ID=430ae39dfe3c] [REQUEST][END]

[1 occurrence(s)]
DEBUG --> [REQ_ID=32d443c83437] [REQUEST][START] HEAD /

[1 occurrence(s)]
DEBUG --> [REQ_ID=bfaa1c24b8bd] [REQUEST][START] HEAD /

[1 occurrence(s)]
DEBUG --> [REQ_ID=a166deecfa39] [REQUEST][START] GET /

[1 occurrence(s)]
DEBUG --> [REQ_ID=a166deecfa39] [FILTER_BEFORE] /

[1 occurrence(s)]
DEBUG --> [REQ_ID=a166deecfa39] [ROUTE] Controller=\App\Controllers\Home Method=index

[1 occurrence(s)]
DEBUG --> [REQ_ID=a166deecfa39] [LIFECYCLE][START] GET https://www.mymiwallet.com/index.php/

[1 occurrence(s)]
DEBUG --> [CSRF] token name=csrf_test_name hash=a877c86a37ec1968e76dd9348998a3ba

[1 occurrence(s)]
DEBUG --> [REQ_ID=70606e2c0708] [INIT] App\Controllers\Home::GET

[1 occurrence(s)]
DEBUG --> [REQ_ID=70606e2c0708] [VIEW_RENDER] themes/public/home

[1 occurrence(s)]
DEBUG --> [REQ_ID=a166deecfa39] [FILTER_AFTER]

[1 occurrence(s)]
DEBUG --> [REQ_ID=a166deecfa39] [LIFECYCLE][END] status=200 duration_ms=656.31 memory_delta=4194304

[1 occurrence(s)]
DEBUG --> [REQ_ID=a166deecfa39] [REQUEST][END]

[1 occurrence(s)]
DEBUG --> [REQ_ID=bb24b0e7589a] [REQUEST][START] HEAD /

[1 occurrence(s)]
DEBUG --> [REQ_ID=d2eaccce2f15] [REQUEST][START] HEAD /

[1 occurrence(s)]
DEBUG --> [REQ_ID=c79505b31eb3] [REQUEST][START] HEAD /

[1 occurrence(s)]
DEBUG --> [REQ_ID=c53460339585] [REQUEST][START] HEAD /

[1 occurrence(s)]
DEBUG --> [REQ_ID=062db521bb51] [REQUEST][START] GET /

[1 occurrence(s)]
DEBUG --> [REQ_ID=062db521bb51] [FILTER_BEFORE] /

[1 occurrence(s)]
DEBUG --> [REQ_ID=062db521bb51] [ROUTE] Controller=\App\Controllers\Home Method=index

[1 occurrence(s)]
DEBUG --> [REQ_ID=062db521bb51] [LIFECYCLE][START] GET https://www.mymiwallet.com/index.php/

[1 occurrence(s)]
DEBUG --> [CSRF] token name=csrf_test_name hash=e4d2d9b81b06dd6cf2484f6d0b4ea23c

[1 occurrence(s)]
DEBUG --> [REQ_ID=3afd746b8bfd] [INIT] App\Controllers\Home::GET

[1 occurrence(s)]
DEBUG --> [REQ_ID=3afd746b8bfd] [VIEW_RENDER] themes/public/home

[1 occurrence(s)]
DEBUG --> [REQ_ID=062db521bb51] [FILTER_AFTER]

[1 occurrence(s)]
DEBUG --> [REQ_ID=062db521bb51] [LIFECYCLE][END] status=200 duration_ms=861.91 memory_delta=4194304

[1 occurrence(s)]
DEBUG --> [REQ_ID=062db521bb51] [REQUEST][END]

[1 occurrence(s)]
DEBUG --> [REQ_ID=410019625963] [REQUEST][START] HEAD /

[1 occurrence(s)]
DEBUG --> [REQ_ID=179c73b58055] [REQUEST][START] HEAD /

[1 occurrence(s)]
DEBUG --> [REQ_ID=cdcb117c8da3] [REQUEST][START] HEAD /

[1 occurrence(s)]
DEBUG --> [REQ_ID=7fc94d597887] [REQUEST][START] GET /index.php/API/Management/Run-CRON-Tasks

[1 occurrence(s)]
DEBUG --> [REQ_ID=7fc94d597887] [FILTER_BEFORE] /index.php/API/Management/Run-CRON-Tasks

[1 occurrence(s)]
DEBUG --> [REQ_ID=7fc94d597887] [ROUTE] Controller=\App\Modules\Management\Controllers\ManagementAPIController Method=Run_CRON_Tasks

[1 occurrence(s)]
DEBUG --> [REQ_ID=7fc94d597887] [LIFECYCLE][START] GET https://www.mymiwallet.com/index.php/API/Management/Run-CRON-Tasks

[1 occurrence(s)]
DEBUG --> [REQ_ID=7fc94d597887] [REQUEST][END]

[1 occurrence(s)]
DEBUG --> [REQ_ID=b5e8d4582426] [REQUEST][START] HEAD /

[1 occurrence(s)]
DEBUG --> [REQ_ID=79199741ec0b] [REQUEST][START] HEAD /

[1 occurrence(s)]
DEBUG --> [REQ_ID=bb24bbc29300] [REQUEST][START] HEAD /

[1 occurrence(s)]
DEBUG --> [REQ_ID=df71e4b09d6f] [REQUEST][START] GET /index.php/API/Alerts/fetchEmailAlerts

[1 occurrence(s)]
DEBUG --> [REQ_ID=df71e4b09d6f] [FILTER_BEFORE] /index.php/API/Alerts/fetchEmailAlerts

[1 occurrence(s)]
DEBUG --> [REQ_ID=df71e4b09d6f] [ROUTE] Controller=\App\Modules\APIs\Controllers\AlertsAPIController Method=fetchEmailAlerts

[1 occurrence(s)]
DEBUG --> [REQ_ID=df71e4b09d6f] [LIFECYCLE][START] GET https://www.mymiwallet.com/index.php/API/Alerts/fetchEmailAlerts

[1 occurrence(s)]
DEBUG --> [REQ_ID=df71e4b09d6f] [REQUEST][END]

[1 occurrence(s)]
DEBUG --> [REQ_ID=fefd1241784a] [REQUEST][START] HEAD /

[1 occurrence(s)]
DEBUG --> [REQ_ID=16b13e77f7a9] [REQUEST][START] HEAD /

[1 occurrence(s)]
DEBUG --> [REQ_ID=fdb95001a6a1] [REQUEST][START] HEAD /

[1 occurrence(s)]
DEBUG --> [REQ_ID=80949d456e7d] [REQUEST][START] HEAD /

[1 occurrence(s)]
DEBUG --> [REQ_ID=82d0e3b051e5] [REQUEST][START] HEAD /

[1 occurrence(s)]
DEBUG --> [REQ_ID=ac5f74876316] [REQUEST][START] GET /index.php/How-It-Works/MyMI-Gold

[1 occurrence(s)]
DEBUG --> [REQ_ID=ac5f74876316] [REQUEST][END]

[1 occurrence(s)]
DEBUG --> [REQ_ID=6cd63dcb7350] [REQUEST][START] HEAD /

[1 occurrence(s)]
DEBUG --> [REQ_ID=24af47f941a8] [REQUEST][START] HEAD /

[1 occurrence(s)]
DEBUG --> [REQ_ID=679208edfebc] [REQUEST][START] HEAD /

[1 occurrence(s)]
DEBUG --> [REQ_ID=01675bebcfee] [REQUEST][START] GET /

[1 occurrence(s)]
DEBUG --> [REQ_ID=01675bebcfee] [REQUEST][END]

[1 occurrence(s)]
DEBUG --> [REQ_ID=5c893d85dac4] [REQUEST][START] HEAD /

[1 occurrence(s)]
DEBUG --> [REQ_ID=8d80726e649c] [REQUEST][START] GET /index.php/API/Management/Run-CRON-Tasks

[1 occurrence(s)]
DEBUG --> [REQ_ID=8d80726e649c] [FILTER_BEFORE] /index.php/API/Management/Run-CRON-Tasks

[1 occurrence(s)]
DEBUG --> [REQ_ID=8d80726e649c] [ROUTE] Controller=\App\Modules\Management\Controllers\ManagementAPIController Method=Run_CRON_Tasks

[1 occurrence(s)]
DEBUG --> [REQ_ID=8d80726e649c] [LIFECYCLE][START] GET https://www.mymiwallet.com/index.php/API/Management/Run-CRON-Tasks

[1 occurrence(s)]
DEBUG --> [REQ_ID=8d80726e649c] [REQUEST][END]

[1 occurrence(s)]
DEBUG --> [REQ_ID=5f79a48c9680] [REQUEST][START] HEAD /

[1 occurrence(s)]
DEBUG --> [REQ_ID=5eda87c65212] [REQUEST][START] HEAD /

[1 occurrence(s)]
DEBUG --> [REQ_ID=633d62d28206] [REQUEST][START] GET /

[1 occurrence(s)]
DEBUG --> [REQ_ID=633d62d28206] [FILTER_BEFORE] /

[1 occurrence(s)]
DEBUG --> [REQ_ID=633d62d28206] [ROUTE] Controller=\App\Controllers\Home Method=index

[1 occurrence(s)]
DEBUG --> [REQ_ID=633d62d28206] [LIFECYCLE][START] GET https://www.mymiwallet.com/index.php/

[1 occurrence(s)]
DEBUG --> [CSRF] token name=csrf_test_name hash=0456030de371ff93b1ff160b878f3bbc

[1 occurrence(s)]
DEBUG --> [REQ_ID=a4ac48249aa4] [INIT] App\Controllers\Home::GET

[1 occurrence(s)]
DEBUG --> [REQ_ID=a4ac48249aa4] [VIEW_RENDER] themes/public/home

[1 occurrence(s)]
DEBUG --> [REQ_ID=633d62d28206] [FILTER_AFTER]

[1 occurrence(s)]
DEBUG --> [REQ_ID=633d62d28206] [LIFECYCLE][END] status=200 duration_ms=711.62 memory_delta=4194304

[1 occurrence(s)]
DEBUG --> [REQ_ID=633d62d28206] [REQUEST][END]

[1 occurrence(s)]
DEBUG --> [REQ_ID=01ece16ceee9] [REQUEST][START] HEAD /

[1 occurrence(s)]
DEBUG --> [REQ_ID=f13fd24a33ad] [REQUEST][START] GET /index.php/API/Alerts/fetchEmailAlerts

[1 occurrence(s)]
DEBUG --> [REQ_ID=f13fd24a33ad] [FILTER_BEFORE] /index.php/API/Alerts/fetchEmailAlerts

[1 occurrence(s)]
DEBUG --> [REQ_ID=f13fd24a33ad] [ROUTE] Controller=\App\Modules\APIs\Controllers\AlertsAPIController Method=fetchEmailAlerts

[1 occurrence(s)]
DEBUG --> [REQ_ID=f13fd24a33ad] [LIFECYCLE][START] GET https://www.mymiwallet.com/index.php/API/Alerts/fetchEmailAlerts

[1 occurrence(s)]
DEBUG --> [REQ_ID=f13fd24a33ad] [REQUEST][END]

[1 occurrence(s)]
DEBUG --> [REQ_ID=96554608518c] [REQUEST][START] GET /index.php/Blog/IRS/IRS-Expanded-Home-Energy-Tax-Credits

[1 occurrence(s)]
DEBUG --> [REQ_ID=96554608518c] [REQUEST][END]

[1 occurrence(s)]
DEBUG --> [REQ_ID=62eebaa1d09f] [REQUEST][START] HEAD /

[1 occurrence(s)]
DEBUG --> [REQ_ID=feb9ac5b4293] [REQUEST][START] GET /

[1 occurrence(s)]
DEBUG --> [REQ_ID=feb9ac5b4293] [FILTER_BEFORE] /

[1 occurrence(s)]
DEBUG --> [REQ_ID=feb9ac5b4293] [ROUTE] Controller=\App\Controllers\Home Method=index

[1 occurrence(s)]
DEBUG --> [REQ_ID=feb9ac5b4293] [LIFECYCLE][START] GET https://www.mymiwallet.com/index.php/

[1 occurrence(s)]
DEBUG --> [CSRF] token name=csrf_test_name hash=6f6ef8eb5a4a900838cb06ac82f38974

[1 occurrence(s)]
DEBUG --> [REQ_ID=0488c839d4fa] [INIT] App\Controllers\Home::GET

[1 occurrence(s)]
DEBUG --> [REQ_ID=0488c839d4fa] [VIEW_RENDER] themes/public/home

[1 occurrence(s)]
DEBUG --> [REQ_ID=feb9ac5b4293] [FILTER_AFTER]

[1 occurrence(s)]
DEBUG --> [REQ_ID=feb9ac5b4293] [LIFECYCLE][END] status=200 duration_ms=729.25 memory_delta=4194304

[1 occurrence(s)]
DEBUG --> [REQ_ID=feb9ac5b4293] [REQUEST][END]

[1 occurrence(s)]
DEBUG --> [REQ_ID=4f5c79d0350d] [REQUEST][START] HEAD /

[1 occurrence(s)]
DEBUG --> [REQ_ID=80c553c62782] [REQUEST][START] HEAD /

[1 occurrence(s)]
DEBUG --> [REQ_ID=ae45846aceb2] [REQUEST][START] HEAD /

[1 occurrence(s)]
DEBUG --> [REQ_ID=16b2bee335f4] [REQUEST][START] HEAD /

[1 occurrence(s)]
DEBUG --> [REQ_ID=e17b46a4da48] [REQUEST][START] HEAD /

[1 occurrence(s)]
DEBUG --> [REQ_ID=eb9fc8671e7c] [REQUEST][START] HEAD /

[1 occurrence(s)]
DEBUG --> [REQ_ID=227a5a1fb7bd] [REQUEST][START] HEAD /

[1 occurrence(s)]
DEBUG --> [REQ_ID=cc0c8b51e9da] [REQUEST][START] GET /

[1 occurrence(s)]
DEBUG --> [REQ_ID=cc0c8b51e9da] [FILTER_BEFORE] /

[1 occurrence(s)]
DEBUG --> [REQ_ID=cc0c8b51e9da] [ROUTE] Controller=\App\Controllers\Home Method=index

[1 occurrence(s)]
DEBUG --> [REQ_ID=cc0c8b51e9da] [LIFECYCLE][START] GET https://www.mymiwallet.com/index.php/

[39 occurrence(s)]
DEBUG --> [CSRF] token name=csrf_test_name hash=d887696e26ada861486714ef65646d97

[1 occurrence(s)]
DEBUG --> [REQ_ID=9d6f05ede98f] [INIT] App\Controllers\Home::GET

[1 occurrence(s)]
DEBUG --> [REQ_ID=9d6f05ede98f] [VIEW_RENDER] themes/public/home

[1 occurrence(s)]
DEBUG --> [REQ_ID=cc0c8b51e9da] [FILTER_AFTER]

[1 occurrence(s)]
DEBUG --> [REQ_ID=cc0c8b51e9da] [LIFECYCLE][END] status=200 duration_ms=833.01 memory_delta=4194304

[1 occurrence(s)]
DEBUG --> [REQ_ID=cc0c8b51e9da] [REQUEST][END]

[1 occurrence(s)]
DEBUG --> [REQ_ID=14227fa65e1d] [REQUEST][START] POST /index.php/register

[1 occurrence(s)]
DEBUG --> [REQ_ID=14227fa65e1d] [FILTER_BEFORE] /index.php/register

[1 occurrence(s)]
DEBUG --> [REQ_ID=14227fa65e1d] [ROUTE] Controller=\App\Controllers\AuthController Method=attemptRegister

[1 occurrence(s)]
DEBUG --> [REQ_ID=14227fa65e1d] [LIFECYCLE][START] POST https://www.mymiwallet.com/index.php/register

[1 occurrence(s)]
DEBUG --> [REQ_ID=911d2db9b917] [INIT] App\Controllers\AuthController::POST

[1 occurrence(s)]
DEBUG --> [REQ_ID=14227fa65e1d] [FILTER_AFTER]

[1 occurrence(s)]
DEBUG --> [REQ_ID=14227fa65e1d] [LIFECYCLE][END] status=303 duration_ms=1,267.60 memory_delta=0

[1 occurrence(s)]
DEBUG --> [REQ_ID=14227fa65e1d] [REQUEST][END]

[1 occurrence(s)]
DEBUG --> [REQ_ID=3b55556a0ee9] [REQUEST][START] GET /index.php/register/success

[1 occurrence(s)]
DEBUG --> [REQ_ID=3b55556a0ee9] [FILTER_BEFORE] /index.php/register/success

[1 occurrence(s)]
DEBUG --> [REQ_ID=3b55556a0ee9] [ROUTE] Controller=\App\Controllers\AuthController Method=registerSuccess

[1 occurrence(s)]
DEBUG --> [REQ_ID=3b55556a0ee9] [LIFECYCLE][START] GET https://www.mymiwallet.com/index.php/register/success

[1 occurrence(s)]
DEBUG --> [REQ_ID=132cfe205e25] [INIT] App\Controllers\AuthController::GET

[1 occurrence(s)]
DEBUG --> [REQ_ID=c791fda5dbab] [REQUEST][START] GET /index.php/login

[1 occurrence(s)]
DEBUG --> [REQ_ID=c791fda5dbab] [FILTER_BEFORE] /index.php/login

[1 occurrence(s)]
DEBUG --> [REQ_ID=c791fda5dbab] [ROUTE] Controller=\App\Controllers\AuthController Method=login

[1 occurrence(s)]
DEBUG --> [REQ_ID=c791fda5dbab] [LIFECYCLE][START] GET https://www.mymiwallet.com/index.php/login

[1 occurrence(s)]
DEBUG --> [REQ_ID=08edf156c55f] [INIT] App\Controllers\AuthController::GET

[1 occurrence(s)]
DEBUG --> [REQ_ID=c791fda5dbab] [FILTER_AFTER]

[1 occurrence(s)]
DEBUG --> [REQ_ID=c791fda5dbab] [LIFECYCLE][END] status=200 duration_ms=31.74 memory_delta=0

[1 occurrence(s)]
DEBUG --> [REQ_ID=c791fda5dbab] [REQUEST][END]

[1 occurrence(s)]
DEBUG --> [REQ_ID=afc4aa25fefb] [REQUEST][START] POST /index.php/login

[1 occurrence(s)]
DEBUG --> [REQ_ID=afc4aa25fefb] [FILTER_BEFORE] /index.php/login

[1 occurrence(s)]
DEBUG --> [REQ_ID=afc4aa25fefb] [ROUTE] Controller=\App\Controllers\AuthController Method=attemptLogin

[1 occurrence(s)]
DEBUG --> [REQ_ID=afc4aa25fefb] [LIFECYCLE][START] POST https://www.mymiwallet.com/index.php/login

[1 occurrence(s)]
DEBUG --> [REQ_ID=9da87da5a286] [INIT] App\Controllers\AuthController::POST

[1 occurrence(s)]
DEBUG --> Auth attemptLogin() called with login identifier: esp.inoz.a.s4.1.5@gmail.com, remember: true

[1 occurrence(s)]
DEBUG --> Auth attemptLogin() called. redirect_url in session: none

[1 occurrence(s)]
DEBUG --> Auth credentials normalised for attempt using key "email"

[1 occurrence(s)]
DEBUG --> Auth attempt failed for identifier esp.inoz.a.s4.1.5@gmail.com. Error: Unable to log you in. Please check your password.

[1 occurrence(s)]
DEBUG --> [REQ_ID=afc4aa25fefb] [FILTER_AFTER]

[1 occurrence(s)]
DEBUG --> [REQ_ID=afc4aa25fefb] [LIFECYCLE][END] status=303 duration_ms=177.82 memory_delta=0

[1 occurrence(s)]
DEBUG --> [REQ_ID=afc4aa25fefb] [REQUEST][END]

[1 occurrence(s)]
DEBUG --> [REQ_ID=a601b9b3f702] [REQUEST][START] GET /index.php/login

[1 occurrence(s)]
DEBUG --> [REQ_ID=a601b9b3f702] [FILTER_BEFORE] /index.php/login

[1 occurrence(s)]
DEBUG --> [REQ_ID=a601b9b3f702] [ROUTE] Controller=\App\Controllers\AuthController Method=login

[1 occurrence(s)]
DEBUG --> [REQ_ID=a601b9b3f702] [LIFECYCLE][START] GET https://www.mymiwallet.com/index.php/login

[1 occurrence(s)]
DEBUG --> [REQ_ID=3afb925f09e4] [INIT] App\Controllers\AuthController::GET

[1 occurrence(s)]
DEBUG --> [REQ_ID=a601b9b3f702] [FILTER_AFTER]

[1 occurrence(s)]
DEBUG --> [REQ_ID=a601b9b3f702] [LIFECYCLE][END] status=200 duration_ms=88.36 memory_delta=0

[1 occurrence(s)]
DEBUG --> [REQ_ID=a601b9b3f702] [REQUEST][END]

[1 occurrence(s)]
DEBUG --> [REQ_ID=4e8af3af1c59] [REQUEST][START] HEAD /

[1 occurrence(s)]
DEBUG --> [REQ_ID=76cbbb4c6b08] [REQUEST][START] GET /index.php/How-It-Works/Registering-An-Account

[1 occurrence(s)]
DEBUG --> [REQ_ID=76cbbb4c6b08] [FILTER_BEFORE] /index.php/How-It-Works/Registering-An-Account

[1 occurrence(s)]
DEBUG --> [REQ_ID=76cbbb4c6b08] [ROUTE] Controller=\App\Modules\Blog\Controllers\HowItWorksController Method=show

[1 occurrence(s)]
DEBUG --> [REQ_ID=76cbbb4c6b08] [LIFECYCLE][START] GET https://www.mymiwallet.com/index.php/How-It-Works/Registering-An-Account

[1 occurrence(s)]
DEBUG --> [REQ_ID=2b6193d89108] [INIT] App\Modules\Blog\Controllers\HowItWorksController::GET

[1 occurrence(s)]
DEBUG --> [REQ_ID=2b6193d89108] [METHOD_ENTRY] show

[9 occurrence(s)]
DEBUG --> [SERVICE] App\Services\BudgetService ::setUserId

[27 occurrence(s)]
DEBUG --> MyMICoin: guest context detected; skipping user-specific preload.

[1 occurrence(s)]
DEBUG --> [REQ_ID=26e22622761d] [REQUEST][START] GET /index.php/Free/register

[1 occurrence(s)]
DEBUG --> [REQ_ID=26e22622761d] [FILTER_BEFORE] /index.php/Free/register

[1 occurrence(s)]
DEBUG --> [REQ_ID=26e22622761d] [ROUTE] Controller=\App\Controllers\AuthController Method=register

[1 occurrence(s)]
DEBUG --> [REQ_ID=26e22622761d] [LIFECYCLE][START] GET https://www.mymiwallet.com/index.php/Free/register

[1 occurrence(s)]
DEBUG --> [REQ_ID=26e22622761d] [REQUEST][END]

[1 occurrence(s)]
DEBUG --> [REQ_ID=82a4cd852920] [REQUEST][START] GET /index.php/login

[1 occurrence(s)]
DEBUG --> [REQ_ID=82a4cd852920] [FILTER_BEFORE] /index.php/login

[1 occurrence(s)]
DEBUG --> [REQ_ID=82a4cd852920] [ROUTE] Controller=\App\Controllers\AuthController Method=login

[1 occurrence(s)]
DEBUG --> [REQ_ID=82a4cd852920] [LIFECYCLE][START] GET https://www.mymiwallet.com/index.php/login

[1 occurrence(s)]
DEBUG --> [REQ_ID=b155a025910b] [INIT] App\Controllers\AuthController::GET

[1 occurrence(s)]
DEBUG --> [REQ_ID=82a4cd852920] [FILTER_AFTER]

[1 occurrence(s)]
DEBUG --> [REQ_ID=82a4cd852920] [LIFECYCLE][END] status=200 duration_ms=81.27 memory_delta=0

[1 occurrence(s)]
DEBUG --> [REQ_ID=82a4cd852920] [REQUEST][END]

[1 occurrence(s)]
DEBUG --> [REQ_ID=1926078cdbe3] [REQUEST][START] GET /index.php/How-It-Works/Investor-Profile

[1 occurrence(s)]
DEBUG --> [REQ_ID=1926078cdbe3] [FILTER_BEFORE] /index.php/How-It-Works/Investor-Profile

[1 occurrence(s)]
DEBUG --> [REQ_ID=1926078cdbe3] [ROUTE] Controller=\App\Modules\Blog\Controllers\HowItWorksController Method=show

[1 occurrence(s)]
DEBUG --> [REQ_ID=1926078cdbe3] [LIFECYCLE][START] GET https://www.mymiwallet.com/index.php/How-It-Works/Investor-Profile

[1 occurrence(s)]
DEBUG --> [REQ_ID=6b00c39e1172] [INIT] App\Modules\Blog\Controllers\HowItWorksController::GET

[1 occurrence(s)]
DEBUG --> [REQ_ID=6b00c39e1172] [METHOD_ENTRY] show

[1 occurrence(s)]
DEBUG --> [REQ_ID=e2dc2b62ac48] [REQUEST][START] GET /index.php/Support/Account

[1 occurrence(s)]
DEBUG --> [REQ_ID=e2dc2b62ac48] [FILTER_BEFORE] /index.php/Support/Account

[1 occurrence(s)]
DEBUG --> [REQ_ID=e2dc2b62ac48] [ROUTE] Controller=\App\Modules\Support\Controllers\AccountSupportController Method=index

[1 occurrence(s)]
DEBUG --> [REQ_ID=e2dc2b62ac48] [LIFECYCLE][START] GET https://www.mymiwallet.com/index.php/Support/Account

[1 occurrence(s)]
DEBUG --> [REQ_ID=9446e8ca5cbe] [INIT] App\Modules\Support\Controllers\AccountSupportController::GET

[1 occurrence(s)]
DEBUG --> [REQ_ID=9446e8ca5cbe] [METHOD_ENTRY] index

[1 occurrence(s)]
DEBUG --> [REQ_ID=9446e8ca5cbe] [VIEW_RENDER] SupportModule/Support/account_help

[1 occurrence(s)]
DEBUG --> [REQ_ID=e2dc2b62ac48] [FILTER_AFTER]

[1 occurrence(s)]
DEBUG --> [REQ_ID=e2dc2b62ac48] [LIFECYCLE][END] status=200 duration_ms=29.33 memory_delta=0

[1 occurrence(s)]
DEBUG --> [REQ_ID=e2dc2b62ac48] [REQUEST][END]

[1 occurrence(s)]
DEBUG --> [REQ_ID=47f08fa232a5] [REQUEST][START] POST /index.php/Support/resendActivation

[1 occurrence(s)]
DEBUG --> [REQ_ID=47f08fa232a5] [FILTER_BEFORE] /index.php/Support/resendActivation

[1 occurrence(s)]
DEBUG --> [REQ_ID=47f08fa232a5] [ROUTE] Controller=\App\Modules\Support\Controllers\AccountSupportController Method=resendActivation

[1 occurrence(s)]
DEBUG --> [REQ_ID=47f08fa232a5] [LIFECYCLE][START] POST https://www.mymiwallet.com/index.php/Support/resendActivation

[1 occurrence(s)]
DEBUG --> [REQ_ID=79a40013dc0a] [INIT] App\Modules\Support\Controllers\AccountSupportController::POST

[1 occurrence(s)]
DEBUG --> [REQ_ID=79a40013dc0a] [METHOD_ENTRY] resendActivation

[1 occurrence(s)]
DEBUG --> [REQ_ID=47f08fa232a5] [FILTER_AFTER]

[1 occurrence(s)]
DEBUG --> [REQ_ID=47f08fa232a5] [LIFECYCLE][END] status=303 duration_ms=1,063.44 memory_delta=0

[1 occurrence(s)]
DEBUG --> [REQ_ID=47f08fa232a5] [REQUEST][END]

[1 occurrence(s)]
DEBUG --> [REQ_ID=e8da44b47c83] [REQUEST][START] GET /index.php/Support/Account

[1 occurrence(s)]
DEBUG --> [REQ_ID=e8da44b47c83] [FILTER_BEFORE] /index.php/Support/Account

[1 occurrence(s)]
DEBUG --> [REQ_ID=e8da44b47c83] [ROUTE] Controller=\App\Modules\Support\Controllers\AccountSupportController Method=index

[1 occurrence(s)]
DEBUG --> [REQ_ID=e8da44b47c83] [LIFECYCLE][START] GET https://www.mymiwallet.com/index.php/Support/Account

[1 occurrence(s)]
DEBUG --> [REQ_ID=d83136e4f29e] [INIT] App\Modules\Support\Controllers\AccountSupportController::GET

[1 occurrence(s)]
DEBUG --> [REQ_ID=d83136e4f29e] [METHOD_ENTRY] index

[1 occurrence(s)]
DEBUG --> [REQ_ID=d83136e4f29e] [VIEW_RENDER] SupportModule/Support/account_help

[1 occurrence(s)]
DEBUG --> [REQ_ID=e8da44b47c83] [FILTER_AFTER]

[1 occurrence(s)]
DEBUG --> [REQ_ID=e8da44b47c83] [LIFECYCLE][END] status=200 duration_ms=28.48 memory_delta=0

[1 occurrence(s)]
DEBUG --> [REQ_ID=e8da44b47c83] [REQUEST][END]

[1 occurrence(s)]
DEBUG --> [REQ_ID=d063a506ded0] [REQUEST][START] GET /index.php/forgot

[1 occurrence(s)]
DEBUG --> [REQ_ID=d063a506ded0] [FILTER_BEFORE] /index.php/forgot

[1 occurrence(s)]
DEBUG --> [REQ_ID=d063a506ded0] [ROUTE] Controller=\Myth\Auth\Controllers\AuthController Method=forgotPassword

[1 occurrence(s)]
DEBUG --> [REQ_ID=d063a506ded0] [LIFECYCLE][START] GET https://www.mymiwallet.com/index.php/forgot

[1 occurrence(s)]
DEBUG --> [REQ_ID=d063a506ded0] [FILTER_AFTER]

[1 occurrence(s)]
DEBUG --> [REQ_ID=d063a506ded0] [LIFECYCLE][END] status=200 duration_ms=3.20 memory_delta=0

[1 occurrence(s)]
DEBUG --> [REQ_ID=d063a506ded0] [REQUEST][END]

[1 occurrence(s)]
DEBUG --> [REQ_ID=29f88f1ab074] [REQUEST][START] GET /index.php/register

[1 occurrence(s)]
DEBUG --> [REQ_ID=29f88f1ab074] [FILTER_BEFORE] /index.php/register

[1 occurrence(s)]
DEBUG --> [REQ_ID=29f88f1ab074] [ROUTE] Controller=\App\Controllers\AuthController Method=register

[1 occurrence(s)]
DEBUG --> [REQ_ID=29f88f1ab074] [LIFECYCLE][START] GET https://www.mymiwallet.com/index.php/register

[1 occurrence(s)]
DEBUG --> [REQ_ID=979537baf110] [INIT] App\Controllers\AuthController::GET

[1 occurrence(s)]
DEBUG --> [REQ_ID=23fdebf4a831] [REQUEST][START] GET /index.php/Account/Activity

[1 occurrence(s)]
DEBUG --> [REQ_ID=23fdebf4a831] [FILTER_BEFORE] /index.php/Account/Activity

[1 occurrence(s)]
DEBUG --> [REQ_ID=23fdebf4a831] [ROUTE] Controller=\App\Modules\User\Controllers\DashboardController Method=activity

[1 occurrence(s)]
DEBUG --> [REQ_ID=23fdebf4a831] [LIFECYCLE][START] GET https://www.mymiwallet.com/index.php/Account/Activity

[1 occurrence(s)]
DEBUG --> [REQ_ID=23fdebf4a831] [REQUEST][END]

[1 occurrence(s)]
DEBUG --> [REQ_ID=dd2171f6fbe1] [REQUEST][START] GET /index.php/login

[1 occurrence(s)]
DEBUG --> [REQ_ID=dd2171f6fbe1] [FILTER_BEFORE] /index.php/login

[1 occurrence(s)]
DEBUG --> [REQ_ID=dd2171f6fbe1] [ROUTE] Controller=\App\Controllers\AuthController Method=login

[1 occurrence(s)]
DEBUG --> [REQ_ID=dd2171f6fbe1] [LIFECYCLE][START] GET https://www.mymiwallet.com/index.php/login

[1 occurrence(s)]
DEBUG --> [REQ_ID=a43be1025ed3] [INIT] App\Controllers\AuthController::GET

[1 occurrence(s)]
DEBUG --> [REQ_ID=dd2171f6fbe1] [FILTER_AFTER]

[1 occurrence(s)]
DEBUG --> [REQ_ID=dd2171f6fbe1] [LIFECYCLE][END] status=200 duration_ms=129.26 memory_delta=0

[1 occurrence(s)]
DEBUG --> [REQ_ID=dd2171f6fbe1] [REQUEST][END]

[1 occurrence(s)]
DEBUG --> [REQ_ID=d5c03912b6cd] [REQUEST][START] GET /

[1 occurrence(s)]
DEBUG --> [REQ_ID=d5c03912b6cd] [REQUEST][END]

[1 occurrence(s)]
DEBUG --> [REQ_ID=595b372c8aa8] [REQUEST][START] GET /index.php/Customer-Support

[1 occurrence(s)]
DEBUG --> [REQ_ID=595b372c8aa8] [FILTER_BEFORE] /index.php/Customer-Support

[1 occurrence(s)]
DEBUG --> [REQ_ID=595b372c8aa8] [ROUTE] Controller=\App\Controllers\App\Modules\Support\Controllers\SupportController Method=index

[1 occurrence(s)]
DEBUG --> [REQ_ID=595b372c8aa8] [LIFECYCLE][START] GET https://www.mymiwallet.com/index.php/Customer-Support

[1 occurrence(s)]
DEBUG --> [REQ_ID=595b372c8aa8] [REQUEST][END]

[1 occurrence(s)]
DEBUG --> [REQ_ID=2d48f55584bd] [REQUEST][START] GET /index.php/login

[1 occurrence(s)]
DEBUG --> [REQ_ID=2d48f55584bd] [FILTER_BEFORE] /index.php/login

[1 occurrence(s)]
DEBUG --> [REQ_ID=2d48f55584bd] [ROUTE] Controller=\App\Controllers\AuthController Method=login

[1 occurrence(s)]
DEBUG --> [REQ_ID=2d48f55584bd] [LIFECYCLE][START] GET https://www.mymiwallet.com/index.php/login

[1 occurrence(s)]
DEBUG --> [REQ_ID=14f030e95c5c] [INIT] App\Controllers\AuthController::GET

[1 occurrence(s)]
DEBUG --> [REQ_ID=2d48f55584bd] [FILTER_AFTER]

[1 occurrence(s)]
DEBUG --> [REQ_ID=2d48f55584bd] [LIFECYCLE][END] status=200 duration_ms=23.39 memory_delta=0

[1 occurrence(s)]
DEBUG --> [REQ_ID=2d48f55584bd] [REQUEST][END]

[1 occurrence(s)]
DEBUG --> [REQ_ID=76eb94a98607] [REQUEST][START] GET /index.php/Account/Security

[1 occurrence(s)]
DEBUG --> [REQ_ID=76eb94a98607] [FILTER_BEFORE] /index.php/Account/Security

[1 occurrence(s)]
DEBUG --> [REQ_ID=76eb94a98607] [ROUTE] Controller=\App\Modules\User\Controllers\DashboardController Method=Security

[1 occurrence(s)]
DEBUG --> [REQ_ID=76eb94a98607] [LIFECYCLE][START] GET https://www.mymiwallet.com/index.php/Account/Security

[1 occurrence(s)]
DEBUG --> [REQ_ID=76eb94a98607] [REQUEST][END]

[1 occurrence(s)]
DEBUG --> [REQ_ID=3df40b314f5d] [REQUEST][START] GET /index.php/login

[1 occurrence(s)]
DEBUG --> [REQ_ID=3df40b314f5d] [FILTER_BEFORE] /index.php/login

[1 occurrence(s)]
DEBUG --> [REQ_ID=3df40b314f5d] [ROUTE] Controller=\App\Controllers\AuthController Method=login

[1 occurrence(s)]
DEBUG --> [REQ_ID=3df40b314f5d] [LIFECYCLE][START] GET https://www.mymiwallet.com/index.php/login

[1 occurrence(s)]
DEBUG --> [REQ_ID=555c7854fa3c] [INIT] App\Controllers\AuthController::GET

[1 occurrence(s)]
DEBUG --> [REQ_ID=3df40b314f5d] [FILTER_AFTER]

[1 occurrence(s)]
DEBUG --> [REQ_ID=3df40b314f5d] [LIFECYCLE][END] status=200 duration_ms=24.73 memory_delta=0

[1 occurrence(s)]
DEBUG --> [REQ_ID=3df40b314f5d] [REQUEST][END]

[1 occurrence(s)]
DEBUG --> [REQ_ID=269087bd21d7] [REQUEST][START] GET /index.php/logout

[1 occurrence(s)]
DEBUG --> [REQ_ID=269087bd21d7] [FILTER_BEFORE] /index.php/logout

[1 occurrence(s)]
DEBUG --> [REQ_ID=269087bd21d7] [ROUTE] Controller=\App\Controllers\AuthController Method=logout

[1 occurrence(s)]
DEBUG --> [REQ_ID=269087bd21d7] [LIFECYCLE][START] GET https://www.mymiwallet.com/index.php/logout

[1 occurrence(s)]
DEBUG --> [REQ_ID=269087bd21d7] [REQUEST][END]

[1 occurrence(s)]
DEBUG --> [REQ_ID=93bf930c019f] [REQUEST][START] GET /index.php/login

[1 occurrence(s)]
DEBUG --> [REQ_ID=93bf930c019f] [FILTER_BEFORE] /index.php/login

[1 occurrence(s)]
DEBUG --> [REQ_ID=93bf930c019f] [ROUTE] Controller=\App\Controllers\AuthController Method=login

[1 occurrence(s)]
DEBUG --> [REQ_ID=93bf930c019f] [LIFECYCLE][START] GET https://www.mymiwallet.com/index.php/login

[1 occurrence(s)]
DEBUG --> [REQ_ID=402d01e36058] [INIT] App\Controllers\AuthController::GET

[1 occurrence(s)]
DEBUG --> [REQ_ID=93bf930c019f] [FILTER_AFTER]

[1 occurrence(s)]
DEBUG --> [REQ_ID=93bf930c019f] [LIFECYCLE][END] status=200 duration_ms=21.08 memory_delta=0

[1 occurrence(s)]
DEBUG --> [REQ_ID=93bf930c019f] [REQUEST][END]

[1 occurrence(s)]
DEBUG --> [REQ_ID=8586209957b0] [REQUEST][START] GET /index.php/Account/Social-Media

[1 occurrence(s)]
DEBUG --> [REQ_ID=8586209957b0] [FILTER_BEFORE] /index.php/Account/Social-Media

[1 occurrence(s)]
DEBUG --> [REQ_ID=8586209957b0] [ROUTE] Controller=\App\Modules\User\Controllers\DashboardController Method=SocialMedia

[1 occurrence(s)]
DEBUG --> [REQ_ID=8586209957b0] [LIFECYCLE][START] GET https://www.mymiwallet.com/index.php/Account/Social-Media

[1 occurrence(s)]
DEBUG --> [REQ_ID=8586209957b0] [REQUEST][END]

[1 occurrence(s)]
DEBUG --> [REQ_ID=0bba843f101a] [REQUEST][START] GET /index.php/login

[1 occurrence(s)]
DEBUG --> [REQ_ID=0bba843f101a] [FILTER_BEFORE] /index.php/login

[1 occurrence(s)]
DEBUG --> [REQ_ID=0bba843f101a] [ROUTE] Controller=\App\Controllers\AuthController Method=login

[1 occurrence(s)]
DEBUG --> [REQ_ID=0bba843f101a] [LIFECYCLE][START] GET https://www.mymiwallet.com/index.php/login

[1 occurrence(s)]
DEBUG --> [REQ_ID=583f7e370047] [INIT] App\Controllers\AuthController::GET

[1 occurrence(s)]
DEBUG --> [REQ_ID=0bba843f101a] [FILTER_AFTER]

[1 occurrence(s)]
DEBUG --> [REQ_ID=0bba843f101a] [LIFECYCLE][END] status=200 duration_ms=31.44 memory_delta=0

[1 occurrence(s)]
DEBUG --> [REQ_ID=0bba843f101a] [REQUEST][END]

[1 occurrence(s)]
DEBUG --> [REQ_ID=012dbae98bf1] [REQUEST][START] GET /index.php/Account/Billing

[1 occurrence(s)]
DEBUG --> [REQ_ID=012dbae98bf1] [FILTER_BEFORE] /index.php/Account/Billing

[1 occurrence(s)]
DEBUG --> [REQ_ID=012dbae98bf1] [ROUTE] Controller=\App\Modules\User\Controllers\DashboardController Method=billing

[1 occurrence(s)]
DEBUG --> [REQ_ID=012dbae98bf1] [LIFECYCLE][START] GET https://www.mymiwallet.com/index.php/Account/Billing

[1 occurrence(s)]
DEBUG --> [REQ_ID=012dbae98bf1] [REQUEST][END]

[1 occurrence(s)]
DEBUG --> [REQ_ID=37534877ea1d] [REQUEST][START] GET /index.php/login

[1 occurrence(s)]
DEBUG --> [REQ_ID=37534877ea1d] [FILTER_BEFORE] /index.php/login

[1 occurrence(s)]
DEBUG --> [REQ_ID=37534877ea1d] [ROUTE] Controller=\App\Controllers\AuthController Method=login

[1 occurrence(s)]
DEBUG --> [REQ_ID=37534877ea1d] [LIFECYCLE][START] GET https://www.mymiwallet.com/index.php/login

[1 occurrence(s)]
DEBUG --> [REQ_ID=322241fd3924] [INIT] App\Controllers\AuthController::GET

[1 occurrence(s)]
DEBUG --> [REQ_ID=37534877ea1d] [FILTER_AFTER]

[1 occurrence(s)]
DEBUG --> [REQ_ID=37534877ea1d] [LIFECYCLE][END] status=200 duration_ms=24.29 memory_delta=0

[1 occurrence(s)]
DEBUG --> [REQ_ID=37534877ea1d] [REQUEST][END]

[1 occurrence(s)]
DEBUG --> [REQ_ID=f247a2cfb248] [REQUEST][START] GET /index.php/Profile/

[1 occurrence(s)]
DEBUG --> [REQ_ID=f247a2cfb248] [FILTER_BEFORE] /index.php/Profile/

[1 occurrence(s)]
DEBUG --> [REQ_ID=f247a2cfb248] [ROUTE] Controller=\App\Controllers\App\Modules\User\Controllers\DashboardController Method=profile

[1 occurrence(s)]
DEBUG --> [REQ_ID=f247a2cfb248] [LIFECYCLE][START] GET https://www.mymiwallet.com/index.php/Profile/

[1 occurrence(s)]
DEBUG --> [REQ_ID=f247a2cfb248] [REQUEST][END]

[1 occurrence(s)]
DEBUG --> [REQ_ID=89006966b28c] [REQUEST][START] GET /index.php/login

[1 occurrence(s)]
DEBUG --> [REQ_ID=89006966b28c] [FILTER_BEFORE] /index.php/login

[1 occurrence(s)]
DEBUG --> [REQ_ID=89006966b28c] [ROUTE] Controller=\App\Controllers\AuthController Method=login

[1 occurrence(s)]
DEBUG --> [REQ_ID=89006966b28c] [LIFECYCLE][START] GET https://www.mymiwallet.com/index.php/login

[1 occurrence(s)]
DEBUG --> [REQ_ID=2f8883ecae02] [INIT] App\Controllers\AuthController::GET

[1 occurrence(s)]
DEBUG --> [REQ_ID=89006966b28c] [FILTER_AFTER]

[1 occurrence(s)]
DEBUG --> [REQ_ID=89006966b28c] [LIFECYCLE][END] status=200 duration_ms=28.38 memory_delta=0

[1 occurrence(s)]
DEBUG --> [REQ_ID=89006966b28c] [REQUEST][END]

[1 occurrence(s)]
DEBUG --> [REQ_ID=c015c0dd956c] [REQUEST][START] GET /index.php/Account

[1 occurrence(s)]
DEBUG --> [REQ_ID=c015c0dd956c] [FILTER_BEFORE] /index.php/Account

[1 occurrence(s)]
DEBUG --> [REQ_ID=c015c0dd956c] [ROUTE] Controller=\App\Modules\User\Controllers\DashboardController Method=account

[1 occurrence(s)]
DEBUG --> [REQ_ID=c015c0dd956c] [LIFECYCLE][START] GET https://www.mymiwallet.com/index.php/Account

[1 occurrence(s)]
DEBUG --> [REQ_ID=c015c0dd956c] [REQUEST][END]

[1 occurrence(s)]
DEBUG --> [REQ_ID=236761efd22e] [REQUEST][START] GET /index.php/login

[1 occurrence(s)]
DEBUG --> [REQ_ID=236761efd22e] [FILTER_BEFORE] /index.php/login

[1 occurrence(s)]
DEBUG --> [REQ_ID=236761efd22e] [ROUTE] Controller=\App\Controllers\AuthController Method=login

[1 occurrence(s)]
DEBUG --> [REQ_ID=236761efd22e] [LIFECYCLE][START] GET https://www.mymiwallet.com/index.php/login

[1 occurrence(s)]
DEBUG --> [REQ_ID=eed2647be345] [INIT] App\Controllers\AuthController::GET

[1 occurrence(s)]
DEBUG --> [REQ_ID=236761efd22e] [FILTER_AFTER]

[1 occurrence(s)]
DEBUG --> [REQ_ID=236761efd22e] [LIFECYCLE][END] status=200 duration_ms=25.82 memory_delta=0

[1 occurrence(s)]
DEBUG --> [REQ_ID=236761efd22e] [REQUEST][END]

[1 occurrence(s)]
DEBUG --> [REQ_ID=444cf047e88c] [REQUEST][START] GET /index.php/Management/Users

[1 occurrence(s)]
DEBUG --> [REQ_ID=444cf047e88c] [FILTER_BEFORE] /index.php/Management/Users

[1 occurrence(s)]
DEBUG --> [REQ_ID=444cf047e88c] [ROUTE] Controller=\App\Modules\Management\Controllers\UsersController Method=index

[1 occurrence(s)]
DEBUG --> [REQ_ID=444cf047e88c] [LIFECYCLE][START] GET https://www.mymiwallet.com/index.php/Management/Users

[1 occurrence(s)]
DEBUG --> [REQ_ID=444cf047e88c] [REQUEST][END]

[1 occurrence(s)]
DEBUG --> [REQ_ID=7126de0f1e9c] [REQUEST][START] GET /index.php/login

[1 occurrence(s)]
DEBUG --> [REQ_ID=7126de0f1e9c] [FILTER_BEFORE] /index.php/login

[1 occurrence(s)]
DEBUG --> [REQ_ID=7126de0f1e9c] [ROUTE] Controller=\App\Controllers\AuthController Method=login

[1 occurrence(s)]
DEBUG --> [REQ_ID=7126de0f1e9c] [LIFECYCLE][START] GET https://www.mymiwallet.com/index.php/login

[1 occurrence(s)]
DEBUG --> [REQ_ID=70fe86780f1a] [INIT] App\Controllers\AuthController::GET

[1 occurrence(s)]
DEBUG --> [REQ_ID=7126de0f1e9c] [FILTER_AFTER]

[1 occurrence(s)]
DEBUG --> [REQ_ID=7126de0f1e9c] [LIFECYCLE][END] status=200 duration_ms=26.05 memory_delta=0

[1 occurrence(s)]
DEBUG --> [REQ_ID=7126de0f1e9c] [REQUEST][END]

[1 occurrence(s)]
DEBUG --> [REQ_ID=0ea90cb4a1c4] [REQUEST][START] GET /index.php/Investments/News

[1 occurrence(s)]
DEBUG --> [REQ_ID=0ea90cb4a1c4] [FILTER_BEFORE] /index.php/Investments/News

[1 occurrence(s)]
DEBUG --> [REQ_ID=0ea90cb4a1c4] [ROUTE] Controller=closure_route Method=index

[1 occurrence(s)]
DEBUG --> [REQ_ID=0ea90cb4a1c4] [LIFECYCLE][START] GET https://www.mymiwallet.com/index.php/Investments/News

[1 occurrence(s)]
DEBUG --> [REQ_ID=0ea90cb4a1c4] [REQUEST][END]

[1 occurrence(s)]
DEBUG --> [REQ_ID=4b4b82c91c55] [REQUEST][START] GET /index.php/Account/Connected-Accounts

[1 occurrence(s)]
DEBUG --> [REQ_ID=4b4b82c91c55] [FILTER_BEFORE] /index.php/Account/Connected-Accounts

[1 occurrence(s)]
DEBUG --> [REQ_ID=4b4b82c91c55] [ROUTE] Controller=\App\Modules\User\Controllers\DashboardController Method=connectedAccounts

[1 occurrence(s)]
DEBUG --> [REQ_ID=4b4b82c91c55] [LIFECYCLE][START] GET https://www.mymiwallet.com/index.php/Account/Connected-Accounts

[1 occurrence(s)]
DEBUG --> [REQ_ID=4b4b82c91c55] [REQUEST][END]

[1 occurrence(s)]
DEBUG --> [REQ_ID=10f3c1182b14] [REQUEST][START] GET /index.php/login

[1 occurrence(s)]
DEBUG --> [REQ_ID=10f3c1182b14] [FILTER_BEFORE] /index.php/login

[1 occurrence(s)]
DEBUG --> [REQ_ID=10f3c1182b14] [ROUTE] Controller=\App\Controllers\AuthController Method=login

[1 occurrence(s)]
DEBUG --> [REQ_ID=10f3c1182b14] [LIFECYCLE][START] GET https://www.mymiwallet.com/index.php/login

[1 occurrence(s)]
DEBUG --> [REQ_ID=ad2c71c777eb] [INIT] App\Controllers\AuthController::GET

[1 occurrence(s)]
DEBUG --> [REQ_ID=10f3c1182b14] [FILTER_AFTER]

[1 occurrence(s)]
DEBUG --> [REQ_ID=10f3c1182b14] [LIFECYCLE][END] status=200 duration_ms=26.35 memory_delta=0

[1 occurrence(s)]
DEBUG --> [REQ_ID=10f3c1182b14] [REQUEST][END]

[1 occurrence(s)]
DEBUG --> [REQ_ID=022789aee974] [REQUEST][START] GET /index.php/Account/Notifications

[1 occurrence(s)]
DEBUG --> [REQ_ID=022789aee974] [FILTER_BEFORE] /index.php/Account/Notifications

[1 occurrence(s)]
DEBUG --> [REQ_ID=022789aee974] [ROUTE] Controller=\App\Modules\User\Controllers\DashboardController Method=notifications

[1 occurrence(s)]
DEBUG --> [REQ_ID=022789aee974] [LIFECYCLE][START] GET https://www.mymiwallet.com/index.php/Account/Notifications

[1 occurrence(s)]
DEBUG --> [REQ_ID=022789aee974] [REQUEST][END]

[1 occurrence(s)]
DEBUG --> [REQ_ID=3a3116299004] [REQUEST][START] GET /index.php/login

[1 occurrence(s)]
DEBUG --> [REQ_ID=3a3116299004] [FILTER_BEFORE] /index.php/login

[1 occurrence(s)]
DEBUG --> [REQ_ID=3a3116299004] [ROUTE] Controller=\App\Controllers\AuthController Method=login

[1 occurrence(s)]
DEBUG --> [REQ_ID=3a3116299004] [LIFECYCLE][START] GET https://www.mymiwallet.com/index.php/login

[1 occurrence(s)]
DEBUG --> [REQ_ID=c8586632d6eb] [INIT] App\Controllers\AuthController::GET

[1 occurrence(s)]
DEBUG --> [REQ_ID=3a3116299004] [FILTER_AFTER]

[1 occurrence(s)]
DEBUG --> [REQ_ID=3a3116299004] [LIFECYCLE][END] status=200 duration_ms=17.57 memory_delta=0

[1 occurrence(s)]
DEBUG --> [REQ_ID=3a3116299004] [REQUEST][END]

[1 occurrence(s)]
DEBUG --> [REQ_ID=af823bb980cf] [REQUEST][START] GET /index.php/How-It-Works/MyMI-Gold

[1 occurrence(s)]
DEBUG --> [REQ_ID=af823bb980cf] [FILTER_BEFORE] /index.php/How-It-Works/MyMI-Gold

[1 occurrence(s)]
DEBUG --> [REQ_ID=af823bb980cf] [ROUTE] Controller=\App\Modules\Blog\Controllers\HowItWorksController Method=MyMIGold

[1 occurrence(s)]
DEBUG --> [REQ_ID=af823bb980cf] [LIFECYCLE][START] GET https://www.mymiwallet.com/index.php/How-It-Works/MyMI-Gold

[1 occurrence(s)]
DEBUG --> [REQ_ID=fcf1f84a2be4] [INIT] App\Modules\Blog\Controllers\HowItWorksController::GET

[1 occurrence(s)]
DEBUG --> [REQ_ID=fcf1f84a2be4] [METHOD_ENTRY] MyMIGold

[1 occurrence(s)]
DEBUG --> [MetaService] slug=how-it-works/mymi-gold pageName= cacheHit= path=DB

[1 occurrence(s)]
DEBUG --> [REQ_ID=af823bb980cf] [FILTER_AFTER]

[1 occurrence(s)]
DEBUG --> [REQ_ID=af823bb980cf] [LIFECYCLE][END] status=200 duration_ms=754.50 memory_delta=4194304

[1 occurrence(s)]
DEBUG --> [REQ_ID=af823bb980cf] [REQUEST][END]

[1 occurrence(s)]
DEBUG --> [REQ_ID=916edd2f08b9] [REQUEST][START] GET /index.php/API/Management/Run-CRON-Tasks

[1 occurrence(s)]
DEBUG --> [REQ_ID=916edd2f08b9] [FILTER_BEFORE] /index.php/API/Management/Run-CRON-Tasks

[1 occurrence(s)]
DEBUG --> [REQ_ID=916edd2f08b9] [ROUTE] Controller=\App\Modules\Management\Controllers\ManagementAPIController Method=Run_CRON_Tasks

[1 occurrence(s)]
DEBUG --> [REQ_ID=916edd2f08b9] [LIFECYCLE][START] GET https://www.mymiwallet.com/index.php/API/Management/Run-CRON-Tasks

[1 occurrence(s)]
DEBUG --> [REQ_ID=916edd2f08b9] [REQUEST][END]

[1 occurrence(s)]
DEBUG --> [REQ_ID=a6cc0f5f424b] [REQUEST][START] HEAD /

[1 occurrence(s)]
DEBUG --> [REQ_ID=26814355c666] [REQUEST][START] HEAD /

[1 occurrence(s)]
DEBUG --> [REQ_ID=ba3db29d0cc5] [REQUEST][START] HEAD /

[1 occurrence(s)]
DEBUG --> [REQ_ID=38a669546786] [REQUEST][START] GET /index.php/API/Alerts/fetchEmailAlerts

[1 occurrence(s)]
DEBUG --> [REQ_ID=38a669546786] [FILTER_BEFORE] /index.php/API/Alerts/fetchEmailAlerts

[1 occurrence(s)]
DEBUG --> [REQ_ID=38a669546786] [ROUTE] Controller=\App\Modules\APIs\Controllers\AlertsAPIController Method=fetchEmailAlerts

[1 occurrence(s)]
DEBUG --> [REQ_ID=38a669546786] [LIFECYCLE][START] GET https://www.mymiwallet.com/index.php/API/Alerts/fetchEmailAlerts

[1 occurrence(s)]
DEBUG --> [REQ_ID=38a669546786] [REQUEST][END]

[1 occurrence(s)]
DEBUG --> [REQ_ID=740c97882292] [REQUEST][START] HEAD /

[1 occurrence(s)]
DEBUG --> [REQ_ID=d0e5d7ac8793] [REQUEST][START] GET /index.php/Blog/News-And-Updates/The-Roadmap-To-The-Future-Of-Finance

[1 occurrence(s)]
DEBUG --> [REQ_ID=d0e5d7ac8793] [FILTER_BEFORE] /index.php/Blog/News-And-Updates/The-Roadmap-To-The-Future-Of-Finance

[1 occurrence(s)]
DEBUG --> [REQ_ID=d0e5d7ac8793] [ROUTE] Controller=\App\Modules\Blog\Controllers\NewsAndUpdates Method=TheRoadmapToTheFutureOfFinance

[1 occurrence(s)]
DEBUG --> [REQ_ID=d0e5d7ac8793] [LIFECYCLE][START] GET https://www.mymiwallet.com/index.php/Blog/News-And-Updates/The-Roadmap-To-The-Future-Of-Finance

[1 occurrence(s)]
DEBUG --> [CSRF] token name=csrf_test_name hash=df16cb687cd913f684dd562c4b6db449

[1 occurrence(s)]
DEBUG --> [REQ_ID=353374c6b758] [INIT] App\Modules\Blog\Controllers\NewsAndUpdates::GET

[1 occurrence(s)]
DEBUG --> [REQ_ID=353374c6b758] [METHOD_ENTRY] TheRoadmapToTheFutureOfFinance

[1 occurrence(s)]
DEBUG --> [REQ_ID=d454ec7c4e26] [REQUEST][START] GET /index.php/Blog/News-And-Updates/The-Roadmap-To-The-Future-Of-Finance

[1 occurrence(s)]
DEBUG --> [REQ_ID=d454ec7c4e26] [FILTER_BEFORE] /index.php/Blog/News-And-Updates/The-Roadmap-To-The-Future-Of-Finance

[1 occurrence(s)]
DEBUG --> [REQ_ID=d454ec7c4e26] [ROUTE] Controller=\App\Modules\Blog\Controllers\NewsAndUpdates Method=TheRoadmapToTheFutureOfFinance

[1 occurrence(s)]
DEBUG --> [REQ_ID=d454ec7c4e26] [LIFECYCLE][START] GET https://www.mymiwallet.com/index.php/Blog/News-And-Updates/The-Roadmap-To-The-Future-Of-Finance

[1 occurrence(s)]
DEBUG --> [CSRF] token name=csrf_test_name hash=53f423f0bddd19f5ec114b8b68ac9910

[1 occurrence(s)]
DEBUG --> [REQ_ID=096fad0ff163] [INIT] App\Modules\Blog\Controllers\NewsAndUpdates::GET

[1 occurrence(s)]
DEBUG --> [REQ_ID=096fad0ff163] [METHOD_ENTRY] TheRoadmapToTheFutureOfFinance

[1 occurrence(s)]
DEBUG --> [REQ_ID=0565dfa9002a] [REQUEST][START] GET /index.php/Blog/News-And-Updates/The-Roadmap-To-The-Future-Of-Finance

[1 occurrence(s)]
DEBUG --> [REQ_ID=0565dfa9002a] [FILTER_BEFORE] /index.php/Blog/News-And-Updates/The-Roadmap-To-The-Future-Of-Finance

[1 occurrence(s)]
DEBUG --> [REQ_ID=0565dfa9002a] [ROUTE] Controller=\App\Modules\Blog\Controllers\NewsAndUpdates Method=TheRoadmapToTheFutureOfFinance

[1 occurrence(s)]
DEBUG --> [REQ_ID=0565dfa9002a] [LIFECYCLE][START] GET https://www.mymiwallet.com/index.php/Blog/News-And-Updates/The-Roadmap-To-The-Future-Of-Finance

[1 occurrence(s)]
DEBUG --> [CSRF] token name=csrf_test_name hash=71582b6f584c022fc21c3ce694057e67

[1 occurrence(s)]
DEBUG --> [REQ_ID=692b1080c1d9] [INIT] App\Modules\Blog\Controllers\NewsAndUpdates::GET

[1 occurrence(s)]
DEBUG --> [REQ_ID=692b1080c1d9] [METHOD_ENTRY] TheRoadmapToTheFutureOfFinance

[1 occurrence(s)]
DEBUG --> [REQ_ID=f855304b3e29] [REQUEST][START] HEAD /

[1 occurrence(s)]
DEBUG --> [REQ_ID=6c86869c58f2] [REQUEST][START] HEAD /

[1 occurrence(s)]
DEBUG --> [REQ_ID=6a430a1cf53f] [REQUEST][START] HEAD /

[1 occurrence(s)]
DEBUG --> [REQ_ID=83764f3ef1a6] [REQUEST][START] HEAD /

[1 occurrence(s)]
DEBUG --> [REQ_ID=8532f7062e87] [REQUEST][START] GET /

[1 occurrence(s)]
DEBUG --> [REQ_ID=8532f7062e87] [FILTER_BEFORE] /

[1 occurrence(s)]
DEBUG --> [REQ_ID=8532f7062e87] [ROUTE] Controller=\App\Controllers\Home Method=index

[1 occurrence(s)]
DEBUG --> [REQ_ID=8532f7062e87] [LIFECYCLE][START] GET https://www.mymiwallet.com/index.php/

[1 occurrence(s)]
DEBUG --> [CSRF] token name=csrf_test_name hash=0657a408e9e68f59d7d24a6e3798d451

[1 occurrence(s)]
DEBUG --> [REQ_ID=6ec9b34b8e71] [INIT] App\Controllers\Home::GET

[1 occurrence(s)]
DEBUG --> [REQ_ID=6ec9b34b8e71] [VIEW_RENDER] themes/public/home

[1 occurrence(s)]
DEBUG --> [REQ_ID=8532f7062e87] [FILTER_AFTER]

[1 occurrence(s)]
DEBUG --> [REQ_ID=8532f7062e87] [LIFECYCLE][END] status=200 duration_ms=772.99 memory_delta=4194304

[1 occurrence(s)]
DEBUG --> [REQ_ID=8532f7062e87] [REQUEST][END]

[1 occurrence(s)]
DEBUG --> [REQ_ID=feb4aed1a294] [REQUEST][START] HEAD /

[1 occurrence(s)]
DEBUG --> [REQ_ID=6be3b91a5f08] [REQUEST][START] HEAD /

[1 occurrence(s)]
DEBUG --> [REQ_ID=b6a80d1c4dea] [REQUEST][START] GET /

[1 occurrence(s)]
DEBUG --> [REQ_ID=b6a80d1c4dea] [FILTER_BEFORE] /

[1 occurrence(s)]
DEBUG --> [REQ_ID=b6a80d1c4dea] [ROUTE] Controller=\App\Controllers\Home Method=index

[1 occurrence(s)]
DEBUG --> [REQ_ID=b6a80d1c4dea] [LIFECYCLE][START] GET https://www.mymiwallet.com/index.php/

[1 occurrence(s)]
DEBUG --> [CSRF] token name=csrf_test_name hash=5f7d90caf89952148b836a9213680c67

[1 occurrence(s)]
DEBUG --> [REQ_ID=98177cc8e783] [INIT] App\Controllers\Home::GET

[1 occurrence(s)]
DEBUG --> [REQ_ID=98177cc8e783] [VIEW_RENDER] themes/public/home

[1 occurrence(s)]
DEBUG --> [REQ_ID=b6a80d1c4dea] [FILTER_AFTER]

[1 occurrence(s)]
DEBUG --> [REQ_ID=b6a80d1c4dea] [LIFECYCLE][END] status=200 duration_ms=729.57 memory_delta=4194304

[1 occurrence(s)]
DEBUG --> [REQ_ID=b6a80d1c4dea] [REQUEST][END]

[1 occurrence(s)]
DEBUG --> [REQ_ID=149e5cf52785] [REQUEST][START] HEAD /

[1 occurrence(s)]
DEBUG --> [REQ_ID=a500eb02e0f4] [REQUEST][START] HEAD /

[1 occurrence(s)]
DEBUG --> [REQ_ID=887cef659645] [REQUEST][START] GET /index.php/Wallets/Purchase/Memberships

[1 occurrence(s)]
DEBUG --> [REQ_ID=887cef659645] [FILTER_BEFORE] /index.php/Wallets/Purchase/Memberships

[1 occurrence(s)]
DEBUG --> [REQ_ID=887cef659645] [ROUTE] Controller=\App\Modules\User\Controllers\WalletsController Method=purchase

[1 occurrence(s)]
DEBUG --> [REQ_ID=887cef659645] [LIFECYCLE][START] GET https://www.mymiwallet.com/index.php/Wallets/Purchase/Memberships

[1 occurrence(s)]
DEBUG --> [CSRF] token name=csrf_test_name hash=53769295f19833ee0ccf5dfcf48b30bb

[1 occurrence(s)]
DEBUG --> [REQ_ID=887cef659645] [REQUEST][END]

[1 occurrence(s)]
DEBUG --> [REQ_ID=959a32cf478a] [REQUEST][START] GET /index.php/login

[1 occurrence(s)]
DEBUG --> [REQ_ID=959a32cf478a] [FILTER_BEFORE] /index.php/login

[1 occurrence(s)]
DEBUG --> [REQ_ID=959a32cf478a] [ROUTE] Controller=\App\Controllers\AuthController Method=login

[1 occurrence(s)]
DEBUG --> [REQ_ID=959a32cf478a] [LIFECYCLE][START] GET https://www.mymiwallet.com/index.php/login

[1 occurrence(s)]
DEBUG --> [CSRF] token name=csrf_test_name hash=78370d3408a08aeb0973e9fcca8d1c93

[1 occurrence(s)]
DEBUG --> [REQ_ID=839b566f19d9] [INIT] App\Controllers\AuthController::GET

[1 occurrence(s)]
DEBUG --> [REQ_ID=959a32cf478a] [FILTER_AFTER]

[1 occurrence(s)]
DEBUG --> [REQ_ID=959a32cf478a] [LIFECYCLE][END] status=200 duration_ms=218.62 memory_delta=0

[1 occurrence(s)]
DEBUG --> [REQ_ID=959a32cf478a] [REQUEST][END]

[1 occurrence(s)]
DEBUG --> [REQ_ID=7ba31ad593e2] [REQUEST][START] GET /index.php/API/Management/Run-CRON-Tasks

[1 occurrence(s)]
DEBUG --> [REQ_ID=7ba31ad593e2] [FILTER_BEFORE] /index.php/API/Management/Run-CRON-Tasks

[1 occurrence(s)]
DEBUG --> [REQ_ID=7ba31ad593e2] [ROUTE] Controller=\App\Modules\Management\Controllers\ManagementAPIController Method=Run_CRON_Tasks

[1 occurrence(s)]
DEBUG --> [REQ_ID=7ba31ad593e2] [LIFECYCLE][START] GET https://www.mymiwallet.com/index.php/API/Management/Run-CRON-Tasks

[1 occurrence(s)]
DEBUG --> [REQ_ID=7ba31ad593e2] [REQUEST][END]

[1 occurrence(s)]
DEBUG --> [REQ_ID=270488fb60f7] [REQUEST][START] GET /

[1 occurrence(s)]
DEBUG --> [REQ_ID=270488fb60f7] [REQUEST][END]

[1 occurrence(s)]
DEBUG --> [REQ_ID=db61ad315b0a] [REQUEST][START] HEAD /

[1 occurrence(s)]
DEBUG --> [REQ_ID=04220d42ff01] [REQUEST][START] HEAD /

[1 occurrence(s)]
DEBUG --> [REQ_ID=555c4abaf801] [REQUEST][START] HEAD /

[1 occurrence(s)]
DEBUG --> [REQ_ID=cb63e5e4c649] [REQUEST][START] GET /index.php/API/Alerts/fetchEmailAlerts

[1 occurrence(s)]
DEBUG --> [REQ_ID=cb63e5e4c649] [FILTER_BEFORE] /index.php/API/Alerts/fetchEmailAlerts

[1 occurrence(s)]
DEBUG --> [REQ_ID=cb63e5e4c649] [ROUTE] Controller=\App\Modules\APIs\Controllers\AlertsAPIController Method=fetchEmailAlerts

[1 occurrence(s)]
DEBUG --> [REQ_ID=cb63e5e4c649] [LIFECYCLE][START] GET https://www.mymiwallet.com/index.php/API/Alerts/fetchEmailAlerts

[1 occurrence(s)]
DEBUG --> [REQ_ID=cb63e5e4c649] [REQUEST][END]

[1 occurrence(s)]
DEBUG --> [REQ_ID=e170faba9efb] [REQUEST][START] HEAD /

[1 occurrence(s)]
DEBUG --> [REQ_ID=e0dd3575ccf2] [REQUEST][START] HEAD /

[1 occurrence(s)]
DEBUG --> [REQ_ID=bf3c1d08f514] [REQUEST][START] HEAD /

[1 occurrence(s)]
DEBUG --> [REQ_ID=96c25c9846eb] [REQUEST][START] HEAD /

[1 occurrence(s)]
DEBUG --> [REQ_ID=78c0b9dae8b2] [REQUEST][START] HEAD /

[1 occurrence(s)]
DEBUG --> [REQ_ID=0850e5499b0b] [REQUEST][START] HEAD /

[1 occurrence(s)]
DEBUG --> [REQ_ID=ace9880aa40a] [REQUEST][START] GET /index.php/Management/Assets

[1 occurrence(s)]
DEBUG --> [REQ_ID=ace9880aa40a] [REQUEST][END]

[1 occurrence(s)]
DEBUG --> [REQ_ID=48ba54842fe6] [REQUEST][START] HEAD /

[1 occurrence(s)]
DEBUG --> [REQ_ID=029afa8743fa] [REQUEST][START] HEAD /

[1 occurrence(s)]
DEBUG --> [REQ_ID=c133620ade46] [REQUEST][START] HEAD /

[1 occurrence(s)]
DEBUG --> [REQ_ID=c766cf8901d9] [REQUEST][START] GET /index.php/API/Management/Run-CRON-Tasks

[1 occurrence(s)]
DEBUG --> [REQ_ID=c766cf8901d9] [FILTER_BEFORE] /index.php/API/Management/Run-CRON-Tasks

[1 occurrence(s)]
DEBUG --> [REQ_ID=c766cf8901d9] [ROUTE] Controller=\App\Modules\Management\Controllers\ManagementAPIController Method=Run_CRON_Tasks

[1 occurrence(s)]
DEBUG --> [REQ_ID=c766cf8901d9] [LIFECYCLE][START] GET https://www.mymiwallet.com/index.php/API/Management/Run-CRON-Tasks

[1 occurrence(s)]
DEBUG --> [REQ_ID=c766cf8901d9] [REQUEST][END]


---------------------------
LEVEL: INFO
---------------------------

[1 occurrence(s)]
INFO --> [REQ_ID=065da31e376d] [PERF] Execution time=0.046575

[1 occurrence(s)]
INFO --> [REQ_ID=a6ee49c49dbd] [PERF] Execution time=0.045981

[1 occurrence(s)]
INFO --> [REQ_ID=f7440949abc5] [MEMORY][controller-start] 6291456

[1 occurrence(s)]
INFO --> [REQ_ID=f7440949abc5] [MEMORY][commonData:start] 6291456

[1 occurrence(s)]
INFO --> [REQ_ID=f7440949abc5] [MEMORY][commonData:start] 10485760

[9 occurrence(s)]
INFO --> themesMemory usage: 10485760

[1 occurrence(s)]
INFO --> [REQ_ID=f7440949abc5] [PERF] Execution time=0.826707

[1 occurrence(s)]
INFO --> [REQ_ID=7d00516f76ac] [PERF] Execution time=0.870043

[1 occurrence(s)]
INFO --> [REQ_ID=b182836c1d99] [MEMORY][controller-start] 6291456

[1 occurrence(s)]
INFO --> [REQ_ID=b182836c1d99] [MEMORY][commonData:start] 6291456

[1 occurrence(s)]
INFO --> [REQ_ID=b182836c1d99] [MEMORY][commonData:start] 10485760

[1 occurrence(s)]
INFO --> [REQ_ID=b182836c1d99] [PERF] Execution time=0.807325

[1 occurrence(s)]
INFO --> [REQ_ID=3ea6533a62a5] [PERF] Execution time=0.852643

[1 occurrence(s)]
INFO --> [REQ_ID=52a8cd761efc] [MEMORY][controller-start] 6291456

[1 occurrence(s)]
INFO --> [REQ_ID=52a8cd761efc] [MEMORY][commonData:start] 6291456

[1 occurrence(s)]
INFO --> [REQ_ID=52a8cd761efc] [MEMORY][commonData:start] 10485760

[1 occurrence(s)]
INFO --> [REQ_ID=52a8cd761efc] [PERF] Execution time=0.931669

[1 occurrence(s)]
INFO --> [REQ_ID=3e7d950657d5] [PERF] Execution time=0.973010

[1 occurrence(s)]
INFO --> [REQ_ID=1c51441be32a] [PERF] Execution time=0.048462

[1 occurrence(s)]
INFO --> [REQ_ID=1b31ee5de765] [PERF] Execution time=0.046721

[1 occurrence(s)]
INFO --> [REQ_ID=1bc157c9c7d5] [MEMORY][controller-start] 6291456

[1 occurrence(s)]
INFO --> [REQ_ID=1bc157c9c7d5] [MEMORY][commonData:start] 6291456

[1 occurrence(s)]
INFO --> [REQ_ID=1bc157c9c7d5] [MEMORY][commonData:start] 10485760

[1 occurrence(s)]
INFO --> [REQ_ID=1bc157c9c7d5] [PERF] Execution time=0.634214

[1 occurrence(s)]
INFO --> [REQ_ID=95e650579dbe] [PERF] Execution time=0.676882

[1 occurrence(s)]
INFO --> [REQ_ID=c6b21a85e411] [PERF] Execution time=0.037647

[1 occurrence(s)]
INFO --> [REQ_ID=430ae39dfe3c] [PERF] Execution time=0.048305

[1 occurrence(s)]
INFO --> [REQ_ID=70606e2c0708] [MEMORY][controller-start] 6291456

[1 occurrence(s)]
INFO --> [REQ_ID=70606e2c0708] [MEMORY][commonData:start] 6291456

[1 occurrence(s)]
INFO --> [REQ_ID=70606e2c0708] [MEMORY][commonData:start] 10485760

[1 occurrence(s)]
INFO --> [REQ_ID=70606e2c0708] [PERF] Execution time=0.654324

[1 occurrence(s)]
INFO --> [REQ_ID=a166deecfa39] [PERF] Execution time=0.695242

[1 occurrence(s)]
INFO --> [REQ_ID=3afd746b8bfd] [MEMORY][controller-start] 6291456

[1 occurrence(s)]
INFO --> [REQ_ID=3afd746b8bfd] [MEMORY][commonData:start] 6291456

[1 occurrence(s)]
INFO --> [REQ_ID=3afd746b8bfd] [MEMORY][commonData:start] 10485760

[1 occurrence(s)]
INFO --> [REQ_ID=3afd746b8bfd] [PERF] Execution time=0.859847

[1 occurrence(s)]
INFO --> [REQ_ID=062db521bb51] [PERF] Execution time=0.901174

[1 occurrence(s)]
INFO --> [REQ_ID=7fc94d597887] [PERF] Execution time=0.050218

[1 occurrence(s)]
INFO --> [REQ_ID=df71e4b09d6f] [PERF] Execution time=0.046410

[1 occurrence(s)]
INFO --> [REQ_ID=ac5f74876316] [PERF] Execution time=0.041884

[1 occurrence(s)]
INFO --> [REQ_ID=01675bebcfee] [PERF] Execution time=0.038941

[1 occurrence(s)]
INFO --> [REQ_ID=8d80726e649c] [PERF] Execution time=0.049298

[1 occurrence(s)]
INFO --> [REQ_ID=a4ac48249aa4] [MEMORY][controller-start] 6291456

[1 occurrence(s)]
INFO --> [REQ_ID=a4ac48249aa4] [MEMORY][commonData:start] 6291456

[1 occurrence(s)]
INFO --> [REQ_ID=a4ac48249aa4] [MEMORY][commonData:start] 10485760

[1 occurrence(s)]
INFO --> [REQ_ID=a4ac48249aa4] [PERF] Execution time=0.709757

[1 occurrence(s)]
INFO --> [REQ_ID=633d62d28206] [PERF] Execution time=0.750838

[1 occurrence(s)]
INFO --> [REQ_ID=f13fd24a33ad] [PERF] Execution time=0.047701

[1 occurrence(s)]
INFO --> [REQ_ID=96554608518c] [PERF] Execution time=0.012265

[1 occurrence(s)]
INFO --> [REQ_ID=0488c839d4fa] [MEMORY][controller-start] 4194304

[1 occurrence(s)]
INFO --> [REQ_ID=0488c839d4fa] [MEMORY][commonData:start] 6291456

[1 occurrence(s)]
INFO --> [REQ_ID=0488c839d4fa] [MEMORY][commonData:start] 8388608

[3 occurrence(s)]
INFO --> themesMemory usage: 8388608

[1 occurrence(s)]
INFO --> [REQ_ID=0488c839d4fa] [PERF] Execution time=0.727808

[1 occurrence(s)]
INFO --> [REQ_ID=feb9ac5b4293] [PERF] Execution time=0.739558

[1 occurrence(s)]
INFO --> [REQ_ID=9d6f05ede98f] [MEMORY][controller-start] 6291456

[1 occurrence(s)]
INFO --> [REQ_ID=9d6f05ede98f] [MEMORY][commonData:start] 6291456

[1 occurrence(s)]
INFO --> [REQ_ID=9d6f05ede98f] [MEMORY][commonData:start] 10485760

[1 occurrence(s)]
INFO --> [REQ_ID=9d6f05ede98f] [PERF] Execution time=0.830982

[1 occurrence(s)]
INFO --> [REQ_ID=cc0c8b51e9da] [PERF] Execution time=0.871700

[3 occurrence(s)]
INFO --> CSRF token verified.

[1 occurrence(s)]
INFO --> [REQ_ID=911d2db9b917] [MEMORY][controller-start] 6291456

[1 occurrence(s)]
INFO --> [REGISTRATION] Submission received

[1 occurrence(s)]
INFO --> MailService queued email

[1 occurrence(s)]
INFO --> [REGISTRATION] Validation passed (basic fields)

[1 occurrence(s)]
INFO --> [REGISTRATION] Validation passed (password fields)

[1 occurrence(s)]
INFO --> Registration created user_id=11722, email=esp.inoz.a.s4.1.5@gmail.com, username=qKnVNgZLXHFnMvXRQwysncf, active=, requiresActivation=1, loginIdentifier=username

[1 occurrence(s)]
INFO --> [REGISTRATION] User record created

[1 occurrence(s)]
INFO --> OnboardingProgressService: created onboarding record for user_id=11722

[1 occurrence(s)]
INFO --> Registration succeeded for esp.inoz.a.s4.1.5@gmail.com (event ceac89d340ab2304)

[1 occurrence(s)]
INFO --> [REGISTRATION] Activation email queued

[1 occurrence(s)]
INFO --> Registration redirecting to success guide for user_id=11722

[1 occurrence(s)]
INFO --> [REQ_ID=911d2db9b917] [PERF] Execution time=1.267171

[1 occurrence(s)]
INFO --> [REQ_ID=14227fa65e1d] [PERF] Execution time=1.281278

[1 occurrence(s)]
INFO --> [REQ_ID=132cfe205e25] [MEMORY][controller-start] 4194304

[1 occurrence(s)]
INFO --> AuthController::registerSuccess view rendered.

[1 occurrence(s)]
INFO --> [REQ_ID=132cfe205e25] [PERF] Execution time=0.018593

[1 occurrence(s)]
INFO --> [REQ_ID=08edf156c55f] [MEMORY][controller-start] 4194304

[1 occurrence(s)]
INFO --> [REQ_ID=08edf156c55f] [PERF] Execution time=0.031562

[1 occurrence(s)]
INFO --> [REQ_ID=c791fda5dbab] [PERF] Execution time=0.041616

[1 occurrence(s)]
INFO --> [REQ_ID=9da87da5a286] [MEMORY][controller-start] 4194304

[1 occurrence(s)]
INFO --> AuthController L93: Auth:attemptLogin started.

[1 occurrence(s)]
INFO --> AuthController L104: Auth:attemptLogin rules: {"login":"required","password":"required"}

[1 occurrence(s)]
INFO --> AuthController L132: Auth:attemptLogin Login Variables: login: required, remember: true, ip: 45.80.158.249, ua: "Mozilla/5.0 (Macintosh; Intel Mac OS X 10_15_7) AppleWebKit/537.36 (KHTML, like Gecko) Chrome/142.0.0.0 Safari/537.36"

[1 occurrence(s)]
INFO --> [REQ_ID=9da87da5a286] [PERF] Execution time=0.177554

[1 occurrence(s)]
INFO --> [REQ_ID=afc4aa25fefb] [PERF] Execution time=0.187391

[1 occurrence(s)]
INFO --> [REQ_ID=3afb925f09e4] [MEMORY][controller-start] 4194304

[1 occurrence(s)]
INFO --> [REQ_ID=3afb925f09e4] [PERF] Execution time=0.088275

[1 occurrence(s)]
INFO --> [REQ_ID=a601b9b3f702] [PERF] Execution time=0.096919

[1 occurrence(s)]
INFO --> [REQ_ID=2b6193d89108] [MEMORY][controller-start] 4194304

[1 occurrence(s)]
INFO --> [REQ_ID=2b6193d89108] [PERF] Execution time=0.114676

[1 occurrence(s)]
INFO --> [REQ_ID=26e22622761d] [PERF] Execution time=0.010164

[1 occurrence(s)]
INFO --> [REQ_ID=b155a025910b] [MEMORY][controller-start] 4194304

[1 occurrence(s)]
INFO --> [REQ_ID=b155a025910b] [PERF] Execution time=0.081350

[1 occurrence(s)]
INFO --> [REQ_ID=82a4cd852920] [PERF] Execution time=0.090435

[1 occurrence(s)]
INFO --> [REQ_ID=6b00c39e1172] [MEMORY][controller-start] 4194304

[1 occurrence(s)]
INFO --> [REQ_ID=6b00c39e1172] [PERF] Execution time=0.055484

[1 occurrence(s)]
INFO --> [REQ_ID=9446e8ca5cbe] [MEMORY][controller-start] 4194304

[2 occurrence(s)]
INFO --> [REQ_ID=9446e8ca5cbe] [MEMORY][commonData:start] 4194304

[2 occurrence(s)]
INFO --> themesMemory usage: 4194304

[1 occurrence(s)]
INFO --> [REQ_ID=9446e8ca5cbe] [PERF] Execution time=0.029103

[1 occurrence(s)]
INFO --> [REQ_ID=e2dc2b62ac48] [PERF] Execution time=0.039391

[1 occurrence(s)]
INFO --> [REQ_ID=79a40013dc0a] [MEMORY][controller-start] 4194304

[1 occurrence(s)]
INFO --> [SUPPORT] Account help requested

[1 occurrence(s)]
INFO --> [SUPPORT] Account help outcome

[1 occurrence(s)]
INFO --> [REQ_ID=79a40013dc0a] [PERF] Execution time=1.063340

[1 occurrence(s)]
INFO --> [REQ_ID=47f08fa232a5] [PERF] Execution time=1.074974

[1 occurrence(s)]
INFO --> [REQ_ID=d83136e4f29e] [MEMORY][controller-start] 4194304

[2 occurrence(s)]
INFO --> [REQ_ID=d83136e4f29e] [MEMORY][commonData:start] 4194304

[1 occurrence(s)]
INFO --> [REQ_ID=d83136e4f29e] [PERF] Execution time=0.028199

[1 occurrence(s)]
INFO --> [REQ_ID=e8da44b47c83] [PERF] Execution time=0.037985

[1 occurrence(s)]
INFO --> [REQ_ID=d063a506ded0] [PERF] Execution time=0.013906

[1 occurrence(s)]
INFO --> [REQ_ID=979537baf110] [MEMORY][controller-start] 4194304

[1 occurrence(s)]
INFO --> [REGISTRATION] Form loaded

[1 occurrence(s)]
INFO --> [REQ_ID=979537baf110] [PERF] Execution time=0.077109

[1 occurrence(s)]
INFO --> [REQ_ID=23fdebf4a831] [PERF] Execution time=0.016416

[1 occurrence(s)]
INFO --> [REQ_ID=a43be1025ed3] [MEMORY][controller-start] 4194304

[1 occurrence(s)]
INFO --> [REQ_ID=a43be1025ed3] [PERF] Execution time=0.129110

[1 occurrence(s)]
INFO --> [REQ_ID=dd2171f6fbe1] [PERF] Execution time=0.139351

[1 occurrence(s)]
INFO --> [REQ_ID=d5c03912b6cd] [PERF] Execution time=0.008276

[1 occurrence(s)]
INFO --> [REQ_ID=595b372c8aa8] [PERF] Execution time=0.010204

[1 occurrence(s)]
INFO --> [REQ_ID=14f030e95c5c] [MEMORY][controller-start] 4194304

[1 occurrence(s)]
INFO --> [REQ_ID=14f030e95c5c] [PERF] Execution time=0.023290

[1 occurrence(s)]
INFO --> [REQ_ID=2d48f55584bd] [PERF] Execution time=0.032201

[1 occurrence(s)]
INFO --> [REQ_ID=76eb94a98607] [PERF] Execution time=0.009827

[1 occurrence(s)]
INFO --> [REQ_ID=555c7854fa3c] [MEMORY][controller-start] 4194304

[1 occurrence(s)]
INFO --> [REQ_ID=555c7854fa3c] [PERF] Execution time=0.024598

[1 occurrence(s)]
INFO --> [REQ_ID=3df40b314f5d] [PERF] Execution time=0.033790

[1 occurrence(s)]
INFO --> [REQ_ID=269087bd21d7] [PERF] Execution time=0.009646

[1 occurrence(s)]
INFO --> [REQ_ID=402d01e36058] [MEMORY][controller-start] 4194304

[1 occurrence(s)]
INFO --> [REQ_ID=402d01e36058] [PERF] Execution time=0.020858

[1 occurrence(s)]
INFO --> [REQ_ID=93bf930c019f] [PERF] Execution time=0.030213

[1 occurrence(s)]
INFO --> [REQ_ID=8586209957b0] [PERF] Execution time=0.010419

[1 occurrence(s)]
INFO --> [REQ_ID=583f7e370047] [MEMORY][controller-start] 4194304

[1 occurrence(s)]
INFO --> [REQ_ID=583f7e370047] [PERF] Execution time=0.031291

[1 occurrence(s)]
INFO --> [REQ_ID=0bba843f101a] [PERF] Execution time=0.041917

[1 occurrence(s)]
INFO --> [REQ_ID=012dbae98bf1] [PERF] Execution time=0.009942

[1 occurrence(s)]
INFO --> [REQ_ID=322241fd3924] [MEMORY][controller-start] 4194304

[1 occurrence(s)]
INFO --> [REQ_ID=322241fd3924] [PERF] Execution time=0.024126

[1 occurrence(s)]
INFO --> [REQ_ID=37534877ea1d] [PERF] Execution time=0.033318

[1 occurrence(s)]
INFO --> [REQ_ID=f247a2cfb248] [PERF] Execution time=0.010175

[1 occurrence(s)]
INFO --> [REQ_ID=2f8883ecae02] [MEMORY][controller-start] 4194304

[1 occurrence(s)]
INFO --> [REQ_ID=2f8883ecae02] [PERF] Execution time=0.028341

[1 occurrence(s)]
INFO --> [REQ_ID=89006966b28c] [PERF] Execution time=0.037142

[1 occurrence(s)]
INFO --> [REQ_ID=c015c0dd956c] [PERF] Execution time=0.010648

[1 occurrence(s)]
INFO --> [REQ_ID=eed2647be345] [MEMORY][controller-start] 4194304

[1 occurrence(s)]
INFO --> [REQ_ID=eed2647be345] [PERF] Execution time=0.025805

[1 occurrence(s)]
INFO --> [REQ_ID=236761efd22e] [PERF] Execution time=0.034953

[1 occurrence(s)]
INFO --> [REQ_ID=444cf047e88c] [PERF] Execution time=0.010441

[1 occurrence(s)]
INFO --> [REQ_ID=70fe86780f1a] [MEMORY][controller-start] 4194304

[1 occurrence(s)]
INFO --> [REQ_ID=70fe86780f1a] [PERF] Execution time=0.026000

[1 occurrence(s)]
INFO --> [REQ_ID=7126de0f1e9c] [PERF] Execution time=0.035304

[1 occurrence(s)]
INFO --> [REQ_ID=0ea90cb4a1c4] [PERF] Execution time=0.009761

[1 occurrence(s)]
INFO --> [REQ_ID=4b4b82c91c55] [PERF] Execution time=0.009161

[1 occurrence(s)]
INFO --> [REQ_ID=ad2c71c777eb] [MEMORY][controller-start] 4194304

[1 occurrence(s)]
INFO --> [REQ_ID=ad2c71c777eb] [PERF] Execution time=0.026125

[1 occurrence(s)]
INFO --> [REQ_ID=10f3c1182b14] [PERF] Execution time=0.035643

[1 occurrence(s)]
INFO --> [REQ_ID=022789aee974] [PERF] Execution time=0.009747

[1 occurrence(s)]
INFO --> [REQ_ID=c8586632d6eb] [MEMORY][controller-start] 4194304

[1 occurrence(s)]
INFO --> [REQ_ID=c8586632d6eb] [PERF] Execution time=0.017486

[1 occurrence(s)]
INFO --> [REQ_ID=3a3116299004] [PERF] Execution time=0.026612

[1 occurrence(s)]
INFO --> [REQ_ID=fcf1f84a2be4] [MEMORY][controller-start] 4194304

[1 occurrence(s)]
INFO --> [REQ_ID=fcf1f84a2be4] [MEMORY][commonData:start] 4194304

[1 occurrence(s)]
INFO --> [REQ_ID=fcf1f84a2be4] [PERF] Execution time=0.754280

[1 occurrence(s)]
INFO --> [REQ_ID=af823bb980cf] [PERF] Execution time=0.766716

[1 occurrence(s)]
INFO --> [REQ_ID=916edd2f08b9] [PERF] Execution time=0.016740

[1 occurrence(s)]
INFO --> [REQ_ID=38a669546786] [PERF] Execution time=0.045643

[1 occurrence(s)]
INFO --> [REQ_ID=353374c6b758] [MEMORY][controller-start] 4194304

[1 occurrence(s)]
INFO --> [REQ_ID=353374c6b758] [PERF] Execution time=0.214339

[1 occurrence(s)]
INFO --> [REQ_ID=096fad0ff163] [MEMORY][controller-start] 4194304

[1 occurrence(s)]
INFO --> [REQ_ID=096fad0ff163] [PERF] Execution time=0.030642

[1 occurrence(s)]
INFO --> [REQ_ID=692b1080c1d9] [MEMORY][controller-start] 4194304

[1 occurrence(s)]
INFO --> [REQ_ID=692b1080c1d9] [PERF] Execution time=0.120842

[1 occurrence(s)]
INFO --> [REQ_ID=6ec9b34b8e71] [MEMORY][controller-start] 4194304

[1 occurrence(s)]
INFO --> [REQ_ID=6ec9b34b8e71] [MEMORY][commonData:start] 6291456

[1 occurrence(s)]
INFO --> [REQ_ID=6ec9b34b8e71] [MEMORY][commonData:start] 8388608

[1 occurrence(s)]
INFO --> [REQ_ID=6ec9b34b8e71] [PERF] Execution time=0.770990

[1 occurrence(s)]
INFO --> [REQ_ID=8532f7062e87] [PERF] Execution time=0.792136

[1 occurrence(s)]
INFO --> [REQ_ID=98177cc8e783] [MEMORY][controller-start] 6291456

[1 occurrence(s)]
INFO --> [REQ_ID=98177cc8e783] [MEMORY][commonData:start] 6291456

[1 occurrence(s)]
INFO --> [REQ_ID=98177cc8e783] [MEMORY][commonData:start] 10485760

[1 occurrence(s)]
INFO --> [REQ_ID=98177cc8e783] [PERF] Execution time=0.727619

[1 occurrence(s)]
INFO --> [REQ_ID=b6a80d1c4dea] [PERF] Execution time=0.768632

[1 occurrence(s)]
INFO --> [REQ_ID=887cef659645] [PERF] Execution time=0.060050

[1 occurrence(s)]
INFO --> [REQ_ID=839b566f19d9] [MEMORY][controller-start] 4194304

[1 occurrence(s)]
INFO --> [REQ_ID=839b566f19d9] [PERF] Execution time=0.218575

[1 occurrence(s)]
INFO --> [REQ_ID=959a32cf478a] [PERF] Execution time=0.231717

[1 occurrence(s)]
INFO --> [REQ_ID=7ba31ad593e2] [PERF] Execution time=0.050122

[1 occurrence(s)]
INFO --> [REQ_ID=270488fb60f7] [PERF] Execution time=0.013558

[1 occurrence(s)]
INFO --> [REQ_ID=cb63e5e4c649] [PERF] Execution time=0.046637

[1 occurrence(s)]
INFO --> [REQ_ID=ace9880aa40a] [PERF] Execution time=0.047584

[1 occurrence(s)]
INFO --> [SPARK_START] App\Commands\AIOps\Run

[4 occurrence(s)]
INFO --> [SPARK_MEMORY] 18874368

[1 occurrence(s)]
INFO --> [spark:aiops:run] Intent

[1 occurrence(s)]
INFO --> [spark:ops:work] Started

[1 occurrence(s)]
INFO --> [SPARK_START] App\Commands\Ops\Work

[1 occurrence(s)]
INFO --> [spark:ops:work] Intent

[1 occurrence(s)]
INFO --> [REQ_ID=c766cf8901d9] [PERF] Execution time=0.127342

[1 occurrence(s)]
INFO --> [spark:ops:work] Completed

[1 occurrence(s)]
INFO --> [SPARK_COMPLETE] App\Commands\Ops\Work duration=0.038030

[1 occurrence(s)]
INFO --> [AIOPS][SPARK][GOVERNANCE][spark:logs:summarize] Started

[1 occurrence(s)]
INFO --> [SPARK_START] App\Commands\Logs\Summarize

[1 occurrence(s)]
INFO --> [spark:logs:summarize] Intent


---------------------------
LEVEL: WARNING
---------------------------

[84 occurrence(s)]
WARNING --> [404] URI=https://www.mymiwallet.com/index.php/

[84 occurrence(s)]
WARNING --> 404 route miss: https://www.mymiwallet.com/index.php/ | referrer: http://67.205.42.220

[1 occurrence(s)]
WARNING --> [AUTH_FAILURE]

[1 occurrence(s)]
WARNING --> [AUTH] Login failure

[1 occurrence(s)]
WARNING --> [AUTH] Login failed

[9 occurrence(s)]
WARNING --> MyMIWallets initialized without numeric user context.

[1 occurrence(s)]
WARNING --> [404] URI=https://www.mymiwallet.com/index.php/How-It-Works/Investor-Profile

[1 occurrence(s)]
WARNING --> 404 route miss: https://www.mymiwallet.com/index.php/How-It-Works/Investor-Profile | referrer: none


---------------------------
LEVEL: ERROR
---------------------------

[1 occurrence(s)]
ERROR --> HowItWorksController failure: Call to undefined method App\Modules\Blog\Controllers\HowItWorksController::respondWithRendered()

[1 occurrence(s)]
ERROR --> HowItWorksController failure: investor-profile

[1 occurrence(s)]
ERROR --> [ERROR_PAGE] event=error_404 status=404 message=Page not found.


---------------------------
LEVEL: CRITICAL
---------------------------

[85 occurrence(s)]
CRITICAL --> CodeIgniter\Exceptions\PageNotFoundException: Page Not Found

[85 occurrence(s)]
CRITICAL --> [EXCEPTION] Page Not Found File=/home/mymiteam/mymiwallet/site/current/vendor/codeigniter4/framework/system/CodeIgniter.php Line=1001


===============================================
   HERE'S THE NEW STUFF
   (No previous timestamp recorded – nothing treated as new)
===============================================

---- CONFIG LINT ----
✅ Services::cache
✅ Services::responsecache
✅ Services::session
✅ Services::email
✅ Services::logger
✅ Services::validation
✅ Services::renderer
