===============================================
   MyMI Wallet — Log Summary for 2026-02-14
   Auto-generated by logs:summarize command
   Grouped by (LEVEL + message)
===============================================

Last processed up to: 2026-02-14 10:00:03

---------------------------
LEVEL: ERROR
---------------------------

[1 occurrence(s)]
ERROR --> LOG_HEALTHCHECK file probe marker=2e0cdcf45f07

[1 occurrence(s)]
ERROR --> LOG_HEALTHCHECK file probe marker=5f060a7c3770

[1 occurrence(s)]
ERROR --> LOG_HEALTHCHECK file probe marker=b35cc347136b

[1 occurrence(s)]
ERROR --> LOG_HEALTHCHECK file probe marker=f511f201723f

[1 occurrence(s)]
ERROR --> LOG_HEALTHCHECK file probe marker=3216081389ef

[1 occurrence(s)]
ERROR --> LOG_HEALTHCHECK file probe marker=9ecf54020eb4

[1 occurrence(s)]
ERROR --> LOG_HEALTHCHECK file probe marker=40cafc57a584


===============================================
   HERE'S THE NEW STUFF
   (Entries logged AFTER 2026-02-14 10:00:03)
===============================================

---------------------------
LEVEL: ERROR (NEW)
---------------------------

[1 NEW occurrence(s)]
ERROR --> LOG_HEALTHCHECK file probe marker=40cafc57a584


---- CONFIG LINT ----
✅ Services::cache
✅ Services::responsecache
✅ Services::session
✅ Services::email
✅ Services::logger
✅ Services::validation
✅ Services::renderer
