===============================================
   MyMI Wallet — Log Summary for 2026-04-16
   Auto-generated by logs:summarize command
   Grouped by (LEVEL + message)
===============================================

Last processed up to: <none> (first run for this date)

---------------------------
LEVEL: DEBUG
---------------------------

[1 occurrence(s)]
DEBUG --> [REQ_ID=c70f6e425e29] [REQUEST][START] GET /

[4 occurrence(s)]
DEBUG --> Session: Class initialized using 'CodeIgniter\Session\Handlers\FileHandler' driver.

[1 occurrence(s)]
DEBUG --> [REQ_ID=c70f6e425e29] [FILTER_BEFORE] /

[1 occurrence(s)]
DEBUG --> [REQ_ID=c70f6e425e29] [ROUTE] Controller=\App\Controllers\Home Method=index

[1 occurrence(s)]
DEBUG --> [REQ_ID=c70f6e425e29] [LIFECYCLE][START] GET https://mymiwallet.com/index.php/

[4 occurrence(s)]
DEBUG --> [CSRF] token name=csrf_test_name hash=bf23e1186995d00d22f3a88256b14946

[1 occurrence(s)]
DEBUG --> [REQ_ID=8fa1dc2aa8e4] [INIT] App\Controllers\Home::GET

[4 occurrence(s)]
DEBUG --> [TRACE]

[1 occurrence(s)]
DEBUG --> [MetaService] slug= pageName= cacheHit= path=FALLBACK

[1 occurrence(s)]
DEBUG --> [REQ_ID=8fa1dc2aa8e4] [VIEW_RENDER] themes/public/home

[1 occurrence(s)]
DEBUG --> [MetaService] slug= pageName=Home cacheHit= path=DB

[1 occurrence(s)]
DEBUG --> [REQ_ID=c70f6e425e29] [FILTER_AFTER]

[1 occurrence(s)]
DEBUG --> [REQ_ID=c70f6e425e29] [LIFECYCLE][END] status=200 duration_ms=635.93 memory_delta=4194304

[1 occurrence(s)]
DEBUG --> [REQ_ID=c70f6e425e29] [REQUEST][END]

[1 occurrence(s)]
DEBUG --> [REQ_ID=e49ea17cbd52] [REQUEST][START] GET /index.php/login?_gl=1*21kv94*_ga*MTc1NDYwMjM1LjE3NzEwODc5Njk.*_ga_2FS4BNS0SL*czE3NzYyOTkxMzkkbzM0JGcwJHQxNzc2Mjk5MTM5JGo2MCRsMCRoMA..

[1 occurrence(s)]
DEBUG --> [REQ_ID=e49ea17cbd52] [FILTER_BEFORE] /index.php/login?_gl=1*21kv94*_ga*MTc1NDYwMjM1LjE3NzEwODc5Njk.*_ga_2FS4BNS0SL*czE3NzYyOTkxMzkkbzM0JGcwJHQxNzc2Mjk5MTM5JGo2MCRsMCRoMA..

[1 occurrence(s)]
DEBUG --> [REQ_ID=e49ea17cbd52] [ROUTE] Controller=\App\Controllers\AuthController Method=login

[1 occurrence(s)]
DEBUG --> [REQ_ID=e49ea17cbd52] [LIFECYCLE][START] GET https://mymiwallet.com/index.php/login?_gl=1%2A21kv94%2A_ga%2AMTc1NDYwMjM1LjE3NzEwODc5Njk.%2A_ga_2FS4BNS0SL%2AczE3NzYyOTkxMzkkbzM0JGcwJHQxNzc2Mjk5MTM5JGo2MCRsMCRoMA..

[1 occurrence(s)]
DEBUG --> [REQ_ID=1d21e86438e3] [INIT] App\Controllers\AuthController::GET

[6 occurrence(s)]
DEBUG --> [VIEW_RESOLUTION] Render configuration

[3 occurrence(s)]
DEBUG --> [AUTH_RENDER] Final render config

[1 occurrence(s)]
DEBUG --> [REQ_ID=e49ea17cbd52] [FILTER_AFTER]

[1 occurrence(s)]
DEBUG --> [REQ_ID=e49ea17cbd52] [LIFECYCLE][END] status=200 duration_ms=54.87 memory_delta=0

[1 occurrence(s)]
DEBUG --> [REQ_ID=e49ea17cbd52] [REQUEST][END]

[1 occurrence(s)]
DEBUG --> [REQ_ID=ebfa9defcb50] [REQUEST][START] GET /index.php/login

[1 occurrence(s)]
DEBUG --> [REQ_ID=ebfa9defcb50] [FILTER_BEFORE] /index.php/login

[1 occurrence(s)]
DEBUG --> [REQ_ID=ebfa9defcb50] [ROUTE] Controller=\App\Controllers\AuthController Method=login

[1 occurrence(s)]
DEBUG --> [REQ_ID=ebfa9defcb50] [LIFECYCLE][START] GET https://mymiwallet.com/index.php/login

[1 occurrence(s)]
DEBUG --> [REQ_ID=4acaf33525f9] [INIT] App\Controllers\AuthController::GET

[1 occurrence(s)]
DEBUG --> [REQ_ID=ebfa9defcb50] [FILTER_AFTER]

[1 occurrence(s)]
DEBUG --> [REQ_ID=ebfa9defcb50] [LIFECYCLE][END] status=200 duration_ms=45.45 memory_delta=0

[1 occurrence(s)]
DEBUG --> [REQ_ID=ebfa9defcb50] [REQUEST][END]

[1 occurrence(s)]
DEBUG --> [REQ_ID=ba1519774498] [REQUEST][START] GET /index.php/login

[1 occurrence(s)]
DEBUG --> [REQ_ID=ba1519774498] [FILTER_BEFORE] /index.php/login

[1 occurrence(s)]
DEBUG --> [REQ_ID=ba1519774498] [ROUTE] Controller=\App\Controllers\AuthController Method=login

[1 occurrence(s)]
DEBUG --> [REQ_ID=ba1519774498] [LIFECYCLE][START] GET https://mymiwallet.com/index.php/login

[1 occurrence(s)]
DEBUG --> [REQ_ID=f7b93db0ee20] [INIT] App\Controllers\AuthController::GET

[1 occurrence(s)]
DEBUG --> [REQ_ID=ba1519774498] [FILTER_AFTER]

[1 occurrence(s)]
DEBUG --> [REQ_ID=ba1519774498] [LIFECYCLE][END] status=200 duration_ms=29.14 memory_delta=0

[1 occurrence(s)]
DEBUG --> [REQ_ID=ba1519774498] [REQUEST][END]


---------------------------
LEVEL: INFO
---------------------------

[1 occurrence(s)]
INFO --> [REQ_ID=8fa1dc2aa8e4] [MEMORY][controller-start] 6291456

[1 occurrence(s)]
INFO --> [REQ_ID=8fa1dc2aa8e4] [MEMORY][commonData:start] 8388608

[1 occurrence(s)]
INFO --> [PERF][HOME] buildCommonData complete in 534.03ms

[1 occurrence(s)]
INFO --> [PERF][HOME] index commonData done in 534.61ms

[1 occurrence(s)]
INFO --> [REQ_ID=8fa1dc2aa8e4] [MEMORY][commonData:start] 10485760

[1 occurrence(s)]
INFO --> themesMemory usage: 10485760

[1 occurrence(s)]
INFO --> [PERF][HOME] index renderTheme done in 21.17ms

[1 occurrence(s)]
INFO --> [REQ_ID=8fa1dc2aa8e4] [PERF] Execution time=0.637801

[1 occurrence(s)]
INFO --> [REQ_ID=c70f6e425e29] [PERF] Execution time=0.676918

[1 occurrence(s)]
INFO --> [REQ_ID=1d21e86438e3] [MEMORY][controller-start] 6291456

[1 occurrence(s)]
INFO --> [REQ_ID=1d21e86438e3] [PERF] Execution time=0.055026

[1 occurrence(s)]
INFO --> [REQ_ID=e49ea17cbd52] [PERF] Execution time=0.069300

[1 occurrence(s)]
INFO --> [REQ_ID=4acaf33525f9] [MEMORY][controller-start] 4194304

[1 occurrence(s)]
INFO --> [REQ_ID=4acaf33525f9] [PERF] Execution time=0.045472

[1 occurrence(s)]
INFO --> [REQ_ID=ebfa9defcb50] [PERF] Execution time=0.055653

[1 occurrence(s)]
INFO --> [REQ_ID=f7b93db0ee20] [MEMORY][controller-start] 4194304

[1 occurrence(s)]
INFO --> [REQ_ID=f7b93db0ee20] [PERF] Execution time=0.029166

[1 occurrence(s)]
INFO --> [REQ_ID=ba1519774498] [PERF] Execution time=0.038174

[1 occurrence(s)]
INFO --> [AIOPS][SPARK][GOVERNANCE][spark:logs:summarize] Started

[1 occurrence(s)]
INFO --> [SPARK_START] App\Commands\Logs\Summarize

[1 occurrence(s)]
INFO --> [SPARK_MEMORY] 18874368

[1 occurrence(s)]
INFO --> [spark:logs:summarize] Intent


---------------------------
LEVEL: WARNING
---------------------------

[6 occurrence(s)]
WARNING --> Optional view path missing; using default path


===============================================
   HERE'S THE NEW STUFF
   (No previous timestamp recorded – nothing treated as new)
===============================================

---- CONFIG LINT ----
✅ Services::cache
✅ Services::responsecache
✅ Services::session
✅ Services::email
✅ Services::logger
✅ Services::validation
✅ Services::renderer
