===============================================
   MyMI Wallet — Log Summary for 2026-04-13
   Auto-generated by logs:summarize command
   Grouped by (LEVEL + message)
===============================================

Last processed up to: <none> (first run for this date)

---------------------------
LEVEL: DEBUG
---------------------------

[1 occurrence(s)]
DEBUG --> [REQ_ID=8d54314d6ae6] [REQUEST][START] GET /index.php/API/Management/Run-CRON-Tasks

[43 occurrence(s)]
DEBUG --> Session: Class initialized using 'CodeIgniter\Session\Handlers\FileHandler' driver.

[1 occurrence(s)]
DEBUG --> [REQ_ID=8d54314d6ae6] [FILTER_BEFORE] /index.php/API/Management/Run-CRON-Tasks

[1 occurrence(s)]
DEBUG --> [REQ_ID=8d54314d6ae6] [ROUTE] Controller=\App\Modules\APIs\Controllers\ManagementAPIController Method=Run_CRON_Tasks

[1 occurrence(s)]
DEBUG --> [REQ_ID=8d54314d6ae6] [LIFECYCLE][START] GET https://www.mymiwallet.com/index.php/API/Management/Run-CRON-Tasks

[1 occurrence(s)]
DEBUG --> [REQ_ID=8d54314d6ae6] [REQUEST][END]

[1 occurrence(s)]
DEBUG --> [REQ_ID=c7073fe59128] [REQUEST][START] GET /index.php

[1 occurrence(s)]
DEBUG --> [REQ_ID=c7073fe59128] [FILTER_BEFORE] /index.php

[1 occurrence(s)]
DEBUG --> [REQ_ID=c7073fe59128] [ROUTE] Controller=\App\Controllers\Home Method=index

[1 occurrence(s)]
DEBUG --> [REQ_ID=c7073fe59128] [LIFECYCLE][START] GET https://www.mymiwallet.com/index.php/

[1 occurrence(s)]
DEBUG --> [CSRF] token name=csrf_test_name hash=bfc4be1ff715292be0bed1728493462d

[1 occurrence(s)]
DEBUG --> [REQ_ID=04da16515ab6] [INIT] App\Controllers\Home::GET

[18 occurrence(s)]
DEBUG --> [TRACE]

[9 occurrence(s)]
DEBUG --> [MetaService] slug= pageName= cacheHit= path=FALLBACK

[1 occurrence(s)]
DEBUG --> [REQ_ID=04da16515ab6] [VIEW_RENDER] themes/public/home

[10 occurrence(s)]
DEBUG --> [MetaService] slug= pageName=Home cacheHit=1 path=CACHE

[1 occurrence(s)]
DEBUG --> [REQ_ID=c7073fe59128] [FILTER_AFTER]

[1 occurrence(s)]
DEBUG --> [REQ_ID=c7073fe59128] [LIFECYCLE][END] status=200 duration_ms=703.76 memory_delta=4194304

[1 occurrence(s)]
DEBUG --> [REQ_ID=c7073fe59128] [REQUEST][END]

[1 occurrence(s)]
DEBUG --> [REQ_ID=c6e38fd8286d] [REQUEST][START] GET /

[1 occurrence(s)]
DEBUG --> [REQ_ID=c6e38fd8286d] [REQUEST][END]

[1 occurrence(s)]
DEBUG --> [REQ_ID=43b41fca30d2] [REQUEST][START] GET /index.php/Budget

[1 occurrence(s)]
DEBUG --> [REQ_ID=43b41fca30d2] [FILTER_BEFORE] /index.php/Budget

[1 occurrence(s)]
DEBUG --> [REQ_ID=43b41fca30d2] [ROUTE] Controller=\App\Modules\PropFirms\Controllers\PropFirmsController Method=index

[1 occurrence(s)]
DEBUG --> [REQ_ID=43b41fca30d2] [LIFECYCLE][START] GET https://www.mymiwallet.com/index.php/Budget

[1 occurrence(s)]
DEBUG --> [CSRF] token name=csrf_test_name hash=69bbf978274a65d394a403d34eb6fb1b

[1 occurrence(s)]
DEBUG --> [REQ_ID=43b41fca30d2] [REQUEST][END]

[1 occurrence(s)]
DEBUG --> [REQ_ID=fb6ec1ca8837] [REQUEST][START] GET /index.php/How-It-Works/Automated-Financial-Insights

[1 occurrence(s)]
DEBUG --> [REQ_ID=fb6ec1ca8837] [FILTER_BEFORE] /index.php/How-It-Works/Automated-Financial-Insights

[1 occurrence(s)]
DEBUG --> [REQ_ID=fb6ec1ca8837] [ROUTE] Controller=\App\Modules\Blog\Controllers\HowItWorksController Method=show

[1 occurrence(s)]
DEBUG --> [REQ_ID=fb6ec1ca8837] [LIFECYCLE][START] GET https://www.mymiwallet.com/index.php/How-It-Works/Automated-Financial-Insights

[1 occurrence(s)]
DEBUG --> [CSRF] token name=csrf_test_name hash=c91aee6062b60da08fdffa984e279554

[1 occurrence(s)]
DEBUG --> [REQ_ID=a58c1d5b2440] [INIT] App\Modules\Blog\Controllers\HowItWorksController::GET

[1 occurrence(s)]
DEBUG --> [REQ_ID=a58c1d5b2440] [METHOD_ENTRY] show

[1 occurrence(s)]
DEBUG --> MyMIUser L52 - initialized (first log).

[1 occurrence(s)]
DEBUG --> [SERVICE] App\Services\BudgetService ::setUserId

[1 occurrence(s)]
DEBUG --> MyMICoin initialized ONCE

[1 occurrence(s)]
DEBUG --> MyMICoin: guest context detected; skipping user-specific preload.

[1 occurrence(s)]
DEBUG --> [HOW_IT_WORKS] slug=automated-financial-insights

[1 occurrence(s)]
DEBUG --> [REQ_ID=fb6ec1ca8837] [FILTER_AFTER]

[1 occurrence(s)]
DEBUG --> [REQ_ID=fb6ec1ca8837] [LIFECYCLE][END] status=301 duration_ms=143.58 memory_delta=0

[1 occurrence(s)]
DEBUG --> [REQ_ID=fb6ec1ca8837] [REQUEST][END]

[1 occurrence(s)]
DEBUG --> [REQ_ID=fcb673044210] [REQUEST][START] GET /index.php/API/Alerts/fetchEmailAlerts

[1 occurrence(s)]
DEBUG --> [REQ_ID=fcb673044210] [FILTER_BEFORE] /index.php/API/Alerts/fetchEmailAlerts

[1 occurrence(s)]
DEBUG --> [REQ_ID=fcb673044210] [ROUTE] Controller=\App\Modules\APIs\Controllers\AlertsAPIController Method=fetchEmailAlerts

[1 occurrence(s)]
DEBUG --> [REQ_ID=fcb673044210] [LIFECYCLE][START] GET https://www.mymiwallet.com/index.php/API/Alerts/fetchEmailAlerts

[1 occurrence(s)]
DEBUG --> [REQ_ID=fcb673044210] [REQUEST][END]

[1 occurrence(s)]
DEBUG --> [REQ_ID=894d0d0ddeec] [REQUEST][START] HEAD /

[1 occurrence(s)]
DEBUG --> [REQ_ID=894d0d0ddeec] [REQUEST][END]

[1 occurrence(s)]
DEBUG --> [REQ_ID=6eda40abe59f] [REQUEST][START] GET /index.php/API/Management/Run-CRON-Tasks

[1 occurrence(s)]
DEBUG --> [REQ_ID=6eda40abe59f] [FILTER_BEFORE] /index.php/API/Management/Run-CRON-Tasks

[1 occurrence(s)]
DEBUG --> [REQ_ID=6eda40abe59f] [ROUTE] Controller=\App\Modules\APIs\Controllers\ManagementAPIController Method=Run_CRON_Tasks

[1 occurrence(s)]
DEBUG --> [REQ_ID=6eda40abe59f] [LIFECYCLE][START] GET https://www.mymiwallet.com/index.php/API/Management/Run-CRON-Tasks

[1 occurrence(s)]
DEBUG --> [REQ_ID=6eda40abe59f] [REQUEST][END]

[1 occurrence(s)]
DEBUG --> [REQ_ID=89c7b63aae87] [REQUEST][START] GET /index.php/Management/Budgets

[1 occurrence(s)]
DEBUG --> [REQ_ID=89c7b63aae87] [FILTER_BEFORE] /index.php/Management/Budgets

[1 occurrence(s)]
DEBUG --> [REQ_ID=89c7b63aae87] [ROUTE] Controller=\App\Modules\Management\Controllers\BudgetsAdminController Method=index

[1 occurrence(s)]
DEBUG --> [REQ_ID=89c7b63aae87] [LIFECYCLE][START] GET https://www.mymiwallet.com/index.php/Management/Budgets

[1 occurrence(s)]
DEBUG --> [CSRF] token name=csrf_test_name hash=c999ba29061425745f10010a98f4149d

[1 occurrence(s)]
DEBUG --> [REQ_ID=89c7b63aae87] [REQUEST][END]

[1 occurrence(s)]
DEBUG --> [REQ_ID=6d92241ff8f0] [REQUEST][START] GET /index.php/login

[1 occurrence(s)]
DEBUG --> [REQ_ID=6d92241ff8f0] [FILTER_BEFORE] /index.php/login

[1 occurrence(s)]
DEBUG --> [REQ_ID=6d92241ff8f0] [ROUTE] Controller=\App\Controllers\AuthController Method=login

[1 occurrence(s)]
DEBUG --> [REQ_ID=6d92241ff8f0] [LIFECYCLE][START] GET https://www.mymiwallet.com/index.php/login

[1 occurrence(s)]
DEBUG --> [CSRF] token name=csrf_test_name hash=cccc6482e0840e9a2bbfac18bda1bcb4

[1 occurrence(s)]
DEBUG --> [REQ_ID=3cccf613b1c8] [INIT] App\Controllers\AuthController::GET

[1 occurrence(s)]
DEBUG --> [REQ_ID=6d92241ff8f0] [FILTER_AFTER]

[1 occurrence(s)]
DEBUG --> [REQ_ID=6d92241ff8f0] [LIFECYCLE][END] status=200 duration_ms=98.80 memory_delta=0

[1 occurrence(s)]
DEBUG --> [REQ_ID=6d92241ff8f0] [REQUEST][END]

[1 occurrence(s)]
DEBUG --> [REQ_ID=71dc8dc1c0c9] [REQUEST][START] GET /index.php/Management/Budgets

[1 occurrence(s)]
DEBUG --> [REQ_ID=71dc8dc1c0c9] [FILTER_BEFORE] /index.php/Management/Budgets

[1 occurrence(s)]
DEBUG --> [REQ_ID=71dc8dc1c0c9] [ROUTE] Controller=\App\Modules\Management\Controllers\BudgetsAdminController Method=index

[1 occurrence(s)]
DEBUG --> [REQ_ID=71dc8dc1c0c9] [LIFECYCLE][START] GET https://www.mymiwallet.com/index.php/Management/Budgets

[1 occurrence(s)]
DEBUG --> [CSRF] token name=csrf_test_name hash=2baa6bbe5f67905dda4585743d25ad75

[1 occurrence(s)]
DEBUG --> [REQ_ID=71dc8dc1c0c9] [REQUEST][END]

[1 occurrence(s)]
DEBUG --> [REQ_ID=9fee384ea16a] [REQUEST][START] GET /index.php/login

[1 occurrence(s)]
DEBUG --> [REQ_ID=9fee384ea16a] [FILTER_BEFORE] /index.php/login

[1 occurrence(s)]
DEBUG --> [REQ_ID=9fee384ea16a] [ROUTE] Controller=\App\Controllers\AuthController Method=login

[1 occurrence(s)]
DEBUG --> [REQ_ID=9fee384ea16a] [LIFECYCLE][START] GET https://www.mymiwallet.com/index.php/login

[1 occurrence(s)]
DEBUG --> [CSRF] token name=csrf_test_name hash=f359ba696585f068deb8f5e3828a6b4d

[1 occurrence(s)]
DEBUG --> [REQ_ID=779cef6b983f] [INIT] App\Controllers\AuthController::GET

[1 occurrence(s)]
DEBUG --> [REQ_ID=9fee384ea16a] [FILTER_AFTER]

[1 occurrence(s)]
DEBUG --> [REQ_ID=9fee384ea16a] [LIFECYCLE][END] status=200 duration_ms=45.14 memory_delta=0

[1 occurrence(s)]
DEBUG --> [REQ_ID=9fee384ea16a] [REQUEST][END]

[1 occurrence(s)]
DEBUG --> [REQ_ID=60aac6475d4f] [REQUEST][START] GET /index.php/API/Alerts/fetchEmailAlerts

[1 occurrence(s)]
DEBUG --> [REQ_ID=60aac6475d4f] [FILTER_BEFORE] /index.php/API/Alerts/fetchEmailAlerts

[1 occurrence(s)]
DEBUG --> [REQ_ID=60aac6475d4f] [ROUTE] Controller=\App\Modules\APIs\Controllers\AlertsAPIController Method=fetchEmailAlerts

[1 occurrence(s)]
DEBUG --> [REQ_ID=60aac6475d4f] [LIFECYCLE][START] GET https://www.mymiwallet.com/index.php/API/Alerts/fetchEmailAlerts

[1 occurrence(s)]
DEBUG --> [REQ_ID=60aac6475d4f] [REQUEST][END]

[1 occurrence(s)]
DEBUG --> [REQ_ID=f045dbd8b9ff] [REQUEST][START] GET /

[1 occurrence(s)]
DEBUG --> [REQ_ID=f045dbd8b9ff] [FILTER_BEFORE] /

[1 occurrence(s)]
DEBUG --> [REQ_ID=f045dbd8b9ff] [ROUTE] Controller=\App\Controllers\Home Method=index

[1 occurrence(s)]
DEBUG --> [REQ_ID=f045dbd8b9ff] [LIFECYCLE][START] GET https://www.mymiwallet.com/index.php/

[1 occurrence(s)]
DEBUG --> [CSRF] token name=csrf_test_name hash=a162ab79e5fcdf6b4c1741b10fdf8591

[1 occurrence(s)]
DEBUG --> [REQ_ID=93d354b2b43c] [INIT] App\Controllers\Home::GET

[1 occurrence(s)]
DEBUG --> [REQ_ID=93d354b2b43c] [VIEW_RENDER] themes/public/home

[5 occurrence(s)]
DEBUG --> [MetaService] slug= pageName=Home cacheHit= path=DB

[1 occurrence(s)]
DEBUG --> [REQ_ID=f045dbd8b9ff] [FILTER_AFTER]

[1 occurrence(s)]
DEBUG --> [REQ_ID=f045dbd8b9ff] [LIFECYCLE][END] status=200 duration_ms=615.62 memory_delta=6291456

[1 occurrence(s)]
DEBUG --> [REQ_ID=f045dbd8b9ff] [REQUEST][END]

[1 occurrence(s)]
DEBUG --> [REQ_ID=55d444411501] [REQUEST][START] GET /

[1 occurrence(s)]
DEBUG --> [REQ_ID=55d444411501] [REQUEST][END]

[1 occurrence(s)]
DEBUG --> [REQ_ID=9e00e8080a07] [REQUEST][START] GET /index.php/API/Management/Run-CRON-Tasks

[1 occurrence(s)]
DEBUG --> [REQ_ID=9e00e8080a07] [FILTER_BEFORE] /index.php/API/Management/Run-CRON-Tasks

[1 occurrence(s)]
DEBUG --> [REQ_ID=9e00e8080a07] [ROUTE] Controller=\App\Modules\APIs\Controllers\ManagementAPIController Method=Run_CRON_Tasks

[1 occurrence(s)]
DEBUG --> [REQ_ID=9e00e8080a07] [LIFECYCLE][START] GET https://www.mymiwallet.com/index.php/API/Management/Run-CRON-Tasks

[1 occurrence(s)]
DEBUG --> [REQ_ID=9e00e8080a07] [REQUEST][END]

[1 occurrence(s)]
DEBUG --> [REQ_ID=cc7f91044593] [REQUEST][START] GET /index.php/API/Alerts/fetchEmailAlerts

[1 occurrence(s)]
DEBUG --> [REQ_ID=cc7f91044593] [FILTER_BEFORE] /index.php/API/Alerts/fetchEmailAlerts

[1 occurrence(s)]
DEBUG --> [REQ_ID=cc7f91044593] [ROUTE] Controller=\App\Modules\APIs\Controllers\AlertsAPIController Method=fetchEmailAlerts

[1 occurrence(s)]
DEBUG --> [REQ_ID=cc7f91044593] [LIFECYCLE][START] GET https://www.mymiwallet.com/index.php/API/Alerts/fetchEmailAlerts

[1 occurrence(s)]
DEBUG --> [REQ_ID=cc7f91044593] [REQUEST][END]

[1 occurrence(s)]
DEBUG --> [REQ_ID=8d8fe8ee5946] [REQUEST][START] GET /

[1 occurrence(s)]
DEBUG --> [REQ_ID=8d8fe8ee5946] [REQUEST][END]

[1 occurrence(s)]
DEBUG --> [REQ_ID=e4e377022da1] [REQUEST][START] GET /index.php/API/Management/Run-CRON-Tasks

[1 occurrence(s)]
DEBUG --> [REQ_ID=e4e377022da1] [FILTER_BEFORE] /index.php/API/Management/Run-CRON-Tasks

[1 occurrence(s)]
DEBUG --> [REQ_ID=e4e377022da1] [ROUTE] Controller=\App\Modules\APIs\Controllers\ManagementAPIController Method=Run_CRON_Tasks

[1 occurrence(s)]
DEBUG --> [REQ_ID=e4e377022da1] [LIFECYCLE][START] GET https://www.mymiwallet.com/index.php/API/Management/Run-CRON-Tasks

[1 occurrence(s)]
DEBUG --> [REQ_ID=e4e377022da1] [REQUEST][END]

[1 occurrence(s)]
DEBUG --> [REQ_ID=bd91152edff7] [REQUEST][START] GET /index.php/Subscribe/Daily-Financial-News

[1 occurrence(s)]
DEBUG --> [REQ_ID=bd91152edff7] [REQUEST][END]

[1 occurrence(s)]
DEBUG --> [REQ_ID=6e2ecac0a7bc] [REQUEST][START] HEAD /

[1 occurrence(s)]
DEBUG --> [REQ_ID=6e2ecac0a7bc] [REQUEST][END]

[1 occurrence(s)]
DEBUG --> [REQ_ID=ee15dbd2fefc] [REQUEST][START] GET /

[1 occurrence(s)]
DEBUG --> [REQ_ID=ee15dbd2fefc] [FILTER_BEFORE] /

[1 occurrence(s)]
DEBUG --> [REQ_ID=ee15dbd2fefc] [ROUTE] Controller=\App\Controllers\Home Method=index

[1 occurrence(s)]
DEBUG --> [REQ_ID=ee15dbd2fefc] [LIFECYCLE][START] GET https://www.mymiwallet.com/index.php/

[1 occurrence(s)]
DEBUG --> [CSRF] token name=csrf_test_name hash=bb455e780a5cd2b8fa6b23e95cc528bf

[1 occurrence(s)]
DEBUG --> [REQ_ID=d9f8c0831f74] [INIT] App\Controllers\Home::GET

[1 occurrence(s)]
DEBUG --> [REQ_ID=d9f8c0831f74] [VIEW_RENDER] themes/public/home

[1 occurrence(s)]
DEBUG --> [REQ_ID=ee15dbd2fefc] [FILTER_AFTER]

[1 occurrence(s)]
DEBUG --> [REQ_ID=ee15dbd2fefc] [LIFECYCLE][END] status=200 duration_ms=616.59 memory_delta=4194304

[1 occurrence(s)]
DEBUG --> [REQ_ID=ee15dbd2fefc] [REQUEST][END]

[1 occurrence(s)]
DEBUG --> [REQ_ID=879153cb329f] [REQUEST][START] GET /index.php/API/Alerts/fetchEmailAlerts

[1 occurrence(s)]
DEBUG --> [REQ_ID=879153cb329f] [FILTER_BEFORE] /index.php/API/Alerts/fetchEmailAlerts

[1 occurrence(s)]
DEBUG --> [REQ_ID=879153cb329f] [ROUTE] Controller=\App\Modules\APIs\Controllers\AlertsAPIController Method=fetchEmailAlerts

[1 occurrence(s)]
DEBUG --> [REQ_ID=879153cb329f] [LIFECYCLE][START] GET https://www.mymiwallet.com/index.php/API/Alerts/fetchEmailAlerts

[1 occurrence(s)]
DEBUG --> [REQ_ID=879153cb329f] [REQUEST][END]

[1 occurrence(s)]
DEBUG --> [REQ_ID=efbde5e4e0e5] [REQUEST][START] GET /

[1 occurrence(s)]
DEBUG --> [REQ_ID=efbde5e4e0e5] [FILTER_BEFORE] /

[1 occurrence(s)]
DEBUG --> [REQ_ID=efbde5e4e0e5] [ROUTE] Controller=\App\Controllers\Home Method=index

[1 occurrence(s)]
DEBUG --> [REQ_ID=efbde5e4e0e5] [LIFECYCLE][START] GET https://www.mymiwallet.com/index.php/

[1 occurrence(s)]
DEBUG --> [CSRF] token name=csrf_test_name hash=0af29c87556d9fa51b82544d827f8bc6

[1 occurrence(s)]
DEBUG --> [REQ_ID=d156882e6ba8] [INIT] App\Controllers\Home::GET

[6 occurrence(s)]
DEBUG --> [MetaService] slug= pageName= cacheHit=1 path=CACHE

[1 occurrence(s)]
DEBUG --> [REQ_ID=d156882e6ba8] [VIEW_RENDER] themes/public/home

[1 occurrence(s)]
DEBUG --> [REQ_ID=efbde5e4e0e5] [FILTER_AFTER]

[1 occurrence(s)]
DEBUG --> [REQ_ID=efbde5e4e0e5] [LIFECYCLE][END] status=200 duration_ms=667.56 memory_delta=6291456

[1 occurrence(s)]
DEBUG --> [REQ_ID=efbde5e4e0e5] [REQUEST][END]

[1 occurrence(s)]
DEBUG --> [REQ_ID=03fefe7d59c9] [REQUEST][START] GET /index.php/API/Management/Run-CRON-Tasks

[1 occurrence(s)]
DEBUG --> [REQ_ID=03fefe7d59c9] [FILTER_BEFORE] /index.php/API/Management/Run-CRON-Tasks

[1 occurrence(s)]
DEBUG --> [REQ_ID=03fefe7d59c9] [ROUTE] Controller=\App\Modules\APIs\Controllers\ManagementAPIController Method=Run_CRON_Tasks

[1 occurrence(s)]
DEBUG --> [REQ_ID=03fefe7d59c9] [LIFECYCLE][START] GET https://www.mymiwallet.com/index.php/API/Management/Run-CRON-Tasks

[1 occurrence(s)]
DEBUG --> [REQ_ID=03fefe7d59c9] [REQUEST][END]

[1 occurrence(s)]
DEBUG --> [REQ_ID=f3c7db9f9b23] [REQUEST][START] GET /index.php/API/Alerts/fetchEmailAlerts

[1 occurrence(s)]
DEBUG --> [REQ_ID=f3c7db9f9b23] [FILTER_BEFORE] /index.php/API/Alerts/fetchEmailAlerts

[1 occurrence(s)]
DEBUG --> [REQ_ID=f3c7db9f9b23] [ROUTE] Controller=\App\Modules\APIs\Controllers\AlertsAPIController Method=fetchEmailAlerts

[1 occurrence(s)]
DEBUG --> [REQ_ID=f3c7db9f9b23] [LIFECYCLE][START] GET https://www.mymiwallet.com/index.php/API/Alerts/fetchEmailAlerts

[1 occurrence(s)]
DEBUG --> [REQ_ID=f3c7db9f9b23] [REQUEST][END]

[1 occurrence(s)]
DEBUG --> [REQ_ID=5fe3c30896f6] [REQUEST][START] GET /

[1 occurrence(s)]
DEBUG --> [REQ_ID=5fe3c30896f6] [FILTER_BEFORE] /

[1 occurrence(s)]
DEBUG --> [REQ_ID=5fe3c30896f6] [ROUTE] Controller=\App\Controllers\Home Method=index

[1 occurrence(s)]
DEBUG --> [REQ_ID=5fe3c30896f6] [LIFECYCLE][START] GET https://www.mymiwallet.com/index.php/

[1 occurrence(s)]
DEBUG --> [CSRF] token name=csrf_test_name hash=bae5903b70a6cdb74dcd3de19e2dfb7d

[1 occurrence(s)]
DEBUG --> [REQ_ID=ab4141aae939] [INIT] App\Controllers\Home::GET

[1 occurrence(s)]
DEBUG --> [REQ_ID=ab4141aae939] [VIEW_RENDER] themes/public/home

[1 occurrence(s)]
DEBUG --> [REQ_ID=5fe3c30896f6] [FILTER_AFTER]

[1 occurrence(s)]
DEBUG --> [REQ_ID=5fe3c30896f6] [LIFECYCLE][END] status=200 duration_ms=590.77 memory_delta=6291456

[1 occurrence(s)]
DEBUG --> [REQ_ID=5fe3c30896f6] [REQUEST][END]

[1 occurrence(s)]
DEBUG --> [REQ_ID=da6024859df1] [REQUEST][START] GET /

[1 occurrence(s)]
DEBUG --> [REQ_ID=da6024859df1] [FILTER_BEFORE] /

[1 occurrence(s)]
DEBUG --> [REQ_ID=da6024859df1] [ROUTE] Controller=\App\Controllers\Home Method=index

[1 occurrence(s)]
DEBUG --> [REQ_ID=da6024859df1] [LIFECYCLE][START] GET https://www.mymiwallet.com/index.php/

[1 occurrence(s)]
DEBUG --> [CSRF] token name=csrf_test_name hash=6c55c40c1363c1efae6629ed9fdd470c

[1 occurrence(s)]
DEBUG --> [REQ_ID=63b998dbf996] [INIT] App\Controllers\Home::GET

[1 occurrence(s)]
DEBUG --> [REQ_ID=63b998dbf996] [VIEW_RENDER] themes/public/home

[1 occurrence(s)]
DEBUG --> [REQ_ID=da6024859df1] [FILTER_AFTER]

[1 occurrence(s)]
DEBUG --> [REQ_ID=da6024859df1] [LIFECYCLE][END] status=200 duration_ms=754.13 memory_delta=6291456

[1 occurrence(s)]
DEBUG --> [REQ_ID=da6024859df1] [REQUEST][END]

[1 occurrence(s)]
DEBUG --> [REQ_ID=e1d0d6bab926] [REQUEST][START] GET /index.php/API/Management/Run-CRON-Tasks

[1 occurrence(s)]
DEBUG --> [REQ_ID=e1d0d6bab926] [FILTER_BEFORE] /index.php/API/Management/Run-CRON-Tasks

[1 occurrence(s)]
DEBUG --> [REQ_ID=e1d0d6bab926] [ROUTE] Controller=\App\Modules\APIs\Controllers\ManagementAPIController Method=Run_CRON_Tasks

[1 occurrence(s)]
DEBUG --> [REQ_ID=e1d0d6bab926] [LIFECYCLE][START] GET https://www.mymiwallet.com/index.php/API/Management/Run-CRON-Tasks

[1 occurrence(s)]
DEBUG --> [REQ_ID=e1d0d6bab926] [REQUEST][END]

[1 occurrence(s)]
DEBUG --> [REQ_ID=544e1dc9b4cc] [REQUEST][START] GET /index.php/API/Alerts/fetchEmailAlerts

[1 occurrence(s)]
DEBUG --> [REQ_ID=544e1dc9b4cc] [FILTER_BEFORE] /index.php/API/Alerts/fetchEmailAlerts

[1 occurrence(s)]
DEBUG --> [REQ_ID=544e1dc9b4cc] [ROUTE] Controller=\App\Modules\APIs\Controllers\AlertsAPIController Method=fetchEmailAlerts

[1 occurrence(s)]
DEBUG --> [REQ_ID=544e1dc9b4cc] [LIFECYCLE][START] GET https://www.mymiwallet.com/index.php/API/Alerts/fetchEmailAlerts

[1 occurrence(s)]
DEBUG --> [REQ_ID=544e1dc9b4cc] [REQUEST][END]

[1 occurrence(s)]
DEBUG --> [REQ_ID=556af2f5fd7d] [REQUEST][START] GET /

[1 occurrence(s)]
DEBUG --> [REQ_ID=556af2f5fd7d] [FILTER_BEFORE] /

[1 occurrence(s)]
DEBUG --> [REQ_ID=556af2f5fd7d] [ROUTE] Controller=\App\Controllers\Home Method=index

[1 occurrence(s)]
DEBUG --> [REQ_ID=556af2f5fd7d] [LIFECYCLE][START] GET https://www.mymiwallet.com/index.php/

[1 occurrence(s)]
DEBUG --> [CSRF] token name=csrf_test_name hash=611e7d4f9d5acdbcc5a8e5c12e9b43df

[1 occurrence(s)]
DEBUG --> [REQ_ID=af60b2be62c9] [INIT] App\Controllers\Home::GET

[1 occurrence(s)]
DEBUG --> [REQ_ID=af60b2be62c9] [VIEW_RENDER] themes/public/home

[1 occurrence(s)]
DEBUG --> [REQ_ID=556af2f5fd7d] [FILTER_AFTER]

[1 occurrence(s)]
DEBUG --> [REQ_ID=556af2f5fd7d] [LIFECYCLE][END] status=200 duration_ms=665.31 memory_delta=6291456

[1 occurrence(s)]
DEBUG --> [REQ_ID=556af2f5fd7d] [REQUEST][END]

[1 occurrence(s)]
DEBUG --> [REQ_ID=e3cf51eab678] [REQUEST][START] GET /

[1 occurrence(s)]
DEBUG --> [REQ_ID=e3cf51eab678] [FILTER_BEFORE] /

[1 occurrence(s)]
DEBUG --> [REQ_ID=e3cf51eab678] [ROUTE] Controller=\App\Controllers\Home Method=index

[1 occurrence(s)]
DEBUG --> [REQ_ID=e3cf51eab678] [LIFECYCLE][START] GET https://www.mymiwallet.com/index.php/

[1 occurrence(s)]
DEBUG --> [CSRF] token name=csrf_test_name hash=414d4b6106fa1a373ac8f561fff75fd9

[1 occurrence(s)]
DEBUG --> [REQ_ID=4f72bafa6be9] [INIT] App\Controllers\Home::GET

[1 occurrence(s)]
DEBUG --> [REQ_ID=4f72bafa6be9] [VIEW_RENDER] themes/public/home

[1 occurrence(s)]
DEBUG --> [REQ_ID=e3cf51eab678] [FILTER_AFTER]

[1 occurrence(s)]
DEBUG --> [REQ_ID=e3cf51eab678] [LIFECYCLE][END] status=200 duration_ms=734.60 memory_delta=6291456

[1 occurrence(s)]
DEBUG --> [REQ_ID=e3cf51eab678] [REQUEST][END]

[1 occurrence(s)]
DEBUG --> [REQ_ID=4fd672e466d3] [REQUEST][START] GET /

[1 occurrence(s)]
DEBUG --> [REQ_ID=4fd672e466d3] [FILTER_BEFORE] /

[1 occurrence(s)]
DEBUG --> [REQ_ID=4fd672e466d3] [ROUTE] Controller=\App\Controllers\Home Method=index

[1 occurrence(s)]
DEBUG --> [REQ_ID=4fd672e466d3] [LIFECYCLE][START] GET https://www.mymiwallet.com/index.php/

[1 occurrence(s)]
DEBUG --> [CSRF] token name=csrf_test_name hash=760dfb990a7494183de51b0d7296404d

[1 occurrence(s)]
DEBUG --> [REQ_ID=cbd719dbd70d] [INIT] App\Controllers\Home::GET

[1 occurrence(s)]
DEBUG --> [REQ_ID=cbd719dbd70d] [VIEW_RENDER] themes/public/home

[1 occurrence(s)]
DEBUG --> [REQ_ID=4fd672e466d3] [FILTER_AFTER]

[1 occurrence(s)]
DEBUG --> [REQ_ID=4fd672e466d3] [LIFECYCLE][END] status=200 duration_ms=711.80 memory_delta=6291456

[1 occurrence(s)]
DEBUG --> [REQ_ID=4fd672e466d3] [REQUEST][END]

[1 occurrence(s)]
DEBUG --> [REQ_ID=e2a634610e86] [REQUEST][START] GET /

[1 occurrence(s)]
DEBUG --> [REQ_ID=e2a634610e86] [FILTER_BEFORE] /

[1 occurrence(s)]
DEBUG --> [REQ_ID=e2a634610e86] [ROUTE] Controller=\App\Controllers\Home Method=index

[1 occurrence(s)]
DEBUG --> [REQ_ID=e2a634610e86] [LIFECYCLE][START] GET https://www.mymiwallet.com/index.php/

[1 occurrence(s)]
DEBUG --> [CSRF] token name=csrf_test_name hash=280fb017d7d862430e133933ce238d83

[1 occurrence(s)]
DEBUG --> [REQ_ID=13150bc2b7b9] [INIT] App\Controllers\Home::GET

[1 occurrence(s)]
DEBUG --> [REQ_ID=13150bc2b7b9] [VIEW_RENDER] themes/public/home

[1 occurrence(s)]
DEBUG --> [REQ_ID=e2a634610e86] [FILTER_AFTER]

[1 occurrence(s)]
DEBUG --> [REQ_ID=e2a634610e86] [LIFECYCLE][END] status=200 duration_ms=593.73 memory_delta=2097152

[1 occurrence(s)]
DEBUG --> [REQ_ID=e2a634610e86] [REQUEST][END]

[1 occurrence(s)]
DEBUG --> [REQ_ID=5d5b90cca34f] [REQUEST][START] GET /index.php/API/Management/Run-CRON-Tasks

[1 occurrence(s)]
DEBUG --> [REQ_ID=5d5b90cca34f] [FILTER_BEFORE] /index.php/API/Management/Run-CRON-Tasks

[1 occurrence(s)]
DEBUG --> [REQ_ID=5d5b90cca34f] [ROUTE] Controller=\App\Modules\APIs\Controllers\ManagementAPIController Method=Run_CRON_Tasks

[1 occurrence(s)]
DEBUG --> [REQ_ID=5d5b90cca34f] [LIFECYCLE][START] GET https://www.mymiwallet.com/index.php/API/Management/Run-CRON-Tasks

[1 occurrence(s)]
DEBUG --> [REQ_ID=5d5b90cca34f] [REQUEST][END]

[1 occurrence(s)]
DEBUG --> [REQ_ID=b0fae84338dc] [REQUEST][START] GET /index.php/API/Alerts/fetchEmailAlerts

[1 occurrence(s)]
DEBUG --> [REQ_ID=b0fae84338dc] [FILTER_BEFORE] /index.php/API/Alerts/fetchEmailAlerts

[1 occurrence(s)]
DEBUG --> [REQ_ID=b0fae84338dc] [ROUTE] Controller=\App\Modules\APIs\Controllers\AlertsAPIController Method=fetchEmailAlerts

[1 occurrence(s)]
DEBUG --> [REQ_ID=b0fae84338dc] [LIFECYCLE][START] GET https://www.mymiwallet.com/index.php/API/Alerts/fetchEmailAlerts

[1 occurrence(s)]
DEBUG --> [REQ_ID=b0fae84338dc] [REQUEST][END]

[1 occurrence(s)]
DEBUG --> [REQ_ID=7875977ef1c5] [REQUEST][START] GET /

[1 occurrence(s)]
DEBUG --> [REQ_ID=7875977ef1c5] [FILTER_BEFORE] /

[1 occurrence(s)]
DEBUG --> [REQ_ID=7875977ef1c5] [ROUTE] Controller=\App\Controllers\Home Method=index

[1 occurrence(s)]
DEBUG --> [REQ_ID=7875977ef1c5] [LIFECYCLE][START] GET https://www.mymiwallet.com/index.php/

[1 occurrence(s)]
DEBUG --> [CSRF] token name=csrf_test_name hash=738f3773b54b551c2f3995cae34db2c3

[1 occurrence(s)]
DEBUG --> [REQ_ID=c8d8454d52d4] [INIT] App\Controllers\Home::GET

[1 occurrence(s)]
DEBUG --> [REQ_ID=c8d8454d52d4] [VIEW_RENDER] themes/public/home

[1 occurrence(s)]
DEBUG --> [REQ_ID=7875977ef1c5] [FILTER_AFTER]

[1 occurrence(s)]
DEBUG --> [REQ_ID=7875977ef1c5] [LIFECYCLE][END] status=200 duration_ms=687.63 memory_delta=6291456

[1 occurrence(s)]
DEBUG --> [REQ_ID=7875977ef1c5] [REQUEST][END]

[1 occurrence(s)]
DEBUG --> [REQ_ID=307fbecc705c] [REQUEST][START] GET /

[1 occurrence(s)]
DEBUG --> [REQ_ID=307fbecc705c] [FILTER_BEFORE] /

[1 occurrence(s)]
DEBUG --> [REQ_ID=307fbecc705c] [ROUTE] Controller=\App\Controllers\Home Method=index

[1 occurrence(s)]
DEBUG --> [REQ_ID=307fbecc705c] [LIFECYCLE][START] GET https://www.mymiwallet.com/index.php/

[1 occurrence(s)]
DEBUG --> [CSRF] token name=csrf_test_name hash=1ebeb140fd793e7b285ade750e0f49fd

[1 occurrence(s)]
DEBUG --> [REQ_ID=c70b54807223] [INIT] App\Controllers\Home::GET

[1 occurrence(s)]
DEBUG --> [REQ_ID=c70b54807223] [VIEW_RENDER] themes/public/home

[1 occurrence(s)]
DEBUG --> [REQ_ID=307fbecc705c] [FILTER_AFTER]

[1 occurrence(s)]
DEBUG --> [REQ_ID=307fbecc705c] [LIFECYCLE][END] status=200 duration_ms=556.25 memory_delta=4194304

[1 occurrence(s)]
DEBUG --> [REQ_ID=307fbecc705c] [REQUEST][END]

[1 occurrence(s)]
DEBUG --> [REQ_ID=23ae37512f74] [REQUEST][START] GET /

[1 occurrence(s)]
DEBUG --> [REQ_ID=23ae37512f74] [FILTER_BEFORE] /

[1 occurrence(s)]
DEBUG --> [REQ_ID=23ae37512f74] [ROUTE] Controller=\App\Controllers\Home Method=index

[1 occurrence(s)]
DEBUG --> [REQ_ID=23ae37512f74] [LIFECYCLE][START] GET https://www.mymiwallet.com/index.php/

[1 occurrence(s)]
DEBUG --> [CSRF] token name=csrf_test_name hash=d65b51bcef64a8974d5f8d8f7ef27f2f

[1 occurrence(s)]
DEBUG --> [REQ_ID=b3a674a2eb6d] [INIT] App\Controllers\Home::GET

[1 occurrence(s)]
DEBUG --> [REQ_ID=b3a674a2eb6d] [VIEW_RENDER] themes/public/home

[1 occurrence(s)]
DEBUG --> [REQ_ID=23ae37512f74] [FILTER_AFTER]

[1 occurrence(s)]
DEBUG --> [REQ_ID=23ae37512f74] [LIFECYCLE][END] status=200 duration_ms=552.93 memory_delta=2097152

[1 occurrence(s)]
DEBUG --> [REQ_ID=23ae37512f74] [REQUEST][END]

[1 occurrence(s)]
DEBUG --> [REQ_ID=5b962868902b] [REQUEST][START] GET /index.php/Privacy-Policy

[1 occurrence(s)]
DEBUG --> [REQ_ID=5b962868902b] [REQUEST][END]

[1 occurrence(s)]
DEBUG --> [REQ_ID=8160b1f949bb] [REQUEST][START] GET /

[1 occurrence(s)]
DEBUG --> [REQ_ID=8160b1f949bb] [FILTER_BEFORE] /

[1 occurrence(s)]
DEBUG --> [REQ_ID=8160b1f949bb] [ROUTE] Controller=\App\Controllers\Home Method=index

[1 occurrence(s)]
DEBUG --> [REQ_ID=8160b1f949bb] [LIFECYCLE][START] GET https://www.mymiwallet.com/index.php/

[1 occurrence(s)]
DEBUG --> [CSRF] token name=csrf_test_name hash=088f9accd8525dd46976d6b2edc4d5b5

[1 occurrence(s)]
DEBUG --> [REQ_ID=1720120e8694] [INIT] App\Controllers\Home::GET

[1 occurrence(s)]
DEBUG --> [REQ_ID=1720120e8694] [VIEW_RENDER] themes/public/home

[1 occurrence(s)]
DEBUG --> [REQ_ID=8160b1f949bb] [FILTER_AFTER]

[1 occurrence(s)]
DEBUG --> [REQ_ID=8160b1f949bb] [LIFECYCLE][END] status=200 duration_ms=629.69 memory_delta=6291456

[1 occurrence(s)]
DEBUG --> [REQ_ID=8160b1f949bb] [REQUEST][END]

[1 occurrence(s)]
DEBUG --> [REQ_ID=7ec6f41406d5] [REQUEST][START] GET /

[1 occurrence(s)]
DEBUG --> [REQ_ID=7ec6f41406d5] [FILTER_BEFORE] /

[1 occurrence(s)]
DEBUG --> [REQ_ID=7ec6f41406d5] [ROUTE] Controller=\App\Controllers\Home Method=index

[1 occurrence(s)]
DEBUG --> [REQ_ID=7ec6f41406d5] [LIFECYCLE][START] GET https://www.mymiwallet.com/index.php/

[1 occurrence(s)]
DEBUG --> [CSRF] token name=csrf_test_name hash=4a0607e0c7e93ae355fce984f29e7679

[1 occurrence(s)]
DEBUG --> [REQ_ID=84e90a3101bd] [INIT] App\Controllers\Home::GET

[1 occurrence(s)]
DEBUG --> [REQ_ID=84e90a3101bd] [VIEW_RENDER] themes/public/home

[1 occurrence(s)]
DEBUG --> [REQ_ID=7ec6f41406d5] [FILTER_AFTER]

[1 occurrence(s)]
DEBUG --> [REQ_ID=7ec6f41406d5] [LIFECYCLE][END] status=200 duration_ms=757.01 memory_delta=6291456

[1 occurrence(s)]
DEBUG --> [REQ_ID=7ec6f41406d5] [REQUEST][END]

[1 occurrence(s)]
DEBUG --> [REQ_ID=107c33370f5c] [REQUEST][START] GET /index.php/API/Management/Run-CRON-Tasks

[1 occurrence(s)]
DEBUG --> [REQ_ID=107c33370f5c] [FILTER_BEFORE] /index.php/API/Management/Run-CRON-Tasks

[1 occurrence(s)]
DEBUG --> [REQ_ID=107c33370f5c] [ROUTE] Controller=\App\Modules\APIs\Controllers\ManagementAPIController Method=Run_CRON_Tasks

[1 occurrence(s)]
DEBUG --> [REQ_ID=107c33370f5c] [LIFECYCLE][START] GET https://www.mymiwallet.com/index.php/API/Management/Run-CRON-Tasks

[1 occurrence(s)]
DEBUG --> [REQ_ID=107c33370f5c] [REQUEST][END]


---------------------------
LEVEL: INFO
---------------------------

[1 occurrence(s)]
INFO --> [REQ_ID=8d54314d6ae6] [PERF] Execution time=0.057240

[1 occurrence(s)]
INFO --> [REQ_ID=04da16515ab6] [MEMORY][controller-start] 4194304

[1 occurrence(s)]
INFO --> [REQ_ID=04da16515ab6] [MEMORY][commonData:start] 6291456

[1 occurrence(s)]
INFO --> [PERF][HOME] buildCommonData complete in 627.87ms

[1 occurrence(s)]
INFO --> [PERF][HOME] index commonData done in 628.5ms

[1 occurrence(s)]
INFO --> [REQ_ID=04da16515ab6] [MEMORY][commonData:start] 8388608

[5 occurrence(s)]
INFO --> themesMemory usage: 8388608

[1 occurrence(s)]
INFO --> [PERF][HOME] index renderTheme done in 6.74ms

[1 occurrence(s)]
INFO --> [REQ_ID=04da16515ab6] [PERF] Execution time=0.706031

[1 occurrence(s)]
INFO --> [REQ_ID=c7073fe59128] [PERF] Execution time=0.721051

[1 occurrence(s)]
INFO --> [REQ_ID=c6e38fd8286d] [PERF] Execution time=0.009657

[1 occurrence(s)]
INFO --> [REQ_ID=43b41fca30d2] [PERF] Execution time=0.012601

[1 occurrence(s)]
INFO --> [REQ_ID=a58c1d5b2440] [MEMORY][controller-start] 4194304

[1 occurrence(s)]
INFO --> [REQ_ID=a58c1d5b2440] [PERF] Execution time=0.143197

[1 occurrence(s)]
INFO --> [REQ_ID=fb6ec1ca8837] [PERF] Execution time=0.154713

[1 occurrence(s)]
INFO --> [REQ_ID=fcb673044210] [PERF] Execution time=0.046743

[1 occurrence(s)]
INFO --> [REQ_ID=894d0d0ddeec] [PERF] Execution time=0.257692

[1 occurrence(s)]
INFO --> [REQ_ID=6eda40abe59f] [PERF] Execution time=0.055701

[1 occurrence(s)]
INFO --> [REQ_ID=89c7b63aae87] [PERF] Execution time=0.052091

[1 occurrence(s)]
INFO --> [REQ_ID=3cccf613b1c8] [MEMORY][controller-start] 4194304

[1 occurrence(s)]
INFO --> [REQ_ID=3cccf613b1c8] [PERF] Execution time=0.101271

[1 occurrence(s)]
INFO --> [REQ_ID=6d92241ff8f0] [PERF] Execution time=0.115861

[1 occurrence(s)]
INFO --> [REQ_ID=71dc8dc1c0c9] [PERF] Execution time=0.012098

[1 occurrence(s)]
INFO --> [REQ_ID=779cef6b983f] [MEMORY][controller-start] 4194304

[1 occurrence(s)]
INFO --> [REQ_ID=779cef6b983f] [PERF] Execution time=0.044438

[1 occurrence(s)]
INFO --> [REQ_ID=9fee384ea16a] [PERF] Execution time=0.054833

[1 occurrence(s)]
INFO --> [REQ_ID=60aac6475d4f] [PERF] Execution time=0.017222

[1 occurrence(s)]
INFO --> [REQ_ID=93d354b2b43c] [MEMORY][controller-start] 4194304

[1 occurrence(s)]
INFO --> [REQ_ID=93d354b2b43c] [MEMORY][commonData:start] 6291456

[1 occurrence(s)]
INFO --> [PERF][HOME] buildCommonData complete in 454.63ms

[1 occurrence(s)]
INFO --> [PERF][HOME] index commonData done in 455.2ms

[1 occurrence(s)]
INFO --> [REQ_ID=93d354b2b43c] [MEMORY][commonData:start] 10485760

[10 occurrence(s)]
INFO --> themesMemory usage: 10485760

[1 occurrence(s)]
INFO --> [PERF][HOME] index renderTheme done in 20.84ms

[1 occurrence(s)]
INFO --> [REQ_ID=93d354b2b43c] [PERF] Execution time=0.617129

[1 occurrence(s)]
INFO --> [REQ_ID=f045dbd8b9ff] [PERF] Execution time=0.655435

[1 occurrence(s)]
INFO --> [REQ_ID=55d444411501] [PERF] Execution time=0.034653

[1 occurrence(s)]
INFO --> [REQ_ID=9e00e8080a07] [PERF] Execution time=0.056750

[1 occurrence(s)]
INFO --> [REQ_ID=cc7f91044593] [PERF] Execution time=0.045049

[1 occurrence(s)]
INFO --> [REQ_ID=8d8fe8ee5946] [PERF] Execution time=0.037057

[1 occurrence(s)]
INFO --> [REQ_ID=e4e377022da1] [PERF] Execution time=0.056452

[1 occurrence(s)]
INFO --> [REQ_ID=bd91152edff7] [PERF] Execution time=0.033543

[1 occurrence(s)]
INFO --> [REQ_ID=6e2ecac0a7bc] [PERF] Execution time=0.095947

[1 occurrence(s)]
INFO --> [REQ_ID=d9f8c0831f74] [MEMORY][controller-start] 4194304

[1 occurrence(s)]
INFO --> [REQ_ID=d9f8c0831f74] [MEMORY][commonData:start] 6291456

[1 occurrence(s)]
INFO --> [PERF][HOME] buildCommonData complete in 560.98ms

[1 occurrence(s)]
INFO --> [PERF][HOME] index commonData done in 561.38ms

[1 occurrence(s)]
INFO --> [REQ_ID=d9f8c0831f74] [MEMORY][commonData:start] 8388608

[1 occurrence(s)]
INFO --> [PERF][HOME] index renderTheme done in 18.71ms

[1 occurrence(s)]
INFO --> [REQ_ID=d9f8c0831f74] [PERF] Execution time=0.614517

[1 occurrence(s)]
INFO --> [REQ_ID=ee15dbd2fefc] [PERF] Execution time=0.632070

[1 occurrence(s)]
INFO --> [REQ_ID=879153cb329f] [PERF] Execution time=0.043823

[1 occurrence(s)]
INFO --> [REQ_ID=d156882e6ba8] [MEMORY][controller-start] 4194304

[1 occurrence(s)]
INFO --> [REQ_ID=d156882e6ba8] [MEMORY][commonData:start] 6291456

[1 occurrence(s)]
INFO --> [PERF][HOME] buildCommonData complete in 584.72ms

[1 occurrence(s)]
INFO --> [PERF][HOME] index commonData done in 585.11ms

[1 occurrence(s)]
INFO --> [REQ_ID=d156882e6ba8] [MEMORY][commonData:start] 10485760

[1 occurrence(s)]
INFO --> [PERF][HOME] index renderTheme done in 6.25ms

[1 occurrence(s)]
INFO --> [REQ_ID=d156882e6ba8] [PERF] Execution time=0.669199

[1 occurrence(s)]
INFO --> [REQ_ID=efbde5e4e0e5] [PERF] Execution time=0.709198

[1 occurrence(s)]
INFO --> [REQ_ID=03fefe7d59c9] [PERF] Execution time=0.054187

[1 occurrence(s)]
INFO --> [REQ_ID=f3c7db9f9b23] [PERF] Execution time=0.044368

[1 occurrence(s)]
INFO --> [REQ_ID=ab4141aae939] [MEMORY][controller-start] 4194304

[1 occurrence(s)]
INFO --> [REQ_ID=ab4141aae939] [MEMORY][commonData:start] 6291456

[1 occurrence(s)]
INFO --> [PERF][HOME] buildCommonData complete in 486.01ms

[1 occurrence(s)]
INFO --> [PERF][HOME] index commonData done in 486.69ms

[1 occurrence(s)]
INFO --> [REQ_ID=ab4141aae939] [MEMORY][commonData:start] 10485760

[1 occurrence(s)]
INFO --> [PERF][HOME] index renderTheme done in 19.05ms

[1 occurrence(s)]
INFO --> [REQ_ID=ab4141aae939] [PERF] Execution time=0.592600

[1 occurrence(s)]
INFO --> [REQ_ID=5fe3c30896f6] [PERF] Execution time=0.631028

[1 occurrence(s)]
INFO --> [REQ_ID=63b998dbf996] [MEMORY][controller-start] 4194304

[1 occurrence(s)]
INFO --> [REQ_ID=63b998dbf996] [MEMORY][commonData:start] 6291456

[1 occurrence(s)]
INFO --> [PERF][HOME] buildCommonData complete in 610.48ms

[1 occurrence(s)]
INFO --> [PERF][HOME] index commonData done in 610.83ms

[1 occurrence(s)]
INFO --> [REQ_ID=63b998dbf996] [MEMORY][commonData:start] 10485760

[1 occurrence(s)]
INFO --> [PERF][HOME] index renderTheme done in 7.18ms

[1 occurrence(s)]
INFO --> [REQ_ID=63b998dbf996] [PERF] Execution time=0.755991

[1 occurrence(s)]
INFO --> [REQ_ID=da6024859df1] [PERF] Execution time=0.794927

[1 occurrence(s)]
INFO --> [REQ_ID=e1d0d6bab926] [PERF] Execution time=0.058084

[1 occurrence(s)]
INFO --> [REQ_ID=544e1dc9b4cc] [PERF] Execution time=0.042609

[1 occurrence(s)]
INFO --> [REQ_ID=af60b2be62c9] [MEMORY][controller-start] 4194304

[1 occurrence(s)]
INFO --> [REQ_ID=af60b2be62c9] [MEMORY][commonData:start] 6291456

[1 occurrence(s)]
INFO --> [PERF][HOME] buildCommonData complete in 589.46ms

[1 occurrence(s)]
INFO --> [PERF][HOME] index commonData done in 589.94ms

[1 occurrence(s)]
INFO --> [REQ_ID=af60b2be62c9] [MEMORY][commonData:start] 10485760

[1 occurrence(s)]
INFO --> [PERF][HOME] index renderTheme done in 21.17ms

[1 occurrence(s)]
INFO --> [REQ_ID=af60b2be62c9] [PERF] Execution time=0.667389

[1 occurrence(s)]
INFO --> [REQ_ID=556af2f5fd7d] [PERF] Execution time=0.704072

[1 occurrence(s)]
INFO --> [REQ_ID=4f72bafa6be9] [MEMORY][controller-start] 4194304

[1 occurrence(s)]
INFO --> [REQ_ID=4f72bafa6be9] [MEMORY][commonData:start] 6291456

[1 occurrence(s)]
INFO --> [PERF][HOME] buildCommonData complete in 594.74ms

[1 occurrence(s)]
INFO --> [PERF][HOME] index commonData done in 595.24ms

[1 occurrence(s)]
INFO --> [REQ_ID=4f72bafa6be9] [MEMORY][commonData:start] 10485760

[1 occurrence(s)]
INFO --> [PERF][HOME] index renderTheme done in 7.33ms

[1 occurrence(s)]
INFO --> [REQ_ID=4f72bafa6be9] [PERF] Execution time=0.736078

[1 occurrence(s)]
INFO --> [REQ_ID=e3cf51eab678] [PERF] Execution time=0.773600

[1 occurrence(s)]
INFO --> [REQ_ID=cbd719dbd70d] [MEMORY][controller-start] 4194304

[1 occurrence(s)]
INFO --> [REQ_ID=cbd719dbd70d] [MEMORY][commonData:start] 6291456

[1 occurrence(s)]
INFO --> [PERF][HOME] buildCommonData complete in 575.97ms

[1 occurrence(s)]
INFO --> [PERF][HOME] index commonData done in 576.41ms

[1 occurrence(s)]
INFO --> [REQ_ID=cbd719dbd70d] [MEMORY][commonData:start] 10485760

[1 occurrence(s)]
INFO --> [PERF][HOME] index renderTheme done in 7.66ms

[1 occurrence(s)]
INFO --> [REQ_ID=cbd719dbd70d] [PERF] Execution time=0.712773

[1 occurrence(s)]
INFO --> [REQ_ID=4fd672e466d3] [PERF] Execution time=0.751487

[1 occurrence(s)]
INFO --> [REQ_ID=13150bc2b7b9] [MEMORY][controller-start] 6291456

[1 occurrence(s)]
INFO --> [REQ_ID=13150bc2b7b9] [MEMORY][commonData:start] 6291456

[1 occurrence(s)]
INFO --> [PERF][HOME] buildCommonData complete in 515.09ms

[1 occurrence(s)]
INFO --> [PERF][HOME] index commonData done in 515.53ms

[1 occurrence(s)]
INFO --> [REQ_ID=13150bc2b7b9] [MEMORY][commonData:start] 8388608

[1 occurrence(s)]
INFO --> [PERF][HOME] index renderTheme done in 6.24ms

[1 occurrence(s)]
INFO --> [REQ_ID=13150bc2b7b9] [PERF] Execution time=0.593564

[1 occurrence(s)]
INFO --> [REQ_ID=e2a634610e86] [PERF] Execution time=0.603544

[1 occurrence(s)]
INFO --> [REQ_ID=5d5b90cca34f] [PERF] Execution time=0.058744

[1 occurrence(s)]
INFO --> [REQ_ID=b0fae84338dc] [PERF] Execution time=0.043961

[1 occurrence(s)]
INFO --> [REQ_ID=c8d8454d52d4] [MEMORY][controller-start] 4194304

[1 occurrence(s)]
INFO --> [REQ_ID=c8d8454d52d4] [MEMORY][commonData:start] 6291456

[1 occurrence(s)]
INFO --> [PERF][HOME] buildCommonData complete in 601.59ms

[1 occurrence(s)]
INFO --> [PERF][HOME] index commonData done in 602.03ms

[1 occurrence(s)]
INFO --> [REQ_ID=c8d8454d52d4] [MEMORY][commonData:start] 10485760

[1 occurrence(s)]
INFO --> [PERF][HOME] index renderTheme done in 6.31ms

[1 occurrence(s)]
INFO --> [REQ_ID=c8d8454d52d4] [PERF] Execution time=0.688586

[1 occurrence(s)]
INFO --> [REQ_ID=7875977ef1c5] [PERF] Execution time=0.728784

[1 occurrence(s)]
INFO --> [REQ_ID=c70b54807223] [MEMORY][controller-start] 4194304

[1 occurrence(s)]
INFO --> [REQ_ID=c70b54807223] [MEMORY][commonData:start] 4194304

[1 occurrence(s)]
INFO --> [PERF][HOME] buildCommonData complete in 528.72ms

[1 occurrence(s)]
INFO --> [PERF][HOME] index commonData done in 529.18ms

[1 occurrence(s)]
INFO --> [REQ_ID=c70b54807223] [MEMORY][commonData:start] 8388608

[1 occurrence(s)]
INFO --> [PERF][HOME] index renderTheme done in 4.84ms

[1 occurrence(s)]
INFO --> [REQ_ID=c70b54807223] [PERF] Execution time=0.556268

[1 occurrence(s)]
INFO --> [REQ_ID=307fbecc705c] [PERF] Execution time=0.566122

[1 occurrence(s)]
INFO --> [REQ_ID=b3a674a2eb6d] [MEMORY][controller-start] 6291456

[1 occurrence(s)]
INFO --> [REQ_ID=b3a674a2eb6d] [MEMORY][commonData:start] 6291456

[1 occurrence(s)]
INFO --> [PERF][HOME] buildCommonData complete in 536.58ms

[1 occurrence(s)]
INFO --> [PERF][HOME] index commonData done in 536.97ms

[1 occurrence(s)]
INFO --> [REQ_ID=b3a674a2eb6d] [MEMORY][commonData:start] 8388608

[1 occurrence(s)]
INFO --> [PERF][HOME] index renderTheme done in 4.65ms

[1 occurrence(s)]
INFO --> [REQ_ID=b3a674a2eb6d] [PERF] Execution time=0.552733

[1 occurrence(s)]
INFO --> [REQ_ID=23ae37512f74] [PERF] Execution time=0.562511

[1 occurrence(s)]
INFO --> [REQ_ID=5b962868902b] [PERF] Execution time=0.039986

[1 occurrence(s)]
INFO --> [REQ_ID=1720120e8694] [MEMORY][controller-start] 4194304

[1 occurrence(s)]
INFO --> [REQ_ID=1720120e8694] [MEMORY][commonData:start] 6291456

[1 occurrence(s)]
INFO --> [PERF][HOME] buildCommonData complete in 555.17ms

[1 occurrence(s)]
INFO --> [PERF][HOME] index commonData done in 555.68ms

[1 occurrence(s)]
INFO --> [REQ_ID=1720120e8694] [MEMORY][commonData:start] 10485760

[1 occurrence(s)]
INFO --> [PERF][HOME] index renderTheme done in 19.54ms

[1 occurrence(s)]
INFO --> [REQ_ID=1720120e8694] [PERF] Execution time=0.631390

[1 occurrence(s)]
INFO --> [REQ_ID=8160b1f949bb] [PERF] Execution time=0.672821

[1 occurrence(s)]
INFO --> [REQ_ID=84e90a3101bd] [MEMORY][controller-start] 4194304

[1 occurrence(s)]
INFO --> [REQ_ID=84e90a3101bd] [MEMORY][commonData:start] 6291456

[1 occurrence(s)]
INFO --> [PERF][HOME] buildCommonData complete in 560.43ms

[1 occurrence(s)]
INFO --> [PERF][HOME] index commonData done in 560.95ms

[1 occurrence(s)]
INFO --> [REQ_ID=84e90a3101bd] [MEMORY][commonData:start] 10485760

[1 occurrence(s)]
INFO --> [PERF][HOME] index renderTheme done in 7.15ms

[1 occurrence(s)]
INFO --> [REQ_ID=84e90a3101bd] [PERF] Execution time=0.758271

[1 occurrence(s)]
INFO --> [REQ_ID=7ec6f41406d5] [PERF] Execution time=0.795882

[1 occurrence(s)]
INFO --> [SPARK_START] App\Commands\AIOps\Run

[3 occurrence(s)]
INFO --> [SPARK_MEMORY] 18874368

[1 occurrence(s)]
INFO --> [spark:aiops:run] Intent

[1 occurrence(s)]
INFO --> [REQ_ID=107c33370f5c] [PERF] Execution time=0.162006

[1 occurrence(s)]
INFO --> [spark:ops:work] Started

[1 occurrence(s)]
INFO --> [SPARK_START] App\Commands\Ops\Work

[1 occurrence(s)]
INFO --> [spark:ops:work] Intent

[1 occurrence(s)]
INFO --> [spark:ops:work] Completed

[1 occurrence(s)]
INFO --> [SPARK_COMPLETE] App\Commands\Ops\Work duration=0.069734

[1 occurrence(s)]
INFO --> [SPARK_MEMORY] 20971520

[1 occurrence(s)]
INFO --> [AIOPS][SPARK][GOVERNANCE][spark:logs:summarize] Started

[1 occurrence(s)]
INFO --> [SPARK_START] App\Commands\Logs\Summarize

[1 occurrence(s)]
INFO --> [spark:logs:summarize] Intent


---------------------------
LEVEL: ERROR
---------------------------

[2 occurrence(s)]
ERROR --> [404_ROUTE]


===============================================
   HERE'S THE NEW STUFF
   (No previous timestamp recorded – nothing treated as new)
===============================================

---- CONFIG LINT ----
✅ Services::cache
✅ Services::responsecache
✅ Services::session
✅ Services::email
✅ Services::logger
✅ Services::validation
✅ Services::renderer
