===============================================
   MyMI Wallet — Log Summary for 2026-02-17
   Auto-generated by logs:summarize command
   Grouped by (LEVEL + message)
===============================================

Last processed up to: 2026-02-17 12:00:03

---------------------------
LEVEL: INFO
---------------------------

[1 occurrence(s)]
INFO --> LOG_HEALTHCHECK file probe marker=eb2408b4e5bb

[1 occurrence(s)]
INFO --> LOG_HEALTHCHECK file probe marker=ea0f17869c2c

[1 occurrence(s)]
INFO --> LOG_HEALTHCHECK file probe marker=99c3ec920fac

[1 occurrence(s)]
INFO --> LOG_HEALTHCHECK file probe marker=802f1d634411

[1 occurrence(s)]
INFO --> LOG_HEALTHCHECK file probe marker=1bed590682eb

[1 occurrence(s)]
INFO --> LOG_HEALTHCHECK file probe marker=c77622913316

[1 occurrence(s)]
INFO --> LOG_HEALTHCHECK file probe marker=a1d5d828e9e5


===============================================
   HERE'S THE NEW STUFF
   (Entries logged AFTER 2026-02-17 12:00:03)
===============================================

---------------------------
LEVEL: INFO (NEW)
---------------------------

[1 NEW occurrence(s)]
INFO --> LOG_HEALTHCHECK file probe marker=a1d5d828e9e5


---- CONFIG LINT ----
✅ Services::cache
✅ Services::responsecache
✅ Services::session
✅ Services::email
✅ Services::logger
✅ Services::validation
✅ Services::renderer
