===============================================
   MyMI Wallet — Log Summary for 2026-04-14
   Auto-generated by logs:summarize command
   Grouped by (LEVEL + message)
===============================================

Last processed up to: <none> (first run for this date)

---------------------------
LEVEL: DEBUG
---------------------------

[1 occurrence(s)]
DEBUG --> [REQ_ID=4eeccdb609b7] [REQUEST][START] GET /index.php/API/Management/Run-CRON-Tasks

[70 occurrence(s)]
DEBUG --> Session: Class initialized using 'CodeIgniter\Session\Handlers\FileHandler' driver.

[1 occurrence(s)]
DEBUG --> [REQ_ID=4eeccdb609b7] [FILTER_BEFORE] /index.php/API/Management/Run-CRON-Tasks

[1 occurrence(s)]
DEBUG --> [REQ_ID=4eeccdb609b7] [ROUTE] Controller=\App\Modules\APIs\Controllers\ManagementAPIController Method=Run_CRON_Tasks

[1 occurrence(s)]
DEBUG --> [REQ_ID=4eeccdb609b7] [LIFECYCLE][START] GET https://mymiwallet.com/index.php/API/Management/Run-CRON-Tasks

[1 occurrence(s)]
DEBUG --> [REQ_ID=4eeccdb609b7] [REQUEST][END]

[1 occurrence(s)]
DEBUG --> [REQ_ID=7648e4044c62] [REQUEST][START] GET /index.php/API/Alerts/fetchEmailAlerts

[1 occurrence(s)]
DEBUG --> [REQ_ID=7648e4044c62] [FILTER_BEFORE] /index.php/API/Alerts/fetchEmailAlerts

[1 occurrence(s)]
DEBUG --> [REQ_ID=7648e4044c62] [ROUTE] Controller=\App\Modules\APIs\Controllers\AlertsAPIController Method=fetchEmailAlerts

[1 occurrence(s)]
DEBUG --> [REQ_ID=7648e4044c62] [LIFECYCLE][START] GET https://mymiwallet.com/index.php/API/Alerts/fetchEmailAlerts

[1 occurrence(s)]
DEBUG --> [REQ_ID=7648e4044c62] [REQUEST][END]

[1 occurrence(s)]
DEBUG --> [REQ_ID=933c41892bb4] [REQUEST][START] GET /index.php/How-It-Works

[1 occurrence(s)]
DEBUG --> [REQ_ID=933c41892bb4] [FILTER_BEFORE] /index.php/How-It-Works

[1 occurrence(s)]
DEBUG --> [REQ_ID=933c41892bb4] [ROUTE] Controller=\App\Modules\Blog\Controllers\HowItWorksController Method=index

[1 occurrence(s)]
DEBUG --> [REQ_ID=933c41892bb4] [LIFECYCLE][START] GET https://mymiwallet.com/index.php/How-It-Works

[1 occurrence(s)]
DEBUG --> [CSRF] token name=csrf_test_name hash=b2ce7aac3a5e392af24fc9a163762121

[1 occurrence(s)]
DEBUG --> [REQ_ID=db981d373330] [INIT] App\Modules\Blog\Controllers\HowItWorksController::GET

[34 occurrence(s)]
DEBUG --> [TRACE]

[1 occurrence(s)]
DEBUG --> [REQ_ID=db981d373330] [METHOD_ENTRY] index

[8 occurrence(s)]
DEBUG --> MyMIUser L52 - initialized (first log).

[8 occurrence(s)]
DEBUG --> [SERVICE] App\Services\BudgetService ::setUserId

[8 occurrence(s)]
DEBUG --> MyMICoin initialized ONCE

[8 occurrence(s)]
DEBUG --> MyMICoin: guest context detected; skipping user-specific preload.

[1 occurrence(s)]
DEBUG --> [HOW_IT_WORKS] slug=overview

[1 occurrence(s)]
DEBUG --> [REQ_ID=933c41892bb4] [FILTER_AFTER]

[1 occurrence(s)]
DEBUG --> [REQ_ID=933c41892bb4] [LIFECYCLE][END] status=200 duration_ms=606.05 memory_delta=6291456

[1 occurrence(s)]
DEBUG --> [REQ_ID=933c41892bb4] [REQUEST][END]

[1 occurrence(s)]
DEBUG --> [REQ_ID=fac5c6a01d83] [REQUEST][START] GET /index.php/Blog

[1 occurrence(s)]
DEBUG --> [REQ_ID=fac5c6a01d83] [FILTER_BEFORE] /index.php/Blog

[1 occurrence(s)]
DEBUG --> [REQ_ID=fac5c6a01d83] [ROUTE] Controller=\App\Modules\PropFirms\Controllers\PropFirmsController Method=index

[1 occurrence(s)]
DEBUG --> [REQ_ID=fac5c6a01d83] [LIFECYCLE][START] GET https://mymiwallet.com/index.php/Blog

[1 occurrence(s)]
DEBUG --> [CSRF] token name=csrf_test_name hash=182b98fad0f3aa3508a9e8929b61c5f5

[1 occurrence(s)]
DEBUG --> LoginFilter redirecting guest to login from: https://mymiwallet.com/index.php/Blog

[1 occurrence(s)]
DEBUG --> [REQ_ID=fac5c6a01d83] [REQUEST][END]

[1 occurrence(s)]
DEBUG --> [REQ_ID=977c4b549d7c] [REQUEST][START] GET /index.php/login

[1 occurrence(s)]
DEBUG --> [REQ_ID=977c4b549d7c] [FILTER_BEFORE] /index.php/login

[1 occurrence(s)]
DEBUG --> [REQ_ID=977c4b549d7c] [ROUTE] Controller=\App\Controllers\AuthController Method=login

[1 occurrence(s)]
DEBUG --> [REQ_ID=977c4b549d7c] [LIFECYCLE][START] GET https://mymiwallet.com/index.php/login

[1 occurrence(s)]
DEBUG --> [CSRF] token name=csrf_test_name hash=0e8887fbeb75d16742915f5e69cc9106

[1 occurrence(s)]
DEBUG --> [REQ_ID=062b66247ece] [INIT] App\Controllers\AuthController::GET

[1 occurrence(s)]
DEBUG --> [REQ_ID=977c4b549d7c] [FILTER_AFTER]

[1 occurrence(s)]
DEBUG --> [REQ_ID=977c4b549d7c] [LIFECYCLE][END] status=200 duration_ms=78.45 memory_delta=0

[1 occurrence(s)]
DEBUG --> [REQ_ID=977c4b549d7c] [REQUEST][END]

[1 occurrence(s)]
DEBUG --> [REQ_ID=273b3a23b0fe] [REQUEST][START] GET /index.php/How-To-Guides

[1 occurrence(s)]
DEBUG --> [REQ_ID=273b3a23b0fe] [FILTER_BEFORE] /index.php/How-To-Guides

[1 occurrence(s)]
DEBUG --> [REQ_ID=273b3a23b0fe] [ROUTE] Controller=\App\Modules\PropFirms\Controllers\PropFirmsController Method=index

[1 occurrence(s)]
DEBUG --> [REQ_ID=273b3a23b0fe] [LIFECYCLE][START] GET https://mymiwallet.com/index.php/How-To-Guides

[1 occurrence(s)]
DEBUG --> [CSRF] token name=csrf_test_name hash=3a08a569abd19daaeef778b9ac1a6269

[1 occurrence(s)]
DEBUG --> [REQ_ID=273b3a23b0fe] [REQUEST][END]

[1 occurrence(s)]
DEBUG --> [REQ_ID=701deb4a3754] [REQUEST][START] GET /index.php/login

[1 occurrence(s)]
DEBUG --> [REQ_ID=701deb4a3754] [FILTER_BEFORE] /index.php/login

[1 occurrence(s)]
DEBUG --> [REQ_ID=701deb4a3754] [ROUTE] Controller=\App\Controllers\AuthController Method=login

[1 occurrence(s)]
DEBUG --> [REQ_ID=701deb4a3754] [LIFECYCLE][START] GET https://mymiwallet.com/index.php/login

[1 occurrence(s)]
DEBUG --> [CSRF] token name=csrf_test_name hash=36208a6149beb429937da0b8bdc50768

[1 occurrence(s)]
DEBUG --> [REQ_ID=c9f27dc04ce6] [INIT] App\Controllers\AuthController::GET

[1 occurrence(s)]
DEBUG --> [REQ_ID=701deb4a3754] [FILTER_AFTER]

[1 occurrence(s)]
DEBUG --> [REQ_ID=701deb4a3754] [LIFECYCLE][END] status=200 duration_ms=227.15 memory_delta=0

[1 occurrence(s)]
DEBUG --> [REQ_ID=701deb4a3754] [REQUEST][END]

[1 occurrence(s)]
DEBUG --> [REQ_ID=916b345e2346] [REQUEST][START] GET /index.php/How-It-Works/Daily-Financial-News

[1 occurrence(s)]
DEBUG --> [REQ_ID=916b345e2346] [FILTER_BEFORE] /index.php/How-It-Works/Daily-Financial-News

[1 occurrence(s)]
DEBUG --> [REQ_ID=916b345e2346] [ROUTE] Controller=\App\Modules\Blog\Controllers\HowItWorksController Method=show

[1 occurrence(s)]
DEBUG --> [REQ_ID=916b345e2346] [LIFECYCLE][START] GET https://mymiwallet.com/index.php/How-It-Works/Daily-Financial-News

[1 occurrence(s)]
DEBUG --> [CSRF] token name=csrf_test_name hash=d11ed0922a121740e04db9e6c669f470

[1 occurrence(s)]
DEBUG --> [REQ_ID=926b0ba4828d] [INIT] App\Modules\Blog\Controllers\HowItWorksController::GET

[1 occurrence(s)]
DEBUG --> [REQ_ID=926b0ba4828d] [METHOD_ENTRY] show

[1 occurrence(s)]
DEBUG --> [HOW_IT_WORKS] slug=daily-financial-news

[1 occurrence(s)]
DEBUG --> [REQ_ID=916b345e2346] [FILTER_AFTER]

[1 occurrence(s)]
DEBUG --> [REQ_ID=916b345e2346] [LIFECYCLE][END] status=200 duration_ms=723.06 memory_delta=6291456

[1 occurrence(s)]
DEBUG --> [REQ_ID=916b345e2346] [REQUEST][END]

[1 occurrence(s)]
DEBUG --> [REQ_ID=1043c2ffc581] [REQUEST][START] GET /index.php/API/Management/Run-CRON-Tasks

[1 occurrence(s)]
DEBUG --> [REQ_ID=1043c2ffc581] [FILTER_BEFORE] /index.php/API/Management/Run-CRON-Tasks

[1 occurrence(s)]
DEBUG --> [REQ_ID=1043c2ffc581] [ROUTE] Controller=\App\Modules\APIs\Controllers\ManagementAPIController Method=Run_CRON_Tasks

[1 occurrence(s)]
DEBUG --> [REQ_ID=1043c2ffc581] [LIFECYCLE][START] GET https://mymiwallet.com/index.php/API/Management/Run-CRON-Tasks

[1 occurrence(s)]
DEBUG --> [REQ_ID=1043c2ffc581] [REQUEST][END]

[1 occurrence(s)]
DEBUG --> [REQ_ID=cade671d1905] [REQUEST][START] GET /index.php/How-It-Works/assets/avatar-1.jpg

[1 occurrence(s)]
DEBUG --> [REQ_ID=cade671d1905] [REQUEST][END]

[1 occurrence(s)]
DEBUG --> [REQ_ID=c76127732cc0] [REQUEST][START] GET /index.php/How-It-Works/assets/avatar-1.jpg

[1 occurrence(s)]
DEBUG --> [REQ_ID=c76127732cc0] [REQUEST][END]

[1 occurrence(s)]
DEBUG --> [REQ_ID=034ca5bdd300] [REQUEST][START] GET /index.php

[1 occurrence(s)]
DEBUG --> [REQ_ID=034ca5bdd300] [REQUEST][END]

[1 occurrence(s)]
DEBUG --> [REQ_ID=6a8b8a7eed37] [REQUEST][START] GET /index.php/API/Alerts/fetchEmailAlerts

[1 occurrence(s)]
DEBUG --> [REQ_ID=6a8b8a7eed37] [FILTER_BEFORE] /index.php/API/Alerts/fetchEmailAlerts

[1 occurrence(s)]
DEBUG --> [REQ_ID=6a8b8a7eed37] [ROUTE] Controller=\App\Modules\APIs\Controllers\AlertsAPIController Method=fetchEmailAlerts

[1 occurrence(s)]
DEBUG --> [REQ_ID=6a8b8a7eed37] [LIFECYCLE][START] GET https://mymiwallet.com/index.php/API/Alerts/fetchEmailAlerts

[1 occurrence(s)]
DEBUG --> [REQ_ID=6a8b8a7eed37] [REQUEST][END]

[1 occurrence(s)]
DEBUG --> [REQ_ID=f0e3e76409e1] [REQUEST][START] GET /index.php/How-It-Works/assets/avatar-2.jpg

[1 occurrence(s)]
DEBUG --> [REQ_ID=f0e3e76409e1] [REQUEST][END]

[1 occurrence(s)]
DEBUG --> [REQ_ID=fcef93768209] [REQUEST][START] GET /index.php/How-It-Works/assets/avatar-2.jpg

[1 occurrence(s)]
DEBUG --> [REQ_ID=fcef93768209] [REQUEST][END]

[1 occurrence(s)]
DEBUG --> [REQ_ID=a1569c091e37] [REQUEST][START] GET /index.php/Wallets

[1 occurrence(s)]
DEBUG --> [REQ_ID=a1569c091e37] [REQUEST][END]

[1 occurrence(s)]
DEBUG --> [REQ_ID=1c2313da57e2] [REQUEST][START] GET /index.php/Management/Budgets

[1 occurrence(s)]
DEBUG --> [REQ_ID=1c2313da57e2] [FILTER_BEFORE] /index.php/Management/Budgets

[1 occurrence(s)]
DEBUG --> [REQ_ID=1c2313da57e2] [ROUTE] Controller=\App\Modules\Management\Controllers\BudgetsAdminController Method=index

[1 occurrence(s)]
DEBUG --> [REQ_ID=1c2313da57e2] [LIFECYCLE][START] GET https://mymiwallet.com/index.php/Management/Budgets

[1 occurrence(s)]
DEBUG --> [CSRF] token name=csrf_test_name hash=b5d8b1debd15db38599d6dc8d0b7de29

[1 occurrence(s)]
DEBUG --> [REQ_ID=1c2313da57e2] [REQUEST][END]

[1 occurrence(s)]
DEBUG --> [REQ_ID=1c78460845a0] [REQUEST][START] GET /index.php/login

[1 occurrence(s)]
DEBUG --> [REQ_ID=1c78460845a0] [FILTER_BEFORE] /index.php/login

[1 occurrence(s)]
DEBUG --> [REQ_ID=1c78460845a0] [ROUTE] Controller=\App\Controllers\AuthController Method=login

[1 occurrence(s)]
DEBUG --> [REQ_ID=1c78460845a0] [LIFECYCLE][START] GET https://mymiwallet.com/index.php/login

[1 occurrence(s)]
DEBUG --> [CSRF] token name=csrf_test_name hash=7899e1694ce8746b7966c346b5515451

[1 occurrence(s)]
DEBUG --> [REQ_ID=6d8e738fc3b9] [INIT] App\Controllers\AuthController::GET

[1 occurrence(s)]
DEBUG --> [REQ_ID=1c78460845a0] [FILTER_AFTER]

[1 occurrence(s)]
DEBUG --> [REQ_ID=1c78460845a0] [LIFECYCLE][END] status=200 duration_ms=71.47 memory_delta=0

[1 occurrence(s)]
DEBUG --> [REQ_ID=1c78460845a0] [REQUEST][END]

[1 occurrence(s)]
DEBUG --> [REQ_ID=f5ab9e2f52fb] [REQUEST][START] GET /index.php/Management/Budgets

[1 occurrence(s)]
DEBUG --> [REQ_ID=f5ab9e2f52fb] [FILTER_BEFORE] /index.php/Management/Budgets

[1 occurrence(s)]
DEBUG --> [REQ_ID=f5ab9e2f52fb] [ROUTE] Controller=\App\Modules\Management\Controllers\BudgetsAdminController Method=index

[1 occurrence(s)]
DEBUG --> [REQ_ID=f5ab9e2f52fb] [LIFECYCLE][START] GET https://mymiwallet.com/index.php/Management/Budgets

[1 occurrence(s)]
DEBUG --> [CSRF] token name=csrf_test_name hash=18ffda1cbaa1bf6d55ad56c5bd2f0520

[1 occurrence(s)]
DEBUG --> [REQ_ID=f5ab9e2f52fb] [REQUEST][END]

[1 occurrence(s)]
DEBUG --> [REQ_ID=0e24ea3bfdd5] [REQUEST][START] GET /index.php/login

[1 occurrence(s)]
DEBUG --> [REQ_ID=0e24ea3bfdd5] [FILTER_BEFORE] /index.php/login

[1 occurrence(s)]
DEBUG --> [REQ_ID=0e24ea3bfdd5] [ROUTE] Controller=\App\Controllers\AuthController Method=login

[1 occurrence(s)]
DEBUG --> [REQ_ID=0e24ea3bfdd5] [LIFECYCLE][START] GET https://mymiwallet.com/index.php/login

[1 occurrence(s)]
DEBUG --> [CSRF] token name=csrf_test_name hash=682df7c06c150d5da0ca975c51f6f9d0

[1 occurrence(s)]
DEBUG --> [REQ_ID=d830875b6158] [INIT] App\Controllers\AuthController::GET

[1 occurrence(s)]
DEBUG --> [REQ_ID=0e24ea3bfdd5] [FILTER_AFTER]

[1 occurrence(s)]
DEBUG --> [REQ_ID=0e24ea3bfdd5] [LIFECYCLE][END] status=200 duration_ms=176.86 memory_delta=0

[1 occurrence(s)]
DEBUG --> [REQ_ID=0e24ea3bfdd5] [REQUEST][END]

[1 occurrence(s)]
DEBUG --> [REQ_ID=143e1ea147c0] [REQUEST][START] GET /index.php/Knowledgebase/Integrating-Wallets

[1 occurrence(s)]
DEBUG --> [REQ_ID=143e1ea147c0] [FILTER_BEFORE] /index.php/Knowledgebase/Integrating-Wallets

[1 occurrence(s)]
DEBUG --> [REQ_ID=143e1ea147c0] [ROUTE] Controller=\App\Modules\User\Controllers\KnowledgebaseController Method=integratingWallets

[1 occurrence(s)]
DEBUG --> [REQ_ID=143e1ea147c0] [LIFECYCLE][START] GET https://mymiwallet.com/index.php/Knowledgebase/Integrating-Wallets

[1 occurrence(s)]
DEBUG --> [CSRF] token name=csrf_test_name hash=d2d27d71a711a0f6710aa1506ac64268

[1 occurrence(s)]
DEBUG --> [REQ_ID=143e1ea147c0] [REQUEST][END]

[1 occurrence(s)]
DEBUG --> [REQ_ID=6a6dd8dc8a51] [REQUEST][START] GET /index.php/login

[1 occurrence(s)]
DEBUG --> [REQ_ID=6a6dd8dc8a51] [FILTER_BEFORE] /index.php/login

[1 occurrence(s)]
DEBUG --> [REQ_ID=6a6dd8dc8a51] [ROUTE] Controller=\App\Controllers\AuthController Method=login

[1 occurrence(s)]
DEBUG --> [REQ_ID=6a6dd8dc8a51] [LIFECYCLE][START] GET https://mymiwallet.com/index.php/login

[1 occurrence(s)]
DEBUG --> [CSRF] token name=csrf_test_name hash=8fae080a639b99fa442d97fd808e1920

[1 occurrence(s)]
DEBUG --> [REQ_ID=0657e2e48c68] [INIT] App\Controllers\AuthController::GET

[1 occurrence(s)]
DEBUG --> [REQ_ID=6a6dd8dc8a51] [FILTER_AFTER]

[1 occurrence(s)]
DEBUG --> [REQ_ID=6a6dd8dc8a51] [LIFECYCLE][END] status=200 duration_ms=115.80 memory_delta=0

[1 occurrence(s)]
DEBUG --> [REQ_ID=6a6dd8dc8a51] [REQUEST][END]

[1 occurrence(s)]
DEBUG --> [REQ_ID=1eda390ceae0] [REQUEST][START] GET /index.php/API/Management/Run-CRON-Tasks

[1 occurrence(s)]
DEBUG --> [REQ_ID=1eda390ceae0] [FILTER_BEFORE] /index.php/API/Management/Run-CRON-Tasks

[1 occurrence(s)]
DEBUG --> [REQ_ID=1eda390ceae0] [ROUTE] Controller=\App\Modules\APIs\Controllers\ManagementAPIController Method=Run_CRON_Tasks

[1 occurrence(s)]
DEBUG --> [REQ_ID=1eda390ceae0] [LIFECYCLE][START] GET https://mymiwallet.com/index.php/API/Management/Run-CRON-Tasks

[1 occurrence(s)]
DEBUG --> [REQ_ID=1eda390ceae0] [REQUEST][END]

[1 occurrence(s)]
DEBUG --> [REQ_ID=be85c6df016c] [REQUEST][START] GET /index.php/Management/Marketing/Schedule

[1 occurrence(s)]
DEBUG --> [REQ_ID=be85c6df016c] [FILTER_BEFORE] /index.php/Management/Marketing/Schedule

[1 occurrence(s)]
DEBUG --> [REQ_ID=be85c6df016c] [ROUTE] Controller=\App\Modules\Management\Controllers\MarketingAdminController Method=schedule

[1 occurrence(s)]
DEBUG --> [REQ_ID=be85c6df016c] [LIFECYCLE][START] GET https://mymiwallet.com/index.php/Management/Marketing/Schedule

[1 occurrence(s)]
DEBUG --> [CSRF] token name=csrf_test_name hash=b7babdd221a65d7854bc00889aa5bda2

[1 occurrence(s)]
DEBUG --> [REQ_ID=be85c6df016c] [REQUEST][END]

[1 occurrence(s)]
DEBUG --> [REQ_ID=f791fdff232c] [REQUEST][START] GET /index.php/login

[1 occurrence(s)]
DEBUG --> [REQ_ID=f791fdff232c] [FILTER_BEFORE] /index.php/login

[1 occurrence(s)]
DEBUG --> [REQ_ID=f791fdff232c] [ROUTE] Controller=\App\Controllers\AuthController Method=login

[1 occurrence(s)]
DEBUG --> [REQ_ID=f791fdff232c] [LIFECYCLE][START] GET https://mymiwallet.com/index.php/login

[1 occurrence(s)]
DEBUG --> [CSRF] token name=csrf_test_name hash=76b6b86319383fed7e2257aef310548a

[1 occurrence(s)]
DEBUG --> [REQ_ID=03a9d3114585] [INIT] App\Controllers\AuthController::GET

[1 occurrence(s)]
DEBUG --> [REQ_ID=f791fdff232c] [FILTER_AFTER]

[1 occurrence(s)]
DEBUG --> [REQ_ID=f791fdff232c] [LIFECYCLE][END] status=200 duration_ms=226.34 memory_delta=0

[1 occurrence(s)]
DEBUG --> [REQ_ID=f791fdff232c] [REQUEST][END]

[1 occurrence(s)]
DEBUG --> [REQ_ID=68510a97c44c] [REQUEST][START] GET /index.php/API/Alerts/fetchEmailAlerts

[1 occurrence(s)]
DEBUG --> [REQ_ID=68510a97c44c] [FILTER_BEFORE] /index.php/API/Alerts/fetchEmailAlerts

[1 occurrence(s)]
DEBUG --> [REQ_ID=68510a97c44c] [ROUTE] Controller=\App\Modules\APIs\Controllers\AlertsAPIController Method=fetchEmailAlerts

[1 occurrence(s)]
DEBUG --> [REQ_ID=68510a97c44c] [LIFECYCLE][START] GET https://mymiwallet.com/index.php/API/Alerts/fetchEmailAlerts

[1 occurrence(s)]
DEBUG --> [REQ_ID=68510a97c44c] [REQUEST][END]

[1 occurrence(s)]
DEBUG --> [REQ_ID=87c8d36edc37] [REQUEST][START] GET /

[1 occurrence(s)]
DEBUG --> [REQ_ID=87c8d36edc37] [FILTER_BEFORE] /

[1 occurrence(s)]
DEBUG --> [REQ_ID=87c8d36edc37] [ROUTE] Controller=\App\Controllers\Home Method=index

[1 occurrence(s)]
DEBUG --> [REQ_ID=87c8d36edc37] [LIFECYCLE][START] GET https://mymiwallet.com/index.php/

[1 occurrence(s)]
DEBUG --> [CSRF] token name=csrf_test_name hash=118119c6cbcd828c1e6e1084c1cf401a

[1 occurrence(s)]
DEBUG --> [REQ_ID=b8a2d2ec2d61] [INIT] App\Controllers\Home::GET

[6 occurrence(s)]
DEBUG --> [MetaService] slug= pageName= cacheHit= path=FALLBACK

[1 occurrence(s)]
DEBUG --> [REQ_ID=b8a2d2ec2d61] [VIEW_RENDER] themes/public/home

[3 occurrence(s)]
DEBUG --> [MetaService] slug= pageName=Home cacheHit= path=DB

[1 occurrence(s)]
DEBUG --> [REQ_ID=87c8d36edc37] [FILTER_AFTER]

[1 occurrence(s)]
DEBUG --> [REQ_ID=87c8d36edc37] [LIFECYCLE][END] status=200 duration_ms=807.72 memory_delta=6291456

[1 occurrence(s)]
DEBUG --> [REQ_ID=87c8d36edc37] [REQUEST][END]

[1 occurrence(s)]
DEBUG --> [REQ_ID=8b449437f57e] [REQUEST][START] GET /index.php/API/Management/Run-CRON-Tasks

[1 occurrence(s)]
DEBUG --> [REQ_ID=8b449437f57e] [FILTER_BEFORE] /index.php/API/Management/Run-CRON-Tasks

[1 occurrence(s)]
DEBUG --> [REQ_ID=8b449437f57e] [ROUTE] Controller=\App\Modules\APIs\Controllers\ManagementAPIController Method=Run_CRON_Tasks

[1 occurrence(s)]
DEBUG --> [REQ_ID=8b449437f57e] [LIFECYCLE][START] GET https://mymiwallet.com/index.php/API/Management/Run-CRON-Tasks

[1 occurrence(s)]
DEBUG --> [REQ_ID=8b449437f57e] [REQUEST][END]

[1 occurrence(s)]
DEBUG --> [REQ_ID=b45734514d45] [REQUEST][START] GET /index.php/How-It-Works/Investment-Portfolio-Management

[1 occurrence(s)]
DEBUG --> [REQ_ID=b45734514d45] [FILTER_BEFORE] /index.php/How-It-Works/Investment-Portfolio-Management

[1 occurrence(s)]
DEBUG --> [REQ_ID=b45734514d45] [ROUTE] Controller=\App\Modules\Blog\Controllers\HowItWorksController Method=show

[1 occurrence(s)]
DEBUG --> [REQ_ID=b45734514d45] [LIFECYCLE][START] GET https://mymiwallet.com/index.php/How-It-Works/Investment-Portfolio-Management

[1 occurrence(s)]
DEBUG --> [CSRF] token name=csrf_test_name hash=8537bc9ec4b373567ad411b851483a34

[1 occurrence(s)]
DEBUG --> [REQ_ID=0685a2d2e55a] [INIT] App\Modules\Blog\Controllers\HowItWorksController::GET

[1 occurrence(s)]
DEBUG --> [REQ_ID=0685a2d2e55a] [METHOD_ENTRY] show

[1 occurrence(s)]
DEBUG --> [HOW_IT_WORKS] slug=investment-portfolio-management

[1 occurrence(s)]
DEBUG --> [REQ_ID=b45734514d45] [FILTER_AFTER]

[1 occurrence(s)]
DEBUG --> [REQ_ID=b45734514d45] [LIFECYCLE][END] status=200 duration_ms=632.72 memory_delta=6291456

[1 occurrence(s)]
DEBUG --> [REQ_ID=b45734514d45] [REQUEST][END]

[1 occurrence(s)]
DEBUG --> [REQ_ID=fb6a24b829a7] [REQUEST][START] GET /

[1 occurrence(s)]
DEBUG --> [REQ_ID=fb6a24b829a7] [FILTER_BEFORE] /

[1 occurrence(s)]
DEBUG --> [REQ_ID=fb6a24b829a7] [ROUTE] Controller=\App\Controllers\Home Method=index

[1 occurrence(s)]
DEBUG --> [REQ_ID=fb6a24b829a7] [LIFECYCLE][START] GET https://mymiwallet.com/index.php/

[1 occurrence(s)]
DEBUG --> [CSRF] token name=csrf_test_name hash=aa1304f20246e061795ec184133eb1a8

[1 occurrence(s)]
DEBUG --> [REQ_ID=b6a1dee789dd] [INIT] App\Controllers\Home::GET

[1 occurrence(s)]
DEBUG --> [REQ_ID=b6a1dee789dd] [VIEW_RENDER] themes/public/home

[10 occurrence(s)]
DEBUG --> [MetaService] slug= pageName=Home cacheHit=1 path=CACHE

[1 occurrence(s)]
DEBUG --> [REQ_ID=fb6a24b829a7] [FILTER_AFTER]

[1 occurrence(s)]
DEBUG --> [REQ_ID=fb6a24b829a7] [LIFECYCLE][END] status=200 duration_ms=561.70 memory_delta=6291456

[1 occurrence(s)]
DEBUG --> [REQ_ID=fb6a24b829a7] [REQUEST][END]

[1 occurrence(s)]
DEBUG --> [REQ_ID=fa60f57cd7a3] [REQUEST][START] GET /index.php/How-It-Works/Investment-Dashboard

[1 occurrence(s)]
DEBUG --> [REQ_ID=fa60f57cd7a3] [FILTER_BEFORE] /index.php/How-It-Works/Investment-Dashboard

[1 occurrence(s)]
DEBUG --> [REQ_ID=fa60f57cd7a3] [ROUTE] Controller=\App\Modules\Blog\Controllers\HowItWorksController Method=show

[1 occurrence(s)]
DEBUG --> [REQ_ID=fa60f57cd7a3] [LIFECYCLE][START] GET https://mymiwallet.com/index.php/How-It-Works/Investment-Dashboard

[1 occurrence(s)]
DEBUG --> [CSRF] token name=csrf_test_name hash=38325da192f9115dcb662ab6d1d91fce

[1 occurrence(s)]
DEBUG --> [REQ_ID=ebbc5ba5730a] [INIT] App\Modules\Blog\Controllers\HowItWorksController::GET

[1 occurrence(s)]
DEBUG --> [REQ_ID=ebbc5ba5730a] [METHOD_ENTRY] show

[1 occurrence(s)]
DEBUG --> [HOW_IT_WORKS] slug=investment-dashboard

[1 occurrence(s)]
DEBUG --> [REQ_ID=fa60f57cd7a3] [FILTER_AFTER]

[1 occurrence(s)]
DEBUG --> [REQ_ID=fa60f57cd7a3] [LIFECYCLE][END] status=200 duration_ms=663.22 memory_delta=6291456

[1 occurrence(s)]
DEBUG --> [REQ_ID=fa60f57cd7a3] [REQUEST][END]

[1 occurrence(s)]
DEBUG --> [REQ_ID=eac2609c1788] [REQUEST][START] GET /

[1 occurrence(s)]
DEBUG --> [REQ_ID=eac2609c1788] [FILTER_BEFORE] /

[1 occurrence(s)]
DEBUG --> [REQ_ID=eac2609c1788] [ROUTE] Controller=\App\Controllers\Home Method=index

[1 occurrence(s)]
DEBUG --> [REQ_ID=eac2609c1788] [LIFECYCLE][START] GET https://mymiwallet.com/index.php/

[1 occurrence(s)]
DEBUG --> [CSRF] token name=csrf_test_name hash=e270bc9f2e056aaae580780badb97f7d

[1 occurrence(s)]
DEBUG --> [REQ_ID=6e12feb72565] [INIT] App\Controllers\Home::GET

[7 occurrence(s)]
DEBUG --> [MetaService] slug= pageName= cacheHit=1 path=CACHE

[1 occurrence(s)]
DEBUG --> [REQ_ID=6e12feb72565] [VIEW_RENDER] themes/public/home

[1 occurrence(s)]
DEBUG --> [REQ_ID=eac2609c1788] [FILTER_AFTER]

[1 occurrence(s)]
DEBUG --> [REQ_ID=eac2609c1788] [LIFECYCLE][END] status=200 duration_ms=567.99 memory_delta=2097152

[1 occurrence(s)]
DEBUG --> [REQ_ID=eac2609c1788] [REQUEST][END]

[1 occurrence(s)]
DEBUG --> [REQ_ID=9ed941a12881] [REQUEST][START] GET /index.php/API/Alerts/fetchEmailAlerts

[1 occurrence(s)]
DEBUG --> [REQ_ID=9ed941a12881] [FILTER_BEFORE] /index.php/API/Alerts/fetchEmailAlerts

[1 occurrence(s)]
DEBUG --> [REQ_ID=9ed941a12881] [ROUTE] Controller=\App\Modules\APIs\Controllers\AlertsAPIController Method=fetchEmailAlerts

[1 occurrence(s)]
DEBUG --> [REQ_ID=9ed941a12881] [LIFECYCLE][START] GET https://mymiwallet.com/index.php/API/Alerts/fetchEmailAlerts

[1 occurrence(s)]
DEBUG --> [REQ_ID=9ed941a12881] [REQUEST][END]

[1 occurrence(s)]
DEBUG --> [REQ_ID=b4fd1da3c12c] [REQUEST][START] GET /

[1 occurrence(s)]
DEBUG --> [REQ_ID=b4fd1da3c12c] [FILTER_BEFORE] /

[1 occurrence(s)]
DEBUG --> [REQ_ID=b4fd1da3c12c] [ROUTE] Controller=\App\Controllers\Home Method=index

[1 occurrence(s)]
DEBUG --> [REQ_ID=b4fd1da3c12c] [LIFECYCLE][START] GET https://mymiwallet.com/index.php/

[1 occurrence(s)]
DEBUG --> [CSRF] token name=csrf_test_name hash=fec039c959438b59af51732f8777d24d

[1 occurrence(s)]
DEBUG --> [REQ_ID=09a99aaa0216] [INIT] App\Controllers\Home::GET

[1 occurrence(s)]
DEBUG --> [REQ_ID=09a99aaa0216] [VIEW_RENDER] themes/public/home

[1 occurrence(s)]
DEBUG --> [REQ_ID=b4fd1da3c12c] [FILTER_AFTER]

[1 occurrence(s)]
DEBUG --> [REQ_ID=b4fd1da3c12c] [LIFECYCLE][END] status=200 duration_ms=615.42 memory_delta=6291456

[1 occurrence(s)]
DEBUG --> [REQ_ID=b4fd1da3c12c] [REQUEST][END]

[1 occurrence(s)]
DEBUG --> [REQ_ID=5d9dccd0c4f4] [REQUEST][START] GET /index.php/How-It-Works/Setting-Financial-Goals

[1 occurrence(s)]
DEBUG --> [REQ_ID=5d9dccd0c4f4] [FILTER_BEFORE] /index.php/How-It-Works/Setting-Financial-Goals

[1 occurrence(s)]
DEBUG --> [REQ_ID=5d9dccd0c4f4] [ROUTE] Controller=\App\Modules\Blog\Controllers\HowItWorksController Method=show

[1 occurrence(s)]
DEBUG --> [REQ_ID=5d9dccd0c4f4] [LIFECYCLE][START] GET https://mymiwallet.com/index.php/How-It-Works/Setting-Financial-Goals

[1 occurrence(s)]
DEBUG --> [CSRF] token name=csrf_test_name hash=a6fce67c12ca1d93cd76d24637b7b582

[1 occurrence(s)]
DEBUG --> [REQ_ID=dfeb0dddd9e9] [INIT] App\Modules\Blog\Controllers\HowItWorksController::GET

[1 occurrence(s)]
DEBUG --> [REQ_ID=dfeb0dddd9e9] [METHOD_ENTRY] show

[1 occurrence(s)]
DEBUG --> [HOW_IT_WORKS] slug=setting-financial-goals

[1 occurrence(s)]
DEBUG --> [REQ_ID=5d9dccd0c4f4] [FILTER_AFTER]

[1 occurrence(s)]
DEBUG --> [REQ_ID=5d9dccd0c4f4] [LIFECYCLE][END] status=200 duration_ms=599.67 memory_delta=6291456

[1 occurrence(s)]
DEBUG --> [REQ_ID=5d9dccd0c4f4] [REQUEST][END]

[1 occurrence(s)]
DEBUG --> [REQ_ID=6213f9259757] [REQUEST][START] GET /index.php/Memberships/Customize

[1 occurrence(s)]
DEBUG --> [REQ_ID=6213f9259757] [REQUEST][END]

[1 occurrence(s)]
DEBUG --> [REQ_ID=1c6d04369050] [REQUEST][START] GET /index.php/Legal/Terms-And-Conditions

[1 occurrence(s)]
DEBUG --> [REQ_ID=1c6d04369050] [FILTER_BEFORE] /index.php/Legal/Terms-And-Conditions

[1 occurrence(s)]
DEBUG --> [REQ_ID=1c6d04369050] [ROUTE] Controller=\App\Controllers\Home Method=terms

[1 occurrence(s)]
DEBUG --> [REQ_ID=1c6d04369050] [LIFECYCLE][START] GET https://mymiwallet.com/index.php/Legal/Terms-And-Conditions

[1 occurrence(s)]
DEBUG --> [CSRF] token name=csrf_test_name hash=78656e4473169d55f0bbf010eec32633

[1 occurrence(s)]
DEBUG --> [REQ_ID=1c6d04369050] [REQUEST][END]

[1 occurrence(s)]
DEBUG --> [REQ_ID=1fc0133495e9] [REQUEST][START] GET /index.php/login

[1 occurrence(s)]
DEBUG --> [REQ_ID=1fc0133495e9] [FILTER_BEFORE] /index.php/login

[1 occurrence(s)]
DEBUG --> [REQ_ID=1fc0133495e9] [ROUTE] Controller=\App\Controllers\AuthController Method=login

[1 occurrence(s)]
DEBUG --> [REQ_ID=1fc0133495e9] [LIFECYCLE][START] GET https://mymiwallet.com/index.php/login

[1 occurrence(s)]
DEBUG --> [CSRF] token name=csrf_test_name hash=209ea83f0d3b826dd90ba1cdcc886cf3

[1 occurrence(s)]
DEBUG --> [REQ_ID=bf4a838097a7] [INIT] App\Controllers\AuthController::GET

[1 occurrence(s)]
DEBUG --> [REQ_ID=1fc0133495e9] [FILTER_AFTER]

[1 occurrence(s)]
DEBUG --> [REQ_ID=1fc0133495e9] [LIFECYCLE][END] status=200 duration_ms=38.94 memory_delta=0

[1 occurrence(s)]
DEBUG --> [REQ_ID=1fc0133495e9] [REQUEST][END]

[1 occurrence(s)]
DEBUG --> [REQ_ID=6bdc7f7b0373] [REQUEST][START] GET /index.php/Knowledgebase/Technical-Support

[1 occurrence(s)]
DEBUG --> [REQ_ID=6bdc7f7b0373] [FILTER_BEFORE] /index.php/Knowledgebase/Technical-Support

[1 occurrence(s)]
DEBUG --> [REQ_ID=6bdc7f7b0373] [ROUTE] Controller=\App\Modules\User\Controllers\KnowledgebaseController Method=technicalSupport

[1 occurrence(s)]
DEBUG --> [REQ_ID=6bdc7f7b0373] [LIFECYCLE][START] GET https://mymiwallet.com/index.php/Knowledgebase/Technical-Support

[1 occurrence(s)]
DEBUG --> [CSRF] token name=csrf_test_name hash=7d53b7e9c33f68b3f233cfb154011c37

[1 occurrence(s)]
DEBUG --> [REQ_ID=6bdc7f7b0373] [REQUEST][END]

[1 occurrence(s)]
DEBUG --> [REQ_ID=6c58652bc2c0] [REQUEST][START] GET /index.php/login

[1 occurrence(s)]
DEBUG --> [REQ_ID=6c58652bc2c0] [FILTER_BEFORE] /index.php/login

[1 occurrence(s)]
DEBUG --> [REQ_ID=6c58652bc2c0] [ROUTE] Controller=\App\Controllers\AuthController Method=login

[1 occurrence(s)]
DEBUG --> [REQ_ID=6c58652bc2c0] [LIFECYCLE][START] GET https://mymiwallet.com/index.php/login

[1 occurrence(s)]
DEBUG --> [CSRF] token name=csrf_test_name hash=37c06c49b8797356a6125194c37e6e74

[1 occurrence(s)]
DEBUG --> [REQ_ID=8ddad40b3c05] [INIT] App\Controllers\AuthController::GET

[1 occurrence(s)]
DEBUG --> [REQ_ID=6c58652bc2c0] [FILTER_AFTER]

[1 occurrence(s)]
DEBUG --> [REQ_ID=6c58652bc2c0] [LIFECYCLE][END] status=200 duration_ms=66.81 memory_delta=0

[1 occurrence(s)]
DEBUG --> [REQ_ID=6c58652bc2c0] [REQUEST][END]

[1 occurrence(s)]
DEBUG --> [REQ_ID=7ce5b458753d] [REQUEST][START] GET /index.php/API/Management/Run-CRON-Tasks

[1 occurrence(s)]
DEBUG --> [REQ_ID=7ce5b458753d] [FILTER_BEFORE] /index.php/API/Management/Run-CRON-Tasks

[1 occurrence(s)]
DEBUG --> [REQ_ID=7ce5b458753d] [ROUTE] Controller=\App\Modules\APIs\Controllers\ManagementAPIController Method=Run_CRON_Tasks

[1 occurrence(s)]
DEBUG --> [REQ_ID=7ce5b458753d] [LIFECYCLE][START] GET https://mymiwallet.com/index.php/API/Management/Run-CRON-Tasks

[1 occurrence(s)]
DEBUG --> [REQ_ID=7ce5b458753d] [REQUEST][END]

[1 occurrence(s)]
DEBUG --> [REQ_ID=41f7fe34341b] [REQUEST][START] GET /index.php/Support

[1 occurrence(s)]
DEBUG --> [REQ_ID=41f7fe34341b] [FILTER_BEFORE] /index.php/Support

[1 occurrence(s)]
DEBUG --> [REQ_ID=41f7fe34341b] [ROUTE] Controller=\App\Modules\PropFirms\Controllers\PropFirmsController Method=index

[1 occurrence(s)]
DEBUG --> [REQ_ID=41f7fe34341b] [LIFECYCLE][START] GET https://mymiwallet.com/index.php/Support

[1 occurrence(s)]
DEBUG --> [CSRF] token name=csrf_test_name hash=c5d36072f205f5fd7de97d4c7fc08b3e

[1 occurrence(s)]
DEBUG --> LoginFilter redirecting guest to login from: https://mymiwallet.com/index.php/Support

[1 occurrence(s)]
DEBUG --> [REQ_ID=41f7fe34341b] [REQUEST][END]

[1 occurrence(s)]
DEBUG --> [REQ_ID=e728e08d2788] [REQUEST][START] GET /index.php/login

[1 occurrence(s)]
DEBUG --> [REQ_ID=e728e08d2788] [FILTER_BEFORE] /index.php/login

[1 occurrence(s)]
DEBUG --> [REQ_ID=e728e08d2788] [ROUTE] Controller=\App\Controllers\AuthController Method=login

[1 occurrence(s)]
DEBUG --> [REQ_ID=e728e08d2788] [LIFECYCLE][START] GET https://mymiwallet.com/index.php/login

[1 occurrence(s)]
DEBUG --> [CSRF] token name=csrf_test_name hash=7f45a73741105164307f394a3918f5fd

[1 occurrence(s)]
DEBUG --> [REQ_ID=749c091ead79] [INIT] App\Controllers\AuthController::GET

[1 occurrence(s)]
DEBUG --> [REQ_ID=e728e08d2788] [FILTER_AFTER]

[1 occurrence(s)]
DEBUG --> [REQ_ID=e728e08d2788] [LIFECYCLE][END] status=200 duration_ms=65.37 memory_delta=0

[1 occurrence(s)]
DEBUG --> [REQ_ID=e728e08d2788] [REQUEST][END]

[1 occurrence(s)]
DEBUG --> [REQ_ID=3c2fcbef763b] [REQUEST][START] GET /index.php/API/Alerts/fetchEmailAlerts

[1 occurrence(s)]
DEBUG --> [REQ_ID=3c2fcbef763b] [FILTER_BEFORE] /index.php/API/Alerts/fetchEmailAlerts

[1 occurrence(s)]
DEBUG --> [REQ_ID=3c2fcbef763b] [ROUTE] Controller=\App\Modules\APIs\Controllers\AlertsAPIController Method=fetchEmailAlerts

[1 occurrence(s)]
DEBUG --> [REQ_ID=3c2fcbef763b] [LIFECYCLE][START] GET https://mymiwallet.com/index.php/API/Alerts/fetchEmailAlerts

[1 occurrence(s)]
DEBUG --> [REQ_ID=3c2fcbef763b] [REQUEST][END]

[1 occurrence(s)]
DEBUG --> [REQ_ID=797473740811] [REQUEST][START] GET /

[1 occurrence(s)]
DEBUG --> [REQ_ID=797473740811] [FILTER_BEFORE] /

[1 occurrence(s)]
DEBUG --> [REQ_ID=797473740811] [ROUTE] Controller=\App\Controllers\Home Method=index

[1 occurrence(s)]
DEBUG --> [REQ_ID=797473740811] [LIFECYCLE][START] GET https://mymiwallet.com/index.php/

[1 occurrence(s)]
DEBUG --> [CSRF] token name=csrf_test_name hash=c38e29fbd98de94650ab3ac4ba945fe3

[1 occurrence(s)]
DEBUG --> [REQ_ID=d52a66edfe01] [INIT] App\Controllers\Home::GET

[1 occurrence(s)]
DEBUG --> [REQ_ID=d52a66edfe01] [VIEW_RENDER] themes/public/home

[1 occurrence(s)]
DEBUG --> [REQ_ID=797473740811] [FILTER_AFTER]

[1 occurrence(s)]
DEBUG --> [REQ_ID=797473740811] [LIFECYCLE][END] status=200 duration_ms=661.54 memory_delta=6291456

[1 occurrence(s)]
DEBUG --> [REQ_ID=797473740811] [REQUEST][END]

[1 occurrence(s)]
DEBUG --> [REQ_ID=d31ba9fcd5d6] [REQUEST][START] GET /

[1 occurrence(s)]
DEBUG --> [REQ_ID=d31ba9fcd5d6] [FILTER_BEFORE] /

[1 occurrence(s)]
DEBUG --> [REQ_ID=d31ba9fcd5d6] [ROUTE] Controller=\App\Controllers\Home Method=index

[1 occurrence(s)]
DEBUG --> [REQ_ID=d31ba9fcd5d6] [LIFECYCLE][START] GET https://mymiwallet.com/index.php/

[1 occurrence(s)]
DEBUG --> [CSRF] token name=csrf_test_name hash=d52313139f62c5d7136a4c3feaa6b2d2

[1 occurrence(s)]
DEBUG --> [REQ_ID=72ee02bbddb6] [INIT] App\Controllers\Home::GET

[1 occurrence(s)]
DEBUG --> [REQ_ID=72ee02bbddb6] [VIEW_RENDER] themes/public/home

[1 occurrence(s)]
DEBUG --> [REQ_ID=d31ba9fcd5d6] [FILTER_AFTER]

[1 occurrence(s)]
DEBUG --> [REQ_ID=d31ba9fcd5d6] [LIFECYCLE][END] status=200 duration_ms=509.39 memory_delta=2097152

[1 occurrence(s)]
DEBUG --> [REQ_ID=d31ba9fcd5d6] [REQUEST][END]

[1 occurrence(s)]
DEBUG --> [REQ_ID=f7cbd9121d74] [REQUEST][START] GET /

[1 occurrence(s)]
DEBUG --> [REQ_ID=f7cbd9121d74] [REQUEST][END]

[1 occurrence(s)]
DEBUG --> [REQ_ID=597f0f94b868] [REQUEST][START] GET /index.php/activate

[1 occurrence(s)]
DEBUG --> [REQ_ID=597f0f94b868] [FILTER_BEFORE] /index.php/activate

[1 occurrence(s)]
DEBUG --> [REQ_ID=597f0f94b868] [ROUTE] Controller=\App\Controllers\AuthController Method=activateAccount

[1 occurrence(s)]
DEBUG --> [REQ_ID=597f0f94b868] [LIFECYCLE][START] GET https://mymiwallet.com/index.php/activate

[1 occurrence(s)]
DEBUG --> [CSRF] token name=csrf_test_name hash=8bfddce7947eb38e1473d8f52abb7e41

[1 occurrence(s)]
DEBUG --> [REQ_ID=d72554208130] [INIT] App\Controllers\AuthController::GET

[1 occurrence(s)]
DEBUG --> [REQ_ID=597f0f94b868] [FILTER_AFTER]

[1 occurrence(s)]
DEBUG --> [REQ_ID=597f0f94b868] [LIFECYCLE][END] status=302 duration_ms=135.49 memory_delta=0

[1 occurrence(s)]
DEBUG --> [REQ_ID=597f0f94b868] [REQUEST][END]

[1 occurrence(s)]
DEBUG --> [REQ_ID=4552c9d568f9] [REQUEST][START] GET /index.php/Support/Account

[1 occurrence(s)]
DEBUG --> [REQ_ID=4552c9d568f9] [FILTER_BEFORE] /index.php/Support/Account

[1 occurrence(s)]
DEBUG --> [REQ_ID=4552c9d568f9] [ROUTE] Controller=\App\Modules\Support\Controllers\AccountSupportController Method=index

[1 occurrence(s)]
DEBUG --> [REQ_ID=4552c9d568f9] [LIFECYCLE][START] GET https://mymiwallet.com/index.php/Support/Account

[1 occurrence(s)]
DEBUG --> [CSRF] token name=csrf_test_name hash=ecc75bd098b8b7e1f5c833e55c0b1dce

[1 occurrence(s)]
DEBUG --> [REQ_ID=8462d1e5a136] [INIT] App\Modules\Support\Controllers\AccountSupportController::GET

[1 occurrence(s)]
DEBUG --> [REQ_ID=8462d1e5a136] [METHOD_ENTRY] index

[1 occurrence(s)]
DEBUG --> [REQ_ID=8462d1e5a136] [VIEW_RENDER] SupportModule/Support/account_help

[1 occurrence(s)]
DEBUG --> [REQ_ID=4552c9d568f9] [FILTER_AFTER]

[1 occurrence(s)]
DEBUG --> [REQ_ID=4552c9d568f9] [LIFECYCLE][END] status=200 duration_ms=74.22 memory_delta=2097152

[1 occurrence(s)]
DEBUG --> [REQ_ID=4552c9d568f9] [REQUEST][END]

[1 occurrence(s)]
DEBUG --> [REQ_ID=8781623e7091] [REQUEST][START] GET /index.php/Investments/Watchlist

[1 occurrence(s)]
DEBUG --> [REQ_ID=8781623e7091] [REQUEST][END]

[1 occurrence(s)]
DEBUG --> [REQ_ID=eb6872048c1c] [REQUEST][START] GET /index.php/

[1 occurrence(s)]
DEBUG --> [REQ_ID=eb6872048c1c] [FILTER_BEFORE] /index.php/

[1 occurrence(s)]
DEBUG --> [REQ_ID=eb6872048c1c] [ROUTE] Controller=\App\Controllers\Home Method=index

[1 occurrence(s)]
DEBUG --> [REQ_ID=eb6872048c1c] [LIFECYCLE][START] GET https://mymiwallet.com/index.php/

[1 occurrence(s)]
DEBUG --> [CSRF] token name=csrf_test_name hash=684134667fb9def88c0fc5f9f16465b1

[1 occurrence(s)]
DEBUG --> [REQ_ID=d837eaa98d0f] [INIT] App\Controllers\Home::GET

[1 occurrence(s)]
DEBUG --> [REQ_ID=d837eaa98d0f] [VIEW_RENDER] themes/public/home

[1 occurrence(s)]
DEBUG --> [REQ_ID=eb6872048c1c] [FILTER_AFTER]

[1 occurrence(s)]
DEBUG --> [REQ_ID=eb6872048c1c] [LIFECYCLE][END] status=200 duration_ms=682.02 memory_delta=4194304

[1 occurrence(s)]
DEBUG --> [REQ_ID=eb6872048c1c] [REQUEST][END]

[1 occurrence(s)]
DEBUG --> [REQ_ID=d087b726c22e] [REQUEST][START] GET /index.php/register

[1 occurrence(s)]
DEBUG --> [REQ_ID=d087b726c22e] [FILTER_BEFORE] /index.php/register

[1 occurrence(s)]
DEBUG --> [REQ_ID=d087b726c22e] [ROUTE] Controller=\App\Controllers\AuthController Method=register

[1 occurrence(s)]
DEBUG --> [REQ_ID=d087b726c22e] [LIFECYCLE][START] GET https://mymiwallet.com/index.php/register

[1 occurrence(s)]
DEBUG --> [CSRF] token name=csrf_test_name hash=0d292bb557415aee5fe13e8bdbb12f67

[1 occurrence(s)]
DEBUG --> [REQ_ID=01e581d77591] [INIT] App\Controllers\AuthController::GET

[1 occurrence(s)]
DEBUG --> [REQ_ID=4fbaf2d8c437] [REQUEST][START] GET /

[1 occurrence(s)]
DEBUG --> [REQ_ID=4fbaf2d8c437] [FILTER_BEFORE] /

[1 occurrence(s)]
DEBUG --> [REQ_ID=4fbaf2d8c437] [ROUTE] Controller=\App\Controllers\Home Method=index

[1 occurrence(s)]
DEBUG --> [REQ_ID=4fbaf2d8c437] [LIFECYCLE][START] GET https://mymiwallet.com/index.php/

[2 occurrence(s)]
DEBUG --> [CSRF] token name=csrf_test_name hash=5b9f4cf06b989d588c04a121d64069dc

[1 occurrence(s)]
DEBUG --> [REQ_ID=7a30ca143698] [INIT] App\Controllers\Home::GET

[1 occurrence(s)]
DEBUG --> [REQ_ID=7a30ca143698] [VIEW_RENDER] themes/public/home

[1 occurrence(s)]
DEBUG --> [REQ_ID=4fbaf2d8c437] [FILTER_AFTER]

[1 occurrence(s)]
DEBUG --> [REQ_ID=4fbaf2d8c437] [LIFECYCLE][END] status=200 duration_ms=599.29 memory_delta=4194304

[1 occurrence(s)]
DEBUG --> [REQ_ID=4fbaf2d8c437] [REQUEST][END]

[1 occurrence(s)]
DEBUG --> [REQ_ID=5099fa9efcfa] [REQUEST][START] GET /

[1 occurrence(s)]
DEBUG --> [REQ_ID=5099fa9efcfa] [FILTER_BEFORE] /

[1 occurrence(s)]
DEBUG --> [REQ_ID=5099fa9efcfa] [ROUTE] Controller=\App\Controllers\Home Method=index

[1 occurrence(s)]
DEBUG --> [REQ_ID=5099fa9efcfa] [LIFECYCLE][START] GET https://mymiwallet.com/index.php/

[1 occurrence(s)]
DEBUG --> [REQ_ID=5be830cbee07] [INIT] App\Controllers\Home::GET

[1 occurrence(s)]
DEBUG --> [REQ_ID=5be830cbee07] [VIEW_RENDER] themes/public/home

[1 occurrence(s)]
DEBUG --> [REQ_ID=5099fa9efcfa] [FILTER_AFTER]

[1 occurrence(s)]
DEBUG --> [REQ_ID=5099fa9efcfa] [LIFECYCLE][END] status=200 duration_ms=502.00 memory_delta=4194304

[1 occurrence(s)]
DEBUG --> [REQ_ID=5099fa9efcfa] [REQUEST][END]

[1 occurrence(s)]
DEBUG --> [REQ_ID=4b5c858a2828] [REQUEST][START] GET /index.php/Budget/Financial-Institute

[1 occurrence(s)]
DEBUG --> [REQ_ID=4b5c858a2828] [REQUEST][END]

[1 occurrence(s)]
DEBUG --> [REQ_ID=fde942b813bc] [REQUEST][START] GET /index.php/API/Management/Run-CRON-Tasks

[1 occurrence(s)]
DEBUG --> [REQ_ID=fde942b813bc] [FILTER_BEFORE] /index.php/API/Management/Run-CRON-Tasks

[1 occurrence(s)]
DEBUG --> [REQ_ID=fde942b813bc] [ROUTE] Controller=\App\Modules\APIs\Controllers\ManagementAPIController Method=Run_CRON_Tasks

[1 occurrence(s)]
DEBUG --> [REQ_ID=fde942b813bc] [LIFECYCLE][START] GET https://mymiwallet.com/index.php/API/Management/Run-CRON-Tasks

[1 occurrence(s)]
DEBUG --> [REQ_ID=fde942b813bc] [REQUEST][END]

[1 occurrence(s)]
DEBUG --> [REQ_ID=91ead67dd892] [REQUEST][START] GET /

[1 occurrence(s)]
DEBUG --> [REQ_ID=91ead67dd892] [FILTER_BEFORE] /

[1 occurrence(s)]
DEBUG --> [REQ_ID=91ead67dd892] [ROUTE] Controller=\App\Controllers\Home Method=index

[1 occurrence(s)]
DEBUG --> [REQ_ID=91ead67dd892] [LIFECYCLE][START] GET https://mymiwallet.com/index.php/

[1 occurrence(s)]
DEBUG --> [CSRF] token name=csrf_test_name hash=7785eac8c1fcc06bc6c46b6d598464d4

[1 occurrence(s)]
DEBUG --> [REQ_ID=61a3014b1f74] [INIT] App\Controllers\Home::GET

[1 occurrence(s)]
DEBUG --> [REQ_ID=61a3014b1f74] [VIEW_RENDER] themes/public/home

[1 occurrence(s)]
DEBUG --> [REQ_ID=91ead67dd892] [FILTER_AFTER]

[1 occurrence(s)]
DEBUG --> [REQ_ID=91ead67dd892] [LIFECYCLE][END] status=200 duration_ms=805.91 memory_delta=6291456

[1 occurrence(s)]
DEBUG --> [REQ_ID=91ead67dd892] [REQUEST][END]

[1 occurrence(s)]
DEBUG --> [REQ_ID=ce2030b28ca0] [REQUEST][START] GET /index.php/API/Alerts/fetchEmailAlerts

[1 occurrence(s)]
DEBUG --> [REQ_ID=ce2030b28ca0] [FILTER_BEFORE] /index.php/API/Alerts/fetchEmailAlerts

[1 occurrence(s)]
DEBUG --> [REQ_ID=ce2030b28ca0] [ROUTE] Controller=\App\Modules\APIs\Controllers\AlertsAPIController Method=fetchEmailAlerts

[1 occurrence(s)]
DEBUG --> [REQ_ID=ce2030b28ca0] [LIFECYCLE][START] GET https://mymiwallet.com/index.php/API/Alerts/fetchEmailAlerts

[1 occurrence(s)]
DEBUG --> [REQ_ID=ce2030b28ca0] [REQUEST][END]

[1 occurrence(s)]
DEBUG --> [REQ_ID=b3a9ac2fd970] [REQUEST][START] GET /

[1 occurrence(s)]
DEBUG --> [REQ_ID=b3a9ac2fd970] [FILTER_BEFORE] /

[1 occurrence(s)]
DEBUG --> [REQ_ID=b3a9ac2fd970] [ROUTE] Controller=\App\Controllers\Home Method=index

[1 occurrence(s)]
DEBUG --> [REQ_ID=b3a9ac2fd970] [LIFECYCLE][START] GET https://mymiwallet.com/index.php/

[1 occurrence(s)]
DEBUG --> [CSRF] token name=csrf_test_name hash=878a9ba3af89fcab6d93daac91966c03

[1 occurrence(s)]
DEBUG --> [REQ_ID=fc9a5654cdd4] [INIT] App\Controllers\Home::GET

[1 occurrence(s)]
DEBUG --> [REQ_ID=fc9a5654cdd4] [VIEW_RENDER] themes/public/home

[1 occurrence(s)]
DEBUG --> [REQ_ID=b3a9ac2fd970] [FILTER_AFTER]

[1 occurrence(s)]
DEBUG --> [REQ_ID=b3a9ac2fd970] [LIFECYCLE][END] status=200 duration_ms=782.37 memory_delta=6291456

[1 occurrence(s)]
DEBUG --> [REQ_ID=b3a9ac2fd970] [REQUEST][END]

[1 occurrence(s)]
DEBUG --> [REQ_ID=ef342344c6fc] [REQUEST][START] GET /index.php/API/Management/Run-CRON-Tasks

[1 occurrence(s)]
DEBUG --> [REQ_ID=ef342344c6fc] [FILTER_BEFORE] /index.php/API/Management/Run-CRON-Tasks

[1 occurrence(s)]
DEBUG --> [REQ_ID=ef342344c6fc] [ROUTE] Controller=\App\Modules\APIs\Controllers\ManagementAPIController Method=Run_CRON_Tasks

[1 occurrence(s)]
DEBUG --> [REQ_ID=ef342344c6fc] [LIFECYCLE][START] GET https://mymiwallet.com/index.php/API/Management/Run-CRON-Tasks

[1 occurrence(s)]
DEBUG --> [REQ_ID=ef342344c6fc] [REQUEST][END]

[1 occurrence(s)]
DEBUG --> [REQ_ID=af56c518e056] [REQUEST][START] GET /

[1 occurrence(s)]
DEBUG --> [REQ_ID=af56c518e056] [FILTER_BEFORE] /

[1 occurrence(s)]
DEBUG --> [REQ_ID=af56c518e056] [ROUTE] Controller=\App\Controllers\Home Method=index

[1 occurrence(s)]
DEBUG --> [REQ_ID=af56c518e056] [LIFECYCLE][START] GET https://mymiwallet.com/index.php/

[1 occurrence(s)]
DEBUG --> [CSRF] token name=csrf_test_name hash=d9e152a5b28df17e558e386c8dc728cb

[1 occurrence(s)]
DEBUG --> [REQ_ID=dc03014049f9] [INIT] App\Controllers\Home::GET

[1 occurrence(s)]
DEBUG --> [REQ_ID=dc03014049f9] [VIEW_RENDER] themes/public/home

[1 occurrence(s)]
DEBUG --> [REQ_ID=af56c518e056] [FILTER_AFTER]

[1 occurrence(s)]
DEBUG --> [REQ_ID=af56c518e056] [LIFECYCLE][END] status=200 duration_ms=711.51 memory_delta=4194304

[1 occurrence(s)]
DEBUG --> [REQ_ID=af56c518e056] [REQUEST][END]

[1 occurrence(s)]
DEBUG --> [REQ_ID=ad272c5f816b] [REQUEST][START] GET /

[1 occurrence(s)]
DEBUG --> [REQ_ID=ad272c5f816b] [FILTER_BEFORE] /

[1 occurrence(s)]
DEBUG --> [REQ_ID=ad272c5f816b] [ROUTE] Controller=\App\Controllers\Home Method=index

[1 occurrence(s)]
DEBUG --> [REQ_ID=ad272c5f816b] [LIFECYCLE][START] GET https://mymiwallet.com/index.php/

[1 occurrence(s)]
DEBUG --> [CSRF] token name=csrf_test_name hash=e80523152d3ec7f7bccd128c86c64bbd

[1 occurrence(s)]
DEBUG --> [REQ_ID=62b700c4476e] [INIT] App\Controllers\Home::GET

[1 occurrence(s)]
DEBUG --> [REQ_ID=62b700c4476e] [VIEW_RENDER] themes/public/home

[1 occurrence(s)]
DEBUG --> [REQ_ID=ad272c5f816b] [FILTER_AFTER]

[1 occurrence(s)]
DEBUG --> [REQ_ID=ad272c5f816b] [LIFECYCLE][END] status=200 duration_ms=549.35 memory_delta=6291456

[1 occurrence(s)]
DEBUG --> [REQ_ID=ad272c5f816b] [REQUEST][END]

[1 occurrence(s)]
DEBUG --> [REQ_ID=b2b011b4b7e4] [REQUEST][START] GET /index.php/API/Alerts/fetchEmailAlerts

[1 occurrence(s)]
DEBUG --> [REQ_ID=b2b011b4b7e4] [FILTER_BEFORE] /index.php/API/Alerts/fetchEmailAlerts

[1 occurrence(s)]
DEBUG --> [REQ_ID=b2b011b4b7e4] [ROUTE] Controller=\App\Modules\APIs\Controllers\AlertsAPIController Method=fetchEmailAlerts

[1 occurrence(s)]
DEBUG --> [REQ_ID=b2b011b4b7e4] [LIFECYCLE][START] GET https://mymiwallet.com/index.php/API/Alerts/fetchEmailAlerts

[1 occurrence(s)]
DEBUG --> [REQ_ID=b2b011b4b7e4] [REQUEST][END]

[1 occurrence(s)]
DEBUG --> [REQ_ID=5e3cdb004b26] [REQUEST][START] GET /index.php/Blog/Personal-Budgeting/The-Importance-of-Personal-Financial-Budgeting

[1 occurrence(s)]
DEBUG --> [REQ_ID=5e3cdb004b26] [REQUEST][END]

[1 occurrence(s)]
DEBUG --> [REQ_ID=21cbaa1dcad2] [REQUEST][START] GET /index.php/login

[1 occurrence(s)]
DEBUG --> [REQ_ID=21cbaa1dcad2] [FILTER_BEFORE] /index.php/login

[1 occurrence(s)]
DEBUG --> [REQ_ID=21cbaa1dcad2] [ROUTE] Controller=\App\Controllers\AuthController Method=login

[1 occurrence(s)]
DEBUG --> [REQ_ID=21cbaa1dcad2] [LIFECYCLE][START] GET https://mymiwallet.com/index.php/login

[1 occurrence(s)]
DEBUG --> [CSRF] token name=csrf_test_name hash=20fb3cdccbb95f2edb1696f8d1a34aee

[1 occurrence(s)]
DEBUG --> [REQ_ID=88313c330cfa] [INIT] App\Controllers\AuthController::GET

[1 occurrence(s)]
DEBUG --> [REQ_ID=21cbaa1dcad2] [FILTER_AFTER]

[1 occurrence(s)]
DEBUG --> [REQ_ID=21cbaa1dcad2] [LIFECYCLE][END] status=200 duration_ms=81.20 memory_delta=0

[1 occurrence(s)]
DEBUG --> [REQ_ID=21cbaa1dcad2] [REQUEST][END]

[1 occurrence(s)]
DEBUG --> [REQ_ID=50ba1a60c824] [REQUEST][START] GET /index.php/Knowledgebase/KYC-Verification

[1 occurrence(s)]
DEBUG --> [REQ_ID=50ba1a60c824] [FILTER_BEFORE] /index.php/Knowledgebase/KYC-Verification

[1 occurrence(s)]
DEBUG --> [REQ_ID=50ba1a60c824] [ROUTE] Controller=\App\Modules\User\Controllers\KnowledgebaseController Method=KYCVerification

[1 occurrence(s)]
DEBUG --> [REQ_ID=50ba1a60c824] [LIFECYCLE][START] GET https://mymiwallet.com/index.php/Knowledgebase/KYC-Verification

[1 occurrence(s)]
DEBUG --> [CSRF] token name=csrf_test_name hash=1599165acea67b4d642af3dee2a85842

[1 occurrence(s)]
DEBUG --> [REQ_ID=50ba1a60c824] [REQUEST][END]

[1 occurrence(s)]
DEBUG --> [REQ_ID=3efff3ff6be0] [REQUEST][START] GET /index.php/login

[1 occurrence(s)]
DEBUG --> [REQ_ID=3efff3ff6be0] [FILTER_BEFORE] /index.php/login

[1 occurrence(s)]
DEBUG --> [REQ_ID=3efff3ff6be0] [ROUTE] Controller=\App\Controllers\AuthController Method=login

[1 occurrence(s)]
DEBUG --> [REQ_ID=3efff3ff6be0] [LIFECYCLE][START] GET https://mymiwallet.com/index.php/login

[1 occurrence(s)]
DEBUG --> [CSRF] token name=csrf_test_name hash=f5eda6805fc7c074cb6f4c336637c465

[1 occurrence(s)]
DEBUG --> [REQ_ID=5a42685554fa] [INIT] App\Controllers\AuthController::GET

[1 occurrence(s)]
DEBUG --> [REQ_ID=3efff3ff6be0] [FILTER_AFTER]

[1 occurrence(s)]
DEBUG --> [REQ_ID=3efff3ff6be0] [LIFECYCLE][END] status=200 duration_ms=210.59 memory_delta=0

[1 occurrence(s)]
DEBUG --> [REQ_ID=3efff3ff6be0] [REQUEST][END]

[1 occurrence(s)]
DEBUG --> [REQ_ID=421111f099e4] [REQUEST][START] GET /index.php/How-It-Works/Automated-Financial-Insights

[1 occurrence(s)]
DEBUG --> [REQ_ID=421111f099e4] [FILTER_BEFORE] /index.php/How-It-Works/Automated-Financial-Insights

[1 occurrence(s)]
DEBUG --> [REQ_ID=421111f099e4] [ROUTE] Controller=\App\Modules\Blog\Controllers\HowItWorksController Method=show

[1 occurrence(s)]
DEBUG --> [REQ_ID=421111f099e4] [LIFECYCLE][START] GET https://mymiwallet.com/index.php/How-It-Works/Automated-Financial-Insights

[1 occurrence(s)]
DEBUG --> [CSRF] token name=csrf_test_name hash=c8b4d8e702897947130dff678968398f

[1 occurrence(s)]
DEBUG --> [REQ_ID=c0369b54f951] [INIT] App\Modules\Blog\Controllers\HowItWorksController::GET

[1 occurrence(s)]
DEBUG --> [REQ_ID=c0369b54f951] [METHOD_ENTRY] show

[1 occurrence(s)]
DEBUG --> [HOW_IT_WORKS] slug=automated-financial-insights

[1 occurrence(s)]
DEBUG --> [REQ_ID=421111f099e4] [FILTER_AFTER]

[1 occurrence(s)]
DEBUG --> [REQ_ID=421111f099e4] [LIFECYCLE][END] status=301 duration_ms=166.44 memory_delta=2097152

[1 occurrence(s)]
DEBUG --> [REQ_ID=421111f099e4] [REQUEST][END]

[1 occurrence(s)]
DEBUG --> [REQ_ID=24a78e97e3f9] [REQUEST][START] GET /index.php/How-It-Works/financial-forecasting

[1 occurrence(s)]
DEBUG --> [REQ_ID=24a78e97e3f9] [FILTER_BEFORE] /index.php/How-It-Works/financial-forecasting

[1 occurrence(s)]
DEBUG --> [REQ_ID=24a78e97e3f9] [ROUTE] Controller=\App\Modules\Blog\Controllers\HowItWorksController Method=show

[1 occurrence(s)]
DEBUG --> [REQ_ID=24a78e97e3f9] [LIFECYCLE][START] GET https://mymiwallet.com/index.php/How-It-Works/financial-forecasting

[1 occurrence(s)]
DEBUG --> [CSRF] token name=csrf_test_name hash=d174bfe6ea186886f40676439deee108

[1 occurrence(s)]
DEBUG --> [REQ_ID=9945b63fd05c] [INIT] App\Modules\Blog\Controllers\HowItWorksController::GET

[1 occurrence(s)]
DEBUG --> [REQ_ID=9945b63fd05c] [METHOD_ENTRY] show

[1 occurrence(s)]
DEBUG --> [HOW_IT_WORKS] slug=financial-forecasting

[1 occurrence(s)]
DEBUG --> [MetaService] slug=how-it-works/financial-forecasting pageName= cacheHit= path=DB

[1 occurrence(s)]
DEBUG --> [REQ_ID=24a78e97e3f9] [FILTER_AFTER]

[1 occurrence(s)]
DEBUG --> [REQ_ID=24a78e97e3f9] [LIFECYCLE][END] status=200 duration_ms=542.21 memory_delta=4194304

[1 occurrence(s)]
DEBUG --> [REQ_ID=24a78e97e3f9] [REQUEST][END]

[1 occurrence(s)]
DEBUG --> [REQ_ID=938548a77226] [REQUEST][START] GET /index.php/API/Management/Run-CRON-Tasks

[1 occurrence(s)]
DEBUG --> [REQ_ID=938548a77226] [FILTER_BEFORE] /index.php/API/Management/Run-CRON-Tasks

[1 occurrence(s)]
DEBUG --> [REQ_ID=938548a77226] [ROUTE] Controller=\App\Modules\APIs\Controllers\ManagementAPIController Method=Run_CRON_Tasks

[1 occurrence(s)]
DEBUG --> [REQ_ID=938548a77226] [LIFECYCLE][START] GET https://mymiwallet.com/index.php/API/Management/Run-CRON-Tasks

[1 occurrence(s)]
DEBUG --> [REQ_ID=938548a77226] [REQUEST][END]


---------------------------
LEVEL: INFO
---------------------------

[1 occurrence(s)]
INFO --> [REQ_ID=4eeccdb609b7] [PERF] Execution time=0.059344

[1 occurrence(s)]
INFO --> [REQ_ID=7648e4044c62] [PERF] Execution time=0.045964

[1 occurrence(s)]
INFO --> [REQ_ID=db981d373330] [MEMORY][controller-start] 4194304

[1 occurrence(s)]
INFO --> [REQ_ID=db981d373330] [MEMORY][commonData:start] 6291456

[1 occurrence(s)]
INFO --> [REQ_ID=db981d373330] [PERF] Execution time=0.608392

[1 occurrence(s)]
INFO --> [REQ_ID=933c41892bb4] [PERF] Execution time=0.647918

[1 occurrence(s)]
INFO --> [REQ_ID=fac5c6a01d83] [PERF] Execution time=0.048130

[1 occurrence(s)]
INFO --> [REQ_ID=062b66247ece] [MEMORY][controller-start] 4194304

[1 occurrence(s)]
INFO --> [REQ_ID=062b66247ece] [PERF] Execution time=0.082640

[1 occurrence(s)]
INFO --> [REQ_ID=977c4b549d7c] [PERF] Execution time=0.104626

[1 occurrence(s)]
INFO --> [REQ_ID=273b3a23b0fe] [PERF] Execution time=0.049255

[1 occurrence(s)]
INFO --> [REQ_ID=c9f27dc04ce6] [MEMORY][controller-start] 4194304

[1 occurrence(s)]
INFO --> [REQ_ID=c9f27dc04ce6] [PERF] Execution time=0.231105

[1 occurrence(s)]
INFO --> [REQ_ID=701deb4a3754] [PERF] Execution time=0.244692

[1 occurrence(s)]
INFO --> [REQ_ID=926b0ba4828d] [MEMORY][controller-start] 4194304

[1 occurrence(s)]
INFO --> [REQ_ID=926b0ba4828d] [MEMORY][commonData:start] 6291456

[1 occurrence(s)]
INFO --> [REQ_ID=926b0ba4828d] [PERF] Execution time=0.725412

[1 occurrence(s)]
INFO --> [REQ_ID=916b345e2346] [PERF] Execution time=0.766022

[1 occurrence(s)]
INFO --> [REQ_ID=1043c2ffc581] [PERF] Execution time=0.054742

[1 occurrence(s)]
INFO --> [REQ_ID=cade671d1905] [PERF] Execution time=0.094555

[1 occurrence(s)]
INFO --> [REQ_ID=c76127732cc0] [PERF] Execution time=0.022040

[1 occurrence(s)]
INFO --> [REQ_ID=034ca5bdd300] [PERF] Execution time=0.035477

[1 occurrence(s)]
INFO --> [REQ_ID=6a8b8a7eed37] [PERF] Execution time=0.046242

[1 occurrence(s)]
INFO --> [REQ_ID=f0e3e76409e1] [PERF] Execution time=0.093399

[1 occurrence(s)]
INFO --> [REQ_ID=fcef93768209] [PERF] Execution time=0.019201

[1 occurrence(s)]
INFO --> [REQ_ID=a1569c091e37] [PERF] Execution time=0.037183

[1 occurrence(s)]
INFO --> [REQ_ID=1c2313da57e2] [PERF] Execution time=0.052509

[1 occurrence(s)]
INFO --> [REQ_ID=6d8e738fc3b9] [MEMORY][controller-start] 4194304

[1 occurrence(s)]
INFO --> [REQ_ID=6d8e738fc3b9] [PERF] Execution time=0.074472

[1 occurrence(s)]
INFO --> [REQ_ID=1c78460845a0] [PERF] Execution time=0.095757

[1 occurrence(s)]
INFO --> [REQ_ID=f5ab9e2f52fb] [PERF] Execution time=0.013461

[1 occurrence(s)]
INFO --> [REQ_ID=d830875b6158] [MEMORY][controller-start] 4194304

[1 occurrence(s)]
INFO --> [REQ_ID=d830875b6158] [PERF] Execution time=0.175771

[1 occurrence(s)]
INFO --> [REQ_ID=0e24ea3bfdd5] [PERF] Execution time=0.191928

[1 occurrence(s)]
INFO --> [REQ_ID=143e1ea147c0] [PERF] Execution time=0.081759

[1 occurrence(s)]
INFO --> [REQ_ID=0657e2e48c68] [MEMORY][controller-start] 4194304

[1 occurrence(s)]
INFO --> [REQ_ID=0657e2e48c68] [PERF] Execution time=0.119405

[1 occurrence(s)]
INFO --> [REQ_ID=6a6dd8dc8a51] [PERF] Execution time=0.133549

[1 occurrence(s)]
INFO --> [REQ_ID=1eda390ceae0] [PERF] Execution time=0.061366

[1 occurrence(s)]
INFO --> [REQ_ID=be85c6df016c] [PERF] Execution time=0.023469

[1 occurrence(s)]
INFO --> [REQ_ID=03a9d3114585] [MEMORY][controller-start] 4194304

[1 occurrence(s)]
INFO --> [REQ_ID=03a9d3114585] [PERF] Execution time=0.230120

[1 occurrence(s)]
INFO --> [REQ_ID=f791fdff232c] [PERF] Execution time=0.245785

[1 occurrence(s)]
INFO --> [REQ_ID=68510a97c44c] [PERF] Execution time=0.047290

[1 occurrence(s)]
INFO --> [REQ_ID=b8a2d2ec2d61] [MEMORY][controller-start] 4194304

[1 occurrence(s)]
INFO --> [REQ_ID=b8a2d2ec2d61] [MEMORY][commonData:start] 6291456

[1 occurrence(s)]
INFO --> [PERF][HOME] buildCommonData complete in 582.42ms

[1 occurrence(s)]
INFO --> [PERF][HOME] index commonData done in 583.39ms

[1 occurrence(s)]
INFO --> [REQ_ID=b8a2d2ec2d61] [MEMORY][commonData:start] 10485760

[7 occurrence(s)]
INFO --> themesMemory usage: 10485760

[1 occurrence(s)]
INFO --> [PERF][HOME] index renderTheme done in 17.27ms

[1 occurrence(s)]
INFO --> [REQ_ID=b8a2d2ec2d61] [PERF] Execution time=0.808395

[1 occurrence(s)]
INFO --> [REQ_ID=87c8d36edc37] [PERF] Execution time=0.850746

[1 occurrence(s)]
INFO --> [REQ_ID=8b449437f57e] [PERF] Execution time=0.055075

[1 occurrence(s)]
INFO --> [REQ_ID=0685a2d2e55a] [MEMORY][controller-start] 4194304

[1 occurrence(s)]
INFO --> [REQ_ID=0685a2d2e55a] [MEMORY][commonData:start] 6291456

[1 occurrence(s)]
INFO --> [REQ_ID=0685a2d2e55a] [PERF] Execution time=0.635284

[1 occurrence(s)]
INFO --> [REQ_ID=b45734514d45] [PERF] Execution time=0.689511

[1 occurrence(s)]
INFO --> [REQ_ID=b6a1dee789dd] [MEMORY][controller-start] 4194304

[1 occurrence(s)]
INFO --> [REQ_ID=b6a1dee789dd] [MEMORY][commonData:start] 6291456

[1 occurrence(s)]
INFO --> [PERF][HOME] buildCommonData complete in 475.24ms

[1 occurrence(s)]
INFO --> [PERF][HOME] index commonData done in 475.75ms

[1 occurrence(s)]
INFO --> [REQ_ID=b6a1dee789dd] [MEMORY][commonData:start] 10485760

[1 occurrence(s)]
INFO --> [PERF][HOME] index renderTheme done in 7.85ms

[1 occurrence(s)]
INFO --> [REQ_ID=b6a1dee789dd] [PERF] Execution time=0.563166

[1 occurrence(s)]
INFO --> [REQ_ID=fb6a24b829a7] [PERF] Execution time=0.604472

[1 occurrence(s)]
INFO --> [REQ_ID=ebbc5ba5730a] [MEMORY][controller-start] 4194304

[1 occurrence(s)]
INFO --> [REQ_ID=ebbc5ba5730a] [MEMORY][commonData:start] 6291456

[1 occurrence(s)]
INFO --> [REQ_ID=ebbc5ba5730a] [PERF] Execution time=0.666486

[1 occurrence(s)]
INFO --> [REQ_ID=fa60f57cd7a3] [PERF] Execution time=0.705589

[1 occurrence(s)]
INFO --> [REQ_ID=6e12feb72565] [MEMORY][controller-start] 6291456

[1 occurrence(s)]
INFO --> [REQ_ID=6e12feb72565] [MEMORY][commonData:start] 6291456

[1 occurrence(s)]
INFO --> [PERF][HOME] buildCommonData complete in 453.47ms

[1 occurrence(s)]
INFO --> [PERF][HOME] index commonData done in 453.99ms

[1 occurrence(s)]
INFO --> [REQ_ID=6e12feb72565] [MEMORY][commonData:start] 8388608

[7 occurrence(s)]
INFO --> themesMemory usage: 8388608

[1 occurrence(s)]
INFO --> [PERF][HOME] index renderTheme done in 5.55ms

[1 occurrence(s)]
INFO --> [REQ_ID=6e12feb72565] [PERF] Execution time=0.568104

[1 occurrence(s)]
INFO --> [REQ_ID=eac2609c1788] [PERF] Execution time=0.579021

[1 occurrence(s)]
INFO --> [REQ_ID=9ed941a12881] [PERF] Execution time=0.019455

[1 occurrence(s)]
INFO --> [REQ_ID=09a99aaa0216] [MEMORY][controller-start] 4194304

[1 occurrence(s)]
INFO --> [REQ_ID=09a99aaa0216] [MEMORY][commonData:start] 6291456

[1 occurrence(s)]
INFO --> [PERF][HOME] buildCommonData complete in 474.91ms

[1 occurrence(s)]
INFO --> [PERF][HOME] index commonData done in 475.57ms

[1 occurrence(s)]
INFO --> [REQ_ID=09a99aaa0216] [MEMORY][commonData:start] 10485760

[1 occurrence(s)]
INFO --> [PERF][HOME] index renderTheme done in 7.14ms

[1 occurrence(s)]
INFO --> [REQ_ID=09a99aaa0216] [PERF] Execution time=0.616886

[1 occurrence(s)]
INFO --> [REQ_ID=b4fd1da3c12c] [PERF] Execution time=0.654251

[1 occurrence(s)]
INFO --> [REQ_ID=dfeb0dddd9e9] [MEMORY][controller-start] 4194304

[1 occurrence(s)]
INFO --> [REQ_ID=dfeb0dddd9e9] [MEMORY][commonData:start] 6291456

[1 occurrence(s)]
INFO --> [REQ_ID=dfeb0dddd9e9] [PERF] Execution time=0.602629

[1 occurrence(s)]
INFO --> [REQ_ID=5d9dccd0c4f4] [PERF] Execution time=0.641567

[1 occurrence(s)]
INFO --> [REQ_ID=6213f9259757] [PERF] Execution time=0.011789

[1 occurrence(s)]
INFO --> [REQ_ID=1c6d04369050] [PERF] Execution time=0.051389

[1 occurrence(s)]
INFO --> [REQ_ID=bf4a838097a7] [MEMORY][controller-start] 4194304

[1 occurrence(s)]
INFO --> [REQ_ID=bf4a838097a7] [PERF] Execution time=0.042390

[1 occurrence(s)]
INFO --> [REQ_ID=1fc0133495e9] [PERF] Execution time=0.056696

[1 occurrence(s)]
INFO --> [REQ_ID=6bdc7f7b0373] [PERF] Execution time=0.057082

[1 occurrence(s)]
INFO --> [REQ_ID=8ddad40b3c05] [MEMORY][controller-start] 4194304

[1 occurrence(s)]
INFO --> [REQ_ID=8ddad40b3c05] [PERF] Execution time=0.071616

[1 occurrence(s)]
INFO --> [REQ_ID=6c58652bc2c0] [PERF] Execution time=0.091347

[1 occurrence(s)]
INFO --> [REQ_ID=7ce5b458753d] [PERF] Execution time=0.055083

[1 occurrence(s)]
INFO --> [REQ_ID=41f7fe34341b] [PERF] Execution time=0.048897

[1 occurrence(s)]
INFO --> [REQ_ID=749c091ead79] [MEMORY][controller-start] 4194304

[1 occurrence(s)]
INFO --> [REQ_ID=749c091ead79] [PERF] Execution time=0.070021

[1 occurrence(s)]
INFO --> [REQ_ID=e728e08d2788] [PERF] Execution time=0.089909

[1 occurrence(s)]
INFO --> [REQ_ID=3c2fcbef763b] [PERF] Execution time=0.059175

[1 occurrence(s)]
INFO --> [REQ_ID=d52a66edfe01] [MEMORY][controller-start] 4194304

[1 occurrence(s)]
INFO --> [REQ_ID=d52a66edfe01] [MEMORY][commonData:start] 6291456

[1 occurrence(s)]
INFO --> [PERF][HOME] buildCommonData complete in 520.12ms

[1 occurrence(s)]
INFO --> [PERF][HOME] index commonData done in 520.57ms

[1 occurrence(s)]
INFO --> [REQ_ID=d52a66edfe01] [MEMORY][commonData:start] 10485760

[1 occurrence(s)]
INFO --> [PERF][HOME] index renderTheme done in 17.11ms

[1 occurrence(s)]
INFO --> [REQ_ID=d52a66edfe01] [PERF] Execution time=0.663203

[1 occurrence(s)]
INFO --> [REQ_ID=797473740811] [PERF] Execution time=0.702715

[1 occurrence(s)]
INFO --> [REQ_ID=72ee02bbddb6] [MEMORY][controller-start] 6291456

[1 occurrence(s)]
INFO --> [REQ_ID=72ee02bbddb6] [MEMORY][commonData:start] 6291456

[1 occurrence(s)]
INFO --> [PERF][HOME] buildCommonData complete in 481.96ms

[1 occurrence(s)]
INFO --> [PERF][HOME] index commonData done in 482.61ms

[1 occurrence(s)]
INFO --> [REQ_ID=72ee02bbddb6] [MEMORY][commonData:start] 8388608

[1 occurrence(s)]
INFO --> [PERF][HOME] index renderTheme done in 3.38ms

[1 occurrence(s)]
INFO --> [REQ_ID=72ee02bbddb6] [PERF] Execution time=0.509325

[1 occurrence(s)]
INFO --> [REQ_ID=d31ba9fcd5d6] [PERF] Execution time=0.520334

[1 occurrence(s)]
INFO --> [REQ_ID=f7cbd9121d74] [PERF] Execution time=0.034874

[1 occurrence(s)]
INFO --> [REQ_ID=d72554208130] [MEMORY][controller-start] 6291456

[1 occurrence(s)]
INFO --> [ACTIVATION] Activation link hit

[1 occurrence(s)]
INFO --> [REQ_ID=d72554208130] [PERF] Execution time=0.138962

[1 occurrence(s)]
INFO --> [REQ_ID=597f0f94b868] [PERF] Execution time=0.178753

[1 occurrence(s)]
INFO --> [REQ_ID=8462d1e5a136] [MEMORY][controller-start] 4194304

[2 occurrence(s)]
INFO --> [REQ_ID=8462d1e5a136] [MEMORY][commonData:start] 6291456

[1 occurrence(s)]
INFO --> themesMemory usage: 6291456

[1 occurrence(s)]
INFO --> [REQ_ID=8462d1e5a136] [PERF] Execution time=0.074250

[1 occurrence(s)]
INFO --> [REQ_ID=4552c9d568f9] [PERF] Execution time=0.087947

[1 occurrence(s)]
INFO --> [REQ_ID=8781623e7091] [PERF] Execution time=0.041151

[1 occurrence(s)]
INFO --> [REQ_ID=d837eaa98d0f] [MEMORY][controller-start] 4194304

[1 occurrence(s)]
INFO --> [REQ_ID=d837eaa98d0f] [MEMORY][commonData:start] 6291456

[1 occurrence(s)]
INFO --> [PERF][HOME] buildCommonData complete in 567.73ms

[1 occurrence(s)]
INFO --> [PERF][HOME] index commonData done in 568.27ms

[1 occurrence(s)]
INFO --> [REQ_ID=d837eaa98d0f] [MEMORY][commonData:start] 8388608

[1 occurrence(s)]
INFO --> [PERF][HOME] index renderTheme done in 6.98ms

[1 occurrence(s)]
INFO --> [REQ_ID=d837eaa98d0f] [PERF] Execution time=0.683649

[1 occurrence(s)]
INFO --> [REQ_ID=eb6872048c1c] [PERF] Execution time=0.696991

[1 occurrence(s)]
INFO --> [REQ_ID=01e581d77591] [MEMORY][controller-start] 6291456

[1 occurrence(s)]
INFO --> [REGISTRATION] Form loaded

[1 occurrence(s)]
INFO --> [REQ_ID=01e581d77591] [PERF] Execution time=0.069189

[1 occurrence(s)]
INFO --> [REQ_ID=7a30ca143698] [MEMORY][controller-start] 4194304

[1 occurrence(s)]
INFO --> [REQ_ID=7a30ca143698] [MEMORY][commonData:start] 6291456

[1 occurrence(s)]
INFO --> [PERF][HOME] buildCommonData complete in 538.38ms

[1 occurrence(s)]
INFO --> [PERF][HOME] index commonData done in 539.08ms

[1 occurrence(s)]
INFO --> [REQ_ID=7a30ca143698] [MEMORY][commonData:start] 8388608

[1 occurrence(s)]
INFO --> [PERF][HOME] index renderTheme done in 8.25ms

[1 occurrence(s)]
INFO --> [REQ_ID=7a30ca143698] [PERF] Execution time=0.603145

[1 occurrence(s)]
INFO --> [REQ_ID=4fbaf2d8c437] [PERF] Execution time=0.614389

[1 occurrence(s)]
INFO --> [REQ_ID=5be830cbee07] [MEMORY][controller-start] 4194304

[1 occurrence(s)]
INFO --> [REQ_ID=5be830cbee07] [MEMORY][commonData:start] 4194304

[1 occurrence(s)]
INFO --> [PERF][HOME] buildCommonData complete in 486.43ms

[1 occurrence(s)]
INFO --> [PERF][HOME] index commonData done in 486.81ms

[1 occurrence(s)]
INFO --> [REQ_ID=5be830cbee07] [MEMORY][commonData:start] 8388608

[1 occurrence(s)]
INFO --> [PERF][HOME] index renderTheme done in 3.83ms

[1 occurrence(s)]
INFO --> [REQ_ID=5be830cbee07] [PERF] Execution time=0.502338

[1 occurrence(s)]
INFO --> [REQ_ID=5099fa9efcfa] [PERF] Execution time=0.512011

[1 occurrence(s)]
INFO --> REDIRECTED ROUTE at https://mymiwallet.com/Budget/Account-Manager

[1 occurrence(s)]
INFO --> [REQ_ID=4b5c858a2828] [PERF] Execution time=0.040175

[1 occurrence(s)]
INFO --> [REQ_ID=fde942b813bc] [PERF] Execution time=0.058373

[1 occurrence(s)]
INFO --> [REQ_ID=61a3014b1f74] [MEMORY][controller-start] 4194304

[1 occurrence(s)]
INFO --> [REQ_ID=61a3014b1f74] [MEMORY][commonData:start] 6291456

[1 occurrence(s)]
INFO --> [PERF][HOME] buildCommonData complete in 561.52ms

[1 occurrence(s)]
INFO --> [PERF][HOME] index commonData done in 562.11ms

[1 occurrence(s)]
INFO --> [REQ_ID=61a3014b1f74] [MEMORY][commonData:start] 10485760

[1 occurrence(s)]
INFO --> [PERF][HOME] index renderTheme done in 6.54ms

[1 occurrence(s)]
INFO --> [REQ_ID=61a3014b1f74] [PERF] Execution time=0.808552

[1 occurrence(s)]
INFO --> [REQ_ID=91ead67dd892] [PERF] Execution time=0.845789

[1 occurrence(s)]
INFO --> [REQ_ID=ce2030b28ca0] [PERF] Execution time=0.049396

[1 occurrence(s)]
INFO --> [REQ_ID=fc9a5654cdd4] [MEMORY][controller-start] 4194304

[1 occurrence(s)]
INFO --> [REQ_ID=fc9a5654cdd4] [MEMORY][commonData:start] 6291456

[1 occurrence(s)]
INFO --> [PERF][HOME] buildCommonData complete in 576.52ms

[1 occurrence(s)]
INFO --> [PERF][HOME] index commonData done in 577.23ms

[1 occurrence(s)]
INFO --> [REQ_ID=fc9a5654cdd4] [MEMORY][commonData:start] 10485760

[1 occurrence(s)]
INFO --> [PERF][HOME] index renderTheme done in 18.64ms

[1 occurrence(s)]
INFO --> [REQ_ID=fc9a5654cdd4] [PERF] Execution time=0.786174

[1 occurrence(s)]
INFO --> [REQ_ID=b3a9ac2fd970] [PERF] Execution time=0.824480

[1 occurrence(s)]
INFO --> [REQ_ID=ef342344c6fc] [PERF] Execution time=0.057270

[1 occurrence(s)]
INFO --> [REQ_ID=dc03014049f9] [MEMORY][controller-start] 4194304

[1 occurrence(s)]
INFO --> [REQ_ID=dc03014049f9] [MEMORY][commonData:start] 6291456

[1 occurrence(s)]
INFO --> [PERF][HOME] buildCommonData complete in 588.5ms

[1 occurrence(s)]
INFO --> [PERF][HOME] index commonData done in 588.85ms

[1 occurrence(s)]
INFO --> [REQ_ID=dc03014049f9] [MEMORY][commonData:start] 8388608

[1 occurrence(s)]
INFO --> [PERF][HOME] index renderTheme done in 5.84ms

[1 occurrence(s)]
INFO --> [REQ_ID=dc03014049f9] [PERF] Execution time=0.713554

[1 occurrence(s)]
INFO --> [REQ_ID=af56c518e056] [PERF] Execution time=0.727362

[1 occurrence(s)]
INFO --> [REQ_ID=62b700c4476e] [MEMORY][controller-start] 4194304

[1 occurrence(s)]
INFO --> [REQ_ID=62b700c4476e] [MEMORY][commonData:start] 6291456

[1 occurrence(s)]
INFO --> [PERF][HOME] buildCommonData complete in 467.05ms

[1 occurrence(s)]
INFO --> [PERF][HOME] index commonData done in 467.51ms

[1 occurrence(s)]
INFO --> [REQ_ID=62b700c4476e] [MEMORY][commonData:start] 10485760

[1 occurrence(s)]
INFO --> [PERF][HOME] index renderTheme done in 7.6ms

[1 occurrence(s)]
INFO --> [REQ_ID=62b700c4476e] [PERF] Execution time=0.553563

[1 occurrence(s)]
INFO --> [REQ_ID=ad272c5f816b] [PERF] Execution time=0.590940

[1 occurrence(s)]
INFO --> [REQ_ID=b2b011b4b7e4] [PERF] Execution time=0.043545

[1 occurrence(s)]
INFO --> [REQ_ID=5e3cdb004b26] [PERF] Execution time=0.037765

[1 occurrence(s)]
INFO --> [REQ_ID=88313c330cfa] [MEMORY][controller-start] 6291456

[1 occurrence(s)]
INFO --> [REQ_ID=88313c330cfa] [PERF] Execution time=0.082497

[1 occurrence(s)]
INFO --> [REQ_ID=21cbaa1dcad2] [PERF] Execution time=0.125650

[1 occurrence(s)]
INFO --> [REQ_ID=50ba1a60c824] [PERF] Execution time=0.052066

[1 occurrence(s)]
INFO --> [REQ_ID=5a42685554fa] [MEMORY][controller-start] 4194304

[1 occurrence(s)]
INFO --> [REQ_ID=5a42685554fa] [PERF] Execution time=0.213211

[1 occurrence(s)]
INFO --> [REQ_ID=3efff3ff6be0] [PERF] Execution time=0.228412

[1 occurrence(s)]
INFO --> [REQ_ID=c0369b54f951] [MEMORY][controller-start] 4194304

[1 occurrence(s)]
INFO --> [REQ_ID=c0369b54f951] [PERF] Execution time=0.167514

[1 occurrence(s)]
INFO --> [REQ_ID=421111f099e4] [PERF] Execution time=0.205751

[1 occurrence(s)]
INFO --> [REQ_ID=9945b63fd05c] [MEMORY][controller-start] 4194304

[1 occurrence(s)]
INFO --> [REQ_ID=9945b63fd05c] [MEMORY][commonData:start] 4194304

[1 occurrence(s)]
INFO --> [REQ_ID=9945b63fd05c] [PERF] Execution time=0.542217

[1 occurrence(s)]
INFO --> [REQ_ID=24a78e97e3f9] [PERF] Execution time=0.551822

[1 occurrence(s)]
INFO --> [spark:ops:work] Started

[1 occurrence(s)]
INFO --> [SPARK_START] App\Commands\Ops\Work

[3 occurrence(s)]
INFO --> [SPARK_MEMORY] 18874368

[1 occurrence(s)]
INFO --> [spark:ops:work] Intent

[1 occurrence(s)]
INFO --> [REQ_ID=938548a77226] [PERF] Execution time=0.125714

[1 occurrence(s)]
INFO --> [SPARK_START] App\Commands\AIOps\Run

[1 occurrence(s)]
INFO --> [spark:aiops:run] Intent

[1 occurrence(s)]
INFO --> [spark:ops:work] Completed

[1 occurrence(s)]
INFO --> [SPARK_COMPLETE] App\Commands\Ops\Work duration=0.084785

[1 occurrence(s)]
INFO --> [SPARK_MEMORY] 20971520

[1 occurrence(s)]
INFO --> [AIOPS][SPARK][GOVERNANCE][spark:logs:summarize] Started

[1 occurrence(s)]
INFO --> [SPARK_START] App\Commands\Logs\Summarize

[1 occurrence(s)]
INFO --> [spark:logs:summarize] Intent


---------------------------
LEVEL: NOTICE
---------------------------

[1 occurrence(s)]
NOTICE --> [ACTIVATION] Activation failed: missing token


---------------------------
LEVEL: ERROR
---------------------------

[4 occurrence(s)]
ERROR --> [404_ROUTE]

[1 occurrence(s)]
ERROR --> HowItWorksController failure: Invalid file: "Modules/Blog/Views/HowItWorks/partials/navigation.php" | file=APPPATH/Modules/Blog/Controllers/HowItWorksController.php line=239


===============================================
   HERE'S THE NEW STUFF
   (No previous timestamp recorded – nothing treated as new)
===============================================

---- CONFIG LINT ----
✅ Services::cache
✅ Services::responsecache
✅ Services::session
✅ Services::email
✅ Services::logger
✅ Services::validation
✅ Services::renderer
