[19:57:51] [INIT] [OK] Log created at /home/mymiteam/mymiwallet/site/current/docs/aiops/artifacts/fix-503/20260208-195751/fix-503.log
[19:57:51] [INIT] [OK] Summary created at /home/mymiteam/mymiwallet/site/current/docs/aiops/artifacts/fix-503/20260208-195751/summary.md
[19:57:51] [INIT] [INFO] dry_run=false
[19:57:51] [ENVDOCTOR] [OK] status=warning score=70 json=/home/mymiteam/mymiwallet/site/current/writable/triage/envdoctor/envdoctor-2026-02-08-195751.json md=/home/mymiteam/mymiwallet/site/current/writable/triage/envdoctor/envdoctor-2026-02-08-195751.md
[19:57:51] [HOSTING-MODE] [PASS] web_server=nginx php_mode=cgi hosting_mode=NGINX+PHP-CGI
[19:57:51] [HOSTING-MODE] [INFO] ports=80,443
[19:57:51] [HOSTING-MODE] [INFO] unix:/home/mymiteam/.php/php-fpm.sock
[19:57:51] [HOSTING-MODE] [INFO] 127.0.0.1:9000
[19:57:51] [HOSTING-MODE] [INFO] unix:/dh/cgi-system/php74.cgi
[19:57:51] [HOSTING-MODE] [INFO] unix:/home/mymiteam/.php.sock
[19:57:51] [HOSTING-MODE] [INFO] unix:/home/mymiteam/.local/phpcgi/run/php-cgi-82.sock
[19:57:51] [HOSTING-MODE] [INFO] 127.0.0.1:9071
[19:57:51] [HOSTING-MODE] [INFO] php82
[19:57:51] [HOSTING-MODE] [INFO] unix:127.0.0.1:9071
[19:57:51] [HOSTING-MODE] [INFO] unix:/run/php/php8.1-fpm.sock
[19:57:51] [HOSTING-MODE] [INFO] directives were set in the
       location, and access was denied, and the error was redirected to a
       static page, then the segmentation fault occurred.

    *) Bugfix: if in a proxied "Location" header was a relative URL, then a
       host name and a slash were added to them
[19:57:51] [HOSTING-MODE] [INFO] или proxy_pass использовались переменные и
       имя хоста должно было резолвиться
[19:57:52] [GIT-SAFETY] [OK] git status --porcelain
[19:57:52] [GIT-SAFETY] [INFO]  M docs/next/bf_aiops_task_runs/commands_lint.json
[19:57:52] [GIT-SAFETY] [INFO]  M writable/cache/FileLocatorCache
[19:57:52] [GIT-SAFETY] [INFO]  D writable/cache/ratelimit_bot_62d55303b8b7a112be923a58ac625ac8049d8889
[19:57:52] [GIT-SAFETY] [INFO]  D writable/cache/ratelimit_bot_8bc572c2d5062b31a5bc6602ab6eed7d8e40b37d
[19:57:52] [GIT-SAFETY] [INFO]  D writable/cache/ratelimit_bot_ae9a9b19aab4b3d2664007b5f61b9fa0a1d40912
[19:57:52] [GIT-SAFETY] [INFO]  D writable/cache/ratelimit_bot_bd3ea80d553374f2363261d6302e39802f316d4d
[19:57:52] [GIT-SAFETY] [INFO]  D writable/cache/seo_97b58cd31da6c388ee957b3898eff148
[19:57:52] [GIT-SAFETY] [INFO]  D writable/cache/seo_b99834bc19bbad24580b3adfa04fb947
[19:57:52] [GIT-SAFETY] [INFO] ?? docs/aiops/artifacts/fix-503/
[19:57:52] [GIT-SAFETY] [INFO] ?? docs/aiops/artifacts/runtime-cache-boot/20260208-195646/
[19:57:52] [GIT-SAFETY] [INFO] ?? docs/aiops/artifacts/runtime-triage/20260208-195714/
[19:57:52] [GIT-SAFETY] [INFO] ?? docs/aiops/artifacts/security-secrets-audit/20260208-195737/
[19:57:52] [GIT-SAFETY] [INFO] ?? docs/aiops/triage/
[19:57:52] [GIT-SAFETY] [INFO] ?? writable/triage/envdoctor/envdoctor-2026-02-08-195751.json
[19:57:52] [GIT-SAFETY] [INFO] ?? writable/triage/envdoctor/envdoctor-2026-02-08-195751.md
[19:57:52] [WEB-REACHABILITY] [OK] curl -I https://www.mymiwallet.com status=502 server=nginx/1.28.0
[19:57:52] [WEB-REACHABILITY] [INFO]   % Total    % Received % Xferd  Average Speed   Time    Time     Time  Current
[19:57:52] [WEB-REACHABILITY] [INFO]                                  Dload  Upload   Total   Spent    Left  Speed
[19:57:52] [WEB-REACHABILITY] [INFO]   0     0    0     0    0     0      0      0 --:--:-- --:--:-- --:--:--     0  0   157    0     0    0     0      0      0 --:--:-- --:--:-- --:--:--     0
[19:57:52] [WEB-REACHABILITY] [INFO] HTTP/2 502
[19:57:52] [WEB-REACHABILITY] [INFO] server: nginx/1.28.0
[19:57:52] [WEB-REACHABILITY] [INFO] date: Sun, 08 Feb 2026 19:57:52 GMT
[19:57:52] [WEB-REACHABILITY] [INFO] content-type: text/html
[19:57:52] [WEB-REACHABILITY] [INFO] content-length: 157
[19:57:52] [WEB-REACHABILITY] [INFO] 
[19:57:52] [DISK] [OK] disk_max=9% inode_max=9%
[19:57:52] [DISK] [INFO] Filesystem      Size  Used Avail Use% Mounted on
[19:57:52] [DISK] [INFO] overlay          25G  1.7G   24G   7% /
[19:57:52] [DISK] [INFO] tmpfs            15G  216K   15G   1% /run
[19:57:52] [DISK] [INFO] /dev/md10        10G  2.9M   10G   1% /tmp
[19:57:52] [DISK] [INFO] tmpfs            64M     0   64M   0% /dev
[19:57:52] [DISK] [INFO] tmpfs            15G     0   15G   0% /run/lock
[19:57:52] [DISK] [INFO] tmpfs            26G   20M   26G   1% /run/secrets
[19:57:52] [DISK] [INFO] /dev/nvme0n1p1  459G   39G  402G   9% /var/container_share
[19:57:52] [DISK] [INFO] shm              63M     0   63M   0% /dev/shm
[19:57:52] [INODE] [INFO] Filesystem        Inodes    IUsed     IFree IUse% Mounted on
[19:57:52] [INODE] [INFO] overlay        468779520 40068796 428710724    9% /
[19:57:52] [INODE] [INFO] tmpfs           32995412      255  32995157    1% /run
[19:57:52] [INODE] [INFO] /dev/md10         655360      663    654697    1% /tmp
[19:57:52] [INODE] [INFO] tmpfs           32995412       18  32995394    1% /dev
[19:57:52] [INODE] [INFO] tmpfs           32995412        3  32995409    1% /run/lock
[19:57:52] [INODE] [INFO] tmpfs           32995412     6640  32988772    1% /run/secrets
[19:57:52] [INODE] [INFO] /dev/nvme0n1p1  30352688   124374  30228314    1% /var/container_share
[19:57:52] [INODE] [INFO] shm             32995412        1  32995411    1% /dev/shm
[19:57:52] [PHP-BACKEND] [OK] mode=cgi workers=1 sockets=6
[19:57:52] [PHP-SOCKET] [OK] expected=/home/mymiteam/.php/php-fpm.sock detected=/dh/cgi-system/php74.cgi
[19:57:52] [ENV-FILE] [OK] path=/home/mymiteam/mymiwallet/site/current/.env
[19:57:52] [PUBLIC-INDEX] [OK] path=/home/mymiteam/mymiwallet/site/current/public/index.php
[19:57:52] [VENDOR-AUTOLOAD] [OK] path=/home/mymiteam/mymiwallet/site/current/vendor/autoload.php
[19:57:52] [CI4-ENV] [FAIL] php spark env
[19:57:52] [CI4-ENV] [INFO] Could not open input file: spark
[19:57:52] [CI4-ROUTES] [FAIL] php spark routes
[19:57:52] [CI4-ROUTES] [INFO] Could not open input file: spark
[19:57:52] [CACHE-RESET] [OK] rm -rf /home/mymiteam/mymiwallet/site/current/writable/cache/*
[19:57:52] [CACHE-RESET] [OK] rm -rf /home/mymiteam/mymiwallet/site/current/writable/debugbar/*
[19:57:52] [CACHE-RESET] [OK] rm -rf /home/mymiteam/mymiwallet/site/current/writable/session/*
[19:57:53] [CI4-ENV] [FAIL] php spark env (post-fix)
[19:57:53] [CI4-ENV] [INFO] Could not open input file: spark
[19:57:53] [CI4-ROUTES] [FAIL] php spark routes (post-fix)
[19:57:53] [CI4-ROUTES] [INFO] Could not open input file: spark
[19:57:57] [AUTOLOAD] [OK] composer dump-autoload -o
[19:57:57] [AUTOLOAD] [INFO] No composer.json in current directory, changing working directory to /home/mymiteam/mymiwallet/site/current
[19:57:57] [AUTOLOAD] [INFO] Generating optimized autoload files
[19:57:57] [AUTOLOAD] [INFO] Class App\Commands\Chat\Unlock located in ./app/Commands/Chat/Unblock.php does not comply with psr-4 autoloading standard. Skipping.
[19:57:57] [AUTOLOAD] [INFO] Generated optimized autoload files containing 3619 classes
[19:57:57] [PERMISSIONS] [FAIL] ls -ld writable
[19:57:57] [PERMISSIONS] [INFO] ls: cannot access 'writable': No such file or directory
[19:57:57] [PERMISSIONS] [FAIL] chmod -R 775 writable
[19:57:57] [PERMISSIONS] [INFO] chmod: cannot access 'writable': No such file or directory
[19:57:57] [PHP-FPM-LOG] [WARN] /var/log/php8.2-fpm.log not found
[19:57:57] [ENV-SNAPSHOT] [OK] Wrote sanitized env snapshot: /home/mymiteam/mymiwallet/site/current/docs/aiops/artifacts/fix-503/20260208-195751/env-summary.txt
[19:57:57] [APP-LOG] [OK] tail 50 /home/mymiteam/mymiwallet/site/current/writable/logs/aiops_worker.log
[19:57:57] [SUMMARY] [OK] Wrote summary: /home/mymiteam/mymiwallet/site/current/docs/aiops/artifacts/fix-503/20260208-195751/summary.md
